2026-10-03T06:25:42.8386864Z Current runner version: '2.337.0'
2026-10-03T06:25:42.8413833Z ##[group]Runner Image Provisioner
2026-10-03T06:25:42.8414810Z Hosted Compute Agent
2026-10-03T06:25:42.8415447Z Version: 20260901.588
2026-10-03T06:25:42.8416069Z Commit: f88ec8081b781fac6c440065ac7ff9e710ce3d0b
2026-10-03T06:25:42.8416856Z Build Date: 2026-09-01T19:56:44Z
2026-10-03T06:25:42.8417575Z Worker ID: {dc24ede0-6bea-4c22-8165-872c6c341675}
2026-10-03T06:25:42.8418278Z Azure Region: eastus2
2026-10-03T06:25:42.8418939Z ##[endgroup]
2026-10-03T06:25:42.8420405Z ##[group]Operating System
2026-10-03T06:25:42.8421320Z Ubuntu
2026-10-03T06:25:42.8421884Z 24.04.5
2026-10-03T06:25:42.8422414Z LTS
2026-10-03T06:25:42.8423022Z ##[endgroup]
2026-10-03T06:25:42.8423579Z ##[group]Runner Image
2026-10-03T06:25:42.8424198Z Image: ubuntu-24.04
2026-10-03T06:25:42.8424778Z Version: 20260927.320.1
2026-10-03T06:25:42.8426070Z Included Software: https://github.com/actions/runner-images/blob/ubuntu24/20260927.320/images/ubuntu/Ubuntu2404-Readme.md
2026-10-03T06:25:42.8427703Z Image Release: https://github.com/actions/runner-images/releases/tag/ubuntu24%2F20260927.320
2026-10-03T06:25:42.8428713Z ##[endgroup]
2026-10-03T06:25:42.8429904Z ##[group]GITHUB_TOKEN Permissions
2026-10-03T06:25:42.8432432Z Contents: read
2026-10-03T06:25:42.8433069Z Metadata: read
2026-10-03T06:25:42.8433641Z Packages: read
2026-10-03T06:25:42.8434252Z ##[endgroup]
2026-10-03T06:25:42.8436876Z Secret source: Actions
2026-10-03T06:25:42.8437985Z Cache mode: write
2026-10-03T06:25:42.8439159Z Prepare workflow directory
2026-10-03T06:25:42.8773855Z Prepare all required actions
2026-10-03T06:25:42.8822482Z Getting action download info
2026-10-03T06:25:43.1011909Z Download action repository 'actions/checkout@v4' (SHA:11d5960a326750d5838078e36cf38b85af677262)
2026-10-03T06:25:43.2866263Z Complete job name: selftest (amd64, ubuntu-24.04)
2026-10-03T06:25:43.3662465Z ##[group]Run actions/checkout@v4
2026-10-03T06:25:43.3663375Z with:
2026-10-03T06:25:43.3663824Z   repository: nextbsd/nextbsd-ci
2026-10-03T06:25:43.3667846Z   token: ***
2026-10-03T06:25:43.3668278Z   ssh-strict: true
2026-10-03T06:25:43.3668714Z   ssh-user: git
2026-10-03T06:25:43.3669160Z   persist-credentials: true
2026-10-03T06:25:43.3669652Z   clean: true
2026-10-03T06:25:43.3670091Z   sparse-checkout-cone-mode: true
2026-10-03T06:25:43.3670612Z   fetch-depth: 1
2026-10-03T06:25:43.3671036Z   fetch-tags: false
2026-10-03T06:25:43.3671951Z   show-progress: true
2026-10-03T06:25:43.3672436Z   lfs: false
2026-10-03T06:25:43.3672848Z   submodules: false
2026-10-03T06:25:43.3673295Z   set-safe-directory: true
2026-10-03T06:25:43.3673798Z   allow-unsafe-pr-checkout: false
2026-10-03T06:25:43.3674644Z ##[endgroup]
2026-10-03T06:25:43.4701467Z Syncing repository: nextbsd/nextbsd-ci
2026-10-03T06:25:43.4703414Z ##[group]Getting Git version info
2026-10-03T06:25:43.4704279Z Working directory is '/home/runner/work/nextbsd-ci/nextbsd-ci'
2026-10-03T06:25:43.4706024Z [command]/usr/bin/git version
2026-10-03T06:25:43.4786003Z git version 2.55.0
2026-10-03T06:25:43.4814910Z ##[endgroup]
2026-10-03T06:25:43.4835054Z Temporarily overriding HOME='/home/runner/work/_temp/2c628e21-e21e-45c7-9cfa-97e8ef036447' before making global git config changes
2026-10-03T06:25:43.4837373Z Adding repository directory to the temporary git global config as a safe directory
2026-10-03T06:25:43.4842433Z [command]/usr/bin/git config --global --add safe.directory /home/runner/work/nextbsd-ci/nextbsd-ci
2026-10-03T06:25:43.4898632Z Deleting the contents of '/home/runner/work/nextbsd-ci/nextbsd-ci'
2026-10-03T06:25:43.4903813Z ##[group]Initializing the repository
2026-10-03T06:25:43.4909093Z [command]/usr/bin/git init /home/runner/work/nextbsd-ci/nextbsd-ci
2026-10-03T06:25:43.5014563Z hint: Using 'master' as the name for the initial branch. This default branch name
2026-10-03T06:25:43.5016395Z hint: will change to "main" in Git 3.0. To configure the initial branch name
2026-10-03T06:25:43.5018006Z hint: to use in all of your new repositories, which will suppress this warning,
2026-10-03T06:25:43.5019576Z hint: call:
2026-10-03T06:25:43.5020565Z hint:
2026-10-03T06:25:43.5021737Z hint: 	git config --global init.defaultBranch <name>
2026-10-03T06:25:43.5022759Z hint:
2026-10-03T06:25:43.5023428Z hint: Names commonly chosen instead of 'master' are 'main', 'trunk' and
2026-10-03T06:25:43.5024743Z hint: 'development'. The just-created branch can be renamed via this command:
2026-10-03T06:25:43.5025719Z hint:
2026-10-03T06:25:43.5026455Z hint: 	git branch -m <name>
2026-10-03T06:25:43.5027244Z hint:
2026-10-03T06:25:43.5028280Z hint: Disable this message with "git config set advice.defaultBranchName false"
2026-10-03T06:25:43.5029888Z Initialized empty Git repository in /home/runner/work/nextbsd-ci/nextbsd-ci/.git/
2026-10-03T06:25:43.5034545Z [command]/usr/bin/git remote add origin https://github.com/nextbsd/nextbsd-ci
2026-10-03T06:25:43.5082569Z ##[endgroup]
2026-10-03T06:25:43.5083674Z ##[group]Disabling automatic garbage collection
2026-10-03T06:25:43.5086599Z [command]/usr/bin/git config --local gc.auto 0
2026-10-03T06:25:43.5118322Z ##[endgroup]
2026-10-03T06:25:43.5119315Z ##[group]Setting up auth
2026-10-03T06:25:43.5126269Z [command]/usr/bin/git config --local --name-only --get-regexp core\.sshCommand
2026-10-03T06:25:43.5158303Z [command]/usr/bin/git submodule foreach --recursive sh -c "git config --local --name-only --get-regexp 'core\.sshCommand' && git config --local --unset-all 'core.sshCommand' || :"
2026-10-03T06:25:43.5558968Z [command]/usr/bin/git config --local --name-only --get-regexp http\.https\:\/\/github\.com\/\.extraheader
2026-10-03T06:25:43.5602728Z [command]/usr/bin/git submodule foreach --recursive sh -c "git config --local --name-only --get-regexp 'http\.https\:\/\/github\.com\/\.extraheader' && git config --local --unset-all 'http.https://github.com/.extraheader' || :"
2026-10-03T06:25:43.5829558Z [command]/usr/bin/git config --local --name-only --get-regexp ^includeIf\.gitdir:
2026-10-03T06:25:43.5866313Z [command]/usr/bin/git submodule foreach --recursive git config --local --show-origin --name-only --get-regexp remote.origin.url
2026-10-03T06:25:43.6086706Z [command]/usr/bin/git config --local http.https://github.com/.extraheader AUTHORIZATION: basic ***
2026-10-03T06:25:43.6128308Z ##[endgroup]
2026-10-03T06:25:43.6129230Z ##[group]Fetching the repository
2026-10-03T06:25:43.6139192Z [command]/usr/bin/git -c protocol.version=2 fetch --no-tags --prune --no-recurse-submodules --depth=1 origin +31333fe7dad1db2862dcbc108ceff67319f496d5:refs/remotes/pull/9/merge
2026-10-03T06:25:43.8225414Z From https://github.com/nextbsd/nextbsd-ci
2026-10-03T06:25:43.8226721Z  * [new ref]         31333fe7dad1db2862dcbc108ceff67319f496d5 -> pull/9/merge
2026-10-03T06:25:43.8230804Z ##[endgroup]
2026-10-03T06:25:43.8232125Z ##[group]Determining the checkout info
2026-10-03T06:25:43.8233934Z ##[endgroup]
2026-10-03T06:25:43.8239799Z [command]/usr/bin/git sparse-checkout disable
2026-10-03T06:25:43.8331688Z [command]/usr/bin/git config --local --unset-all extensions.worktreeConfig
2026-10-03T06:25:43.8366314Z ##[group]Checking out the ref
2026-10-03T06:25:43.8370683Z [command]/usr/bin/git checkout --progress --force refs/remotes/pull/9/merge
2026-10-03T06:25:43.8435084Z Note: switching to 'refs/remotes/pull/9/merge'.
2026-10-03T06:25:43.8436105Z 
2026-10-03T06:25:43.8436903Z You are in 'detached HEAD' state. You can look around, make experimental
2026-10-03T06:25:43.8438765Z changes and commit them, and you can discard any commits you make in this
2026-10-03T06:25:43.8440748Z state without impacting any branches by switching back to a branch.
2026-10-03T06:25:43.8442262Z 
2026-10-03T06:25:43.8443084Z If you want to create a new branch to retain commits you create, you may
2026-10-03T06:25:43.8444989Z do so (now or later) by using -c with the switch command. Example:
2026-10-03T06:25:43.8446056Z 
2026-10-03T06:25:43.8446559Z   git switch -c <new-branch-name>
2026-10-03T06:25:43.8447289Z 
2026-10-03T06:25:43.8447711Z Or undo this operation with:
2026-10-03T06:25:43.8448385Z 
2026-10-03T06:25:43.8449161Z   git switch -
2026-10-03T06:25:43.8449782Z 
2026-10-03T06:25:43.8450643Z Turn off this advice by setting config variable advice.detachedHead to false
2026-10-03T06:25:43.8452231Z 
2026-10-03T06:25:43.8453593Z HEAD is now at 31333fe Merge d75539c45a08507707a4e5446545a604a694cd59 into bae13410f0ff570b952d51053ed0c462272008b7
2026-10-03T06:25:43.8457973Z ##[endgroup]
2026-10-03T06:25:43.8488232Z [command]/usr/bin/git log -1 --format=%H
2026-10-03T06:25:43.8515771Z 31333fe7dad1db2862dcbc108ceff67319f496d5
2026-10-03T06:25:43.8800157Z ##[group]Run sudo apt-get update && sudo apt-get install -y expect shellcheck
2026-10-03T06:25:43.8801540Z [36;1msudo apt-get update && sudo apt-get install -y expect shellcheck[0m
2026-10-03T06:25:43.9072163Z shell: /usr/bin/bash -e {0}
2026-10-03T06:25:43.9072830Z ##[endgroup]
2026-10-03T06:25:43.9962743Z Get:1 file:/etc/apt/apt-mirrors.txt Mirrorlist [144 B]
2026-10-03T06:25:44.0279643Z Hit:2 http://azure.archive.ubuntu.com/ubuntu noble InRelease
2026-10-03T06:25:44.0283925Z Get:6 https://packages.microsoft.com/ubuntu/24.04/prod noble InRelease [3600 B]
2026-10-03T06:25:44.0317336Z Get:3 http://azure.archive.ubuntu.com/ubuntu noble-updates InRelease [126 kB]
2026-10-03T06:25:44.0335424Z Get:4 http://azure.archive.ubuntu.com/ubuntu noble-backports InRelease [126 kB]
2026-10-03T06:25:44.0374090Z Get:5 http://azure.archive.ubuntu.com/ubuntu noble-security InRelease [126 kB]
2026-10-03T06:25:44.1535675Z Get:7 https://packages.microsoft.com/ubuntu/24.04/prod noble/main armhf Packages [12.6 kB]
2026-10-03T06:25:44.1733337Z Get:8 https://packages.microsoft.com/ubuntu/24.04/prod noble/main arm64 Packages [458 kB]
2026-10-03T06:25:44.1796134Z Get:9 https://packages.microsoft.com/ubuntu/24.04/prod noble/main amd64 Packages [511 kB]
2026-10-03T06:25:44.2048317Z Get:10 http://azure.archive.ubuntu.com/ubuntu noble-updates/main amd64 Packages [1364 kB]
2026-10-03T06:25:44.2132809Z Get:11 http://azure.archive.ubuntu.com/ubuntu noble-updates/main Translation-en [304 kB]
2026-10-03T06:25:44.2156292Z Get:12 http://azure.archive.ubuntu.com/ubuntu noble-updates/main amd64 Components [180 kB]
2026-10-03T06:25:44.2173654Z Get:13 http://azure.archive.ubuntu.com/ubuntu noble-updates/universe amd64 Packages [1699 kB]
2026-10-03T06:25:44.2284264Z Get:14 http://azure.archive.ubuntu.com/ubuntu noble-updates/universe Translation-en [341 kB]
2026-10-03T06:25:44.2315443Z Get:15 http://azure.archive.ubuntu.com/ubuntu noble-updates/universe amd64 Components [388 kB]
2026-10-03T06:25:44.2342480Z Get:16 http://azure.archive.ubuntu.com/ubuntu noble-updates/restricted amd64 Packages [1720 kB]
2026-10-03T06:25:44.2451506Z Get:17 http://azure.archive.ubuntu.com/ubuntu noble-updates/restricted Translation-en [394 kB]
2026-10-03T06:25:44.2456752Z Get:18 http://azure.archive.ubuntu.com/ubuntu noble-updates/multiverse amd64 Components [940 B]
2026-10-03T06:25:44.2724675Z Get:19 http://azure.archive.ubuntu.com/ubuntu noble-backports/main amd64 Components [5764 B]
2026-10-03T06:25:44.3142002Z Get:20 http://azure.archive.ubuntu.com/ubuntu noble-backports/universe amd64 Components [12.6 kB]
2026-10-03T06:25:44.3262696Z Get:21 http://azure.archive.ubuntu.com/ubuntu noble-security/main amd64 Packages [1069 kB]
2026-10-03T06:25:44.3329685Z Get:22 http://azure.archive.ubuntu.com/ubuntu noble-security/main Translation-en [221 kB]
2026-10-03T06:25:44.3344404Z Get:23 http://azure.archive.ubuntu.com/ubuntu noble-security/main amd64 Components [46.3 kB]
2026-10-03T06:25:44.3354125Z Get:24 http://azure.archive.ubuntu.com/ubuntu noble-security/universe amd64 Packages [1216 kB]
2026-10-03T06:25:44.3416963Z Get:25 http://azure.archive.ubuntu.com/ubuntu noble-security/universe Translation-en [244 kB]
2026-10-03T06:25:44.3435259Z Get:26 http://azure.archive.ubuntu.com/ubuntu noble-security/universe amd64 Components [76.3 kB]
2026-10-03T06:25:44.3443301Z Get:27 http://azure.archive.ubuntu.com/ubuntu noble-security/restricted amd64 Packages [1566 kB]
2026-10-03T06:25:44.3521653Z Get:28 http://azure.archive.ubuntu.com/ubuntu noble-security/restricted Translation-en [361 kB]
2026-10-03T06:25:48.6141526Z Fetched 12.6 MB in 1s (9282 kB/s)
2026-10-03T06:25:49.4613019Z Reading package lists...
2026-10-03T06:25:49.4926944Z Reading package lists...
2026-10-03T06:25:49.6895829Z Building dependency tree...
2026-10-03T06:25:49.6903458Z Reading state information...
2026-10-03T06:25:49.8404908Z shellcheck is already the newest version (0.9.0-1).
2026-10-03T06:25:49.8405525Z The following NEW packages will be installed:
2026-10-03T06:25:49.8412709Z   expect tcl-expect
2026-10-03T06:25:49.8579476Z 0 upgraded, 2 newly installed, 0 to remove and 25 not upgraded.
2026-10-03T06:25:49.8580343Z Need to get 247 kB of archives.
2026-10-03T06:25:49.8581003Z After this operation, 538 kB of additional disk space will be used.
2026-10-03T06:25:49.8581887Z Get:1 file:/etc/apt/apt-mirrors.txt Mirrorlist [144 B]
2026-10-03T06:25:49.9660329Z Get:2 http://azure.archive.ubuntu.com/ubuntu noble/universe amd64 tcl-expect amd64 5.45.4-3 [110 kB]
2026-10-03T06:25:50.0568498Z Get:3 http://azure.archive.ubuntu.com/ubuntu noble/universe amd64 expect amd64 5.45.4-3 [137 kB]
2026-10-03T06:25:50.3188554Z Fetched 247 kB in 0s (1161 kB/s)
2026-10-03T06:25:50.3413353Z Selecting previously unselected package tcl-expect:amd64.
2026-10-03T06:25:50.3686302Z (Reading database ... 
2026-10-03T06:25:50.3686946Z (Reading database ... 5%
2026-10-03T06:25:50.3687510Z (Reading database ... 10%
2026-10-03T06:25:50.3688087Z (Reading database ... 15%
2026-10-03T06:25:50.3688819Z (Reading database ... 20%
2026-10-03T06:25:50.3689476Z (Reading database ... 25%
2026-10-03T06:25:50.3690126Z (Reading database ... 30%
2026-10-03T06:25:50.3691967Z (Reading database ... 35%
2026-10-03T06:25:50.3692584Z (Reading database ... 40%
2026-10-03T06:25:50.3693163Z (Reading database ... 45%
2026-10-03T06:25:50.3693736Z (Reading database ... 50%
2026-10-03T06:25:50.3736247Z (Reading database ... 55%
2026-10-03T06:25:50.4843012Z (Reading database ... 60%
2026-10-03T06:25:50.6321048Z (Reading database ... 65%
2026-10-03T06:25:50.8346905Z (Reading database ... 70%
2026-10-03T06:25:50.9813419Z (Reading database ... 75%
2026-10-03T06:25:51.1339825Z (Reading database ... 80%
2026-10-03T06:25:51.3343121Z (Reading database ... 85%
2026-10-03T06:25:51.4831499Z (Reading database ... 90%
2026-10-03T06:25:51.6438337Z (Reading database ... 95%
2026-10-03T06:25:51.6438760Z (Reading database ... 100%
2026-10-03T06:25:51.6439215Z (Reading database ... 202296 files and directories currently installed.)
2026-10-03T06:25:51.6510105Z Preparing to unpack .../tcl-expect_5.45.4-3_amd64.deb ...
2026-10-03T06:25:51.6521962Z Unpacking tcl-expect:amd64 (5.45.4-3) ...
2026-10-03T06:25:51.6773491Z Selecting previously unselected package expect.
2026-10-03T06:25:51.6898629Z Preparing to unpack .../expect_5.45.4-3_amd64.deb ...
2026-10-03T06:25:51.6907018Z Unpacking expect (5.45.4-3) ...
2026-10-03T06:25:51.7433808Z Setting up tcl-expect:amd64 (5.45.4-3) ...
2026-10-03T06:25:51.7455139Z Setting up expect (5.45.4-3) ...
2026-10-03T06:25:51.7477440Z Processing triggers for man-db (2.12.0-4build2) ...
2026-10-03T06:25:51.7498508Z Not building database; man-db/auto-update is not 'true'.
2026-10-03T06:25:51.7510508Z Processing triggers for libc-bin (2.39-0ubuntu8.9) ...
2026-10-03T06:25:52.4148278Z 
2026-10-03T06:25:52.4148824Z Running kernel seems to be up-to-date.
2026-10-03T06:25:52.4149219Z 
2026-10-03T06:25:52.4151717Z No services need to be restarted.
2026-10-03T06:25:52.4152366Z 
2026-10-03T06:25:52.4152605Z No containers need to be restarted.
2026-10-03T06:25:52.4152949Z 
2026-10-03T06:25:52.4153144Z No user sessions are running outdated binaries.
2026-10-03T06:25:52.4153477Z 
2026-10-03T06:25:52.4153790Z No VM guests are running outdated hypervisor (qemu) binaries on this host.
2026-10-03T06:25:53.3293173Z ##[group]Run fail=0
2026-10-03T06:25:53.3293459Z [36;1mfail=0[0m
2026-10-03T06:25:53.3293790Z [36;1mfor f in $(find harness manifest selftest -name '*.sh' -type f); do[0m
2026-10-03T06:25:53.3294221Z [36;1m  sh -n "$f" || { echo "sh -n failed: $f"; fail=1; }[0m
2026-10-03T06:25:53.3294701Z [36;1mdone[0m
2026-10-03T06:25:53.3294895Z [36;1mexit $fail[0m
2026-10-03T06:25:53.3362065Z shell: /usr/bin/bash -e {0}
2026-10-03T06:25:53.3362317Z ##[endgroup]
2026-10-03T06:25:53.3534252Z ##[group]Run find harness manifest selftest -name '*.sh' -type f -print0 | xargs -0 -r shellcheck -x
2026-10-03T06:25:53.3534998Z [36;1mfind harness manifest selftest -name '*.sh' -type f -print0 | xargs -0 -r shellcheck -x[0m
2026-10-03T06:25:53.3595813Z shell: /usr/bin/bash -e {0}
2026-10-03T06:25:53.3596076Z ##[endgroup]
2026-10-03T06:25:53.5678215Z 
2026-10-03T06:25:53.5678846Z In harness/boot-test.sh line 73:
2026-10-03T06:25:53.5679164Z . "$HERE/qemu-arch.sh"
2026-10-03T06:25:53.5679752Z   ^------------------^ SC1091 (info): Not following: ./qemu-arch.sh: openBinaryFile: does not exist (No such file or directory)
2026-10-03T06:25:53.5680237Z 
2026-10-03T06:25:53.5680336Z For more information:
2026-10-03T06:25:53.5680774Z   https://www.shellcheck.net/wiki/SC1091 -- Not following: ./qemu-arch.sh: op...
2026-10-03T06:25:53.5711776Z ##[error]Process completed with exit code 123.
2026-10-03T06:25:53.5874016Z Post job cleanup.
2026-10-03T06:25:53.6721884Z [command]/usr/bin/git version
2026-10-03T06:25:53.6758289Z git version 2.55.0
2026-10-03T06:25:53.6798877Z Temporarily overriding HOME='/home/runner/work/_temp/dcb580c4-03bf-44ff-b05e-82627758b1f2' before making global git config changes
2026-10-03T06:25:53.6800438Z Adding repository directory to the temporary git global config as a safe directory
2026-10-03T06:25:53.6805490Z [command]/usr/bin/git config --global --add safe.directory /home/runner/work/nextbsd-ci/nextbsd-ci
2026-10-03T06:25:53.6846929Z [command]/usr/bin/git config --local --name-only --get-regexp core\.sshCommand
2026-10-03T06:25:53.6885108Z [command]/usr/bin/git submodule foreach --recursive sh -c "git config --local --name-only --get-regexp 'core\.sshCommand' && git config --local --unset-all 'core.sshCommand' || :"
2026-10-03T06:25:53.7134662Z [command]/usr/bin/git config --local --name-only --get-regexp http\.https\:\/\/github\.com\/\.extraheader
2026-10-03T06:25:53.7163869Z http.https://github.com/.extraheader
2026-10-03T06:25:53.7175925Z [command]/usr/bin/git config --local --unset-all http.https://github.com/.extraheader
2026-10-03T06:25:53.7211265Z [command]/usr/bin/git submodule foreach --recursive sh -c "git config --local --name-only --get-regexp 'http\.https\:\/\/github\.com\/\.extraheader' && git config --local --unset-all 'http.https://github.com/.extraheader' || :"
2026-10-03T06:25:53.7468262Z [command]/usr/bin/git config --local --name-only --get-regexp ^includeIf\.gitdir:
2026-10-03T06:25:53.7505907Z [command]/usr/bin/git submodule foreach --recursive git config --local --show-origin --name-only --get-regexp remote.origin.url
2026-10-03T06:25:53.7882907Z Cleaning up orphan processes
2026-10-03T06:25:53.8178655Z ##[warning]Node.js 20 is deprecated. The following actions target Node.js 20 but are being forced to run on Node.js 24: actions/checkout@v4. For more information see: https://github.blog/changelog/2025-09-19-deprecation-of-node-20-on-github-actions-runners/
