2026-10-03T08:36:42.7059235Z Current runner version: '2.337.0'
2026-10-03T08:36:42.7086733Z ##[group]Runner Image Provisioner
2026-10-03T08:36:42.7087750Z Hosted Compute Agent
2026-10-03T08:36:42.7088419Z Version: 20260901.588
2026-10-03T08:36:42.7089076Z Commit: f88ec8081b781fac6c440065ac7ff9e710ce3d0b
2026-10-03T08:36:42.7089931Z Build Date: 2026-09-01T19:56:44Z
2026-10-03T08:36:42.7090652Z Worker ID: {b0090b7b-46be-4cf0-aaaa-ed7a7eddb3ed}
2026-10-03T08:36:42.7091376Z Azure Region: northcentralus
2026-10-03T08:36:42.7092122Z ##[endgroup]
2026-10-03T08:36:42.7093460Z ##[group]Operating System
2026-10-03T08:36:42.7094456Z Ubuntu
2026-10-03T08:36:42.7095040Z 24.04.5
2026-10-03T08:36:42.7095607Z LTS
2026-10-03T08:36:42.7096268Z ##[endgroup]
2026-10-03T08:36:42.7096855Z ##[group]Runner Image
2026-10-03T08:36:42.7097509Z Image: ubuntu-24.04
2026-10-03T08:36:42.7098116Z Version: 20260927.320.1
2026-10-03T08:36:42.7099464Z Included Software: https://github.com/actions/runner-images/blob/ubuntu24/20260927.320/images/ubuntu/Ubuntu2404-Readme.md
2026-10-03T08:36:42.7101059Z Image Release: https://github.com/actions/runner-images/releases/tag/ubuntu24%2F20260927.320
2026-10-03T08:36:42.7102090Z ##[endgroup]
2026-10-03T08:36:42.7103504Z ##[group]GITHUB_TOKEN Permissions
2026-10-03T08:36:42.7105889Z Contents: read
2026-10-03T08:36:42.7106578Z Metadata: read
2026-10-03T08:36:42.7107175Z Packages: read
2026-10-03T08:36:42.7107816Z ##[endgroup]
2026-10-03T08:36:42.7109977Z Secret source: Actions
2026-10-03T08:36:42.7111123Z Cache mode: write
2026-10-03T08:36:42.7111838Z Prepare workflow directory
2026-10-03T08:36:42.7564819Z Prepare all required actions
2026-10-03T08:36:42.7632770Z Getting action download info
2026-10-03T08:36:42.9942354Z Download action repository 'actions/checkout@v4' (SHA:11d5960a326750d5838078e36cf38b85af677262)
2026-10-03T08:36:43.1714355Z Complete job name: selftest (amd64, ubuntu-24.04)
2026-10-03T08:36:43.2477905Z ##[group]Run actions/checkout@v4
2026-10-03T08:36:43.2478746Z with:
2026-10-03T08:36:43.2479206Z   repository: nextbsd/nextbsd-ci
2026-10-03T08:36:43.2483304Z   token: ***
2026-10-03T08:36:43.2483926Z   ssh-strict: true
2026-10-03T08:36:43.2484384Z   ssh-user: git
2026-10-03T08:36:43.2484846Z   persist-credentials: true
2026-10-03T08:36:43.2485350Z   clean: true
2026-10-03T08:36:43.2485807Z   sparse-checkout-cone-mode: true
2026-10-03T08:36:43.2486333Z   fetch-depth: 1
2026-10-03T08:36:43.2486769Z   fetch-tags: false
2026-10-03T08:36:43.2487227Z   show-progress: true
2026-10-03T08:36:43.2487682Z   lfs: false
2026-10-03T08:36:43.2488109Z   submodules: false
2026-10-03T08:36:43.2488561Z   set-safe-directory: true
2026-10-03T08:36:43.2489070Z   allow-unsafe-pr-checkout: false
2026-10-03T08:36:43.2489779Z ##[endgroup]
2026-10-03T08:36:43.3556362Z Syncing repository: nextbsd/nextbsd-ci
2026-10-03T08:36:43.3559155Z ##[group]Getting Git version info
2026-10-03T08:36:43.3560438Z Working directory is '/home/runner/work/nextbsd-ci/nextbsd-ci'
2026-10-03T08:36:43.3562276Z [command]/usr/bin/git version
2026-10-03T08:36:43.3618340Z git version 2.55.0
2026-10-03T08:36:43.3639411Z ##[endgroup]
2026-10-03T08:36:43.3654576Z Temporarily overriding HOME='/home/runner/work/_temp/8c73148a-0383-43fa-ae35-3dd1d9f59493' before making global git config changes
2026-10-03T08:36:43.3657026Z Adding repository directory to the temporary git global config as a safe directory
2026-10-03T08:36:43.3659815Z [command]/usr/bin/git config --global --add safe.directory /home/runner/work/nextbsd-ci/nextbsd-ci
2026-10-03T08:36:43.3716132Z Deleting the contents of '/home/runner/work/nextbsd-ci/nextbsd-ci'
2026-10-03T08:36:43.3720694Z ##[group]Initializing the repository
2026-10-03T08:36:43.3730247Z [command]/usr/bin/git init /home/runner/work/nextbsd-ci/nextbsd-ci
2026-10-03T08:36:43.3838754Z hint: Using 'master' as the name for the initial branch. This default branch name
2026-10-03T08:36:43.3840744Z hint: will change to "main" in Git 3.0. To configure the initial branch name
2026-10-03T08:36:43.3842626Z hint: to use in all of your new repositories, which will suppress this warning,
2026-10-03T08:36:43.3844627Z hint: call:
2026-10-03T08:36:43.3845980Z hint:
2026-10-03T08:36:43.3847487Z hint: 	git config --global init.defaultBranch <name>
2026-10-03T08:36:43.3848223Z hint:
2026-10-03T08:36:43.3848846Z hint: Names commonly chosen instead of 'master' are 'main', 'trunk' and
2026-10-03T08:36:43.3849814Z hint: 'development'. The just-created branch can be renamed via this command:
2026-10-03T08:36:43.3850573Z hint:
2026-10-03T08:36:43.3851012Z hint: 	git branch -m <name>
2026-10-03T08:36:43.3851495Z hint:
2026-10-03T08:36:43.3852130Z hint: Disable this message with "git config set advice.defaultBranchName false"
2026-10-03T08:36:43.3853162Z Initialized empty Git repository in /home/runner/work/nextbsd-ci/nextbsd-ci/.git/
2026-10-03T08:36:43.3857127Z [command]/usr/bin/git remote add origin https://github.com/nextbsd/nextbsd-ci
2026-10-03T08:36:43.3910726Z ##[endgroup]
2026-10-03T08:36:43.3911898Z ##[group]Disabling automatic garbage collection
2026-10-03T08:36:43.3915944Z [command]/usr/bin/git config --local gc.auto 0
2026-10-03T08:36:43.3951037Z ##[endgroup]
2026-10-03T08:36:43.3952153Z ##[group]Setting up auth
2026-10-03T08:36:43.3958838Z [command]/usr/bin/git config --local --name-only --get-regexp core\.sshCommand
2026-10-03T08:36:43.3994366Z [command]/usr/bin/git submodule foreach --recursive sh -c "git config --local --name-only --get-regexp 'core\.sshCommand' && git config --local --unset-all 'core.sshCommand' || :"
2026-10-03T08:36:43.4372397Z [command]/usr/bin/git config --local --name-only --get-regexp http\.https\:\/\/github\.com\/\.extraheader
2026-10-03T08:36:43.4415953Z [command]/usr/bin/git submodule foreach --recursive sh -c "git config --local --name-only --get-regexp 'http\.https\:\/\/github\.com\/\.extraheader' && git config --local --unset-all 'http.https://github.com/.extraheader' || :"
2026-10-03T08:36:43.4665601Z [command]/usr/bin/git config --local --name-only --get-regexp ^includeIf\.gitdir:
2026-10-03T08:36:43.4703801Z [command]/usr/bin/git submodule foreach --recursive git config --local --show-origin --name-only --get-regexp remote.origin.url
2026-10-03T08:36:43.4951159Z [command]/usr/bin/git config --local http.https://github.com/.extraheader AUTHORIZATION: basic ***
2026-10-03T08:36:43.4994345Z ##[endgroup]
2026-10-03T08:36:43.4995186Z ##[group]Fetching the repository
2026-10-03T08:36:43.5004471Z [command]/usr/bin/git -c protocol.version=2 fetch --no-tags --prune --no-recurse-submodules --depth=1 origin +e87ef9bcf201af479655e44c29ebf6ed92f05c44:refs/remotes/pull/9/merge
2026-10-03T08:36:43.8401515Z From https://github.com/nextbsd/nextbsd-ci
2026-10-03T08:36:43.8403332Z  * [new ref]         e87ef9bcf201af479655e44c29ebf6ed92f05c44 -> pull/9/merge
2026-10-03T08:36:43.8406904Z ##[endgroup]
2026-10-03T08:36:43.8409878Z ##[group]Determining the checkout info
2026-10-03T08:36:43.8410878Z ##[endgroup]
2026-10-03T08:36:43.8416030Z [command]/usr/bin/git sparse-checkout disable
2026-10-03T08:36:43.8472863Z [command]/usr/bin/git config --local --unset-all extensions.worktreeConfig
2026-10-03T08:36:43.8514957Z ##[group]Checking out the ref
2026-10-03T08:36:43.8519309Z [command]/usr/bin/git checkout --progress --force refs/remotes/pull/9/merge
2026-10-03T08:36:43.8606438Z Note: switching to 'refs/remotes/pull/9/merge'.
2026-10-03T08:36:43.8607469Z 
2026-10-03T08:36:43.8608395Z You are in 'detached HEAD' state. You can look around, make experimental
2026-10-03T08:36:43.8609598Z changes and commit them, and you can discard any commits you make in this
2026-10-03T08:36:43.8610655Z state without impacting any branches by switching back to a branch.
2026-10-03T08:36:43.8611283Z 
2026-10-03T08:36:43.8611694Z If you want to create a new branch to retain commits you create, you may
2026-10-03T08:36:43.8612616Z do so (now or later) by using -c with the switch command. Example:
2026-10-03T08:36:43.8613139Z 
2026-10-03T08:36:43.8613422Z   git switch -c <new-branch-name>
2026-10-03T08:36:43.8614224Z 
2026-10-03T08:36:43.8614678Z Or undo this operation with:
2026-10-03T08:36:43.8615741Z 
2026-10-03T08:36:43.8616166Z   git switch -
2026-10-03T08:36:43.8616760Z 
2026-10-03T08:36:43.8617565Z Turn off this advice by setting config variable advice.detachedHead to false
2026-10-03T08:36:43.8618702Z 
2026-10-03T08:36:43.8620134Z HEAD is now at e87ef9b Merge 4af99a2bbe4375f102be2edff4d4573d5e37276b into bae13410f0ff570b952d51053ed0c462272008b7
2026-10-03T08:36:43.8624258Z ##[endgroup]
2026-10-03T08:36:43.8668740Z [command]/usr/bin/git log -1 --format=%H
2026-10-03T08:36:43.8699379Z e87ef9bcf201af479655e44c29ebf6ed92f05c44
2026-10-03T08:36:43.8938764Z ##[group]Run sudo apt-get update && sudo apt-get install -y expect shellcheck
2026-10-03T08:36:43.8940586Z [36;1msudo apt-get update && sudo apt-get install -y expect shellcheck[0m
2026-10-03T08:36:43.9198681Z shell: /usr/bin/bash -e {0}
2026-10-03T08:36:43.9199320Z ##[endgroup]
2026-10-03T08:36:44.0008967Z Get:1 file:/etc/apt/apt-mirrors.txt Mirrorlist [144 B]
2026-10-03T08:36:44.0374909Z Hit:2 http://azure.archive.ubuntu.com/ubuntu noble InRelease
2026-10-03T08:36:44.0388129Z Get:3 http://azure.archive.ubuntu.com/ubuntu noble-updates InRelease [126 kB]
2026-10-03T08:36:44.0442597Z Get:4 http://azure.archive.ubuntu.com/ubuntu noble-backports InRelease [126 kB]
2026-10-03T08:36:44.0478397Z Get:5 http://azure.archive.ubuntu.com/ubuntu noble-security InRelease [126 kB]
2026-10-03T08:36:44.0490863Z Get:6 https://packages.microsoft.com/ubuntu/24.04/prod noble InRelease [3600 B]
2026-10-03T08:36:44.1928065Z Get:7 http://azure.archive.ubuntu.com/ubuntu noble-updates/main amd64 Packages [1364 kB]
2026-10-03T08:36:44.2095226Z Get:8 http://azure.archive.ubuntu.com/ubuntu noble-updates/main Translation-en [304 kB]
2026-10-03T08:36:44.2116151Z Get:9 http://azure.archive.ubuntu.com/ubuntu noble-updates/main amd64 Components [180 kB]
2026-10-03T08:36:44.2145765Z Get:10 http://azure.archive.ubuntu.com/ubuntu noble-updates/universe amd64 Packages [1699 kB]
2026-10-03T08:36:44.2306341Z Get:11 http://azure.archive.ubuntu.com/ubuntu noble-updates/universe Translation-en [341 kB]
2026-10-03T08:36:44.2326965Z Get:12 http://azure.archive.ubuntu.com/ubuntu noble-updates/universe amd64 Components [388 kB]
2026-10-03T08:36:44.2363029Z Get:13 http://azure.archive.ubuntu.com/ubuntu noble-updates/restricted amd64 Packages [1720 kB]
2026-10-03T08:36:44.2476732Z Get:14 http://azure.archive.ubuntu.com/ubuntu noble-updates/restricted Translation-en [394 kB]
2026-10-03T08:36:44.2496852Z Get:15 http://azure.archive.ubuntu.com/ubuntu noble-updates/multiverse amd64 Components [940 B]
2026-10-03T08:36:44.2516114Z Get:16 http://azure.archive.ubuntu.com/ubuntu noble-backports/main amd64 Components [5764 B]
2026-10-03T08:36:44.2947261Z Get:17 http://azure.archive.ubuntu.com/ubuntu noble-backports/universe amd64 Components [12.6 kB]
2026-10-03T08:36:44.3058135Z Get:18 http://azure.archive.ubuntu.com/ubuntu noble-security/main amd64 Packages [1069 kB]
2026-10-03T08:36:44.3104922Z Get:19 http://azure.archive.ubuntu.com/ubuntu noble-security/main Translation-en [221 kB]
2026-10-03T08:36:44.3132294Z Get:20 http://azure.archive.ubuntu.com/ubuntu noble-security/main amd64 Components [46.3 kB]
2026-10-03T08:36:44.3149356Z Get:21 http://azure.archive.ubuntu.com/ubuntu noble-security/universe amd64 Packages [1216 kB]
2026-10-03T08:36:44.3240089Z Get:22 http://azure.archive.ubuntu.com/ubuntu noble-security/universe Translation-en [244 kB]
2026-10-03T08:36:44.3256177Z Get:23 http://azure.archive.ubuntu.com/ubuntu noble-security/universe amd64 Components [76.3 kB]
2026-10-03T08:36:44.3266970Z Get:24 http://azure.archive.ubuntu.com/ubuntu noble-security/restricted amd64 Packages [1566 kB]
2026-10-03T08:36:44.3381055Z Get:25 http://azure.archive.ubuntu.com/ubuntu noble-security/restricted Translation-en [361 kB]
2026-10-03T08:36:44.3588119Z Get:26 https://packages.microsoft.com/ubuntu/24.04/prod noble/main arm64 Packages [458 kB]
2026-10-03T08:36:44.3693464Z Get:27 https://packages.microsoft.com/ubuntu/24.04/prod noble/main amd64 Packages [511 kB]
2026-10-03T08:36:44.3764465Z Get:28 https://packages.microsoft.com/ubuntu/24.04/prod noble/main armhf Packages [12.6 kB]
2026-10-03T08:36:49.0482399Z Fetched 12.6 MB in 1s (8575 kB/s)
2026-10-03T08:36:49.9169355Z Reading package lists...
2026-10-03T08:36:49.9497629Z Reading package lists...
2026-10-03T08:36:50.1868252Z Building dependency tree...
2026-10-03T08:36:50.1876896Z Reading state information...
2026-10-03T08:36:50.3819339Z shellcheck is already the newest version (0.9.0-1).
2026-10-03T08:36:50.3820152Z The following NEW packages will be installed:
2026-10-03T08:36:50.3825426Z   expect tcl-expect
2026-10-03T08:36:50.4008627Z 0 upgraded, 2 newly installed, 0 to remove and 25 not upgraded.
2026-10-03T08:36:50.4009464Z Need to get 247 kB of archives.
2026-10-03T08:36:50.4010196Z After this operation, 538 kB of additional disk space will be used.
2026-10-03T08:36:50.4010987Z Get:1 file:/etc/apt/apt-mirrors.txt Mirrorlist [144 B]
2026-10-03T08:36:50.4450315Z Get:2 http://azure.archive.ubuntu.com/ubuntu noble/universe amd64 tcl-expect amd64 5.45.4-3 [110 kB]
2026-10-03T08:36:50.4767177Z Get:3 http://azure.archive.ubuntu.com/ubuntu noble/universe amd64 expect amd64 5.45.4-3 [137 kB]
2026-10-03T08:36:50.7527490Z Fetched 247 kB in 0s (2647 kB/s)
2026-10-03T08:36:50.7749473Z Selecting previously unselected package tcl-expect:amd64.
2026-10-03T08:36:50.8022500Z (Reading database ... 
2026-10-03T08:36:50.8023338Z (Reading database ... 5%
2026-10-03T08:36:50.8024319Z (Reading database ... 10%
2026-10-03T08:36:50.8034377Z (Reading database ... 15%
2026-10-03T08:36:50.8034812Z (Reading database ... 20%
2026-10-03T08:36:50.8035177Z (Reading database ... 25%
2026-10-03T08:36:50.8035418Z (Reading database ... 30%
2026-10-03T08:36:50.8035927Z (Reading database ... 35%
2026-10-03T08:36:50.8036330Z (Reading database ... 40%
2026-10-03T08:36:50.8036671Z (Reading database ... 45%
2026-10-03T08:36:50.8036989Z (Reading database ... 50%
2026-10-03T08:36:50.8063890Z (Reading database ... 55%
2026-10-03T08:36:50.9642547Z (Reading database ... 60%
2026-10-03T08:36:51.1560074Z (Reading database ... 65%
2026-10-03T08:36:51.3607650Z (Reading database ... 70%
2026-10-03T08:36:51.5084907Z (Reading database ... 75%
2026-10-03T08:36:51.6657999Z (Reading database ... 80%
2026-10-03T08:36:51.8503347Z (Reading database ... 85%
2026-10-03T08:36:52.0199147Z (Reading database ... 90%
2026-10-03T08:36:52.2235192Z (Reading database ... 95%
2026-10-03T08:36:52.2235542Z (Reading database ... 100%
2026-10-03T08:36:52.2235913Z (Reading database ... 202296 files and directories currently installed.)
2026-10-03T08:36:52.2282112Z Preparing to unpack .../tcl-expect_5.45.4-3_amd64.deb ...
2026-10-03T08:36:52.2364568Z Unpacking tcl-expect:amd64 (5.45.4-3) ...
2026-10-03T08:36:52.2564126Z Selecting previously unselected package expect.
2026-10-03T08:36:52.2696190Z Preparing to unpack .../expect_5.45.4-3_amd64.deb ...
2026-10-03T08:36:52.2702779Z Unpacking expect (5.45.4-3) ...
2026-10-03T08:36:52.3235979Z Setting up tcl-expect:amd64 (5.45.4-3) ...
2026-10-03T08:36:52.3254404Z Setting up expect (5.45.4-3) ...
2026-10-03T08:36:52.3273326Z Processing triggers for man-db (2.12.0-4build2) ...
2026-10-03T08:36:52.3294072Z Not building database; man-db/auto-update is not 'true'.
2026-10-03T08:36:52.3304276Z Processing triggers for libc-bin (2.39-0ubuntu8.9) ...
2026-10-03T08:36:52.9799867Z 
2026-10-03T08:36:52.9800410Z Running kernel seems to be up-to-date.
2026-10-03T08:36:52.9800791Z 
2026-10-03T08:36:52.9800965Z No services need to be restarted.
2026-10-03T08:36:52.9801239Z 
2026-10-03T08:36:52.9801409Z No containers need to be restarted.
2026-10-03T08:36:52.9801725Z 
2026-10-03T08:36:52.9801937Z No user sessions are running outdated binaries.
2026-10-03T08:36:52.9802273Z 
2026-10-03T08:36:52.9802563Z No VM guests are running outdated hypervisor (qemu) binaries on this host.
2026-10-03T08:36:54.1225722Z ##[group]Run fail=0
2026-10-03T08:36:54.1226032Z [36;1mfail=0[0m
2026-10-03T08:36:54.1226380Z [36;1mfor f in $(find harness manifest selftest -name '*.sh' -type f); do[0m
2026-10-03T08:36:54.1226818Z [36;1m  sh -n "$f" || { echo "sh -n failed: $f"; fail=1; }[0m
2026-10-03T08:36:54.1227346Z [36;1mdone[0m
2026-10-03T08:36:54.1227563Z [36;1mexit $fail[0m
2026-10-03T08:36:54.1301246Z shell: /usr/bin/bash -e {0}
2026-10-03T08:36:54.1301523Z ##[endgroup]
2026-10-03T08:36:54.1489252Z ##[group]Run find harness manifest selftest -name '*.sh' -type f -print0 | xargs -0 -r shellcheck -x
2026-10-03T08:36:54.1490012Z [36;1mfind harness manifest selftest -name '*.sh' -type f -print0 | xargs -0 -r shellcheck -x[0m
2026-10-03T08:36:54.1558129Z shell: /usr/bin/bash -e {0}
2026-10-03T08:36:54.1558414Z ##[endgroup]
2026-10-03T08:36:54.7358834Z ##[group]Run sh manifest/validate.sh \
2026-10-03T08:36:54.7359205Z [36;1msh manifest/validate.sh \[0m
2026-10-03T08:36:54.7359478Z [36;1m  manifest/markers.tsv \[0m
2026-10-03T08:36:54.7359757Z [36;1m  manifest/overlay-nextbsd.tsv \[0m
2026-10-03T08:36:54.7360091Z [36;1m  manifest/overlay-nextbsd-userland.tsv \[0m
2026-10-03T08:36:54.7360434Z [36;1m  manifest/overlay-nextbsd-kernel.tsv[0m
2026-10-03T08:36:54.7428998Z shell: /usr/bin/bash -e {0}
2026-10-03T08:36:54.7429275Z ##[endgroup]
2026-10-03T08:36:54.7563334Z manifest/markers.tsv: 93 markers OK
2026-10-03T08:36:54.7583087Z manifest/overlay-nextbsd.tsv:  markers OK
2026-10-03T08:36:54.7602709Z manifest/overlay-nextbsd-userland.tsv:  markers OK
2026-10-03T08:36:54.7622151Z manifest/overlay-nextbsd-kernel.tsv:  markers OK
2026-10-03T08:36:54.7701705Z ##[group]Run sh selftest/run-selftest.sh
2026-10-03T08:36:54.7702073Z [36;1msh selftest/run-selftest.sh[0m
2026-10-03T08:36:54.7770162Z shell: /usr/bin/bash -e {0}
2026-10-03T08:36:54.7770441Z env:
2026-10-03T08:36:54.7770663Z   ARCH: amd64
2026-10-03T08:36:54.7770898Z ##[endgroup]
2026-10-03T08:36:54.7881791Z ==> golden: the shared patterns against production stream shapes
2026-10-03T08:36:54.8147675Z OK   loader: EDK2 autoboot countdown
2026-10-03T08:36:54.8148470Z OK   loader: UEFI self-ID (FreeBSD brand)
2026-10-03T08:36:54.8149015Z OK   loader: UEFI self-ID (NextBSD brand)
2026-10-03T08:36:54.8149708Z OK   loader: leaving the prompt to boot
2026-10-03T08:36:54.8150285Z OK   loader: kernel entry marker
2026-10-03T08:36:54.8151194Z OK   banner: synthesized hostname (amd64)
2026-10-03T08:36:54.8151735Z OK   banner: synthesized hostname (arm64)
2026-10-03T08:36:54.8152246Z OK   banner: the Amnesiac race-loser
2026-10-03T08:36:54.8153019Z OK   banner: the early-init sethostname line
2026-10-03T08:36:54.8154055Z OK   login: login(1) session message
2026-10-03T08:36:54.8154590Z OK   login: zsh prompt
2026-10-03T08:36:54.8155068Z OK   panic: page fault
2026-10-03T08:36:54.8155517Z OK   panic: data abort (arm64)
2026-10-03T08:36:54.8156538Z OK   teardown: shutdown progress
2026-10-03T08:36:54.8157029Z OK   teardown: syncing
2026-10-03T08:36:54.8157478Z OK   teardown: buffers synced
2026-10-03T08:36:54.8157962Z OK   teardown: uptime
2026-10-03T08:36:54.8158395Z OK   teardown: poweroff
2026-10-03T08:36:54.8158861Z OK   teardown: reboot (the wrong outcome)
2026-10-03T08:36:54.8160686Z OK   sentinel: summary line
2026-10-03T08:36:54.8161025Z 
2026-10-03T08:36:54.8161410Z golden: all patterns match the production stream shapes
2026-10-03T08:36:54.8166413Z ==> manifest: schema
2026-10-03T08:36:54.8214137Z /home/runner/work/nextbsd-ci/nextbsd-ci/manifest/markers.tsv: 93 markers OK
2026-10-03T08:36:54.8235012Z /home/runner/work/nextbsd-ci/nextbsd-ci/manifest/overlay-nextbsd.tsv:  markers OK
2026-10-03T08:36:54.8255033Z /home/runner/work/nextbsd-ci/nextbsd-ci/manifest/overlay-nextbsd-userland.tsv:  markers OK
2026-10-03T08:36:54.8275103Z /home/runner/work/nextbsd-ci/nextbsd-ci/manifest/overlay-nextbsd-kernel.tsv:  markers OK
2026-10-03T08:36:54.8308712Z ==> harness vs mock guest (arch=amd64)
2026-10-03T08:36:54.8390102Z     plan: 94 markers
2026-10-03T08:36:54.8391017Z ==> case: ok (suite: /usr/tests/freebsd-launchd-mach/run.sh) — expect rc 0
2026-10-03T08:36:54.8424389Z ==> boot test: tests/fake.img
2026-10-03T08:36:54.8436948Z -rw-r--r-- 1 runner runner 0 Oct  3 08:36 tests/fake.img
2026-10-03T08:36:54.8516719Z ==> using KVM acceleration
2026-10-03T08:36:54.8517556Z ==> amd64: qemu-system-x86_64 -machine q35 | firmware 
2026-10-03T08:36:54.8603602Z wrong # args: should be "llength list"
2026-10-03T08:36:54.8604461Z     while executing
2026-10-03T08:36:54.8604806Z "llength \[array names nb_seen\]"
2026-10-03T08:36:54.8605072Z     ("for" body line 58)
2026-10-03T08:36:54.8605343Z     invoked from within
2026-10-03T08:36:54.8605586Z "for {set i 0} {$i < $suites} {incr i} {
2026-10-03T08:36:54.8605889Z     set suite [lindex $suite_list $i]
2026-10-03T08:36:54.8606163Z     set suite [esc $suite]
2026-10-03T08:36:54.8606398Z     puts ""
2026-10-03T08:36:54.8606623Z     puts "set timeout \$env(NB_SU..."
2026-10-03T08:36:54.8607107Z     (file "/home/runner/work/nextbsd-ci/nextbsd-ci/manifest/gen-arms.tcl" line 197)
2026-10-03T08:36:54.8608011Z FAIL: arm generation failed (bad manifest?); refusing to boot without arms
2026-10-03T08:36:54.8609132Z SELFTEST FAIL: case ok — expected rc 0, got 1
2026-10-03T08:36:54.8609877Z ==> case: fail (suite: /usr/tests/freebsd-launchd-mach/run.sh) — expect rc 1
2026-10-03T08:36:54.8642031Z ==> boot test: tests/fake.img
2026-10-03T08:36:54.8653370Z -rw-r--r-- 1 runner runner 0 Oct  3 08:36 tests/fake.img
2026-10-03T08:36:54.8732207Z ==> using KVM acceleration
2026-10-03T08:36:54.8732774Z ==> amd64: qemu-system-x86_64 -machine q35 | firmware 
2026-10-03T08:36:54.8819347Z wrong # args: should be "llength list"
2026-10-03T08:36:54.8819807Z     while executing
2026-10-03T08:36:54.8820153Z "llength \[array names nb_seen\]"
2026-10-03T08:36:54.8820595Z     ("for" body line 58)
2026-10-03T08:36:54.8821070Z     invoked from within
2026-10-03T08:36:54.8821417Z "for {set i 0} {$i < $suites} {incr i} {
2026-10-03T08:36:54.8821840Z     set suite [lindex $suite_list $i]
2026-10-03T08:36:54.8822232Z     set suite [esc $suite]
2026-10-03T08:36:54.8822568Z     puts ""
2026-10-03T08:36:54.8822914Z     puts "set timeout \$env(NB_SU..."
2026-10-03T08:36:54.8823549Z     (file "/home/runner/work/nextbsd-ci/nextbsd-ci/manifest/gen-arms.tcl" line 197)
2026-10-03T08:36:54.8824627Z FAIL: arm generation failed (bad manifest?); refusing to boot without arms
2026-10-03T08:36:54.8825237Z SELFTEST OK:   case fail (rc=1)
2026-10-03T08:36:54.8826181Z ==> case: nosummary (suite: /usr/tests/freebsd-launchd-mach/run.sh) — expect rc 2
2026-10-03T08:36:54.8858217Z ==> boot test: tests/fake.img
2026-10-03T08:36:54.8869643Z -rw-r--r-- 1 runner runner 0 Oct  3 08:36 tests/fake.img
2026-10-03T08:36:54.8950135Z ==> using KVM acceleration
2026-10-03T08:36:54.8950763Z ==> amd64: qemu-system-x86_64 -machine q35 | firmware 
2026-10-03T08:36:54.9039656Z wrong # args: should be "llength list"
2026-10-03T08:36:54.9040144Z     while executing
2026-10-03T08:36:54.9040495Z "llength \[array names nb_seen\]"
2026-10-03T08:36:54.9040874Z     ("for" body line 58)
2026-10-03T08:36:54.9041223Z     invoked from within
2026-10-03T08:36:54.9041590Z "for {set i 0} {$i < $suites} {incr i} {
2026-10-03T08:36:54.9042044Z     set suite [lindex $suite_list $i]
2026-10-03T08:36:54.9042469Z     set suite [esc $suite]
2026-10-03T08:36:54.9042697Z     puts ""
2026-10-03T08:36:54.9042908Z     puts "set timeout \$env(NB_SU..."
2026-10-03T08:36:54.9043319Z     (file "/home/runner/work/nextbsd-ci/nextbsd-ci/manifest/gen-arms.tcl" line 197)
2026-10-03T08:36:54.9044364Z FAIL: arm generation failed (bad manifest?); refusing to boot without arms
2026-10-03T08:36:54.9046002Z SELFTEST FAIL: case nosummary — expected rc 2, got 1
2026-10-03T08:36:54.9046784Z ==> case: deadend (suite: /usr/tests/freebsd-launchd-mach/run.sh) — expect rc 2
2026-10-03T08:36:54.9079202Z ==> boot test: tests/fake.img
2026-10-03T08:36:54.9090475Z -rw-r--r-- 1 runner runner 0 Oct  3 08:36 tests/fake.img
2026-10-03T08:36:54.9170232Z ==> using KVM acceleration
2026-10-03T08:36:54.9170807Z ==> amd64: qemu-system-x86_64 -machine q35 | firmware 
2026-10-03T08:36:54.9255424Z wrong # args: should be "llength list"
2026-10-03T08:36:54.9255903Z     while executing
2026-10-03T08:36:54.9256260Z "llength \[array names nb_seen\]"
2026-10-03T08:36:54.9256999Z     ("for" body line 58)
2026-10-03T08:36:54.9257361Z     invoked from within
2026-10-03T08:36:54.9257722Z "for {set i 0} {$i < $suites} {incr i} {
2026-10-03T08:36:54.9258141Z     set suite [lindex $suite_list $i]
2026-10-03T08:36:54.9258404Z     set suite [esc $suite]
2026-10-03T08:36:54.9258633Z     puts ""
2026-10-03T08:36:54.9258866Z     puts "set timeout \$env(NB_SU..."
2026-10-03T08:36:54.9259440Z     (file "/home/runner/work/nextbsd-ci/nextbsd-ci/manifest/gen-arms.tcl" line 197)
2026-10-03T08:36:54.9260257Z FAIL: arm generation failed (bad manifest?); refusing to boot without arms
2026-10-03T08:36:54.9261225Z SELFTEST FAIL: case deadend — expected rc 2, got 1
2026-10-03T08:36:54.9261809Z ==> case: reboot (suite: /usr/tests/freebsd-launchd-mach/run.sh) — expect rc 1
2026-10-03T08:36:54.9293787Z ==> boot test: tests/fake.img
2026-10-03T08:36:54.9304672Z -rw-r--r-- 1 runner runner 0 Oct  3 08:36 tests/fake.img
2026-10-03T08:36:54.9385834Z ==> using KVM acceleration
2026-10-03T08:36:54.9386218Z ==> amd64: qemu-system-x86_64 -machine q35 | firmware 
2026-10-03T08:36:54.9477230Z wrong # args: should be "llength list"
2026-10-03T08:36:54.9477630Z     while executing
2026-10-03T08:36:54.9478074Z "llength \[array names nb_seen\]"
2026-10-03T08:36:54.9478448Z     ("for" body line 58)
2026-10-03T08:36:54.9478755Z     invoked from within
2026-10-03T08:36:54.9479259Z "for {set i 0} {$i < $suites} {incr i} {
2026-10-03T08:36:54.9479553Z     set suite [lindex $suite_list $i]
2026-10-03T08:36:54.9479972Z     set suite [esc $suite]
2026-10-03T08:36:54.9480304Z     puts ""
2026-10-03T08:36:54.9480617Z     puts "set timeout \$env(NB_SU..."
2026-10-03T08:36:54.9481257Z     (file "/home/runner/work/nextbsd-ci/nextbsd-ci/manifest/gen-arms.tcl" line 197)
2026-10-03T08:36:54.9482343Z FAIL: arm generation failed (bad manifest?); refusing to boot without arms
2026-10-03T08:36:54.9483383Z SELFTEST OK:   case reboot (rc=1)
2026-10-03T08:36:54.9484694Z ==> case: two-suite (suite: /usr/tests/freebsd-launchd-mach/run.sh /usr/tests/nextbsd-iokit/run.sh) — expect rc 0
2026-10-03T08:36:54.9516344Z ==> boot test: tests/fake.img
2026-10-03T08:36:54.9527767Z -rw-r--r-- 1 runner runner 0 Oct  3 08:36 tests/fake.img
2026-10-03T08:36:54.9606887Z ==> using KVM acceleration
2026-10-03T08:36:54.9607339Z ==> amd64: qemu-system-x86_64 -machine q35 | firmware 
2026-10-03T08:36:54.9692010Z wrong # args: should be "llength list"
2026-10-03T08:36:54.9692516Z     while executing
2026-10-03T08:36:54.9692888Z "llength \[array names nb_seen\]"
2026-10-03T08:36:54.9693301Z     ("for" body line 58)
2026-10-03T08:36:54.9693809Z     invoked from within
2026-10-03T08:36:54.9694206Z "for {set i 0} {$i < $suites} {incr i} {
2026-10-03T08:36:54.9694659Z     set suite [lindex $suite_list $i]
2026-10-03T08:36:54.9695082Z     set suite [esc $suite]
2026-10-03T08:36:54.9695450Z     puts ""
2026-10-03T08:36:54.9695817Z     puts "set timeout \$env(NB_SU..."
2026-10-03T08:36:54.9696471Z     (file "/home/runner/work/nextbsd-ci/nextbsd-ci/manifest/gen-arms.tcl" line 197)
2026-10-03T08:36:54.9697332Z FAIL: arm generation failed (bad manifest?); refusing to boot without arms
2026-10-03T08:36:54.9698320Z SELFTEST FAIL: case two-suite — expected rc 0, got 1
2026-10-03T08:36:54.9698829Z ==> SELFTEST FAILED
2026-10-03T08:36:54.9713172Z ##[error]Process completed with exit code 1.
2026-10-03T08:36:54.9845582Z Post job cleanup.
2026-10-03T08:36:55.0694502Z [command]/usr/bin/git version
2026-10-03T08:36:55.0737942Z git version 2.55.0
2026-10-03T08:36:55.0777084Z Temporarily overriding HOME='/home/runner/work/_temp/7818c2a8-4b70-402c-9c02-4569bf9e5b97' before making global git config changes
2026-10-03T08:36:55.0778668Z Adding repository directory to the temporary git global config as a safe directory
2026-10-03T08:36:55.0783196Z [command]/usr/bin/git config --global --add safe.directory /home/runner/work/nextbsd-ci/nextbsd-ci
2026-10-03T08:36:55.0826034Z [command]/usr/bin/git config --local --name-only --get-regexp core\.sshCommand
2026-10-03T08:36:55.0868711Z [command]/usr/bin/git submodule foreach --recursive sh -c "git config --local --name-only --get-regexp 'core\.sshCommand' && git config --local --unset-all 'core.sshCommand' || :"
2026-10-03T08:36:55.1137957Z [command]/usr/bin/git config --local --name-only --get-regexp http\.https\:\/\/github\.com\/\.extraheader
2026-10-03T08:36:55.1167333Z http.https://github.com/.extraheader
2026-10-03T08:36:55.1179422Z [command]/usr/bin/git config --local --unset-all http.https://github.com/.extraheader
2026-10-03T08:36:55.1217307Z [command]/usr/bin/git submodule foreach --recursive sh -c "git config --local --name-only --get-regexp 'http\.https\:\/\/github\.com\/\.extraheader' && git config --local --unset-all 'http.https://github.com/.extraheader' || :"
2026-10-03T08:36:55.1490878Z [command]/usr/bin/git config --local --name-only --get-regexp ^includeIf\.gitdir:
2026-10-03T08:36:55.1532943Z [command]/usr/bin/git submodule foreach --recursive git config --local --show-origin --name-only --get-regexp remote.origin.url
2026-10-03T08:36:55.1965077Z Cleaning up orphan processes
2026-10-03T08:36:55.2249090Z ##[warning]Node.js 20 is deprecated. The following actions target Node.js 20 but are being forced to run on Node.js 24: actions/checkout@v4. For more information see: https://github.blog/changelog/2025-09-19-deprecation-of-node-20-on-github-actions-runners/
