2026-10-03T08:46:49.2238685Z Current runner version: '2.337.0'
2026-10-03T08:46:49.2269443Z ##[group]Runner Image Provisioner
2026-10-03T08:46:49.2270516Z Hosted Compute Agent
2026-10-03T08:46:49.2271274Z Version: 20260901.588
2026-10-03T08:46:49.2272016Z Commit: f88ec8081b781fac6c440065ac7ff9e710ce3d0b
2026-10-03T08:46:49.2273000Z Build Date: 2026-09-01T19:56:44Z
2026-10-03T08:46:49.2273828Z Worker ID: {28b69a0c-89bf-436a-8a4a-946c3a3db79e}
2026-10-03T08:46:49.2274828Z Azure Region: eastus
2026-10-03T08:46:49.2275569Z ##[endgroup]
2026-10-03T08:46:49.2277711Z ##[group]Operating System
2026-10-03T08:46:49.2278519Z Ubuntu
2026-10-03T08:46:49.2279170Z 24.04.5
2026-10-03T08:46:49.2279928Z LTS
2026-10-03T08:46:49.2280601Z ##[endgroup]
2026-10-03T08:46:49.2281330Z ##[group]Runner Image
2026-10-03T08:46:49.2282072Z Image: ubuntu-24.04
2026-10-03T08:46:49.2282769Z Version: 20260927.320.1
2026-10-03T08:46:49.2284424Z Included Software: https://github.com/actions/runner-images/blob/ubuntu24/20260927.320/images/ubuntu/Ubuntu2404-Readme.md
2026-10-03T08:46:49.2286708Z Image Release: https://github.com/actions/runner-images/releases/tag/ubuntu24%2F20260927.320
2026-10-03T08:46:49.2287929Z ##[endgroup]
2026-10-03T08:46:49.2289487Z ##[group]GITHUB_TOKEN Permissions
2026-10-03T08:46:49.2291959Z Contents: read
2026-10-03T08:46:49.2292779Z Metadata: read
2026-10-03T08:46:49.2293458Z Packages: read
2026-10-03T08:46:49.2294191Z ##[endgroup]
2026-10-03T08:46:49.2297022Z Secret source: Actions
2026-10-03T08:46:49.2298339Z Cache mode: write
2026-10-03T08:46:49.2299229Z Prepare workflow directory
2026-10-03T08:46:49.2684181Z Prepare all required actions
2026-10-03T08:46:49.2742261Z Getting action download info
2026-10-03T08:46:49.4424334Z Download action repository 'actions/checkout@v4' (SHA:11d5960a326750d5838078e36cf38b85af677262)
2026-10-03T08:46:49.6099791Z Complete job name: selftest (amd64, ubuntu-24.04)
2026-10-03T08:46:49.6717303Z ##[group]Run actions/checkout@v4
2026-10-03T08:46:49.6718029Z with:
2026-10-03T08:46:49.6718399Z   repository: nextbsd/nextbsd-ci
2026-10-03T08:46:49.6721487Z   token: ***
2026-10-03T08:46:49.6721840Z   ssh-strict: true
2026-10-03T08:46:49.6722196Z   ssh-user: git
2026-10-03T08:46:49.6722559Z   persist-credentials: true
2026-10-03T08:46:49.6722956Z   clean: true
2026-10-03T08:46:49.6723313Z   sparse-checkout-cone-mode: true
2026-10-03T08:46:49.6723725Z   fetch-depth: 1
2026-10-03T08:46:49.6724073Z   fetch-tags: false
2026-10-03T08:46:49.6724430Z   show-progress: true
2026-10-03T08:46:49.6724781Z   lfs: false
2026-10-03T08:46:49.6725109Z   submodules: false
2026-10-03T08:46:49.6725464Z   set-safe-directory: true
2026-10-03T08:46:49.6725867Z   allow-unsafe-pr-checkout: false
2026-10-03T08:46:49.6726626Z ##[endgroup]
2026-10-03T08:46:49.7590816Z Syncing repository: nextbsd/nextbsd-ci
2026-10-03T08:46:49.7592926Z ##[group]Getting Git version info
2026-10-03T08:46:49.7593924Z Working directory is '/home/runner/work/nextbsd-ci/nextbsd-ci'
2026-10-03T08:46:49.7595251Z [command]/usr/bin/git version
2026-10-03T08:46:49.7631339Z git version 2.55.0
2026-10-03T08:46:49.7659335Z ##[endgroup]
2026-10-03T08:46:49.7665320Z Temporarily overriding HOME='/home/runner/work/_temp/65fa005b-af97-4e6c-8783-c783a71ab848' before making global git config changes
2026-10-03T08:46:49.7666645Z Adding repository directory to the temporary git global config as a safe directory
2026-10-03T08:46:49.7669439Z [command]/usr/bin/git config --global --add safe.directory /home/runner/work/nextbsd-ci/nextbsd-ci
2026-10-03T08:46:49.7718998Z Deleting the contents of '/home/runner/work/nextbsd-ci/nextbsd-ci'
2026-10-03T08:46:49.7722907Z ##[group]Initializing the repository
2026-10-03T08:46:49.7727266Z [command]/usr/bin/git init /home/runner/work/nextbsd-ci/nextbsd-ci
2026-10-03T08:46:49.7827286Z hint: Using 'master' as the name for the initial branch. This default branch name
2026-10-03T08:46:49.7829095Z hint: will change to "main" in Git 3.0. To configure the initial branch name
2026-10-03T08:46:49.7830483Z hint: to use in all of your new repositories, which will suppress this warning,
2026-10-03T08:46:49.7832015Z hint: call:
2026-10-03T08:46:49.7832700Z hint:
2026-10-03T08:46:49.7833510Z hint: 	git config --global init.defaultBranch <name>
2026-10-03T08:46:49.7834462Z hint:
2026-10-03T08:46:49.7835371Z hint: Names commonly chosen instead of 'master' are 'main', 'trunk' and
2026-10-03T08:46:49.7836965Z hint: 'development'. The just-created branch can be renamed via this command:
2026-10-03T08:46:49.7838123Z hint:
2026-10-03T08:46:49.7838816Z hint: 	git branch -m <name>
2026-10-03T08:46:49.7839571Z hint:
2026-10-03T08:46:49.7840525Z hint: Disable this message with "git config set advice.defaultBranchName false"
2026-10-03T08:46:49.7842208Z Initialized empty Git repository in /home/runner/work/nextbsd-ci/nextbsd-ci/.git/
2026-10-03T08:46:49.7844967Z [command]/usr/bin/git remote add origin https://github.com/nextbsd/nextbsd-ci
2026-10-03T08:46:49.7887812Z ##[endgroup]
2026-10-03T08:46:49.7888787Z ##[group]Disabling automatic garbage collection
2026-10-03T08:46:49.7889730Z [command]/usr/bin/git config --local gc.auto 0
2026-10-03T08:46:49.7914666Z ##[endgroup]
2026-10-03T08:46:49.7915686Z ##[group]Setting up auth
2026-10-03T08:46:49.7924713Z [command]/usr/bin/git config --local --name-only --get-regexp core\.sshCommand
2026-10-03T08:46:49.7953844Z [command]/usr/bin/git submodule foreach --recursive sh -c "git config --local --name-only --get-regexp 'core\.sshCommand' && git config --local --unset-all 'core.sshCommand' || :"
2026-10-03T08:46:49.8259734Z [command]/usr/bin/git config --local --name-only --get-regexp http\.https\:\/\/github\.com\/\.extraheader
2026-10-03T08:46:49.8305272Z [command]/usr/bin/git submodule foreach --recursive sh -c "git config --local --name-only --get-regexp 'http\.https\:\/\/github\.com\/\.extraheader' && git config --local --unset-all 'http.https://github.com/.extraheader' || :"
2026-10-03T08:46:49.8501831Z [command]/usr/bin/git config --local --name-only --get-regexp ^includeIf\.gitdir:
2026-10-03T08:46:49.8535048Z [command]/usr/bin/git submodule foreach --recursive git config --local --show-origin --name-only --get-regexp remote.origin.url
2026-10-03T08:46:49.8733133Z [command]/usr/bin/git config --local http.https://github.com/.extraheader AUTHORIZATION: basic ***
2026-10-03T08:46:49.8769426Z ##[endgroup]
2026-10-03T08:46:49.8776388Z ##[group]Fetching the repository
2026-10-03T08:46:49.8777599Z [command]/usr/bin/git -c protocol.version=2 fetch --no-tags --prune --no-recurse-submodules --depth=1 origin +34dd945e9f9a5d79c733990cf162a8e356285242:refs/remotes/pull/9/merge
2026-10-03T08:46:50.0918788Z From https://github.com/nextbsd/nextbsd-ci
2026-10-03T08:46:50.0920338Z  * [new ref]         34dd945e9f9a5d79c733990cf162a8e356285242 -> pull/9/merge
2026-10-03T08:46:50.0924381Z ##[endgroup]
2026-10-03T08:46:50.0926159Z ##[group]Determining the checkout info
2026-10-03T08:46:50.0927818Z ##[endgroup]
2026-10-03T08:46:50.0930560Z [command]/usr/bin/git sparse-checkout disable
2026-10-03T08:46:50.0984220Z [command]/usr/bin/git config --local --unset-all extensions.worktreeConfig
2026-10-03T08:46:50.1013163Z ##[group]Checking out the ref
2026-10-03T08:46:50.1016519Z [command]/usr/bin/git checkout --progress --force refs/remotes/pull/9/merge
2026-10-03T08:46:50.1086497Z Note: switching to 'refs/remotes/pull/9/merge'.
2026-10-03T08:46:50.1087362Z 
2026-10-03T08:46:50.1088113Z You are in 'detached HEAD' state. You can look around, make experimental
2026-10-03T08:46:50.1089998Z changes and commit them, and you can discard any commits you make in this
2026-10-03T08:46:50.1091870Z state without impacting any branches by switching back to a branch.
2026-10-03T08:46:50.1092763Z 
2026-10-03T08:46:50.1093286Z If you want to create a new branch to retain commits you create, you may
2026-10-03T08:46:50.1094713Z do so (now or later) by using -c with the switch command. Example:
2026-10-03T08:46:50.1095389Z 
2026-10-03T08:46:50.1095748Z   git switch -c <new-branch-name>
2026-10-03T08:46:50.1096398Z 
2026-10-03T08:46:50.1096715Z Or undo this operation with:
2026-10-03T08:46:50.1097216Z 
2026-10-03T08:46:50.1097859Z   git switch -
2026-10-03T08:46:50.1098406Z 
2026-10-03T08:46:50.1099117Z Turn off this advice by setting config variable advice.detachedHead to false
2026-10-03T08:46:50.1100060Z 
2026-10-03T08:46:50.1101113Z HEAD is now at 34dd945 Merge a3e391322d8dfccc2579151db0ee7a61dc44eb0f into bae13410f0ff570b952d51053ed0c462272008b7
2026-10-03T08:46:50.1104725Z ##[endgroup]
2026-10-03T08:46:50.1132831Z [command]/usr/bin/git log -1 --format=%H
2026-10-03T08:46:50.1156606Z 34dd945e9f9a5d79c733990cf162a8e356285242
2026-10-03T08:46:50.1381229Z ##[group]Run sudo apt-get update && sudo apt-get install -y expect shellcheck
2026-10-03T08:46:50.1382999Z [36;1msudo apt-get update && sudo apt-get install -y expect shellcheck[0m
2026-10-03T08:46:50.1592096Z shell: /usr/bin/bash -e {0}
2026-10-03T08:46:50.1593002Z ##[endgroup]
2026-10-03T08:46:50.2877225Z Get:1 file:/etc/apt/apt-mirrors.txt Mirrorlist [144 B]
2026-10-03T08:46:50.2999155Z Get:6 https://packages.microsoft.com/ubuntu/24.04/prod noble InRelease [3600 B]
2026-10-03T08:46:50.3159935Z Hit:2 http://azure.archive.ubuntu.com/ubuntu noble InRelease
2026-10-03T08:46:50.3175201Z Get:3 http://azure.archive.ubuntu.com/ubuntu noble-updates InRelease [126 kB]
2026-10-03T08:46:50.3248545Z Get:4 http://azure.archive.ubuntu.com/ubuntu noble-backports InRelease [126 kB]
2026-10-03T08:46:50.3286562Z Get:5 http://azure.archive.ubuntu.com/ubuntu noble-security InRelease [126 kB]
2026-10-03T08:46:50.3969687Z Get:7 https://packages.microsoft.com/ubuntu/24.04/prod noble/main arm64 Packages [458 kB]
2026-10-03T08:46:50.4185856Z Get:8 https://packages.microsoft.com/ubuntu/24.04/prod noble/main amd64 Packages [511 kB]
2026-10-03T08:46:50.4238973Z Get:9 https://packages.microsoft.com/ubuntu/24.04/prod noble/main armhf Packages [12.6 kB]
2026-10-03T08:46:50.5061494Z Get:10 http://azure.archive.ubuntu.com/ubuntu noble-updates/main amd64 Packages [1364 kB]
2026-10-03T08:46:50.5237758Z Get:11 http://azure.archive.ubuntu.com/ubuntu noble-updates/main Translation-en [304 kB]
2026-10-03T08:46:50.5245856Z Get:12 http://azure.archive.ubuntu.com/ubuntu noble-updates/main amd64 Components [180 kB]
2026-10-03T08:46:50.5277626Z Get:13 http://azure.archive.ubuntu.com/ubuntu noble-updates/universe amd64 Packages [1699 kB]
2026-10-03T08:46:50.5369993Z Get:14 http://azure.archive.ubuntu.com/ubuntu noble-updates/universe Translation-en [341 kB]
2026-10-03T08:46:50.5381254Z Get:15 http://azure.archive.ubuntu.com/ubuntu noble-updates/universe amd64 Components [388 kB]
2026-10-03T08:46:50.5410954Z Get:16 http://azure.archive.ubuntu.com/ubuntu noble-updates/restricted amd64 Packages [1720 kB]
2026-10-03T08:46:50.5491027Z Get:17 http://azure.archive.ubuntu.com/ubuntu noble-updates/restricted Translation-en [394 kB]
2026-10-03T08:46:50.5520068Z Get:18 http://azure.archive.ubuntu.com/ubuntu noble-updates/multiverse amd64 Components [940 B]
2026-10-03T08:46:50.5565366Z Get:19 http://azure.archive.ubuntu.com/ubuntu noble-backports/main amd64 Components [5764 B]
2026-10-03T08:46:50.5991642Z Get:20 http://azure.archive.ubuntu.com/ubuntu noble-backports/universe amd64 Components [12.6 kB]
2026-10-03T08:46:50.6004103Z Get:21 http://azure.archive.ubuntu.com/ubuntu noble-security/main amd64 Packages [1069 kB]
2026-10-03T08:46:50.6051774Z Get:22 http://azure.archive.ubuntu.com/ubuntu noble-security/main Translation-en [221 kB]
2026-10-03T08:46:50.6069653Z Get:23 http://azure.archive.ubuntu.com/ubuntu noble-security/main amd64 Components [46.3 kB]
2026-10-03T08:46:50.6097413Z Get:24 http://azure.archive.ubuntu.com/ubuntu noble-security/universe amd64 Packages [1216 kB]
2026-10-03T08:46:50.6135347Z Get:25 http://azure.archive.ubuntu.com/ubuntu noble-security/universe Translation-en [244 kB]
2026-10-03T08:46:50.6155276Z Get:26 http://azure.archive.ubuntu.com/ubuntu noble-security/universe amd64 Components [76.3 kB]
2026-10-03T08:46:50.6170280Z Get:27 http://azure.archive.ubuntu.com/ubuntu noble-security/restricted amd64 Packages [1566 kB]
2026-10-03T08:46:50.6302226Z Get:28 http://azure.archive.ubuntu.com/ubuntu noble-security/restricted Translation-en [361 kB]
2026-10-03T08:47:00.6177392Z Fetched 12.6 MB in 1s (10.5 MB/s)
2026-10-03T08:47:01.3527347Z Reading package lists...
2026-10-03T08:47:01.3790268Z Reading package lists...
2026-10-03T08:47:01.6028876Z Building dependency tree...
2026-10-03T08:47:01.6035339Z Reading state information...
2026-10-03T08:47:01.8340713Z shellcheck is already the newest version (0.9.0-1).
2026-10-03T08:47:01.8341302Z The following NEW packages will be installed:
2026-10-03T08:47:01.8351789Z   expect tcl-expect
2026-10-03T08:47:01.8506960Z 0 upgraded, 2 newly installed, 0 to remove and 25 not upgraded.
2026-10-03T08:47:01.8507557Z Need to get 247 kB of archives.
2026-10-03T08:47:01.8508102Z After this operation, 538 kB of additional disk space will be used.
2026-10-03T08:47:01.8508753Z Get:1 file:/etc/apt/apt-mirrors.txt Mirrorlist [144 B]
2026-10-03T08:47:02.0641562Z Get:2 http://azure.archive.ubuntu.com/ubuntu noble/universe amd64 tcl-expect amd64 5.45.4-3 [110 kB]
2026-10-03T08:47:02.4751711Z Get:3 http://azure.archive.ubuntu.com/ubuntu noble/universe amd64 expect amd64 5.45.4-3 [137 kB]
2026-10-03T08:47:02.7052561Z Fetched 247 kB in 1s (388 kB/s)
2026-10-03T08:47:02.8502175Z Selecting previously unselected package tcl-expect:amd64.
2026-10-03T08:47:02.9064472Z (Reading database ... 
2026-10-03T08:47:02.9064867Z (Reading database ... 5%
2026-10-03T08:47:02.9065199Z (Reading database ... 10%
2026-10-03T08:47:02.9065517Z (Reading database ... 15%
2026-10-03T08:47:02.9065856Z (Reading database ... 20%
2026-10-03T08:47:02.9066365Z (Reading database ... 25%
2026-10-03T08:47:02.9066576Z (Reading database ... 30%
2026-10-03T08:47:02.9066842Z (Reading database ... 35%
2026-10-03T08:47:02.9067045Z (Reading database ... 40%
2026-10-03T08:47:02.9067230Z (Reading database ... 45%
2026-10-03T08:47:02.9067504Z (Reading database ... 50%
2026-10-03T08:47:03.0702805Z (Reading database ... 55%
2026-10-03T08:47:04.2504216Z (Reading database ... 60%
2026-10-03T08:47:04.9389609Z (Reading database ... 65%
2026-10-03T08:47:05.6481058Z (Reading database ... 70%
2026-10-03T08:47:06.1548643Z (Reading database ... 75%
2026-10-03T08:47:06.5780767Z (Reading database ... 80%
2026-10-03T08:47:07.8317745Z (Reading database ... 85%
2026-10-03T08:47:09.2500546Z (Reading database ... 90%
2026-10-03T08:47:09.9029973Z (Reading database ... 95%
2026-10-03T08:47:09.9030482Z (Reading database ... 100%
2026-10-03T08:47:09.9032176Z (Reading database ... 202296 files and directories currently installed.)
2026-10-03T08:47:09.9071810Z Preparing to unpack .../tcl-expect_5.45.4-3_amd64.deb ...
2026-10-03T08:47:09.9200126Z Unpacking tcl-expect:amd64 (5.45.4-3) ...
2026-10-03T08:47:09.9434627Z Selecting previously unselected package expect.
2026-10-03T08:47:09.9543185Z Preparing to unpack .../expect_5.45.4-3_amd64.deb ...
2026-10-03T08:47:09.9566706Z Unpacking expect (5.45.4-3) ...
2026-10-03T08:47:10.0703204Z Setting up tcl-expect:amd64 (5.45.4-3) ...
2026-10-03T08:47:10.0723167Z Setting up expect (5.45.4-3) ...
2026-10-03T08:47:10.0743810Z Processing triggers for man-db (2.12.0-4build2) ...
2026-10-03T08:47:10.0760069Z Not building database; man-db/auto-update is not 'true'.
2026-10-03T08:47:10.0770708Z Processing triggers for libc-bin (2.39-0ubuntu8.9) ...
2026-10-03T08:47:12.5186640Z 
2026-10-03T08:47:12.5187908Z Running kernel seems to be up-to-date.
2026-10-03T08:47:12.5188188Z 
2026-10-03T08:47:12.5188286Z No services need to be restarted.
2026-10-03T08:47:12.5188445Z 
2026-10-03T08:47:12.5188528Z No containers need to be restarted.
2026-10-03T08:47:12.5188713Z 
2026-10-03T08:47:12.5188817Z No user sessions are running outdated binaries.
2026-10-03T08:47:12.5188992Z 
2026-10-03T08:47:12.5189144Z No VM guests are running outdated hypervisor (qemu) binaries on this host.
2026-10-03T08:47:13.4355584Z ##[group]Run fail=0
2026-10-03T08:47:13.4355805Z [36;1mfail=0[0m
2026-10-03T08:47:13.4356274Z [36;1mfor f in $(find harness manifest selftest -name '*.sh' -type f); do[0m
2026-10-03T08:47:13.4356618Z [36;1m  sh -n "$f" || { echo "sh -n failed: $f"; fail=1; }[0m
2026-10-03T08:47:13.4357021Z [36;1mdone[0m
2026-10-03T08:47:13.4357185Z [36;1mexit $fail[0m
2026-10-03T08:47:13.4418576Z shell: /usr/bin/bash -e {0}
2026-10-03T08:47:13.4418792Z ##[endgroup]
2026-10-03T08:47:13.4572163Z ##[group]Run find harness manifest selftest -name '*.sh' -type f -print0 | xargs -0 -r shellcheck -x
2026-10-03T08:47:13.4572732Z [36;1mfind harness manifest selftest -name '*.sh' -type f -print0 | xargs -0 -r shellcheck -x[0m
2026-10-03T08:47:13.4629491Z shell: /usr/bin/bash -e {0}
2026-10-03T08:47:13.4629708Z ##[endgroup]
2026-10-03T08:47:13.8640219Z ##[group]Run sh manifest/validate.sh \
2026-10-03T08:47:13.8640518Z [36;1msh manifest/validate.sh \[0m
2026-10-03T08:47:13.8640735Z [36;1m  manifest/markers.tsv \[0m
2026-10-03T08:47:13.8640959Z [36;1m  manifest/overlay-nextbsd.tsv \[0m
2026-10-03T08:47:13.8641222Z [36;1m  manifest/overlay-nextbsd-userland.tsv \[0m
2026-10-03T08:47:13.8641488Z [36;1m  manifest/overlay-nextbsd-kernel.tsv[0m
2026-10-03T08:47:13.8698296Z shell: /usr/bin/bash -e {0}
2026-10-03T08:47:13.8698516Z ##[endgroup]
2026-10-03T08:47:13.8804784Z manifest/markers.tsv: 93 markers OK
2026-10-03T08:47:13.8820177Z manifest/overlay-nextbsd.tsv:  markers OK
2026-10-03T08:47:13.8835243Z manifest/overlay-nextbsd-userland.tsv:  markers OK
2026-10-03T08:47:13.8850177Z manifest/overlay-nextbsd-kernel.tsv:  markers OK
2026-10-03T08:47:13.8914045Z ##[group]Run sh selftest/run-selftest.sh
2026-10-03T08:47:13.8914324Z [36;1msh selftest/run-selftest.sh[0m
2026-10-03T08:47:13.8967675Z shell: /usr/bin/bash -e {0}
2026-10-03T08:47:13.8967888Z env:
2026-10-03T08:47:13.8968057Z   ARCH: amd64
2026-10-03T08:47:13.8968241Z ##[endgroup]
2026-10-03T08:47:13.9053902Z ==> golden: the shared patterns against production stream shapes
2026-10-03T08:47:13.9723813Z OK   loader: EDK2 autoboot countdown
2026-10-03T08:47:13.9724370Z OK   loader: UEFI self-ID (FreeBSD brand)
2026-10-03T08:47:13.9724629Z OK   loader: UEFI self-ID (NextBSD brand)
2026-10-03T08:47:13.9724865Z OK   loader: leaving the prompt to boot
2026-10-03T08:47:13.9725126Z OK   loader: kernel entry marker
2026-10-03T08:47:13.9725497Z OK   banner: synthesized hostname (amd64)
2026-10-03T08:47:13.9725788Z OK   banner: synthesized hostname (arm64)
2026-10-03T08:47:13.9734773Z OK   banner: the Amnesiac race-loser
2026-10-03T08:47:13.9735165Z OK   banner: the early-init sethostname line
2026-10-03T08:47:13.9735530Z OK   login: login(1) session message
2026-10-03T08:47:13.9735838Z OK   login: zsh prompt
2026-10-03T08:47:13.9736258Z OK   panic: page fault
2026-10-03T08:47:13.9736495Z OK   panic: data abort (arm64)
2026-10-03T08:47:13.9736767Z OK   teardown: shutdown progress
2026-10-03T08:47:13.9737013Z OK   teardown: syncing
2026-10-03T08:47:13.9737276Z OK   teardown: buffers synced
2026-10-03T08:47:13.9737560Z OK   teardown: uptime
2026-10-03T08:47:13.9737813Z OK   teardown: poweroff
2026-10-03T08:47:13.9738095Z OK   teardown: reboot (the wrong outcome)
2026-10-03T08:47:13.9738477Z OK   sentinel: summary line
2026-10-03T08:47:13.9738739Z 
2026-10-03T08:47:13.9738920Z golden: all patterns match the production stream shapes
2026-10-03T08:47:13.9739302Z ==> manifest: schema
2026-10-03T08:47:13.9773701Z /home/runner/work/nextbsd-ci/nextbsd-ci/manifest/markers.tsv: 93 markers OK
2026-10-03T08:47:13.9789164Z /home/runner/work/nextbsd-ci/nextbsd-ci/manifest/overlay-nextbsd.tsv:  markers OK
2026-10-03T08:47:13.9804467Z /home/runner/work/nextbsd-ci/nextbsd-ci/manifest/overlay-nextbsd-userland.tsv:  markers OK
2026-10-03T08:47:13.9819699Z /home/runner/work/nextbsd-ci/nextbsd-ci/manifest/overlay-nextbsd-kernel.tsv:  markers OK
2026-10-03T08:47:13.9845536Z ==> harness vs mock guest (arch=amd64)
2026-10-03T08:47:13.9937802Z     plan: 94 markers
2026-10-03T08:47:13.9938555Z ==> case: ok (suite: /usr/tests/freebsd-launchd-mach/run.sh) — expect rc 0
2026-10-03T08:47:13.9963314Z ==> boot test: tests/fake.img
2026-10-03T08:47:13.9972320Z -rw-r--r-- 1 runner runner 0 Oct  3 08:47 tests/fake.img
2026-10-03T08:47:14.0037099Z ==> using KVM acceleration
2026-10-03T08:47:14.0037784Z ==> amd64: qemu-system-x86_64 -machine q35 | firmware 
2026-10-03T08:47:14.0185221Z spawn tclsh /home/runner/work/nextbsd-ci/nextbsd-ci/selftest/mock-guest.tcl
2026-10-03T08:47:14.0228479Z FreeBSD/amd64 EFI loader, Revision 3.0
2026-10-03T08:47:14.0228707Z 
2026-10-03T08:47:14.0228710Z 
2026-10-03T08:47:14.0228826Z Loading /boot/loader.conf
2026-10-03T08:47:14.0228967Z 
2026-10-03T08:47:14.0228970Z 
2026-10-03T08:47:14.0229133Z Hit [Enter] to boot immediately, or any other key for command prompt.
2026-10-03T08:47:14.0229351Z 
2026-10-03T08:47:14.0229353Z 
2026-10-03T08:47:14.0229424Z OK 
2026-10-03T08:47:14.0229578Z ==> at loader prompt
2026-10-03T08:47:15.2058203Z  set console=comconsole
2026-10-03T08:47:15.2058596Z OK set console=comconsole
2026-10-03T08:47:15.2058732Z 
2026-10-03T08:47:15.2058746Z 
2026-10-03T08:47:16.2683981Z OK set boot_serial=YES
2026-10-03T08:47:16.2684327Z OK set boot_serial=YES
2026-10-03T08:47:16.2684455Z 
2026-10-03T08:47:16.2684460Z 
2026-10-03T08:47:17.6519897Z OK set comconsole_speed=115200
2026-10-03T08:47:17.6520191Z OK set comconsole_speed=115200
2026-10-03T08:47:17.6520326Z 
2026-10-03T08:47:17.6520330Z 
2026-10-03T08:47:18.8350083Z OK set boot_multicons=YES
2026-10-03T08:47:18.8350374Z OK set boot_multicons=YES
2026-10-03T08:47:18.8350504Z 
2026-10-03T08:47:18.8350507Z 
2026-10-03T08:47:19.9377046Z OK set boot_mutemsgs=NO
2026-10-03T08:47:19.9377324Z OK set boot_mutemsgs=NO
2026-10-03T08:47:19.9377453Z 
2026-10-03T08:47:19.9377456Z 
2026-10-03T08:47:20.5193351Z OK boot -v
2026-10-03T08:47:20.5193697Z Booting [/boot/kernel/kernel]
2026-10-03T08:47:20.5193961Z 
2026-10-03T08:47:20.5193981Z 
2026-10-03T08:47:20.5194155Z ---<<BOOT>>---
2026-10-03T08:47:20.5194323Z 
2026-10-03T08:47:20.5194330Z 
2026-10-03T08:47:20.5194476Z Copyright (c) 1992-2025 The FreeBSD Project.
2026-10-03T08:47:20.5194743Z 
2026-10-03T08:47:20.5194749Z 
2026-10-03T08:47:20.5194873Z early-init: sethostname('selftest')
2026-10-03T08:47:20.5195100Z 
2026-10-03T08:47:20.5195143Z 
2026-10-03T08:47:20.5195359Z early-init: opened /dev/klog (kernel.log_open=1; console quiet)
2026-10-03T08:47:20.5195670Z 
2026-10-03T08:47:20.5195674Z 
2026-10-03T08:47:20.5195806Z NextBSD/amd64 (selftest) (console)
2026-10-03T08:47:20.5196006Z 
2026-10-03T08:47:20.5196011Z 
2026-10-03T08:47:20.5196768Z 
2026-10-03T08:47:20.5197542Z OK: BOOT-BANNER-OK — getty shows the synthesized hostname 'selftest'
2026-10-03T08:47:20.8198015Z login:
2026-10-03T08:47:20.8198217Z 
2026-10-03T08:47:20.8198223Z 
2026-10-03T08:47:20.8198239Z 
2026-10-03T08:47:20.8198376Z OK: boot reached the login prompt
2026-10-03T08:47:20.8198708Z admin
2026-10-03T08:47:20.8198934Z Password:
2026-10-03T08:47:20.8199076Z 
2026-10-03T08:47:20.8199080Z 
2026-10-03T08:47:20.8199278Z 
2026-10-03T08:47:20.8200207Z admin@selftest ~ % 
2026-10-03T08:47:20.8200461Z OK: logged in as admin
2026-10-03T08:47:20.8202041Z ==> running on-image suite: /usr/tests/freebsd-launchd-mach/run.sh
2026-10-03T08:47:20.8209657Z r() { if [ "$(id -u)" = 0 ]; then "$@"; else sudo "$@"; fi; }
2026-10-03T08:47:20.8210197Z admin@selftest ~ % r /usr/tests/freebsd-launchd-mach/run.sh
2026-10-03T08:47:20.8210688Z ACCT-HELPERS-OK
2026-10-03T08:47:20.8210849Z 
2026-10-03T08:47:20.8210853Z 
2026-10-03T08:47:20.8210959Z ACCT-LIFECYCLE-OK
2026-10-03T08:47:20.8211122Z 
2026-10-03T08:47:20.8211128Z 
2026-10-03T08:47:20.8211227Z ADVCMD-LEAF-OK
2026-10-03T08:47:20.8211391Z 
2026-10-03T08:47:20.8211395Z 
2026-10-03T08:47:20.8211507Z ASLMANAGER-DEMAND-SKIP
2026-10-03T08:47:20.8211691Z 
2026-10-03T08:47:20.8211695Z 
2026-10-03T08:47:20.8211806Z BOOT-BANNER-SKIP
2026-10-03T08:47:20.8211953Z 
2026-10-03T08:47:20.8211957Z 
2026-10-03T08:47:20.8212072Z BOOTSTRAP-OK
2026-10-03T08:47:20.8212212Z 
2026-10-03T08:47:20.8212216Z 
2026-10-03T08:47:20.8212332Z BOOTSTRAP-REMOTE-OK
2026-10-03T08:47:20.8212494Z 
2026-10-03T08:47:20.8212498Z 
2026-10-03T08:47:20.8212591Z BUSYSTATE-OK
2026-10-03T08:47:20.8212735Z 
2026-10-03T08:47:20.8212738Z 
2026-10-03T08:47:20.8212838Z CONFIGD-LIST-OK
2026-10-03T08:47:20.8213438Z 
2026-10-03T08:47:20.8213441Z 
2026-10-03T08:47:20.8213540Z CONFIGD-MULTI-OK
2026-10-03T08:47:20.8213697Z 
2026-10-03T08:47:20.8213701Z 
2026-10-03T08:47:20.8213912Z CONFIGD-NOTIFY-OK
2026-10-03T08:47:20.8214059Z 
2026-10-03T08:47:20.8214063Z 
2026-10-03T08:47:20.8214176Z CONFIGD-PATTERN-OK
2026-10-03T08:47:20.8214330Z 
2026-10-03T08:47:20.8214334Z 
2026-10-03T08:47:20.8214445Z CONFIGD-STORE-OK
2026-10-03T08:47:20.8214596Z 
2026-10-03T08:47:20.8214601Z 
2026-10-03T08:47:20.8214705Z COREFOUNDATION-OK
2026-10-03T08:47:20.8214855Z 
2026-10-03T08:47:20.8214859Z 
2026-10-03T08:47:20.8214950Z DA-BOOT-OK
2026-10-03T08:47:20.8215082Z 
2026-10-03T08:47:20.8215085Z 
2026-10-03T08:47:20.8215178Z DA-IOKIT-OK
2026-10-03T08:47:20.8215317Z 
2026-10-03T08:47:20.8215321Z 
2026-10-03T08:47:20.8215423Z DAEMON-STATE-OK
2026-10-03T08:47:20.8215565Z 
2026-10-03T08:47:20.8215569Z 
2026-10-03T08:47:20.8215672Z DOMAIN-DIRS-OK
2026-10-03T08:47:20.8215810Z 
2026-10-03T08:47:20.8215814Z 
2026-10-03T08:47:20.8215935Z EVFILT-MACHPORT-SKIP
2026-10-03T08:47:20.8216258Z 
2026-10-03T08:47:20.8216262Z 
2026-10-03T08:47:20.8216399Z EVFILT-MACHPORT-CONCURRENT-OK
2026-10-03T08:47:20.8216617Z 
2026-10-03T08:47:20.8216621Z 
2026-10-03T08:47:20.8216716Z FBSDGLUE-OK
2026-10-03T08:47:20.8216843Z 
2026-10-03T08:47:20.8216846Z 
2026-10-03T08:47:20.8216934Z FILECMD-LEAF-OK
2026-10-03T08:47:20.8217083Z 
2026-10-03T08:47:20.8217264Z 
2026-10-03T08:47:20.8217367Z GETTY-OK
2026-10-03T08:47:20.8217491Z 
2026-10-03T08:47:20.8217495Z 
2026-10-03T08:47:20.8217597Z HOMEDIR-OK
2026-10-03T08:47:20.8217725Z 
2026-10-03T08:47:20.8217728Z 
2026-10-03T08:47:20.8217841Z HOST-BOOTSTRAP-OK
2026-10-03T08:47:20.8217973Z 
2026-10-03T08:47:20.8217985Z 
2026-10-03T08:47:20.8218196Z HOSTNAMED-OK
2026-10-03T08:47:20.8218333Z 
2026-10-03T08:47:20.8218337Z 
2026-10-03T08:47:20.8218458Z HOSTNAMED-BONJOUR-RENAME-SKIP
2026-10-03T08:47:20.8218649Z 
2026-10-03T08:47:20.8218652Z 
2026-10-03T08:47:20.8218753Z HOSTNAMED-DHCP-OK
2026-10-03T08:47:20.8218909Z 
2026-10-03T08:47:20.8218919Z 
2026-10-03T08:47:20.8219033Z HOSTNAMED-MDNS-SKIP
2026-10-03T08:47:20.8219185Z 
2026-10-03T08:47:20.8219190Z 
2026-10-03T08:47:20.8219303Z HOSTNAMED-PREFS-OK
2026-10-03T08:47:20.8219435Z 
2026-10-03T08:47:20.8219439Z 
2026-10-03T08:47:20.8219551Z IPCFG-ARP-OK
2026-10-03T08:47:20.8219681Z 
2026-10-03T08:47:20.8219693Z 
2026-10-03T08:47:20.8219778Z IPCFG-BOOT-OK
2026-10-03T08:47:20.8219914Z 
2026-10-03T08:47:20.8219917Z 
2026-10-03T08:47:20.8220006Z IPCFG-BOUND-OK
2026-10-03T08:47:20.8220135Z 
2026-10-03T08:47:20.8220138Z 
2026-10-03T08:47:20.8220223Z IPCFG-DHCP-OK
2026-10-03T08:47:20.8220347Z 
2026-10-03T08:47:20.8220351Z 
2026-10-03T08:47:20.8220453Z IPCFG-IPCONFIG-OK
2026-10-03T08:47:20.8220597Z 
2026-10-03T08:47:20.8220601Z 
2026-10-03T08:47:20.8220706Z IPCFG-RA-OK
2026-10-03T08:47:20.8220835Z 
2026-10-03T08:47:20.8220839Z 
2026-10-03T08:47:20.8220935Z IPCFG-RENEW-OK
2026-10-03T08:47:20.8221062Z 
2026-10-03T08:47:20.8221074Z 
2026-10-03T08:47:20.8221168Z IPCFG-RPC-OK
2026-10-03T08:47:20.8221295Z 
2026-10-03T08:47:20.8221303Z 
2026-10-03T08:47:20.8221389Z IPCFG-STORE-OK
2026-10-03T08:47:20.8221518Z 
2026-10-03T08:47:20.8221522Z 
2026-10-03T08:47:20.8221612Z KEM-LINK-OK
2026-10-03T08:47:20.8221741Z 
2026-10-03T08:47:20.8221745Z 
2026-10-03T08:47:20.8221848Z LAUNCHCTL-BUILD-OK
2026-10-03T08:47:20.8221988Z 
2026-10-03T08:47:20.8221992Z 
2026-10-03T08:47:20.8222111Z LAUNCHCTL-LIST-OK
2026-10-03T08:47:20.8222257Z 
2026-10-03T08:47:20.8222261Z 
2026-10-03T08:47:20.8222368Z LAUNCHD-BUILD-OK
2026-10-03T08:47:20.8222509Z 
2026-10-03T08:47:20.8222513Z 
2026-10-03T08:47:20.8222619Z LIBDISPATCH-OK
2026-10-03T08:47:20.8222781Z 
2026-10-03T08:47:20.8222784Z 
2026-10-03T08:47:20.8222875Z LIBDISPATCH-MACH-OK
2026-10-03T08:47:20.8223022Z 
2026-10-03T08:47:20.8223025Z 
2026-10-03T08:47:20.8223113Z LIBDS-OK
2026-10-03T08:47:20.8223239Z 
2026-10-03T08:47:20.8223242Z 
2026-10-03T08:47:20.8223338Z LIBSYSTEM-KERNEL-OK
2026-10-03T08:47:20.8223486Z 
2026-10-03T08:47:20.8223489Z 
2026-10-03T08:47:20.8223580Z LIBXPC-OK
2026-10-03T08:47:20.8223854Z 
2026-10-03T08:47:20.8223857Z 
2026-10-03T08:47:20.8223958Z LINUX-MOUNTS-OK
2026-10-03T08:47:20.8224092Z 
2026-10-03T08:47:20.8224096Z 
2026-10-03T08:47:20.8224203Z MACH-PORT-OK
2026-10-03T08:47:20.8224331Z 
2026-10-03T08:47:20.8224346Z 
2026-10-03T08:47:20.8224444Z MACH-SMOKE-OK
2026-10-03T08:47:20.8224579Z 
2026-10-03T08:47:20.8224583Z 
2026-10-03T08:47:20.8224721Z MDNS-BOOT-OK
2026-10-03T08:47:20.8224858Z 
2026-10-03T08:47:20.8224861Z 
2026-10-03T08:47:20.8224929Z MDNS-DNSSD-OK
2026-10-03T08:47:20.8225024Z 
2026-10-03T08:47:20.8225026Z 
2026-10-03T08:47:20.8225095Z MDNS-ENGINE-OK
2026-10-03T08:47:20.8225183Z 
2026-10-03T08:47:20.8225186Z 
2026-10-03T08:47:20.8225257Z MDNS-IFWATCH-OK
2026-10-03T08:47:20.8225352Z 
2026-10-03T08:47:20.8225354Z 
2026-10-03T08:47:20.8225425Z MDNS-STATIC-OK
2026-10-03T08:47:20.8225544Z 
2026-10-03T08:47:20.8225546Z 
2026-10-03T08:47:20.8225613Z MIG-BUILD-OK
2026-10-03T08:47:20.8225784Z 
2026-10-03T08:47:20.8225787Z 
2026-10-03T08:47:20.8225874Z NFS-OK
2026-10-03T08:47:20.8225973Z 
2026-10-03T08:47:20.8225976Z 
2026-10-03T08:47:20.8226204Z NOTIFYD-PROC-OK
2026-10-03T08:47:20.8226313Z 
2026-10-03T08:47:20.8226316Z 
2026-10-03T08:47:20.8226386Z NSS-DS-OK
2026-10-03T08:47:20.8226483Z 
2026-10-03T08:47:20.8226486Z 
2026-10-03T08:47:20.8226555Z NTP-OK
2026-10-03T08:47:20.8226642Z 
2026-10-03T08:47:20.8226644Z 
2026-10-03T08:47:20.8226850Z SC-BOND-OK
2026-10-03T08:47:20.8226942Z 
2026-10-03T08:47:20.8226944Z 
2026-10-03T08:47:20.8227009Z SC-BRIDGE-OK
2026-10-03T08:47:20.8227105Z 
2026-10-03T08:47:20.8227107Z 
2026-10-03T08:47:20.8227170Z SC-LOCK-OK
2026-10-03T08:47:20.8227262Z 
2026-10-03T08:47:20.8227264Z 
2026-10-03T08:47:20.8227333Z SC-MULTI-OK
2026-10-03T08:47:20.8227420Z 
2026-10-03T08:47:20.8227422Z 
2026-10-03T08:47:20.8227489Z SC-NETIF-OK
2026-10-03T08:47:20.8227569Z 
2026-10-03T08:47:20.8227572Z 
2026-10-03T08:47:20.8227642Z SC-NETSET-OK
2026-10-03T08:47:20.8227732Z 
2026-10-03T08:47:20.8227734Z 
2026-10-03T08:47:20.8227795Z SC-NETSVC-OK
2026-10-03T08:47:20.8227889Z 
2026-10-03T08:47:20.8227891Z 
2026-10-03T08:47:20.8227952Z SC-NOTIFY-OK
2026-10-03T08:47:20.8228041Z 
2026-10-03T08:47:20.8228043Z 
2026-10-03T08:47:20.8228107Z SC-PATH-OK
2026-10-03T08:47:20.8228200Z 
2026-10-03T08:47:20.8228203Z 
2026-10-03T08:47:20.8228278Z SC-PLINK-OK
2026-10-03T08:47:20.8228429Z 
2026-10-03T08:47:20.8228431Z 
2026-10-03T08:47:20.8228510Z SC-PNOTIFY-OK
2026-10-03T08:47:20.8228606Z 
2026-10-03T08:47:20.8228609Z 
2026-10-03T08:47:20.8228679Z SC-PREFS-OK
2026-10-03T08:47:20.8228761Z 
2026-10-03T08:47:20.8228772Z 
2026-10-03T08:47:20.8228836Z SC-RUNLOOP-OK
2026-10-03T08:47:20.8228926Z 
2026-10-03T08:47:20.8228928Z 
2026-10-03T08:47:20.8228991Z SC-STORE-OK
2026-10-03T08:47:20.8229078Z 
2026-10-03T08:47:20.8229080Z 
2026-10-03T08:47:20.8229142Z SC-VLAN-OK
2026-10-03T08:47:20.8229231Z 
2026-10-03T08:47:20.8229233Z 
2026-10-03T08:47:20.8229312Z SERVICE-LDCONFIG-OK
2026-10-03T08:47:20.8229414Z 
2026-10-03T08:47:20.8229416Z 
2026-10-03T08:47:20.8229489Z SHELLCMD-LEAF-OK
2026-10-03T08:47:20.8229586Z 
2026-10-03T08:47:20.8229589Z 
2026-10-03T08:47:20.8229657Z SUDO-OK
2026-10-03T08:47:20.8229735Z 
2026-10-03T08:47:20.8229738Z 
2026-10-03T08:47:20.8229808Z SYSCMD-LEAF-OK
2026-10-03T08:47:20.8229951Z 
2026-10-03T08:47:20.8229954Z 
2026-10-03T08:47:20.8230040Z SYSLOG-RUN-OK
2026-10-03T08:47:20.8230174Z 
2026-10-03T08:47:20.8230177Z 
2026-10-03T08:47:20.8230277Z SYSLOGD-PROC-OK
2026-10-03T08:47:20.8230419Z 
2026-10-03T08:47:20.8230422Z 
2026-10-03T08:47:20.8230532Z TASK-SPECIAL-PORT-OK
2026-10-03T08:47:20.8230684Z 
2026-10-03T08:47:20.8230688Z 
2026-10-03T08:47:20.8230789Z TEXTCMD-LEAF-OK
2026-10-03T08:47:20.8230927Z 
2026-10-03T08:47:20.8230930Z 
2026-10-03T08:47:20.8231036Z WAITQUIET-OK
2026-10-03T08:47:20.8231166Z 
2026-10-03T08:47:20.8231169Z 
2026-10-03T08:47:20.8231276Z WEDGE-CHECK-SKIP
2026-10-03T08:47:20.8231425Z 
2026-10-03T08:47:20.8231429Z 
2026-10-03T08:47:20.8231525Z ADVCMD-LEAF-OK
2026-10-03T08:47:20.8231667Z 
2026-10-03T08:47:20.8231671Z 
2026-10-03T08:47:20.8231798Z NEXTBSD-TEST-SUMMARY ok=81 fail=0 skip=6
2026-10-03T08:47:20.8232172Z 
2026-10-03T08:47:20.8232176Z 
2026-10-03T08:47:20.8232278Z admin@selftest ~ % 
2026-10-03T08:47:20.8232554Z OK: ACCT-HELPERS
2026-10-03T08:47:20.8232693Z 
2026-10-03T08:47:20.8232801Z OK: ACCT-LIFECYCLE
2026-10-03T08:47:20.8232959Z 
2026-10-03T08:47:20.8233063Z OK: ADVCMD-LEAF
2026-10-03T08:47:20.8233196Z 
2026-10-03T08:47:20.8233300Z OK: ADVCMD-LEAF
2026-10-03T08:47:20.8233447Z 
2026-10-03T08:47:20.8233743Z OK: /usr/tests/freebsd-launchd-mach/run.sh: NEXTBSD-TEST-SUMMARY ok=81 fail=0 skip=6
2026-10-03T08:47:20.8234639Z can't read "expect_out(buffer,string)": no such element in array
2026-10-03T08:47:20.8235185Z     while executing
2026-10-03T08:47:20.8235467Z "set dbgbuf $expect_out(buffer,string)"
2026-10-03T08:47:20.8235800Z     invoked from within
2026-10-03T08:47:20.8236241Z "if {$env(NB_DEBUG) ne ""} {
2026-10-03T08:47:20.8236529Z     set dbgbuf $expect_out(buffer,string)
2026-10-03T08:47:20.8236939Z     puts "\nDBG: remaining buffer [string length $dbgbuf] bytes: [string range $..."
2026-10-03T08:47:20.8237368Z     (file "tests/boot.exp" line 779)
2026-10-03T08:47:20.8300517Z NEXTBSD-TEST-SUMMARY ok=81 fail=0 skip=6
2026-10-03T08:47:20.8302847Z ==> boot-test FAILED rc=1 (arch=amd64 suite=/usr/tests/freebsd-launchd-mach/run.sh)
2026-10-03T08:47:20.8303381Z     serial transcript: tests/boot.log
2026-10-03T08:47:20.8304247Z SELFTEST FAIL: case ok — expected rc 0, got 1
2026-10-03T08:47:20.8304856Z ==> case: fail (suite: /usr/tests/freebsd-launchd-mach/run.sh) — expect rc 1
2026-10-03T08:47:20.8329947Z ==> boot test: tests/fake.img
2026-10-03T08:47:20.8339067Z -rw-r--r-- 1 runner runner 0 Oct  3 08:47 tests/fake.img
2026-10-03T08:47:20.8401821Z ==> using KVM acceleration
2026-10-03T08:47:20.8402219Z ==> amd64: qemu-system-x86_64 -machine q35 | firmware 
2026-10-03T08:47:20.8551820Z spawn tclsh /home/runner/work/nextbsd-ci/nextbsd-ci/selftest/mock-guest.tcl
2026-10-03T08:47:20.8589532Z FreeBSD/amd64 EFI loader, Revision 3.0
2026-10-03T08:47:20.8589783Z 
2026-10-03T08:47:20.8589809Z 
2026-10-03T08:47:20.8589901Z Loading /boot/loader.conf
2026-10-03T08:47:20.8590029Z 
2026-10-03T08:47:20.8590032Z 
2026-10-03T08:47:20.8590194Z Hit [Enter] to boot immediately, or any other key for command prompt.
2026-10-03T08:47:20.8590427Z 
2026-10-03T08:47:20.8590429Z 
2026-10-03T08:47:20.8590498Z OK 
2026-10-03T08:47:20.8590673Z ==> at loader prompt
2026-10-03T08:47:22.0419162Z  set console=comconsole
2026-10-03T08:47:22.0419431Z OK set console=comconsole
2026-10-03T08:47:22.0419573Z 
2026-10-03T08:47:22.0419578Z 
2026-10-03T08:47:23.1044218Z OK set boot_serial=YES
2026-10-03T08:47:23.1044487Z OK set boot_serial=YES
2026-10-03T08:47:23.1044609Z 
2026-10-03T08:47:23.1044621Z 
2026-10-03T08:47:24.4878882Z OK set comconsole_speed=115200
2026-10-03T08:47:24.4879193Z OK set comconsole_speed=115200
2026-10-03T08:47:24.4879333Z 
2026-10-03T08:47:24.4879336Z 
2026-10-03T08:47:25.6707083Z OK set boot_multicons=YES
2026-10-03T08:47:25.6707478Z OK set boot_multicons=YES
2026-10-03T08:47:25.6707652Z 
2026-10-03T08:47:25.6707655Z 
2026-10-03T08:47:26.7734152Z OK set boot_mutemsgs=NO
2026-10-03T08:47:26.7734427Z OK set boot_mutemsgs=NO
2026-10-03T08:47:26.7734544Z 
2026-10-03T08:47:26.7734548Z 
2026-10-03T08:47:27.3547626Z OK boot -v
2026-10-03T08:47:27.3547959Z Booting [/boot/kernel/kernel]
2026-10-03T08:47:27.3548197Z 
2026-10-03T08:47:27.3548203Z 
2026-10-03T08:47:27.3548356Z ---<<BOOT>>---
2026-10-03T08:47:27.3548512Z 
2026-10-03T08:47:27.3548516Z 
2026-10-03T08:47:27.3548669Z Copyright (c) 1992-2025 The FreeBSD Project.
2026-10-03T08:47:27.3548924Z 
2026-10-03T08:47:27.3548928Z 
2026-10-03T08:47:27.3549062Z early-init: sethostname('selftest')
2026-10-03T08:47:27.3549281Z 
2026-10-03T08:47:27.3549285Z 
2026-10-03T08:47:27.3549491Z early-init: opened /dev/klog (kernel.log_open=1; console quiet)
2026-10-03T08:47:27.3549822Z 
2026-10-03T08:47:27.3549825Z 
2026-10-03T08:47:27.3549943Z NextBSD/amd64 (selftest) (console)
2026-10-03T08:47:27.3550164Z 
2026-10-03T08:47:27.3550168Z 
2026-10-03T08:47:27.3550877Z 
2026-10-03T08:47:27.3551460Z OK: BOOT-BANNER-OK — getty shows the synthesized hostname 'selftest'
2026-10-03T08:47:27.6552582Z login:
2026-10-03T08:47:27.6552807Z 
2026-10-03T08:47:27.6552811Z 
2026-10-03T08:47:27.6552816Z 
2026-10-03T08:47:27.6552969Z OK: boot reached the login prompt
2026-10-03T08:47:27.6553305Z admin
2026-10-03T08:47:27.6553543Z Password:
2026-10-03T08:47:27.6553715Z 
2026-10-03T08:47:27.6553721Z 
2026-10-03T08:47:27.6553728Z 
2026-10-03T08:47:27.6553839Z admin@selftest ~ % 
2026-10-03T08:47:27.6554084Z OK: logged in as admin
2026-10-03T08:47:27.6555460Z ==> running on-image suite: /usr/tests/freebsd-launchd-mach/run.sh
2026-10-03T08:47:27.6563957Z r() { if [ "$(id -u)" = 0 ]; then "$@"; else sudo "$@"; fi; }
2026-10-03T08:47:27.6564474Z admin@selftest ~ % r /usr/tests/freebsd-launchd-mach/run.sh
2026-10-03T08:47:27.6564886Z ACCT-HELPERS-OK
2026-10-03T08:47:27.6565032Z 
2026-10-03T08:47:27.6565036Z 
2026-10-03T08:47:27.6565147Z ACCT-LIFECYCLE-OK
2026-10-03T08:47:27.6565296Z 
2026-10-03T08:47:27.6565331Z 
2026-10-03T08:47:27.6565435Z ADVCMD-LEAF-OK
2026-10-03T08:47:27.6565566Z 
2026-10-03T08:47:27.6565569Z 
2026-10-03T08:47:27.6565645Z ASLMANAGER-DEMAND-SKIP
2026-10-03T08:47:27.6565830Z 
2026-10-03T08:47:27.6565833Z 
2026-10-03T08:47:27.6565924Z BOOT-BANNER-SKIP
2026-10-03T08:47:27.6566205Z 
2026-10-03T08:47:27.6566208Z 
2026-10-03T08:47:27.6566696Z BOOTSTRAP-OK
2026-10-03T08:47:27.6566837Z 
2026-10-03T08:47:27.6566841Z 
2026-10-03T08:47:27.6566956Z BOOTSTRAP-REMOTE-OK
2026-10-03T08:47:27.6567096Z 
2026-10-03T08:47:27.6567099Z 
2026-10-03T08:47:27.6567243Z BUSYSTATE-OK
2026-10-03T08:47:27.6567370Z 
2026-10-03T08:47:27.6567373Z 
2026-10-03T08:47:27.6567478Z CONFIGD-LIST-OK
2026-10-03T08:47:27.6567609Z 
2026-10-03T08:47:27.6567612Z 
2026-10-03T08:47:27.6567713Z CONFIGD-MULTI-OK
2026-10-03T08:47:27.6567848Z 
2026-10-03T08:47:27.6567851Z 
2026-10-03T08:47:27.6567950Z CONFIGD-NOTIFY-OK
2026-10-03T08:47:27.6568127Z 
2026-10-03T08:47:27.6568130Z 
2026-10-03T08:47:27.6568238Z CONFIGD-PATTERN-OK
2026-10-03T08:47:27.6568414Z 
2026-10-03T08:47:27.6568418Z 
2026-10-03T08:47:27.6568517Z CONFIGD-STORE-OK
2026-10-03T08:47:27.6568660Z 
2026-10-03T08:47:27.6568664Z 
2026-10-03T08:47:27.6568776Z COREFOUNDATION-OK
2026-10-03T08:47:27.6568921Z 
2026-10-03T08:47:27.6568925Z 
2026-10-03T08:47:27.6569019Z DA-BOOT-OK
2026-10-03T08:47:27.6569138Z 
2026-10-03T08:47:27.6569142Z 
2026-10-03T08:47:27.6569246Z DA-IOKIT-OK
2026-10-03T08:47:27.6569389Z 
2026-10-03T08:47:27.6569393Z 
2026-10-03T08:47:27.6569470Z DAEMON-STATE-OK
2026-10-03T08:47:27.6569585Z 
2026-10-03T08:47:27.6569592Z 
2026-10-03T08:47:27.6569659Z DOMAIN-DIRS-OK
2026-10-03T08:47:27.6569754Z 
2026-10-03T08:47:27.6569756Z 
2026-10-03T08:47:27.6569830Z EVFILT-MACHPORT-SKIP
2026-10-03T08:47:27.6569940Z 
2026-10-03T08:47:27.6569943Z 
2026-10-03T08:47:27.6570025Z EVFILT-MACHPORT-CONCURRENT-OK
2026-10-03T08:47:27.6570160Z 
2026-10-03T08:47:27.6570162Z 
2026-10-03T08:47:27.6570231Z FBSDGLUE-OK
2026-10-03T08:47:27.6570312Z 
2026-10-03T08:47:27.6570315Z 
2026-10-03T08:47:27.6570392Z FILECMD-LEAF-OK
2026-10-03T08:47:27.6570481Z 
2026-10-03T08:47:27.6570483Z 
2026-10-03T08:47:27.6570554Z GETTY-OK
2026-10-03T08:47:27.6570636Z 
2026-10-03T08:47:27.6570644Z 
2026-10-03T08:47:27.6570708Z HOMEDIR-OK
2026-10-03T08:47:27.6570796Z 
2026-10-03T08:47:27.6570799Z 
2026-10-03T08:47:27.6570866Z HOST-BOOTSTRAP-OK
2026-10-03T08:47:27.6570973Z 
2026-10-03T08:47:27.6570979Z 
2026-10-03T08:47:27.6571047Z HOSTNAMED-OK
2026-10-03T08:47:27.6571141Z 
2026-10-03T08:47:27.6571144Z 
2026-10-03T08:47:27.6571234Z HOSTNAMED-BONJOUR-RENAME-SKIP
2026-10-03T08:47:27.6571361Z 
2026-10-03T08:47:27.6571363Z 
2026-10-03T08:47:27.6571437Z HOSTNAMED-DHCP-OK
2026-10-03T08:47:27.6571527Z 
2026-10-03T08:47:27.6571530Z 
2026-10-03T08:47:27.6571608Z HOSTNAMED-MDNS-SKIP
2026-10-03T08:47:27.6571705Z 
2026-10-03T08:47:27.6571716Z 
2026-10-03T08:47:27.6571787Z HOSTNAMED-PREFS-OK
2026-10-03T08:47:27.6571895Z 
2026-10-03T08:47:27.6571898Z 
2026-10-03T08:47:27.6571965Z IPCFG-ARP-OK
2026-10-03T08:47:27.6572061Z 
2026-10-03T08:47:27.6572208Z 
2026-10-03T08:47:27.6572275Z IPCFG-BOOT-OK
2026-10-03T08:47:27.6572375Z 
2026-10-03T08:47:27.6572377Z 
2026-10-03T08:47:27.6572451Z IPCFG-BOUND-OK
2026-10-03T08:47:27.6572566Z 
2026-10-03T08:47:27.6572568Z 
2026-10-03T08:47:27.6572641Z IPCFG-DHCP-OK
2026-10-03T08:47:27.6572724Z 
2026-10-03T08:47:27.6572727Z 
2026-10-03T08:47:27.6572808Z IPCFG-IPCONFIG-OK
2026-10-03T08:47:27.6572901Z 
2026-10-03T08:47:27.6572912Z 
2026-10-03T08:47:27.6572976Z IPCFG-RA-OK
2026-10-03T08:47:27.6573064Z 
2026-10-03T08:47:27.6573067Z 
2026-10-03T08:47:27.6573130Z IPCFG-RENEW-OK
2026-10-03T08:47:27.6573226Z 
2026-10-03T08:47:27.6573229Z 
2026-10-03T08:47:27.6573293Z IPCFG-RPC-OK
2026-10-03T08:47:27.6573389Z 
2026-10-03T08:47:27.6573391Z 
2026-10-03T08:47:27.6573507Z IPCFG-STORE-OK
2026-10-03T08:47:27.6573634Z 
2026-10-03T08:47:27.6573637Z 
2026-10-03T08:47:27.6573733Z KEM-LINK-OK
2026-10-03T08:47:27.6573849Z 
2026-10-03T08:47:27.6573852Z 
2026-10-03T08:47:27.6573949Z LAUNCHCTL-BUILD-OK
2026-10-03T08:47:27.6574082Z 
2026-10-03T08:47:27.6574085Z 
2026-10-03T08:47:27.6574192Z LAUNCHCTL-LIST-OK
2026-10-03T08:47:27.6574336Z 
2026-10-03T08:47:27.6574340Z 
2026-10-03T08:47:27.6574428Z LAUNCHD-BUILD-OK
2026-10-03T08:47:27.6574571Z 
2026-10-03T08:47:27.6574574Z 
2026-10-03T08:47:27.6574663Z LIBDISPATCH-OK
2026-10-03T08:47:27.6574794Z 
2026-10-03T08:47:27.6574798Z 
2026-10-03T08:47:27.6575098Z LIBDISPATCH-MACH-OK
2026-10-03T08:47:27.6575199Z 
2026-10-03T08:47:27.6575201Z 
2026-10-03T08:47:27.6575270Z LIBDS-OK
2026-10-03T08:47:27.6575349Z 
2026-10-03T08:47:27.6575351Z 
2026-10-03T08:47:27.6575428Z LIBSYSTEM-KERNEL-OK
2026-10-03T08:47:27.6575522Z 
2026-10-03T08:47:27.6575524Z 
2026-10-03T08:47:27.6575597Z LIBXPC-OK
2026-10-03T08:47:27.6575688Z 
2026-10-03T08:47:27.6575690Z 
2026-10-03T08:47:27.6575752Z LINUX-MOUNTS-OK
2026-10-03T08:47:27.6575849Z 
2026-10-03T08:47:27.6575851Z 
2026-10-03T08:47:27.6575916Z MACH-PORT-OK
2026-10-03T08:47:27.6576009Z 
2026-10-03T08:47:27.6576011Z 
2026-10-03T08:47:27.6576241Z MACH-SMOKE-OK
2026-10-03T08:47:27.6576337Z 
2026-10-03T08:47:27.6576340Z 
2026-10-03T08:47:27.6576416Z MDNS-BOOT-OK
2026-10-03T08:47:27.6576508Z 
2026-10-03T08:47:27.6576510Z 
2026-10-03T08:47:27.6576582Z MDNS-DNSSD-OK
2026-10-03T08:47:27.6576995Z 
2026-10-03T08:47:27.6576998Z 
2026-10-03T08:47:27.6596337Z MDNS-ENGINE-OK
2026-10-03T08:47:27.6596564Z 
2026-10-03T08:47:27.6596568Z 
2026-10-03T08:47:27.6596692Z MDNS-IFWATCH-OK
2026-10-03T08:47:27.6596846Z 
2026-10-03T08:47:27.6596850Z 
2026-10-03T08:47:27.6596960Z MDNS-STATIC-OK
2026-10-03T08:47:27.6597108Z 
2026-10-03T08:47:27.6597112Z 
2026-10-03T08:47:27.6597221Z MIG-BUILD-OK
2026-10-03T08:47:27.6597361Z 
2026-10-03T08:47:27.6597365Z 
2026-10-03T08:47:27.6597454Z NFS-OK
2026-10-03T08:47:27.6597580Z 
2026-10-03T08:47:27.6597584Z 
2026-10-03T08:47:27.6597684Z NOTIFYD-PROC-OK
2026-10-03T08:47:27.6597841Z 
2026-10-03T08:47:27.6597846Z 
2026-10-03T08:47:27.6597927Z NSS-DS-OK
2026-10-03T08:47:27.6598019Z 
2026-10-03T08:47:27.6598022Z 
2026-10-03T08:47:27.6598085Z NTP-OK
2026-10-03T08:47:27.6598172Z 
2026-10-03T08:47:27.6598175Z 
2026-10-03T08:47:27.6598245Z SC-BOND-OK
2026-10-03T08:47:27.6598331Z 
2026-10-03T08:47:27.6598333Z 
2026-10-03T08:47:27.6598405Z SC-BRIDGE-OK
2026-10-03T08:47:27.6598493Z 
2026-10-03T08:47:27.6598496Z 
2026-10-03T08:47:27.6598568Z SC-LOCK-OK
2026-10-03T08:47:27.6598654Z 
2026-10-03T08:47:27.6598657Z 
2026-10-03T08:47:27.6598723Z SC-MULTI-OK
2026-10-03T08:47:27.6598815Z 
2026-10-03T08:47:27.6598818Z 
2026-10-03T08:47:27.6598939Z SC-NETIF-OK
2026-10-03T08:47:27.6599066Z 
2026-10-03T08:47:27.6599070Z 
2026-10-03T08:47:27.6599160Z SC-NETSET-OK
2026-10-03T08:47:27.6599294Z 
2026-10-03T08:47:27.6599298Z 
2026-10-03T08:47:27.6599403Z SC-NETSVC-OK
2026-10-03T08:47:27.6599540Z 
2026-10-03T08:47:27.6599544Z 
2026-10-03T08:47:27.6599648Z SC-NOTIFY-OK
2026-10-03T08:47:27.6599779Z 
2026-10-03T08:47:27.6599783Z 
2026-10-03T08:47:27.6599889Z SC-PATH-OK
2026-10-03T08:47:27.6600025Z 
2026-10-03T08:47:27.6600029Z 
2026-10-03T08:47:27.6600122Z SC-PLINK-OK
2026-10-03T08:47:27.6600259Z 
2026-10-03T08:47:27.6600438Z 
2026-10-03T08:47:27.6600534Z SC-PNOTIFY-OK
2026-10-03T08:47:27.6600685Z 
2026-10-03T08:47:27.6600688Z 
2026-10-03T08:47:27.6600784Z SC-PREFS-OK
2026-10-03T08:47:27.6600976Z 
2026-10-03T08:47:27.6600980Z 
2026-10-03T08:47:27.6601123Z SC-RUNLOOP-OK
2026-10-03T08:47:27.6601257Z 
2026-10-03T08:47:27.6601260Z 
2026-10-03T08:47:27.6601368Z SC-STORE-OK
2026-10-03T08:47:27.6601495Z 
2026-10-03T08:47:27.6601499Z 
2026-10-03T08:47:27.6601598Z SC-VLAN-OK
2026-10-03T08:47:27.6601730Z 
2026-10-03T08:47:27.6601733Z 
2026-10-03T08:47:27.6601839Z SERVICE-LDCONFIG-OK
2026-10-03T08:47:27.6601994Z 
2026-10-03T08:47:27.6601998Z 
2026-10-03T08:47:27.6602093Z SHELLCMD-LEAF-OK
2026-10-03T08:47:27.6602247Z 
2026-10-03T08:47:27.6602251Z 
2026-10-03T08:47:27.6602340Z SUDO-OK
2026-10-03T08:47:27.6602473Z 
2026-10-03T08:47:27.6602477Z 
2026-10-03T08:47:27.6602583Z SYSCMD-LEAF-OK
2026-10-03T08:47:27.6602723Z 
2026-10-03T08:47:27.6602727Z 
2026-10-03T08:47:27.6602832Z SYSLOG-RUN-OK
2026-10-03T08:47:27.6602972Z 
2026-10-03T08:47:27.6602975Z 
2026-10-03T08:47:27.6603083Z SYSLOGD-PROC-OK
2026-10-03T08:47:27.6603235Z 
2026-10-03T08:47:27.6603239Z 
2026-10-03T08:47:27.6603346Z TASK-SPECIAL-PORT-OK
2026-10-03T08:47:27.6603514Z 
2026-10-03T08:47:27.6603518Z 
2026-10-03T08:47:27.6603614Z TEXTCMD-LEAF-OK
2026-10-03T08:47:27.6603768Z 
2026-10-03T08:47:27.6603771Z 
2026-10-03T08:47:27.6604011Z WAITQUIET-OK
2026-10-03T08:47:27.6604150Z 
2026-10-03T08:47:27.6604153Z 
2026-10-03T08:47:27.6604254Z WEDGE-CHECK-SKIP
2026-10-03T08:47:27.6604400Z 
2026-10-03T08:47:27.6604404Z 
2026-10-03T08:47:27.6604509Z ADVCMD-LEAF-FAIL
2026-10-03T08:47:27.6604651Z 
2026-10-03T08:47:27.6604654Z 
2026-10-03T08:47:27.6604796Z NEXTBSD-TEST-SUMMARY ok=80 fail=1 skip=6
2026-10-03T08:47:27.6605038Z 
2026-10-03T08:47:27.6605042Z 
2026-10-03T08:47:27.6605142Z admin@selftest ~ % 
2026-10-03T08:47:27.6605390Z OK: ACCT-HELPERS
2026-10-03T08:47:27.6605536Z 
2026-10-03T08:47:27.6605622Z OK: ACCT-LIFECYCLE
2026-10-03T08:47:27.6605770Z 
2026-10-03T08:47:27.6606546Z FAIL: ADVCMD-LEAF — pending T3 audit; live arms: monolith t=fail/f=fail/s=continue
2026-10-03T08:47:27.6640153Z NEXTBSD-TEST-SUMMARY ok=80 fail=1 skip=6
2026-10-03T08:47:27.6641202Z ==> boot-test FAILED rc=1 (arch=amd64 suite=/usr/tests/freebsd-launchd-mach/run.sh)
2026-10-03T08:47:27.6641563Z     serial transcript: tests/boot.log
2026-10-03T08:47:27.6642594Z SELFTEST OK:   case fail (rc=1)
2026-10-03T08:47:27.6643137Z ==> case: nosummary (suite: /usr/tests/freebsd-launchd-mach/run.sh) — expect rc 2
2026-10-03T08:47:27.6669453Z ==> boot test: tests/fake.img
2026-10-03T08:47:27.6679031Z -rw-r--r-- 1 runner runner 0 Oct  3 08:47 tests/fake.img
2026-10-03T08:47:27.6744640Z ==> using KVM acceleration
2026-10-03T08:47:27.6745027Z ==> amd64: qemu-system-x86_64 -machine q35 | firmware 
2026-10-03T08:47:27.6895131Z spawn tclsh /home/runner/work/nextbsd-ci/nextbsd-ci/selftest/mock-guest.tcl
2026-10-03T08:47:27.6933701Z FreeBSD/amd64 EFI loader, Revision 3.0
2026-10-03T08:47:27.6933942Z 
2026-10-03T08:47:27.6933980Z 
2026-10-03T08:47:27.6934070Z Loading /boot/loader.conf
2026-10-03T08:47:27.6934195Z 
2026-10-03T08:47:27.6934199Z 
2026-10-03T08:47:27.6934355Z Hit [Enter] to boot immediately, or any other key for command prompt.
2026-10-03T08:47:27.6934568Z 
2026-10-03T08:47:27.6934580Z 
2026-10-03T08:47:27.6934651Z OK 
2026-10-03T08:47:27.6934802Z ==> at loader prompt
2026-10-03T08:47:28.8764820Z  set console=comconsole
2026-10-03T08:47:28.8765089Z OK set console=comconsole
2026-10-03T08:47:28.8765227Z 
2026-10-03T08:47:28.8765230Z 
2026-10-03T08:47:29.9394771Z OK set boot_serial=YES
2026-10-03T08:47:29.9395102Z OK set boot_serial=YES
2026-10-03T08:47:29.9395237Z 
2026-10-03T08:47:29.9395243Z 
2026-10-03T08:47:31.3233960Z OK set comconsole_speed=115200
2026-10-03T08:47:31.3234366Z OK set comconsole_speed=115200
2026-10-03T08:47:31.3234504Z 
2026-10-03T08:47:32.5067041Z 
2026-10-03T08:47:32.5067552Z OK set boot_multicons=YES
2026-10-03T08:47:32.5067932Z OK set boot_multicons=YES
2026-10-03T08:47:32.5068068Z 
2026-10-03T08:47:32.5068446Z 
2026-10-03T08:47:33.6102085Z OK set boot_mutemsgs=NO
2026-10-03T08:47:33.6102462Z OK set boot_mutemsgs=NO
2026-10-03T08:47:33.6102639Z 
2026-10-03T08:47:33.6102661Z 
2026-10-03T08:47:34.1918422Z OK boot -v
2026-10-03T08:47:34.1918716Z Booting [/boot/kernel/kernel]
2026-10-03T08:47:34.1918953Z 
2026-10-03T08:47:34.1918958Z 
2026-10-03T08:47:34.1919097Z ---<<BOOT>>---
2026-10-03T08:47:34.1919236Z 
2026-10-03T08:47:34.1919239Z 
2026-10-03T08:47:34.1919377Z Copyright (c) 1992-2025 The FreeBSD Project.
2026-10-03T08:47:34.1919605Z 
2026-10-03T08:47:34.1919609Z 
2026-10-03T08:47:34.1919740Z early-init: sethostname('selftest')
2026-10-03T08:47:34.1919934Z 
2026-10-03T08:47:34.1919937Z 
2026-10-03T08:47:34.1920142Z early-init: opened /dev/klog (kernel.log_open=1; console quiet)
2026-10-03T08:47:34.1920449Z 
2026-10-03T08:47:34.1920453Z 
2026-10-03T08:47:34.1920783Z NextBSD/amd64 (selftest) (console)
2026-10-03T08:47:34.1921060Z 
2026-10-03T08:47:34.1921192Z 
2026-10-03T08:47:34.1921305Z 
2026-10-03T08:47:34.1921877Z OK: BOOT-BANNER-OK — getty shows the synthesized hostname 'selftest'
2026-10-03T08:47:34.4922974Z login:
2026-10-03T08:47:34.4923208Z 
2026-10-03T08:47:34.4923213Z 
2026-10-03T08:47:34.4923227Z 
2026-10-03T08:47:34.4923358Z OK: boot reached the login prompt
2026-10-03T08:47:34.4923862Z admin
2026-10-03T08:47:34.4924119Z Password:
2026-10-03T08:47:34.4924758Z 
2026-10-03T08:47:34.4924812Z 
2026-10-03T08:47:34.4924948Z 
2026-10-03T08:47:34.4925179Z admin@selftest ~ % 
2026-10-03T08:47:34.4925463Z OK: logged in as admin
2026-10-03T08:47:34.4926380Z ==> running on-image suite: /usr/tests/freebsd-launchd-mach/run.sh
2026-10-03T08:47:34.4938163Z r() { if [ "$(id -u)" = 0 ]; then "$@"; else sudo "$@"; fi; }
2026-10-03T08:47:34.4939985Z admin@selftest ~ % r /usr/tests/freebsd-launchd-mach/run.sh
2026-10-03T08:47:34.4940641Z ACCT-HELPERS-OK
2026-10-03T08:47:34.4940802Z 
2026-10-03T08:47:34.4940807Z 
2026-10-03T08:47:34.4940912Z ACCT-LIFECYCLE-OK
2026-10-03T08:47:34.4941075Z 
2026-10-03T08:47:34.4941102Z 
2026-10-03T08:47:34.4941204Z ADVCMD-LEAF-OK
2026-10-03T08:47:34.4941354Z 
2026-10-03T08:47:34.4941358Z 
2026-10-03T08:47:34.4941479Z ASLMANAGER-DEMAND-SKIP
2026-10-03T08:47:34.4941651Z 
2026-10-03T08:47:34.4941655Z 
2026-10-03T08:47:34.4941768Z BOOT-BANNER-SKIP
2026-10-03T08:47:34.4941910Z 
2026-10-03T08:47:34.4941914Z 
2026-10-03T08:47:34.4942013Z BOOTSTRAP-OK
2026-10-03T08:47:34.4942147Z 
2026-10-03T08:47:34.4942151Z 
2026-10-03T08:47:34.4942251Z BOOTSTRAP-REMOTE-OK
2026-10-03T08:47:34.4942384Z 
2026-10-03T08:47:34.4942387Z 
2026-10-03T08:47:34.4942468Z BUSYSTATE-OK
2026-10-03T08:47:34.4942584Z 
2026-10-03T08:47:34.4942588Z 
2026-10-03T08:47:34.4942669Z CONFIGD-LIST-OK
2026-10-03T08:47:34.4942797Z 
2026-10-03T08:47:34.4942801Z 
2026-10-03T08:47:34.4942890Z CONFIGD-MULTI-OK
2026-10-03T08:47:34.4943016Z 
2026-10-03T08:47:34.4943020Z 
2026-10-03T08:47:34.4943112Z CONFIGD-NOTIFY-OK
2026-10-03T08:47:34.4943231Z 
2026-10-03T08:47:34.4943234Z 
2026-10-03T08:47:34.4943330Z CONFIGD-PATTERN-OK
2026-10-03T08:47:34.4943462Z 
2026-10-03T08:47:34.4943465Z 
2026-10-03T08:47:34.4943558Z CONFIGD-STORE-OK
2026-10-03T08:47:34.4943681Z 
2026-10-03T08:47:34.4943684Z 
2026-10-03T08:47:34.4943769Z COREFOUNDATION-OK
2026-10-03T08:47:34.4943896Z 
2026-10-03T08:47:34.4943899Z 
2026-10-03T08:47:34.4943978Z DA-BOOT-OK
2026-10-03T08:47:34.4944090Z 
2026-10-03T08:47:34.4944093Z 
2026-10-03T08:47:34.4944180Z DA-IOKIT-OK
2026-10-03T08:47:34.4944316Z 
2026-10-03T08:47:34.4944320Z 
2026-10-03T08:47:34.4944424Z DAEMON-STATE-OK
2026-10-03T08:47:34.4944561Z 
2026-10-03T08:47:34.4944564Z 
2026-10-03T08:47:34.4944669Z DOMAIN-DIRS-OK
2026-10-03T08:47:34.4944804Z 
2026-10-03T08:47:34.4944807Z 
2026-10-03T08:47:34.4944919Z EVFILT-MACHPORT-SKIP
2026-10-03T08:47:34.4945088Z 
2026-10-03T08:47:34.4945091Z 
2026-10-03T08:47:34.4945217Z EVFILT-MACHPORT-CONCURRENT-OK
2026-10-03T08:47:34.4945421Z 
2026-10-03T08:47:34.4945425Z 
2026-10-03T08:47:34.4945515Z FBSDGLUE-OK
2026-10-03T08:47:34.4945647Z 
2026-10-03T08:47:34.4945651Z 
2026-10-03T08:47:34.4945982Z FILECMD-LEAF-OK
2026-10-03T08:47:34.4946362Z 
2026-10-03T08:47:34.4946366Z 
2026-10-03T08:47:34.4946464Z GETTY-OK
2026-10-03T08:47:34.4946582Z 
2026-10-03T08:47:34.4946585Z 
2026-10-03T08:47:34.4946687Z HOMEDIR-OK
2026-10-03T08:47:34.4946813Z 
2026-10-03T08:47:34.4946816Z 
2026-10-03T08:47:34.4946923Z HOST-BOOTSTRAP-OK
2026-10-03T08:47:34.4947076Z 
2026-10-03T08:47:34.4947086Z 
2026-10-03T08:47:34.4947180Z HOSTNAMED-OK
2026-10-03T08:47:34.4947320Z 
2026-10-03T08:47:34.4947324Z 
2026-10-03T08:47:34.4947443Z HOSTNAMED-BONJOUR-RENAME-SKIP
2026-10-03T08:47:34.4947645Z 
2026-10-03T08:47:34.4947648Z 
2026-10-03T08:47:34.4947712Z HOSTNAMED-DHCP-OK
2026-10-03T08:47:34.4947814Z 
2026-10-03T08:47:34.4947817Z 
2026-10-03T08:47:34.4947895Z HOSTNAMED-MDNS-SKIP
2026-10-03T08:47:34.4947993Z 
2026-10-03T08:47:34.4947996Z 
2026-10-03T08:47:34.4948075Z HOSTNAMED-PREFS-OK
2026-10-03T08:47:34.4948185Z 
2026-10-03T08:47:34.4948187Z 
2026-10-03T08:47:34.4948262Z IPCFG-ARP-OK
2026-10-03T08:47:34.4948360Z 
2026-10-03T08:47:34.4948368Z 
2026-10-03T08:47:34.4948436Z IPCFG-BOOT-OK
2026-10-03T08:47:34.4948534Z 
2026-10-03T08:47:34.4948537Z 
2026-10-03T08:47:34.4948601Z IPCFG-BOUND-OK
2026-10-03T08:47:34.4948699Z 
2026-10-03T08:47:34.4948701Z 
2026-10-03T08:47:34.4948767Z IPCFG-DHCP-OK
2026-10-03T08:47:34.4948861Z 
2026-10-03T08:47:34.4948864Z 
2026-10-03T08:47:34.4948942Z IPCFG-IPCONFIG-OK
2026-10-03T08:47:34.4949158Z 
2026-10-03T08:47:34.4949161Z 
2026-10-03T08:47:34.4949237Z IPCFG-RA-OK
2026-10-03T08:47:34.4949322Z 
2026-10-03T08:47:34.4949324Z 
2026-10-03T08:47:34.4949395Z IPCFG-RENEW-OK
2026-10-03T08:47:34.4949488Z 
2026-10-03T08:47:34.4949491Z 
2026-10-03T08:47:34.4949556Z IPCFG-RPC-OK
2026-10-03T08:47:34.4949646Z 
2026-10-03T08:47:34.4949648Z 
2026-10-03T08:47:34.4949712Z IPCFG-STORE-OK
2026-10-03T08:47:34.4949805Z 
2026-10-03T08:47:34.4949808Z 
2026-10-03T08:47:34.4949872Z KEM-LINK-OK
2026-10-03T08:47:34.4949966Z 
2026-10-03T08:47:34.4949968Z 
2026-10-03T08:47:34.4950046Z LAUNCHCTL-BUILD-OK
2026-10-03T08:47:34.4950142Z 
2026-10-03T08:47:34.4950150Z 
2026-10-03T08:47:34.4950225Z LAUNCHCTL-LIST-OK
2026-10-03T08:47:34.4950319Z 
2026-10-03T08:47:34.4950322Z 
2026-10-03T08:47:34.4950403Z LAUNCHD-BUILD-OK
2026-10-03T08:47:34.4950507Z 
2026-10-03T08:47:34.4950519Z 
2026-10-03T08:47:34.4950594Z LIBDISPATCH-OK
2026-10-03T08:47:34.4950693Z 
2026-10-03T08:47:34.4950696Z 
2026-10-03T08:47:34.4950770Z LIBDISPATCH-MACH-OK
2026-10-03T08:47:34.4950877Z 
2026-10-03T08:47:34.4950880Z 
2026-10-03T08:47:34.4950942Z LIBDS-OK
2026-10-03T08:47:34.4951030Z 
2026-10-03T08:47:34.4951032Z 
2026-10-03T08:47:34.4951107Z LIBSYSTEM-KERNEL-OK
2026-10-03T08:47:34.4951203Z 
2026-10-03T08:47:34.4951205Z 
2026-10-03T08:47:34.4951275Z LIBXPC-OK
2026-10-03T08:47:34.4951357Z 
2026-10-03T08:47:34.4951359Z 
2026-10-03T08:47:34.4951429Z LINUX-MOUNTS-OK
2026-10-03T08:47:34.4951521Z 
2026-10-03T08:47:34.4951533Z 
2026-10-03T08:47:34.4951600Z MACH-PORT-OK
2026-10-03T08:47:34.4951696Z 
2026-10-03T08:47:34.4951698Z 
2026-10-03T08:47:34.4951761Z MACH-SMOKE-OK
2026-10-03T08:47:34.4951867Z 
2026-10-03T08:47:34.4951869Z 
2026-10-03T08:47:34.4951931Z MDNS-BOOT-OK
2026-10-03T08:47:34.4952020Z 
2026-10-03T08:47:34.4952023Z 
2026-10-03T08:47:34.4952090Z MDNS-DNSSD-OK
2026-10-03T08:47:34.4952171Z 
2026-10-03T08:47:34.4952174Z 
2026-10-03T08:47:34.4952244Z MDNS-ENGINE-OK
2026-10-03T08:47:34.4952330Z 
2026-10-03T08:47:34.4952332Z 
2026-10-03T08:47:34.4952408Z MDNS-IFWATCH-OK
2026-10-03T08:47:34.4952499Z 
2026-10-03T08:47:34.4952501Z 
2026-10-03T08:47:34.4952571Z MDNS-STATIC-OK
2026-10-03T08:47:34.4952664Z 
2026-10-03T08:47:34.4952666Z 
2026-10-03T08:47:34.4952728Z MIG-BUILD-OK
2026-10-03T08:47:34.4952819Z 
2026-10-03T08:47:34.4952822Z 
2026-10-03T08:47:34.4952885Z NFS-OK
2026-10-03T08:47:34.4952976Z 
2026-10-03T08:47:34.4952979Z 
2026-10-03T08:47:34.4953051Z NOTIFYD-PROC-OK
2026-10-03T08:47:34.4953143Z 
2026-10-03T08:47:34.4953146Z 
2026-10-03T08:47:34.4953216Z NSS-DS-OK
2026-10-03T08:47:34.4953296Z 
2026-10-03T08:47:34.4953298Z 
2026-10-03T08:47:34.4953364Z NTP-OK
2026-10-03T08:47:34.4953440Z 
2026-10-03T08:47:34.4953546Z 
2026-10-03T08:47:34.4953618Z SC-BOND-OK
2026-10-03T08:47:34.4953711Z 
2026-10-03T08:47:34.4953713Z 
2026-10-03T08:47:34.4953782Z SC-BRIDGE-OK
2026-10-03T08:47:34.4953881Z 
2026-10-03T08:47:34.4953883Z 
2026-10-03T08:47:34.4953950Z SC-LOCK-OK
2026-10-03T08:47:34.4954041Z 
2026-10-03T08:47:34.4954044Z 
2026-10-03T08:47:34.4954106Z SC-MULTI-OK
2026-10-03T08:47:34.4954201Z 
2026-10-03T08:47:34.4954203Z 
2026-10-03T08:47:34.4954270Z SC-NETIF-OK
2026-10-03T08:47:34.4954348Z 
2026-10-03T08:47:34.4954351Z 
2026-10-03T08:47:34.4954422Z SC-NETSET-OK
2026-10-03T08:47:34.4954517Z 
2026-10-03T08:47:34.4954519Z 
2026-10-03T08:47:34.4954580Z SC-NETSVC-OK
2026-10-03T08:47:34.4954668Z 
2026-10-03T08:47:34.4954670Z 
2026-10-03T08:47:34.4954738Z SC-NOTIFY-OK
2026-10-03T08:47:34.4954819Z 
2026-10-03T08:47:34.4954822Z 
2026-10-03T08:47:34.4954890Z SC-PATH-OK
2026-10-03T08:47:34.4954971Z 
2026-10-03T08:47:34.4954974Z 
2026-10-03T08:47:34.4955045Z SC-PLINK-OK
2026-10-03T08:47:34.4955123Z 
2026-10-03T08:47:34.4955132Z 
2026-10-03T08:47:34.4955202Z SC-PNOTIFY-OK
2026-10-03T08:47:34.4955299Z 
2026-10-03T08:47:34.4955302Z 
2026-10-03T08:47:34.4955363Z SC-PREFS-OK
2026-10-03T08:47:34.4955450Z 
2026-10-03T08:47:34.4955453Z 
2026-10-03T08:47:34.4955516Z SC-RUNLOOP-OK
2026-10-03T08:47:34.4955612Z 
2026-10-03T08:47:34.4955615Z 
2026-10-03T08:47:34.4955683Z SC-STORE-OK
2026-10-03T08:47:34.4955839Z 
2026-10-03T08:47:34.4955842Z 
2026-10-03T08:47:34.4955910Z SC-VLAN-OK
2026-10-03T08:47:34.4955990Z 
2026-10-03T08:47:34.4955992Z 
2026-10-03T08:47:34.4956234Z SERVICE-LDCONFIG-OK
2026-10-03T08:47:34.4956386Z 
2026-10-03T08:47:34.4956390Z 
2026-10-03T08:47:34.4956497Z SHELLCMD-LEAF-OK
2026-10-03T08:47:34.4956649Z 
2026-10-03T08:47:34.4956653Z 
2026-10-03T08:47:34.4956739Z SUDO-OK
2026-10-03T08:47:34.4956864Z 
2026-10-03T08:47:34.4956867Z 
2026-10-03T08:47:34.4956964Z SYSCMD-LEAF-OK
2026-10-03T08:47:34.4957118Z 
2026-10-03T08:47:34.4957121Z 
2026-10-03T08:47:34.4957233Z SYSLOG-RUN-OK
2026-10-03T08:47:34.4957324Z 
2026-10-03T08:47:34.4957333Z 
2026-10-03T08:47:34.4957407Z SYSLOGD-PROC-OK
2026-10-03T08:47:34.4957515Z 
2026-10-03T08:47:34.4957517Z 
2026-10-03T08:47:34.4957599Z TASK-SPECIAL-PORT-OK
2026-10-03T08:47:34.4957717Z 
2026-10-03T08:47:34.4957720Z 
2026-10-03T08:47:34.4957796Z TEXTCMD-LEAF-OK
2026-10-03T08:47:34.4957894Z 
2026-10-03T08:47:34.4957896Z 
2026-10-03T08:47:34.4957967Z WAITQUIET-OK
2026-10-03T08:47:34.4958060Z 
2026-10-03T08:47:34.4958062Z 
2026-10-03T08:47:34.4958132Z WEDGE-CHECK-SKIP
2026-10-03T08:47:34.4958231Z 
2026-10-03T08:47:34.4958234Z 
2026-10-03T08:47:34.4958297Z ADVCMD-LEAF-OK
2026-10-03T08:47:34.4958391Z 
2026-10-03T08:47:34.4958394Z 
2026-10-03T08:47:34.4958469Z admin@selftest ~ % 
2026-10-03T08:47:34.4958635Z OK: ACCT-HELPERS
2026-10-03T08:47:34.4958722Z 
2026-10-03T08:47:34.4958801Z OK: ACCT-LIFECYCLE
2026-10-03T08:47:34.4958904Z 
2026-10-03T08:47:34.4958973Z OK: ADVCMD-LEAF
2026-10-03T08:47:34.4959063Z 
2026-10-03T08:47:34.4959125Z OK: ADVCMD-LEAF
2026-10-03T08:47:54.4944287Z 
2026-10-03T08:47:54.4945504Z FAIL: /usr/tests/freebsd-launchd-mach/run.sh printed no NEXTBSD-TEST-SUMMARY within the 20s budget (no sentinel — the suite hung or died)
2026-10-03T08:47:54.4974568Z no NEXTBSD-TEST-SUMMARY in tests/boot.log
2026-10-03T08:47:54.4975490Z ==> boot-test FAILED rc=2 (arch=amd64 suite=/usr/tests/freebsd-launchd-mach/run.sh)
2026-10-03T08:47:54.4975887Z     serial transcript: tests/boot.log
2026-10-03T08:47:54.4977325Z SELFTEST OK:   case nosummary (rc=2)
2026-10-03T08:47:54.4977978Z ==> case: deadend (suite: /usr/tests/freebsd-launchd-mach/run.sh) — expect rc 2
2026-10-03T08:47:54.5005455Z ==> boot test: tests/fake.img
2026-10-03T08:47:54.5014669Z -rw-r--r-- 1 runner runner 0 Oct  3 08:47 tests/fake.img
2026-10-03T08:47:54.5079076Z ==> using KVM acceleration
2026-10-03T08:47:54.5079452Z ==> amd64: qemu-system-x86_64 -machine q35 | firmware 
2026-10-03T08:47:54.5230088Z spawn tclsh /home/runner/work/nextbsd-ci/nextbsd-ci/selftest/mock-guest.tcl
2026-10-03T08:47:54.5268292Z FreeBSD/amd64 EFI loader, Revision 3.0
2026-10-03T08:47:54.5268760Z 
2026-10-03T08:47:54.5268763Z 
2026-10-03T08:47:54.5268848Z Loading /boot/loader.conf
2026-10-03T08:47:54.5268984Z 
2026-10-03T08:47:54.5268986Z 
2026-10-03T08:47:54.5269152Z Hit [Enter] to boot immediately, or any other key for command prompt.
2026-10-03T08:47:54.5269368Z 
2026-10-03T08:47:54.5269372Z 
2026-10-03T08:47:54.5269450Z OK 
2026-10-03T08:47:54.5269617Z ==> at loader prompt
2026-10-03T08:47:55.7097711Z  set console=comconsole
2026-10-03T08:47:55.7098057Z OK set console=comconsole
2026-10-03T08:47:55.7098238Z 
2026-10-03T08:47:55.7098242Z 
2026-10-03T08:47:56.7725187Z OK set boot_serial=YES
2026-10-03T08:47:56.7725460Z OK set boot_serial=YES
2026-10-03T08:47:56.7725596Z 
2026-10-03T08:47:56.7725600Z 
2026-10-03T08:47:58.1562253Z OK set comconsole_speed=115200
2026-10-03T08:47:58.1562571Z OK set comconsole_speed=115200
2026-10-03T08:47:58.1562710Z 
2026-10-03T08:47:58.1562714Z 
2026-10-03T08:47:59.3392388Z OK set boot_multicons=YES
2026-10-03T08:47:59.3392665Z OK set boot_multicons=YES
2026-10-03T08:47:59.3392836Z 
2026-10-03T08:47:59.3392840Z 
2026-10-03T08:48:00.4418863Z OK set boot_mutemsgs=NO
2026-10-03T08:48:00.4419140Z OK set boot_mutemsgs=NO
2026-10-03T08:48:00.4419260Z 
2026-10-03T08:48:00.4419264Z 
2026-10-03T08:48:01.0232509Z OK boot -v
2026-10-03T08:48:01.0232831Z Booting [/boot/kernel/kernel]
2026-10-03T08:48:01.0233419Z 
2026-10-03T08:48:01.0233426Z 
2026-10-03T08:48:01.0233527Z ---<<BOOT>>---
2026-10-03T08:48:01.0234292Z 
2026-10-03T08:48:01.0234410Z 
2026-10-03T08:48:01.0234566Z Copyright (c) 1992-2025 The FreeBSD Project.
2026-10-03T08:48:01.0234809Z 
2026-10-03T08:48:01.0234813Z 
2026-10-03T08:48:01.0234950Z early-init: sethostname('selftest')
2026-10-03T08:48:01.0235167Z 
2026-10-03T08:48:01.0235172Z 
2026-10-03T08:48:01.0235365Z early-init: opened /dev/klog (kernel.log_open=1; console quiet)
2026-10-03T08:48:01.0235684Z 
2026-10-03T08:48:01.0235696Z 
2026-10-03T08:48:01.0235815Z NextBSD/amd64 (selftest) (console)
2026-10-03T08:48:01.0236217Z 
2026-10-03T08:48:01.0236241Z 
2026-10-03T08:48:01.0236259Z 
2026-10-03T08:48:01.0236927Z OK: BOOT-BANNER-OK — getty shows the synthesized hostname 'selftest'
2026-10-03T08:48:01.3236250Z login:
2026-10-03T08:48:01.3236529Z 
2026-10-03T08:48:01.3236534Z 
2026-10-03T08:48:01.3236548Z 
2026-10-03T08:48:01.3236674Z OK: boot reached the login prompt
2026-10-03T08:48:01.3236962Z admin
2026-10-03T08:48:01.3238501Z Password:
2026-10-03T08:48:01.3238647Z 
2026-10-03T08:48:01.3238651Z 
2026-10-03T08:48:01.3238721Z 
2026-10-03T08:48:01.3239096Z admin@selftest ~ % 
2026-10-03T08:48:01.3240410Z OK: logged in as admin
2026-10-03T08:48:01.3244784Z ==> running on-image suite: /usr/tests/freebsd-launchd-mach/run.sh
2026-10-03T08:48:01.3248036Z r() { if [ "$(id -u)" = 0 ]; then "$@"; else sudo "$@"; fi; }
2026-10-03T08:48:01.3248498Z admin@selftest ~ % r /usr/tests/freebsd-launchd-mach/run.sh
2026-10-03T08:48:01.3248900Z ACCT-HELPERS-OK
2026-10-03T08:48:01.3249015Z 
2026-10-03T08:48:01.3249018Z 
2026-10-03T08:48:01.3249022Z 
2026-10-03T08:48:01.3249120Z OK: ACCT-HELPERS
2026-10-03T08:48:01.3249261Z 
2026-10-03T08:48:01.3249674Z FAIL: /usr/tests/freebsd-launchd-mach/run.sh died (serial stream closed) before printing NEXTBSD-TEST-SUMMARY
2026-10-03T08:48:01.3276860Z no NEXTBSD-TEST-SUMMARY in tests/boot.log
2026-10-03T08:48:01.3277978Z ==> boot-test FAILED rc=2 (arch=amd64 suite=/usr/tests/freebsd-launchd-mach/run.sh)
2026-10-03T08:48:01.3278513Z     serial transcript: tests/boot.log
2026-10-03T08:48:01.3279438Z SELFTEST OK:   case deadend (rc=2)
2026-10-03T08:48:01.3280209Z ==> case: reboot (suite: /usr/tests/freebsd-launchd-mach/run.sh) — expect rc 1
2026-10-03T08:48:01.3306247Z ==> boot test: tests/fake.img
2026-10-03T08:48:01.3315357Z -rw-r--r-- 1 runner runner 0 Oct  3 08:47 tests/fake.img
2026-10-03T08:48:01.3380396Z ==> using KVM acceleration
2026-10-03T08:48:01.3380691Z ==> amd64: qemu-system-x86_64 -machine q35 | firmware 
2026-10-03T08:48:01.3528819Z spawn tclsh /home/runner/work/nextbsd-ci/nextbsd-ci/selftest/mock-guest.tcl
2026-10-03T08:48:01.3567957Z FreeBSD/amd64 EFI loader, Revision 3.0
2026-10-03T08:48:01.3568203Z 
2026-10-03T08:48:01.3568207Z 
2026-10-03T08:48:01.3568329Z Loading /boot/loader.conf
2026-10-03T08:48:01.3568508Z 
2026-10-03T08:48:01.3568512Z 
2026-10-03T08:48:01.3568737Z Hit [Enter] to boot immediately, or any other key for command prompt.
2026-10-03T08:48:01.3569064Z 
2026-10-03T08:48:01.3569092Z 
2026-10-03T08:48:01.3569191Z OK 
2026-10-03T08:48:01.3569370Z ==> at loader prompt
2026-10-03T08:48:02.5398215Z  set console=comconsole
2026-10-03T08:48:02.5398589Z OK set console=comconsole
2026-10-03T08:48:02.5398764Z 
2026-10-03T08:48:02.5398768Z 
2026-10-03T08:48:03.6024193Z OK set boot_serial=YES
2026-10-03T08:48:03.6024545Z OK set boot_serial=YES
2026-10-03T08:48:03.6024674Z 
2026-10-03T08:48:03.6024678Z 
2026-10-03T08:48:04.9863939Z OK set comconsole_speed=115200
2026-10-03T08:48:04.9864336Z OK set comconsole_speed=115200
2026-10-03T08:48:04.9864483Z 
2026-10-03T08:48:04.9864486Z 
2026-10-03T08:48:06.1693026Z OK set boot_multicons=YES
2026-10-03T08:48:06.1693419Z OK set boot_multicons=YES
2026-10-03T08:48:06.1693548Z 
2026-10-03T08:48:06.1693552Z 
2026-10-03T08:48:07.2721630Z OK set boot_mutemsgs=NO
2026-10-03T08:48:07.2722008Z OK set boot_mutemsgs=NO
2026-10-03T08:48:07.2722138Z 
2026-10-03T08:48:07.2722141Z 
2026-10-03T08:48:07.8534959Z OK boot -v
2026-10-03T08:48:07.8535586Z Booting [/boot/kernel/kernel]
2026-10-03T08:48:07.8535768Z 
2026-10-03T08:48:07.8535771Z 
2026-10-03T08:48:07.8535854Z ---<<BOOT>>---
2026-10-03T08:48:07.8535961Z 
2026-10-03T08:48:07.8535966Z 
2026-10-03T08:48:07.8536242Z Copyright (c) 1992-2025 The FreeBSD Project.
2026-10-03T08:48:07.8536417Z 
2026-10-03T08:48:07.8536421Z 
2026-10-03T08:48:07.8536517Z early-init: sethostname('selftest')
2026-10-03T08:48:07.8536666Z 
2026-10-03T08:48:07.8536668Z 
2026-10-03T08:48:07.8536802Z early-init: opened /dev/klog (kernel.log_open=1; console quiet)
2026-10-03T08:48:07.8537008Z 
2026-10-03T08:48:07.8537010Z 
2026-10-03T08:48:07.8537090Z NextBSD/amd64 (selftest) (console)
2026-10-03T08:48:07.8537244Z 
2026-10-03T08:48:07.8537246Z 
2026-10-03T08:48:07.8537947Z 
2026-10-03T08:48:07.8538492Z OK: BOOT-BANNER-OK — getty shows the synthesized hostname 'selftest'
2026-10-03T08:48:08.1549675Z login:
2026-10-03T08:48:08.1549901Z 
2026-10-03T08:48:08.1549906Z 
2026-10-03T08:48:08.1549911Z 
2026-10-03T08:48:08.1550098Z OK: boot reached the login prompt
2026-10-03T08:48:08.1550441Z admin
2026-10-03T08:48:08.1550664Z Password:
2026-10-03T08:48:08.1550809Z 
2026-10-03T08:48:08.1550814Z 
2026-10-03T08:48:08.1550820Z 
2026-10-03T08:48:08.1551641Z admin@selftest ~ % 
2026-10-03T08:48:08.1551908Z OK: logged in as admin
2026-10-03T08:48:08.1553184Z ==> running on-image suite: /usr/tests/freebsd-launchd-mach/run.sh
2026-10-03T08:48:08.1562326Z r() { if [ "$(id -u)" = 0 ]; then "$@"; else sudo "$@"; fi; }
2026-10-03T08:48:08.1562770Z admin@selftest ~ % r /usr/tests/freebsd-launchd-mach/run.sh
2026-10-03T08:48:08.1563132Z ACCT-HELPERS-OK
2026-10-03T08:48:08.1563289Z 
2026-10-03T08:48:08.1563317Z 
2026-10-03T08:48:08.1563420Z ACCT-LIFECYCLE-OK
2026-10-03T08:48:08.1563569Z 
2026-10-03T08:48:08.1563573Z 
2026-10-03T08:48:08.1563673Z ADVCMD-LEAF-OK
2026-10-03T08:48:08.1563772Z 
2026-10-03T08:48:08.1563774Z 
2026-10-03T08:48:08.1563852Z ASLMANAGER-DEMAND-SKIP
2026-10-03T08:48:08.1564031Z 
2026-10-03T08:48:08.1564035Z 
2026-10-03T08:48:08.1564144Z BOOT-BANNER-SKIP
2026-10-03T08:48:08.1564280Z 
2026-10-03T08:48:08.1564283Z 
2026-10-03T08:48:08.1564378Z BOOTSTRAP-OK
2026-10-03T08:48:08.1564497Z 
2026-10-03T08:48:08.1564511Z 
2026-10-03T08:48:08.1564605Z BOOTSTRAP-REMOTE-OK
2026-10-03T08:48:08.1564760Z 
2026-10-03T08:48:08.1564764Z 
2026-10-03T08:48:08.1564857Z BUSYSTATE-OK
2026-10-03T08:48:08.1564978Z 
2026-10-03T08:48:08.1564981Z 
2026-10-03T08:48:08.1565063Z CONFIGD-LIST-OK
2026-10-03T08:48:08.1565206Z 
2026-10-03T08:48:08.1565258Z 
2026-10-03T08:48:08.1565355Z CONFIGD-MULTI-OK
2026-10-03T08:48:08.1565502Z 
2026-10-03T08:48:08.1565505Z 
2026-10-03T08:48:08.1565600Z CONFIGD-NOTIFY-OK
2026-10-03T08:48:08.1566186Z 
2026-10-03T08:48:08.1566189Z 
2026-10-03T08:48:08.1566289Z CONFIGD-PATTERN-OK
2026-10-03T08:48:08.1566452Z 
2026-10-03T08:48:08.1566456Z 
2026-10-03T08:48:08.1566560Z CONFIGD-STORE-OK
2026-10-03T08:48:08.1566698Z 
2026-10-03T08:48:08.1566702Z 
2026-10-03T08:48:08.1566807Z COREFOUNDATION-OK
2026-10-03T08:48:08.1566946Z 
2026-10-03T08:48:08.1566956Z 
2026-10-03T08:48:08.1567055Z DA-BOOT-OK
2026-10-03T08:48:08.1567186Z 
2026-10-03T08:48:08.1567190Z 
2026-10-03T08:48:08.1567279Z DA-IOKIT-OK
2026-10-03T08:48:08.1567409Z 
2026-10-03T08:48:08.1567413Z 
2026-10-03T08:48:08.1567510Z DAEMON-STATE-OK
2026-10-03T08:48:08.1567654Z 
2026-10-03T08:48:08.1567657Z 
2026-10-03T08:48:08.1567750Z DOMAIN-DIRS-OK
2026-10-03T08:48:08.1567891Z 
2026-10-03T08:48:08.1567895Z 
2026-10-03T08:48:08.1568007Z EVFILT-MACHPORT-SKIP
2026-10-03T08:48:08.1568162Z 
2026-10-03T08:48:08.1568198Z 
2026-10-03T08:48:08.1568327Z EVFILT-MACHPORT-CONCURRENT-OK
2026-10-03T08:48:08.1568528Z 
2026-10-03T08:48:08.1568532Z 
2026-10-03T08:48:08.1568628Z FBSDGLUE-OK
2026-10-03T08:48:08.1568760Z 
2026-10-03T08:48:08.1568764Z 
2026-10-03T08:48:08.1568858Z FILECMD-LEAF-OK
2026-10-03T08:48:08.1569002Z 
2026-10-03T08:48:08.1569005Z 
2026-10-03T08:48:08.1569102Z GETTY-OK
2026-10-03T08:48:08.1569218Z 
2026-10-03T08:48:08.1569222Z 
2026-10-03T08:48:08.1569326Z HOMEDIR-OK
2026-10-03T08:48:08.1569425Z 
2026-10-03T08:48:08.1569556Z 
2026-10-03T08:48:08.1569632Z HOST-BOOTSTRAP-OK
2026-10-03T08:48:08.1569727Z 
2026-10-03T08:48:08.1569730Z 
2026-10-03T08:48:08.1569800Z HOSTNAMED-OK
2026-10-03T08:48:08.1569894Z 
2026-10-03T08:48:08.1569896Z 
2026-10-03T08:48:08.1569977Z HOSTNAMED-BONJOUR-RENAME-SKIP
2026-10-03T08:48:08.1570111Z 
2026-10-03T08:48:08.1570113Z 
2026-10-03T08:48:08.1570179Z HOSTNAMED-DHCP-OK
2026-10-03T08:48:08.1570277Z 
2026-10-03T08:48:08.1570279Z 
2026-10-03T08:48:08.1570394Z HOSTNAMED-MDNS-SKIP
2026-10-03T08:48:08.1570542Z 
2026-10-03T08:48:08.1570546Z 
2026-10-03T08:48:08.1570649Z HOSTNAMED-PREFS-OK
2026-10-03T08:48:08.1570744Z 
2026-10-03T08:48:08.1570752Z 
2026-10-03T08:48:08.1570825Z IPCFG-ARP-OK
2026-10-03T08:48:08.1570966Z 
2026-10-03T08:48:08.1570970Z 
2026-10-03T08:48:08.1571060Z IPCFG-BOOT-OK
2026-10-03T08:48:08.1571185Z 
2026-10-03T08:48:08.1571189Z 
2026-10-03T08:48:08.1571275Z IPCFG-BOUND-OK
2026-10-03T08:48:08.1571399Z 
2026-10-03T08:48:08.1571402Z 
2026-10-03T08:48:08.1571484Z IPCFG-DHCP-OK
2026-10-03T08:48:08.1571620Z 
2026-10-03T08:48:08.1571624Z 
2026-10-03T08:48:08.1571732Z IPCFG-IPCONFIG-OK
2026-10-03T08:48:08.1571878Z 
2026-10-03T08:48:08.1571881Z 
2026-10-03T08:48:08.1571975Z IPCFG-RA-OK
2026-10-03T08:48:08.1572094Z 
2026-10-03T08:48:08.1572097Z 
2026-10-03T08:48:08.1572195Z IPCFG-RENEW-OK
2026-10-03T08:48:08.1572318Z 
2026-10-03T08:48:08.1572321Z 
2026-10-03T08:48:08.1572411Z IPCFG-RPC-OK
2026-10-03T08:48:08.1572535Z 
2026-10-03T08:48:08.1572539Z 
2026-10-03T08:48:08.1572622Z IPCFG-STORE-OK
2026-10-03T08:48:08.1572750Z 
2026-10-03T08:48:08.1572754Z 
2026-10-03T08:48:08.1572839Z KEM-LINK-OK
2026-10-03T08:48:08.1572959Z 
2026-10-03T08:48:08.1572967Z 
2026-10-03T08:48:08.1573070Z LAUNCHCTL-BUILD-OK
2026-10-03T08:48:08.1573212Z 
2026-10-03T08:48:08.1573216Z 
2026-10-03T08:48:08.1573349Z LAUNCHCTL-LIST-OK
2026-10-03T08:48:08.1573496Z 
2026-10-03T08:48:08.1573500Z 
2026-10-03T08:48:08.1573606Z LAUNCHD-BUILD-OK
2026-10-03T08:48:08.1573740Z 
2026-10-03T08:48:08.1573743Z 
2026-10-03T08:48:08.1573849Z LIBDISPATCH-OK
2026-10-03T08:48:08.1573999Z 
2026-10-03T08:48:08.1574002Z 
2026-10-03T08:48:08.1574097Z LIBDISPATCH-MACH-OK
2026-10-03T08:48:08.1574287Z 
2026-10-03T08:48:08.1574291Z 
2026-10-03T08:48:08.1574370Z LIBDS-OK
2026-10-03T08:48:08.1574458Z 
2026-10-03T08:48:08.1574460Z 
2026-10-03T08:48:08.1574528Z LIBSYSTEM-KERNEL-OK
2026-10-03T08:48:08.1574632Z 
2026-10-03T08:48:08.1574635Z 
2026-10-03T08:48:08.1574704Z LIBXPC-OK
2026-10-03T08:48:08.1574785Z 
2026-10-03T08:48:08.1574787Z 
2026-10-03T08:48:08.1574857Z LINUX-MOUNTS-OK
2026-10-03T08:48:08.1574950Z 
2026-10-03T08:48:08.1574952Z 
2026-10-03T08:48:08.1575027Z MACH-PORT-OK
2026-10-03T08:48:08.1575339Z 
2026-10-03T08:48:08.1575342Z 
2026-10-03T08:48:08.1575423Z MACH-SMOKE-OK
2026-10-03T08:48:08.1575544Z 
2026-10-03T08:48:08.1575547Z 
2026-10-03T08:48:08.1575632Z MDNS-BOOT-OK
2026-10-03T08:48:08.1575754Z 
2026-10-03T08:48:08.1575757Z 
2026-10-03T08:48:08.1575840Z MDNS-DNSSD-OK
2026-10-03T08:48:08.1575962Z 
2026-10-03T08:48:08.1575965Z 
2026-10-03T08:48:08.1576185Z MDNS-ENGINE-OK
2026-10-03T08:48:08.1576304Z 
2026-10-03T08:48:08.1576307Z 
2026-10-03T08:48:08.1576409Z MDNS-IFWATCH-OK
2026-10-03T08:48:08.1576534Z 
2026-10-03T08:48:08.1576538Z 
2026-10-03T08:48:08.1576637Z MDNS-STATIC-OK
2026-10-03T08:48:08.1576767Z 
2026-10-03T08:48:08.1576771Z 
2026-10-03T08:48:08.1576853Z MIG-BUILD-OK
2026-10-03T08:48:08.1576977Z 
2026-10-03T08:48:08.1576980Z 
2026-10-03T08:48:08.1577064Z NFS-OK
2026-10-03T08:48:08.1577211Z 
2026-10-03T08:48:08.1577214Z 
2026-10-03T08:48:08.1577307Z NOTIFYD-PROC-OK
2026-10-03T08:48:08.1577449Z 
2026-10-03T08:48:08.1577452Z 
2026-10-03T08:48:08.1577553Z NSS-DS-OK
2026-10-03T08:48:08.1577669Z 
2026-10-03T08:48:08.1577671Z 
2026-10-03T08:48:08.1577738Z NTP-OK
2026-10-03T08:48:08.1577817Z 
2026-10-03T08:48:08.1577820Z 
2026-10-03T08:48:08.1577891Z SC-BOND-OK
2026-10-03T08:48:08.1577970Z 
2026-10-03T08:48:08.1577980Z 
2026-10-03T08:48:08.1578043Z SC-BRIDGE-OK
2026-10-03T08:48:08.1578133Z 
2026-10-03T08:48:08.1578136Z 
2026-10-03T08:48:08.1578333Z SC-LOCK-OK
2026-10-03T08:48:08.1578419Z 
2026-10-03T08:48:08.1578421Z 
2026-10-03T08:48:08.1578483Z SC-MULTI-OK
2026-10-03T08:48:08.1578575Z 
2026-10-03T08:48:08.1578577Z 
2026-10-03T08:48:08.1578645Z SC-NETIF-OK
2026-10-03T08:48:08.1578724Z 
2026-10-03T08:48:08.1578726Z 
2026-10-03T08:48:08.1578793Z SC-NETSET-OK
2026-10-03T08:48:08.1578875Z 
2026-10-03T08:48:08.1578877Z 
2026-10-03T08:48:08.1578948Z SC-NETSVC-OK
2026-10-03T08:48:08.1579035Z 
2026-10-03T08:48:08.1579045Z 
2026-10-03T08:48:08.1579113Z SC-NOTIFY-OK
2026-10-03T08:48:08.1579202Z 
2026-10-03T08:48:08.1579205Z 
2026-10-03T08:48:08.1579270Z SC-PATH-OK
2026-10-03T08:48:08.1579361Z 
2026-10-03T08:48:08.1579363Z 
2026-10-03T08:48:08.1579428Z SC-PLINK-OK
2026-10-03T08:48:08.1579516Z 
2026-10-03T08:48:08.1579518Z 
2026-10-03T08:48:08.1579591Z SC-PNOTIFY-OK
2026-10-03T08:48:08.1579679Z 
2026-10-03T08:48:08.1579682Z 
2026-10-03T08:48:08.1579747Z SC-PREFS-OK
2026-10-03T08:48:08.1579824Z 
2026-10-03T08:48:08.1579827Z 
2026-10-03T08:48:08.1579901Z SC-RUNLOOP-OK
2026-10-03T08:48:08.1579986Z 
2026-10-03T08:48:08.1579988Z 
2026-10-03T08:48:08.1580057Z SC-STORE-OK
2026-10-03T08:48:08.1580141Z 
2026-10-03T08:48:08.1580144Z 
2026-10-03T08:48:08.1580205Z SC-VLAN-OK
2026-10-03T08:48:08.1580292Z 
2026-10-03T08:48:08.1580294Z 
2026-10-03T08:48:08.1580365Z SERVICE-LDCONFIG-OK
2026-10-03T08:48:08.1580471Z 
2026-10-03T08:48:08.1580473Z 
2026-10-03T08:48:08.1580546Z SHELLCMD-LEAF-OK
2026-10-03T08:48:08.1580642Z 
2026-10-03T08:48:08.1580644Z 
2026-10-03T08:48:08.1580709Z SUDO-OK
2026-10-03T08:48:08.1580790Z 
2026-10-03T08:48:08.1580792Z 
2026-10-03T08:48:08.1580865Z SYSCMD-LEAF-OK
2026-10-03T08:48:08.1580956Z 
2026-10-03T08:48:08.1580958Z 
2026-10-03T08:48:08.1581032Z SYSLOG-RUN-OK
2026-10-03T08:48:08.1581122Z 
2026-10-03T08:48:08.1581124Z 
2026-10-03T08:48:08.1581190Z SYSLOGD-PROC-OK
2026-10-03T08:48:08.1581287Z 
2026-10-03T08:48:08.1581290Z 
2026-10-03T08:48:08.1581360Z TASK-SPECIAL-PORT-OK
2026-10-03T08:48:08.1581472Z 
2026-10-03T08:48:08.1581474Z 
2026-10-03T08:48:08.1581542Z TEXTCMD-LEAF-OK
2026-10-03T08:48:08.1581637Z 
2026-10-03T08:48:08.1581639Z 
2026-10-03T08:48:08.1581706Z WAITQUIET-OK
2026-10-03T08:48:08.1581789Z 
2026-10-03T08:48:08.1581792Z 
2026-10-03T08:48:08.1581862Z WEDGE-CHECK-SKIP
2026-10-03T08:48:08.1581953Z 
2026-10-03T08:48:08.1581955Z 
2026-10-03T08:48:08.1582033Z ADVCMD-LEAF-OK
2026-10-03T08:48:08.1582133Z 
2026-10-03T08:48:08.1582135Z 
2026-10-03T08:48:08.1582224Z NEXTBSD-TEST-SUMMARY ok=81 fail=0 skip=6
2026-10-03T08:48:08.1582380Z 
2026-10-03T08:48:08.1582382Z 
2026-10-03T08:48:08.1582455Z admin@selftest ~ % 
2026-10-03T08:48:08.1582626Z OK: ACCT-HELPERS
2026-10-03T08:48:08.1582726Z 
2026-10-03T08:48:08.1582913Z OK: ACCT-LIFECYCLE
2026-10-03T08:48:08.1583007Z 
2026-10-03T08:48:08.1583079Z OK: ADVCMD-LEAF
2026-10-03T08:48:08.1583170Z 
2026-10-03T08:48:08.1583239Z OK: ADVCMD-LEAF
2026-10-03T08:48:08.1583484Z can't read "expect_out(buffer,string)": no such element in array
2026-10-03T08:48:08.1583749Z     while executing
2026-10-03T08:48:08.1583937Z "set dbgbuf $expect_out(buffer,string)"
2026-10-03T08:48:08.1584150Z     invoked from within
2026-10-03T08:48:08.1584328Z "if {$env(NB_DEBUG) ne ""} {
2026-10-03T08:48:08.1584529Z     set dbgbuf $expect_out(buffer,string)
2026-10-03T08:48:08.1584842Z     puts "\nDBG: remaining buffer [string length $dbgbuf] bytes: [string range $..."
2026-10-03T08:48:08.1585169Z     (file "tests/boot.exp" line 779)
2026-10-03T08:48:08.1585300Z 
2026-10-03T08:48:08.1585494Z OK: /usr/tests/freebsd-launchd-mach/run.sh: NEXTBSD-TEST-SUMMARY ok=81 fail=0 skip=6
2026-10-03T08:48:08.1640944Z NEXTBSD-TEST-SUMMARY ok=81 fail=0 skip=6
2026-10-03T08:48:08.1641931Z ==> boot-test FAILED rc=1 (arch=amd64 suite=/usr/tests/freebsd-launchd-mach/run.sh)
2026-10-03T08:48:08.1642479Z     serial transcript: tests/boot.log
2026-10-03T08:48:08.1643226Z SELFTEST OK:   case reboot (rc=1)
2026-10-03T08:48:08.1644141Z ==> case: two-suite (suite: /usr/tests/freebsd-launchd-mach/run.sh /usr/tests/nextbsd-iokit/run.sh) — expect rc 0
2026-10-03T08:48:08.1669652Z ==> boot test: tests/fake.img
2026-10-03T08:48:08.1678615Z -rw-r--r-- 1 runner runner 0 Oct  3 08:47 tests/fake.img
2026-10-03T08:48:08.1742059Z ==> using KVM acceleration
2026-10-03T08:48:08.1742454Z ==> amd64: qemu-system-x86_64 -machine q35 | firmware 
2026-10-03T08:48:08.1901710Z spawn tclsh /home/runner/work/nextbsd-ci/nextbsd-ci/selftest/mock-guest.tcl
2026-10-03T08:48:08.1939634Z FreeBSD/amd64 EFI loader, Revision 3.0
2026-10-03T08:48:08.1939905Z 
2026-10-03T08:48:08.1939925Z 
2026-10-03T08:48:08.1940045Z Loading /boot/loader.conf
2026-10-03T08:48:08.1940235Z 
2026-10-03T08:48:08.1940240Z 
2026-10-03T08:48:08.1940396Z Hit [Enter] to boot immediately, or any other key for command prompt.
2026-10-03T08:48:08.1940653Z 
2026-10-03T08:48:08.1940655Z 
2026-10-03T08:48:08.1940723Z OK 
2026-10-03T08:48:08.1940889Z ==> at loader prompt
2026-10-03T08:48:09.3770383Z  set console=comconsole
2026-10-03T08:48:09.3770724Z OK set console=comconsole
2026-10-03T08:48:09.3770857Z 
2026-10-03T08:48:09.3770862Z 
2026-10-03T08:48:10.4397722Z OK set boot_serial=YES
2026-10-03T08:48:10.4397983Z OK set boot_serial=YES
2026-10-03T08:48:10.4398109Z 
2026-10-03T08:48:10.4398113Z 
2026-10-03T08:48:11.8233853Z OK set comconsole_speed=115200
2026-10-03T08:48:11.8234248Z OK set comconsole_speed=115200
2026-10-03T08:48:11.8234397Z 
2026-10-03T08:48:11.8234401Z 
2026-10-03T08:48:13.0064076Z OK set boot_multicons=YES
2026-10-03T08:48:13.0064453Z OK set boot_multicons=YES
2026-10-03T08:48:13.0064595Z 
2026-10-03T08:48:13.0064600Z 
2026-10-03T08:48:14.1090319Z OK set boot_mutemsgs=NO
2026-10-03T08:48:14.1090677Z OK set boot_mutemsgs=NO
2026-10-03T08:48:14.1090816Z 
2026-10-03T08:48:14.1090854Z 
2026-10-03T08:48:14.6903471Z OK boot -v
2026-10-03T08:48:14.6903797Z Booting [/boot/kernel/kernel]
2026-10-03T08:48:14.6904046Z 
2026-10-03T08:48:14.6904050Z 
2026-10-03T08:48:14.6904150Z ---<<BOOT>>---
2026-10-03T08:48:14.6904305Z 
2026-10-03T08:48:14.6904309Z 
2026-10-03T08:48:14.6904459Z Copyright (c) 1992-2025 The FreeBSD Project.
2026-10-03T08:48:14.6904749Z 
2026-10-03T08:48:14.6904753Z 
2026-10-03T08:48:14.6904886Z early-init: sethostname('selftest')
2026-10-03T08:48:14.6905094Z 
2026-10-03T08:48:14.6905098Z 
2026-10-03T08:48:14.6905308Z early-init: opened /dev/klog (kernel.log_open=1; console quiet)
2026-10-03T08:48:14.6905628Z 
2026-10-03T08:48:14.6905632Z 
2026-10-03T08:48:14.6905745Z NextBSD/amd64 (selftest) (console)
2026-10-03T08:48:14.6905953Z 
2026-10-03T08:48:14.6905956Z 
2026-10-03T08:48:14.6906186Z 
2026-10-03T08:48:14.6906806Z OK: BOOT-BANNER-OK — getty shows the synthesized hostname 'selftest'
2026-10-03T08:48:14.9908802Z login:
2026-10-03T08:48:14.9909044Z 
2026-10-03T08:48:14.9909486Z 
2026-10-03T08:48:14.9909499Z 
2026-10-03T08:48:14.9909647Z OK: boot reached the login prompt
2026-10-03T08:48:14.9909985Z admin
2026-10-03T08:48:14.9910214Z Password:
2026-10-03T08:48:14.9910350Z 
2026-10-03T08:48:14.9910355Z 
2026-10-03T08:48:14.9910358Z 
2026-10-03T08:48:14.9910455Z admin@selftest ~ % 
2026-10-03T08:48:14.9910731Z OK: logged in as admin
2026-10-03T08:48:14.9911888Z ==> running on-image suite: /usr/tests/freebsd-launchd-mach/run.sh
2026-10-03T08:48:14.9923169Z r() { if [ "$(id -u)" = 0 ]; then "$@"; else sudo "$@"; fi; }
2026-10-03T08:48:14.9923655Z admin@selftest ~ % r /usr/tests/freebsd-launchd-mach/run.sh
2026-10-03T08:48:14.9924059Z ACCT-HELPERS-OK
2026-10-03T08:48:14.9924266Z 
2026-10-03T08:48:14.9924270Z 
2026-10-03T08:48:14.9924384Z ACCT-LIFECYCLE-OK
2026-10-03T08:48:14.9924534Z 
2026-10-03T08:48:14.9924537Z 
2026-10-03T08:48:14.9924643Z ADVCMD-LEAF-OK
2026-10-03T08:48:14.9924801Z 
2026-10-03T08:48:14.9924804Z 
2026-10-03T08:48:14.9924924Z ASLMANAGER-DEMAND-SKIP
2026-10-03T08:48:14.9925105Z 
2026-10-03T08:48:14.9925117Z 
2026-10-03T08:48:14.9925217Z BOOT-BANNER-SKIP
2026-10-03T08:48:14.9925367Z 
2026-10-03T08:48:14.9925371Z 
2026-10-03T08:48:14.9925464Z BOOTSTRAP-OK
2026-10-03T08:48:14.9925607Z 
2026-10-03T08:48:14.9925611Z 
2026-10-03T08:48:14.9925710Z BOOTSTRAP-REMOTE-OK
2026-10-03T08:48:14.9925869Z 
2026-10-03T08:48:14.9926280Z 
2026-10-03T08:48:14.9926381Z BUSYSTATE-OK
2026-10-03T08:48:14.9926517Z 
2026-10-03T08:48:14.9926521Z 
2026-10-03T08:48:14.9926629Z CONFIGD-LIST-OK
2026-10-03T08:48:14.9926726Z 
2026-10-03T08:48:14.9926728Z 
2026-10-03T08:48:14.9926804Z CONFIGD-MULTI-OK
2026-10-03T08:48:14.9926900Z 
2026-10-03T08:48:14.9926908Z 
2026-10-03T08:48:14.9926981Z CONFIGD-NOTIFY-OK
2026-10-03T08:48:14.9927085Z 
2026-10-03T08:48:14.9927087Z 
2026-10-03T08:48:14.9927156Z CONFIGD-PATTERN-OK
2026-10-03T08:48:14.9927260Z 
2026-10-03T08:48:14.9927263Z 
2026-10-03T08:48:14.9927329Z CONFIGD-STORE-OK
2026-10-03T08:48:14.9927434Z 
2026-10-03T08:48:14.9927436Z 
2026-10-03T08:48:14.9927523Z COREFOUNDATION-OK
2026-10-03T08:48:14.9927620Z 
2026-10-03T08:48:14.9927623Z 
2026-10-03T08:48:14.9927695Z DA-BOOT-OK
2026-10-03T08:48:14.9927780Z 
2026-10-03T08:48:14.9927783Z 
2026-10-03T08:48:14.9927860Z DA-IOKIT-OK
2026-10-03T08:48:14.9927950Z 
2026-10-03T08:48:14.9927960Z 
2026-10-03T08:48:14.9928028Z DAEMON-STATE-OK
2026-10-03T08:48:14.9928129Z 
2026-10-03T08:48:14.9928138Z 
2026-10-03T08:48:14.9928206Z DOMAIN-DIRS-OK
2026-10-03T08:48:14.9928353Z 
2026-10-03T08:48:14.9928357Z 
2026-10-03T08:48:14.9928469Z EVFILT-MACHPORT-SKIP
2026-10-03T08:48:14.9928641Z 
2026-10-03T08:48:14.9928645Z 
2026-10-03T08:48:14.9928781Z EVFILT-MACHPORT-CONCURRENT-OK
2026-10-03T08:48:14.9928977Z 
2026-10-03T08:48:14.9928980Z 
2026-10-03T08:48:14.9929080Z FBSDGLUE-OK
2026-10-03T08:48:14.9929203Z 
2026-10-03T08:48:14.9929207Z 
2026-10-03T08:48:14.9929316Z FILECMD-LEAF-OK
2026-10-03T08:48:14.9929437Z 
2026-10-03T08:48:14.9929440Z 
2026-10-03T08:48:14.9929510Z GETTY-OK
2026-10-03T08:48:14.9929596Z 
2026-10-03T08:48:14.9929603Z 
2026-10-03T08:48:14.9929666Z HOMEDIR-OK
2026-10-03T08:48:14.9929755Z 
2026-10-03T08:48:14.9929758Z 
2026-10-03T08:48:14.9929830Z HOST-BOOTSTRAP-OK
2026-10-03T08:48:14.9929969Z 
2026-10-03T08:48:14.9929971Z 
2026-10-03T08:48:14.9930046Z HOSTNAMED-OK
2026-10-03T08:48:14.9930163Z 
2026-10-03T08:48:14.9930166Z 
2026-10-03T08:48:14.9930263Z HOSTNAMED-BONJOUR-RENAME-SKIP
2026-10-03T08:48:14.9930465Z 
2026-10-03T08:48:14.9930480Z 
2026-10-03T08:48:14.9930583Z HOSTNAMED-DHCP-OK
2026-10-03T08:48:14.9930735Z 
2026-10-03T08:48:14.9930739Z 
2026-10-03T08:48:14.9930842Z HOSTNAMED-MDNS-SKIP
2026-10-03T08:48:14.9931001Z 
2026-10-03T08:48:14.9931005Z 
2026-10-03T08:48:14.9931107Z HOSTNAMED-PREFS-OK
2026-10-03T08:48:14.9931258Z 
2026-10-03T08:48:14.9931262Z 
2026-10-03T08:48:14.9931370Z IPCFG-ARP-OK
2026-10-03T08:48:14.9931467Z 
2026-10-03T08:48:14.9931470Z 
2026-10-03T08:48:14.9931544Z IPCFG-BOOT-OK
2026-10-03T08:48:14.9931631Z 
2026-10-03T08:48:14.9931634Z 
2026-10-03T08:48:14.9931705Z IPCFG-BOUND-OK
2026-10-03T08:48:14.9932016Z 
2026-10-03T08:48:14.9932029Z 
2026-10-03T08:48:14.9932122Z IPCFG-DHCP-OK
2026-10-03T08:48:14.9932254Z 
2026-10-03T08:48:14.9932258Z 
2026-10-03T08:48:14.9932348Z IPCFG-IPCONFIG-OK
2026-10-03T08:48:14.9932496Z 
2026-10-03T08:48:14.9932500Z 
2026-10-03T08:48:14.9932590Z IPCFG-RA-OK
2026-10-03T08:48:14.9932751Z 
2026-10-03T08:48:14.9932754Z 
2026-10-03T08:48:14.9932869Z IPCFG-RENEW-OK
2026-10-03T08:48:14.9933002Z 
2026-10-03T08:48:14.9933005Z 
2026-10-03T08:48:14.9933111Z IPCFG-RPC-OK
2026-10-03T08:48:14.9933239Z 
2026-10-03T08:48:14.9933243Z 
2026-10-03T08:48:14.9933349Z IPCFG-STORE-OK
2026-10-03T08:48:14.9933498Z 
2026-10-03T08:48:14.9933501Z 
2026-10-03T08:48:14.9933595Z KEM-LINK-OK
2026-10-03T08:48:14.9933715Z 
2026-10-03T08:48:14.9933719Z 
2026-10-03T08:48:14.9933813Z LAUNCHCTL-BUILD-OK
2026-10-03T08:48:14.9933980Z 
2026-10-03T08:48:14.9933983Z 
2026-10-03T08:48:14.9934108Z LAUNCHCTL-LIST-OK
2026-10-03T08:48:14.9934296Z 
2026-10-03T08:48:14.9934300Z 
2026-10-03T08:48:14.9934396Z LAUNCHD-BUILD-OK
2026-10-03T08:48:14.9934534Z 
2026-10-03T08:48:14.9934537Z 
2026-10-03T08:48:14.9934639Z LIBDISPATCH-OK
2026-10-03T08:48:14.9934778Z 
2026-10-03T08:48:14.9934781Z 
2026-10-03T08:48:14.9934890Z LIBDISPATCH-MACH-OK
2026-10-03T08:48:14.9935024Z 
2026-10-03T08:48:14.9935026Z 
2026-10-03T08:48:14.9935096Z LIBDS-OK
2026-10-03T08:48:14.9935184Z 
2026-10-03T08:48:14.9935309Z 
2026-10-03T08:48:14.9935377Z LIBSYSTEM-KERNEL-OK
2026-10-03T08:48:14.9935479Z 
2026-10-03T08:48:14.9935481Z 
2026-10-03T08:48:14.9935545Z LIBXPC-OK
2026-10-03T08:48:14.9935631Z 
2026-10-03T08:48:14.9935633Z 
2026-10-03T08:48:14.9935707Z LINUX-MOUNTS-OK
2026-10-03T08:48:14.9935802Z 
2026-10-03T08:48:14.9935804Z 
2026-10-03T08:48:14.9935880Z MACH-PORT-OK
2026-10-03T08:48:14.9935968Z 
2026-10-03T08:48:14.9935970Z 
2026-10-03T08:48:14.9936209Z MACH-SMOKE-OK
2026-10-03T08:48:14.9936324Z 
2026-10-03T08:48:14.9936326Z 
2026-10-03T08:48:14.9936400Z MDNS-BOOT-OK
2026-10-03T08:48:14.9936494Z 
2026-10-03T08:48:14.9936496Z 
2026-10-03T08:48:14.9936565Z MDNS-DNSSD-OK
2026-10-03T08:48:14.9936656Z 
2026-10-03T08:48:14.9936659Z 
2026-10-03T08:48:14.9936723Z MDNS-ENGINE-OK
2026-10-03T08:48:14.9936820Z 
2026-10-03T08:48:14.9936822Z 
2026-10-03T08:48:14.9936909Z MDNS-IFWATCH-OK
2026-10-03T08:48:14.9937011Z 
2026-10-03T08:48:14.9937014Z 
2026-10-03T08:48:14.9937085Z MDNS-STATIC-OK
2026-10-03T08:48:14.9937175Z 
2026-10-03T08:48:14.9937184Z 
2026-10-03T08:48:14.9937253Z MIG-BUILD-OK
2026-10-03T08:48:14.9937338Z 
2026-10-03T08:48:14.9937340Z 
2026-10-03T08:48:14.9937409Z NFS-OK
2026-10-03T08:48:14.9937496Z 
2026-10-03T08:48:14.9937499Z 
2026-10-03T08:48:14.9937563Z NOTIFYD-PROC-OK
2026-10-03T08:48:14.9937660Z 
2026-10-03T08:48:14.9937662Z 
2026-10-03T08:48:14.9937723Z NSS-DS-OK
2026-10-03T08:48:14.9937810Z 
2026-10-03T08:48:14.9937813Z 
2026-10-03T08:48:14.9937905Z NTP-OK
2026-10-03T08:48:14.9938026Z 
2026-10-03T08:48:14.9938029Z 
2026-10-03T08:48:14.9938128Z SC-BOND-OK
2026-10-03T08:48:14.9938248Z 
2026-10-03T08:48:14.9938251Z 
2026-10-03T08:48:14.9938340Z SC-BRIDGE-OK
2026-10-03T08:48:14.9938453Z 
2026-10-03T08:48:14.9938456Z 
2026-10-03T08:48:14.9938553Z SC-LOCK-OK
2026-10-03T08:48:14.9938676Z 
2026-10-03T08:48:14.9938680Z 
2026-10-03T08:48:14.9938767Z SC-MULTI-OK
2026-10-03T08:48:14.9938891Z 
2026-10-03T08:48:14.9938894Z 
2026-10-03T08:48:14.9938982Z SC-NETIF-OK
2026-10-03T08:48:14.9939109Z 
2026-10-03T08:48:14.9939112Z 
2026-10-03T08:48:14.9939202Z SC-NETSET-OK
2026-10-03T08:48:14.9939345Z 
2026-10-03T08:48:14.9939349Z 
2026-10-03T08:48:14.9939427Z SC-NETSVC-OK
2026-10-03T08:48:14.9939510Z 
2026-10-03T08:48:14.9939512Z 
2026-10-03T08:48:14.9939583Z SC-NOTIFY-OK
2026-10-03T08:48:14.9939664Z 
2026-10-03T08:48:14.9939667Z 
2026-10-03T08:48:14.9939737Z SC-PATH-OK
2026-10-03T08:48:14.9939817Z 
2026-10-03T08:48:14.9939827Z 
2026-10-03T08:48:14.9939892Z SC-PLINK-OK
2026-10-03T08:48:14.9939978Z 
2026-10-03T08:48:14.9939981Z 
2026-10-03T08:48:14.9940045Z SC-PNOTIFY-OK
2026-10-03T08:48:14.9940142Z 
2026-10-03T08:48:14.9940145Z 
2026-10-03T08:48:14.9940206Z SC-PREFS-OK
2026-10-03T08:48:14.9940430Z 
2026-10-03T08:48:14.9940432Z 
2026-10-03T08:48:14.9940503Z SC-RUNLOOP-OK
2026-10-03T08:48:14.9940589Z 
2026-10-03T08:48:14.9940591Z 
2026-10-03T08:48:14.9940661Z SC-STORE-OK
2026-10-03T08:48:14.9940740Z 
2026-10-03T08:48:14.9940742Z 
2026-10-03T08:48:14.9940811Z SC-VLAN-OK
2026-10-03T08:48:14.9940891Z 
2026-10-03T08:48:14.9940893Z 
2026-10-03T08:48:14.9940974Z SERVICE-LDCONFIG-OK
2026-10-03T08:48:14.9941082Z 
2026-10-03T08:48:14.9941085Z 
2026-10-03T08:48:14.9941192Z SHELLCMD-LEAF-OK
2026-10-03T08:48:14.9941338Z 
2026-10-03T08:48:14.9941340Z 
2026-10-03T08:48:14.9941403Z SUDO-OK
2026-10-03T08:48:14.9941491Z 
2026-10-03T08:48:14.9941493Z 
2026-10-03T08:48:14.9941565Z SYSCMD-LEAF-OK
2026-10-03T08:48:14.9941660Z 
2026-10-03T08:48:14.9941662Z 
2026-10-03T08:48:14.9941732Z SYSLOG-RUN-OK
2026-10-03T08:48:14.9941824Z 
2026-10-03T08:48:14.9941827Z 
2026-10-03T08:48:14.9941906Z SYSLOGD-PROC-OK
2026-10-03T08:48:14.9942001Z 
2026-10-03T08:48:14.9942003Z 
2026-10-03T08:48:14.9942084Z TASK-SPECIAL-PORT-OK
2026-10-03T08:48:14.9942206Z 
2026-10-03T08:48:14.9942209Z 
2026-10-03T08:48:14.9942274Z TEXTCMD-LEAF-OK
2026-10-03T08:48:14.9942370Z 
2026-10-03T08:48:14.9942373Z 
2026-10-03T08:48:14.9942438Z WAITQUIET-OK
2026-10-03T08:48:14.9942533Z 
2026-10-03T08:48:14.9942536Z 
2026-10-03T08:48:14.9942611Z WEDGE-CHECK-SKIP
2026-10-03T08:48:14.9942707Z 
2026-10-03T08:48:14.9942810Z 
2026-10-03T08:48:14.9942885Z ADVCMD-LEAF-OK
2026-10-03T08:48:14.9942973Z 
2026-10-03T08:48:14.9942975Z 
2026-10-03T08:48:14.9943085Z NEXTBSD-TEST-SUMMARY ok=81 fail=0 skip=6
2026-10-03T08:48:14.9943252Z 
2026-10-03T08:48:14.9943255Z 
2026-10-03T08:48:14.9943333Z admin@selftest ~ % 
2026-10-03T08:48:14.9943499Z OK: ACCT-HELPERS
2026-10-03T08:48:14.9943598Z 
2026-10-03T08:48:14.9943664Z OK: ACCT-LIFECYCLE
2026-10-03T08:48:14.9943917Z can't read "expect_out(buffer,string)": no such element in array
2026-10-03T08:48:14.9944184Z     while executing
2026-10-03T08:48:14.9944371Z "set dbgbuf $expect_out(buffer,string)"
2026-10-03T08:48:14.9944594Z     invoked from within
2026-10-03T08:48:14.9944775Z "if {$env(NB_DEBUG) ne ""} {
2026-10-03T08:48:14.9944975Z     set dbgbuf $expect_out(buffer,string)
2026-10-03T08:48:14.9945292Z     puts "\nDBG: remaining buffer [string length $dbgbuf] bytes: [string range $..."
2026-10-03T08:48:14.9945614Z     (file "tests/boot.exp" line 779)
2026-10-03T08:48:14.9945760Z 
2026-10-03T08:48:14.9945834Z OK: ADVCMD-LEAF
2026-10-03T08:48:14.9945935Z 
2026-10-03T08:48:14.9945997Z OK: ADVCMD-LEAF
2026-10-03T08:48:14.9946298Z 
2026-10-03T08:48:14.9946494Z OK: /usr/tests/freebsd-launchd-mach/run.sh: NEXTBSD-TEST-SUMMARY ok=81 fail=0 skip=6
2026-10-03T08:48:15.0000984Z NEXTBSD-TEST-SUMMARY ok=81 fail=0 skip=6
2026-10-03T08:48:15.0002094Z ==> boot-test FAILED rc=1 (arch=amd64 suite=/usr/tests/freebsd-launchd-mach/run.sh /usr/tests/nextbsd-iokit/run.sh)
2026-10-03T08:48:15.0002532Z     serial transcript: tests/boot.log
2026-10-03T08:48:15.0003808Z SELFTEST FAIL: case two-suite — expected rc 0, got 1
2026-10-03T08:48:15.0004214Z ==> SELFTEST FAILED
2026-10-03T08:48:15.0019129Z ##[error]Process completed with exit code 1.
2026-10-03T08:48:15.0176803Z Post job cleanup.
2026-10-03T08:48:15.0883725Z [command]/usr/bin/git version
2026-10-03T08:48:15.0921407Z git version 2.55.0
2026-10-03T08:48:15.0950582Z Temporarily overriding HOME='/home/runner/work/_temp/595b614d-618d-4267-8dec-afac69690823' before making global git config changes
2026-10-03T08:48:15.0951611Z Adding repository directory to the temporary git global config as a safe directory
2026-10-03T08:48:15.0954655Z [command]/usr/bin/git config --global --add safe.directory /home/runner/work/nextbsd-ci/nextbsd-ci
2026-10-03T08:48:15.0990814Z [command]/usr/bin/git config --local --name-only --get-regexp core\.sshCommand
2026-10-03T08:48:15.1019843Z [command]/usr/bin/git submodule foreach --recursive sh -c "git config --local --name-only --get-regexp 'core\.sshCommand' && git config --local --unset-all 'core.sshCommand' || :"
2026-10-03T08:48:15.1233954Z [command]/usr/bin/git config --local --name-only --get-regexp http\.https\:\/\/github\.com\/\.extraheader
2026-10-03T08:48:15.1259068Z http.https://github.com/.extraheader
2026-10-03T08:48:15.1268672Z [command]/usr/bin/git config --local --unset-all http.https://github.com/.extraheader
2026-10-03T08:48:15.1302077Z [command]/usr/bin/git submodule foreach --recursive sh -c "git config --local --name-only --get-regexp 'http\.https\:\/\/github\.com\/\.extraheader' && git config --local --unset-all 'http.https://github.com/.extraheader' || :"
2026-10-03T08:48:15.1525820Z [command]/usr/bin/git config --local --name-only --get-regexp ^includeIf\.gitdir:
2026-10-03T08:48:15.1560103Z [command]/usr/bin/git submodule foreach --recursive git config --local --show-origin --name-only --get-regexp remote.origin.url
2026-10-03T08:48:15.1910896Z Cleaning up orphan processes
2026-10-03T08:48:15.2155202Z ##[warning]Node.js 20 is deprecated. The following actions target Node.js 20 but are being forced to run on Node.js 24: actions/checkout@v4. For more information see: https://github.blog/changelog/2025-09-19-deprecation-of-node-20-on-github-actions-runners/
