2026-10-03T09:03:16.5442501Z Current runner version: '2.337.0'
2026-10-03T09:03:16.5462975Z ##[group]Runner Image Provisioner
2026-10-03T09:03:16.5463790Z Hosted Compute Agent
2026-10-03T09:03:16.5464562Z Version: 20260901.588
2026-10-03T09:03:16.5465093Z Commit: f88ec8081b781fac6c440065ac7ff9e710ce3d0b
2026-10-03T09:03:16.5465712Z Build Date: 2026-09-01T19:56:44Z
2026-10-03T09:03:16.5466295Z Worker ID: {bdfe45a3-157e-43ba-9dc8-ce07cf1547a7}
2026-10-03T09:03:16.5466900Z Azure Region: centralus
2026-10-03T09:03:16.5467417Z ##[endgroup]
2026-10-03T09:03:16.5468584Z ##[group]Operating System
2026-10-03T09:03:16.5469080Z Ubuntu
2026-10-03T09:03:16.5469557Z 24.04.5
2026-10-03T09:03:16.5470023Z LTS
2026-10-03T09:03:16.5470493Z ##[endgroup]
2026-10-03T09:03:16.5470953Z ##[group]Runner Image
2026-10-03T09:03:16.5471420Z Image: ubuntu-24.04
2026-10-03T09:03:16.5471912Z Version: 20260927.320.1
2026-10-03T09:03:16.5472939Z Included Software: https://github.com/actions/runner-images/blob/ubuntu24/20260927.320/images/ubuntu/Ubuntu2404-Readme.md
2026-10-03T09:03:16.5474368Z Image Release: https://github.com/actions/runner-images/releases/tag/ubuntu24%2F20260927.320
2026-10-03T09:03:16.5475152Z ##[endgroup]
2026-10-03T09:03:16.5476271Z ##[group]GITHUB_TOKEN Permissions
2026-10-03T09:03:16.5478243Z Contents: read
2026-10-03T09:03:16.5478788Z Metadata: read
2026-10-03T09:03:16.5479256Z Packages: read
2026-10-03T09:03:16.5479743Z ##[endgroup]
2026-10-03T09:03:16.5481444Z Secret source: Actions
2026-10-03T09:03:16.5482279Z Cache mode: write
2026-10-03T09:03:16.5483160Z Prepare workflow directory
2026-10-03T09:03:16.5749860Z Prepare all required actions
2026-10-03T09:03:16.5795898Z Getting action download info
2026-10-03T09:03:16.8313629Z Download action repository 'actions/checkout@v4' (SHA:11d5960a326750d5838078e36cf38b85af677262)
2026-10-03T09:03:16.9871379Z Complete job name: selftest (amd64, ubuntu-24.04)
2026-10-03T09:03:17.0493475Z ##[group]Run actions/checkout@v4
2026-10-03T09:03:17.0494418Z with:
2026-10-03T09:03:17.0494874Z   repository: nextbsd/nextbsd-ci
2026-10-03T09:03:17.0498217Z   token: ***
2026-10-03T09:03:17.0498643Z   ssh-strict: true
2026-10-03T09:03:17.0499101Z   ssh-user: git
2026-10-03T09:03:17.0499541Z   persist-credentials: true
2026-10-03T09:03:17.0500005Z   clean: true
2026-10-03T09:03:17.0500500Z   sparse-checkout-cone-mode: true
2026-10-03T09:03:17.0501006Z   fetch-depth: 1
2026-10-03T09:03:17.0501434Z   fetch-tags: false
2026-10-03T09:03:17.0501884Z   show-progress: true
2026-10-03T09:03:17.0502364Z   lfs: false
2026-10-03T09:03:17.0502807Z   submodules: false
2026-10-03T09:03:17.0503252Z   set-safe-directory: true
2026-10-03T09:03:17.0503777Z   allow-unsafe-pr-checkout: false
2026-10-03T09:03:17.0504585Z ##[endgroup]
2026-10-03T09:03:17.1398387Z Syncing repository: nextbsd/nextbsd-ci
2026-10-03T09:03:17.1401385Z ##[group]Getting Git version info
2026-10-03T09:03:17.1402811Z Working directory is '/home/runner/work/nextbsd-ci/nextbsd-ci'
2026-10-03T09:03:17.1406996Z [command]/usr/bin/git version
2026-10-03T09:03:17.1503650Z git version 2.55.0
2026-10-03T09:03:17.1527047Z ##[endgroup]
2026-10-03T09:03:17.1535766Z Temporarily overriding HOME='/home/runner/work/_temp/95d36bfd-311c-42ee-ae32-bbbee0f3fce7' before making global git config changes
2026-10-03T09:03:17.1538722Z Adding repository directory to the temporary git global config as a safe directory
2026-10-03T09:03:17.1541277Z [command]/usr/bin/git config --global --add safe.directory /home/runner/work/nextbsd-ci/nextbsd-ci
2026-10-03T09:03:17.1583692Z Deleting the contents of '/home/runner/work/nextbsd-ci/nextbsd-ci'
2026-10-03T09:03:17.1589938Z ##[group]Initializing the repository
2026-10-03T09:03:17.1616737Z [command]/usr/bin/git init /home/runner/work/nextbsd-ci/nextbsd-ci
2026-10-03T09:03:17.1743977Z hint: Using 'master' as the name for the initial branch. This default branch name
2026-10-03T09:03:17.1745747Z hint: will change to "main" in Git 3.0. To configure the initial branch name
2026-10-03T09:03:17.1747479Z hint: to use in all of your new repositories, which will suppress this warning,
2026-10-03T09:03:17.1748409Z hint: call:
2026-10-03T09:03:17.1749044Z hint:
2026-10-03T09:03:17.1749660Z hint: 	git config --global init.defaultBranch <name>
2026-10-03T09:03:17.1750317Z hint:
2026-10-03T09:03:17.1750966Z hint: Names commonly chosen instead of 'master' are 'main', 'trunk' and
2026-10-03T09:03:17.1751869Z hint: 'development'. The just-created branch can be renamed via this command:
2026-10-03T09:03:17.1752644Z hint:
2026-10-03T09:03:17.1753104Z hint: 	git branch -m <name>
2026-10-03T09:03:17.1753619Z hint:
2026-10-03T09:03:17.1754475Z hint: Disable this message with "git config set advice.defaultBranchName false"
2026-10-03T09:03:17.1755890Z Initialized empty Git repository in /home/runner/work/nextbsd-ci/nextbsd-ci/.git/
2026-10-03T09:03:17.1759231Z [command]/usr/bin/git remote add origin https://github.com/nextbsd/nextbsd-ci
2026-10-03T09:03:17.1799846Z ##[endgroup]
2026-10-03T09:03:17.1800780Z ##[group]Disabling automatic garbage collection
2026-10-03T09:03:17.1803586Z [command]/usr/bin/git config --local gc.auto 0
2026-10-03T09:03:17.1831497Z ##[endgroup]
2026-10-03T09:03:17.1832163Z ##[group]Setting up auth
2026-10-03T09:03:17.1838702Z [command]/usr/bin/git config --local --name-only --get-regexp core\.sshCommand
2026-10-03T09:03:17.1867454Z [command]/usr/bin/git submodule foreach --recursive sh -c "git config --local --name-only --get-regexp 'core\.sshCommand' && git config --local --unset-all 'core.sshCommand' || :"
2026-10-03T09:03:17.2180738Z [command]/usr/bin/git config --local --name-only --get-regexp http\.https\:\/\/github\.com\/\.extraheader
2026-10-03T09:03:17.2209163Z [command]/usr/bin/git submodule foreach --recursive sh -c "git config --local --name-only --get-regexp 'http\.https\:\/\/github\.com\/\.extraheader' && git config --local --unset-all 'http.https://github.com/.extraheader' || :"
2026-10-03T09:03:17.2375490Z [command]/usr/bin/git config --local --name-only --get-regexp ^includeIf\.gitdir:
2026-10-03T09:03:17.2399825Z [command]/usr/bin/git submodule foreach --recursive git config --local --show-origin --name-only --get-regexp remote.origin.url
2026-10-03T09:03:17.2564926Z [command]/usr/bin/git config --local http.https://github.com/.extraheader AUTHORIZATION: basic ***
2026-10-03T09:03:17.2594465Z ##[endgroup]
2026-10-03T09:03:17.2595364Z ##[group]Fetching the repository
2026-10-03T09:03:17.2603234Z [command]/usr/bin/git -c protocol.version=2 fetch --no-tags --prune --no-recurse-submodules --depth=1 origin +a85819d5acc2dda75b29301a5958766a657f20ac:refs/remotes/pull/9/merge
2026-10-03T09:03:17.6410340Z From https://github.com/nextbsd/nextbsd-ci
2026-10-03T09:03:17.6411447Z  * [new ref]         a85819d5acc2dda75b29301a5958766a657f20ac -> pull/9/merge
2026-10-03T09:03:17.6414825Z ##[endgroup]
2026-10-03T09:03:17.6415707Z ##[group]Determining the checkout info
2026-10-03T09:03:17.6417102Z ##[endgroup]
2026-10-03T09:03:17.6422286Z [command]/usr/bin/git sparse-checkout disable
2026-10-03T09:03:17.6464252Z [command]/usr/bin/git config --local --unset-all extensions.worktreeConfig
2026-10-03T09:03:17.6497208Z ##[group]Checking out the ref
2026-10-03T09:03:17.6499595Z [command]/usr/bin/git checkout --progress --force refs/remotes/pull/9/merge
2026-10-03T09:03:17.6572767Z Note: switching to 'refs/remotes/pull/9/merge'.
2026-10-03T09:03:17.6573463Z 
2026-10-03T09:03:17.6574426Z You are in 'detached HEAD' state. You can look around, make experimental
2026-10-03T09:03:17.6575509Z changes and commit them, and you can discard any commits you make in this
2026-10-03T09:03:17.6576513Z state without impacting any branches by switching back to a branch.
2026-10-03T09:03:17.6577124Z 
2026-10-03T09:03:17.6577531Z If you want to create a new branch to retain commits you create, you may
2026-10-03T09:03:17.6578510Z do so (now or later) by using -c with the switch command. Example:
2026-10-03T09:03:17.6579171Z 
2026-10-03T09:03:17.6579614Z   git switch -c <new-branch-name>
2026-10-03T09:03:17.6580063Z 
2026-10-03T09:03:17.6580350Z Or undo this operation with:
2026-10-03T09:03:17.6580704Z 
2026-10-03T09:03:17.6581160Z   git switch -
2026-10-03T09:03:17.6581447Z 
2026-10-03T09:03:17.6581906Z Turn off this advice by setting config variable advice.detachedHead to false
2026-10-03T09:03:17.6582699Z 
2026-10-03T09:03:17.6583531Z HEAD is now at a85819d Merge 2b098f951b3c10b7da4fa728f0992380d150f9c5 into bae13410f0ff570b952d51053ed0c462272008b7
2026-10-03T09:03:17.6586090Z ##[endgroup]
2026-10-03T09:03:17.6612071Z [command]/usr/bin/git log -1 --format=%H
2026-10-03T09:03:17.6631155Z a85819d5acc2dda75b29301a5958766a657f20ac
2026-10-03T09:03:17.6838552Z ##[group]Run sudo apt-get update && sudo apt-get install -y expect shellcheck
2026-10-03T09:03:17.6839752Z [36;1msudo apt-get update && sudo apt-get install -y expect shellcheck[0m
2026-10-03T09:03:17.7020403Z shell: /usr/bin/bash -e {0}
2026-10-03T09:03:17.7021089Z ##[endgroup]
2026-10-03T09:03:17.7666130Z Get:1 file:/etc/apt/apt-mirrors.txt Mirrorlist [144 B]
2026-10-03T09:03:17.8009246Z Get:6 https://packages.microsoft.com/ubuntu/24.04/prod noble InRelease [3600 B]
2026-10-03T09:03:17.8167768Z Hit:2 http://azure.archive.ubuntu.com/ubuntu noble InRelease
2026-10-03T09:03:17.8194093Z Get:3 http://azure.archive.ubuntu.com/ubuntu noble-updates InRelease [126 kB]
2026-10-03T09:03:17.8227591Z Get:4 http://azure.archive.ubuntu.com/ubuntu noble-backports InRelease [126 kB]
2026-10-03T09:03:17.8254424Z Get:5 http://azure.archive.ubuntu.com/ubuntu noble-security InRelease [126 kB]
2026-10-03T09:03:17.8600134Z Get:7 https://packages.microsoft.com/ubuntu/24.04/prod noble/main arm64 Packages [458 kB]
2026-10-03T09:03:17.8775561Z Get:8 https://packages.microsoft.com/ubuntu/24.04/prod noble/main amd64 Packages [511 kB]
2026-10-03T09:03:17.8795767Z Get:9 https://packages.microsoft.com/ubuntu/24.04/prod noble/main armhf Packages [12.6 kB]
2026-10-03T09:03:17.9419179Z Get:10 http://azure.archive.ubuntu.com/ubuntu noble-updates/main amd64 Packages [1364 kB]
2026-10-03T09:03:17.9479065Z Get:11 http://azure.archive.ubuntu.com/ubuntu noble-updates/main Translation-en [304 kB]
2026-10-03T09:03:17.9493479Z Get:12 http://azure.archive.ubuntu.com/ubuntu noble-updates/main amd64 Components [180 kB]
2026-10-03T09:03:17.9505314Z Get:13 http://azure.archive.ubuntu.com/ubuntu noble-updates/universe amd64 Packages [1699 kB]
2026-10-03T09:03:17.9605921Z Get:14 http://azure.archive.ubuntu.com/ubuntu noble-updates/universe Translation-en [341 kB]
2026-10-03T09:03:17.9625921Z Get:15 http://azure.archive.ubuntu.com/ubuntu noble-updates/universe amd64 Components [388 kB]
2026-10-03T09:03:17.9632116Z Get:16 http://azure.archive.ubuntu.com/ubuntu noble-updates/restricted amd64 Packages [1720 kB]
2026-10-03T09:03:17.9721248Z Get:17 http://azure.archive.ubuntu.com/ubuntu noble-updates/restricted Translation-en [394 kB]
2026-10-03T09:03:17.9727273Z Get:18 http://azure.archive.ubuntu.com/ubuntu noble-updates/multiverse amd64 Components [940 B]
2026-10-03T09:03:17.9874839Z Get:19 http://azure.archive.ubuntu.com/ubuntu noble-backports/main amd64 Components [5764 B]
2026-10-03T09:03:18.0300347Z Get:20 http://azure.archive.ubuntu.com/ubuntu noble-backports/universe amd64 Components [12.6 kB]
2026-10-03T09:03:18.0336756Z Get:21 http://azure.archive.ubuntu.com/ubuntu noble-security/main amd64 Packages [1069 kB]
2026-10-03T09:03:18.0356965Z Get:22 http://azure.archive.ubuntu.com/ubuntu noble-security/main Translation-en [221 kB]
2026-10-03T09:03:18.0370975Z Get:23 http://azure.archive.ubuntu.com/ubuntu noble-security/main amd64 Components [46.3 kB]
2026-10-03T09:03:18.0378192Z Get:24 http://azure.archive.ubuntu.com/ubuntu noble-security/universe amd64 Packages [1216 kB]
2026-10-03T09:03:18.0434984Z Get:25 http://azure.archive.ubuntu.com/ubuntu noble-security/universe Translation-en [244 kB]
2026-10-03T09:03:18.0439798Z Get:26 http://azure.archive.ubuntu.com/ubuntu noble-security/universe amd64 Components [76.3 kB]
2026-10-03T09:03:18.0448513Z Get:27 http://azure.archive.ubuntu.com/ubuntu noble-security/restricted amd64 Packages [1566 kB]
2026-10-03T09:03:18.0512205Z Get:28 http://azure.archive.ubuntu.com/ubuntu noble-security/restricted Translation-en [361 kB]
2026-10-03T09:03:25.2935902Z Fetched 12.6 MB in 1s (9685 kB/s)
2026-10-03T09:03:26.0312606Z Reading package lists...
2026-10-03T09:03:26.0595658Z Reading package lists...
2026-10-03T09:03:26.1929877Z Building dependency tree...
2026-10-03T09:03:26.1938018Z Reading state information...
2026-10-03T09:03:26.3528071Z shellcheck is already the newest version (0.9.0-1).
2026-10-03T09:03:26.3528757Z The following NEW packages will be installed:
2026-10-03T09:03:26.3536258Z   expect tcl-expect
2026-10-03T09:03:26.3687249Z 0 upgraded, 2 newly installed, 0 to remove and 25 not upgraded.
2026-10-03T09:03:26.3688029Z Need to get 247 kB of archives.
2026-10-03T09:03:26.3688583Z After this operation, 538 kB of additional disk space will be used.
2026-10-03T09:03:26.3689145Z Get:1 file:/etc/apt/apt-mirrors.txt Mirrorlist [144 B]
2026-10-03T09:03:26.4369822Z Get:2 http://azure.archive.ubuntu.com/ubuntu noble/universe amd64 tcl-expect amd64 5.45.4-3 [110 kB]
2026-10-03T09:03:26.4655960Z Get:3 http://azure.archive.ubuntu.com/ubuntu noble/universe amd64 expect amd64 5.45.4-3 [137 kB]
2026-10-03T09:03:26.6907270Z Fetched 247 kB in 0s (2339 kB/s)
2026-10-03T09:03:26.7100908Z Selecting previously unselected package tcl-expect:amd64.
2026-10-03T09:03:26.7281731Z (Reading database ... 
2026-10-03T09:03:26.7282377Z (Reading database ... 5%
2026-10-03T09:03:26.7283044Z (Reading database ... 10%
2026-10-03T09:03:26.7283453Z (Reading database ... 15%
2026-10-03T09:03:26.7284069Z (Reading database ... 20%
2026-10-03T09:03:26.7284640Z (Reading database ... 25%
2026-10-03T09:03:26.7285588Z (Reading database ... 30%
2026-10-03T09:03:26.7286261Z (Reading database ... 35%
2026-10-03T09:03:26.7286704Z (Reading database ... 40%
2026-10-03T09:03:26.7287220Z (Reading database ... 45%
2026-10-03T09:03:26.7287765Z (Reading database ... 50%
2026-10-03T09:03:26.7325234Z (Reading database ... 55%
2026-10-03T09:03:26.8232191Z (Reading database ... 60%
2026-10-03T09:03:27.0247561Z (Reading database ... 65%
2026-10-03T09:03:27.2282419Z (Reading database ... 70%
2026-10-03T09:03:27.3788940Z (Reading database ... 75%
2026-10-03T09:03:27.5338914Z (Reading database ... 80%
2026-10-03T09:03:27.7192577Z (Reading database ... 85%
2026-10-03T09:03:27.8806254Z (Reading database ... 90%
2026-10-03T09:03:28.0396559Z (Reading database ... 95%
2026-10-03T09:03:28.0440872Z (Reading database ... 100%
2026-10-03T09:03:28.0441609Z (Reading database ... 202296 files and directories currently installed.)
2026-10-03T09:03:28.0442486Z Preparing to unpack .../tcl-expect_5.45.4-3_amd64.deb ...
2026-10-03T09:03:28.0518310Z Unpacking tcl-expect:amd64 (5.45.4-3) ...
2026-10-03T09:03:28.0729451Z Selecting previously unselected package expect.
2026-10-03T09:03:28.0836672Z Preparing to unpack .../expect_5.45.4-3_amd64.deb ...
2026-10-03T09:03:28.0846379Z Unpacking expect (5.45.4-3) ...
2026-10-03T09:03:28.1227402Z Setting up tcl-expect:amd64 (5.45.4-3) ...
2026-10-03T09:03:28.1258799Z Setting up expect (5.45.4-3) ...
2026-10-03T09:03:28.1310279Z Processing triggers for man-db (2.12.0-4build2) ...
2026-10-03T09:03:28.1329040Z Not building database; man-db/auto-update is not 'true'.
2026-10-03T09:03:28.1340632Z Processing triggers for libc-bin (2.39-0ubuntu8.9) ...
2026-10-03T09:03:28.7696388Z 
2026-10-03T09:03:28.7697300Z Running kernel seems to be up-to-date.
2026-10-03T09:03:28.7697742Z 
2026-10-03T09:03:28.7697902Z No services need to be restarted.
2026-10-03T09:03:28.7698204Z 
2026-10-03T09:03:28.7698387Z No containers need to be restarted.
2026-10-03T09:03:28.7698753Z 
2026-10-03T09:03:28.7698930Z No user sessions are running outdated binaries.
2026-10-03T09:03:28.7699146Z 
2026-10-03T09:03:28.7699371Z No VM guests are running outdated hypervisor (qemu) binaries on this host.
2026-10-03T09:03:29.5189093Z ##[group]Run fail=0
2026-10-03T09:03:29.5189436Z [36;1mfail=0[0m
2026-10-03T09:03:29.5189835Z [36;1mfor f in $(find harness manifest selftest -name '*.sh' -type f); do[0m
2026-10-03T09:03:29.5190333Z [36;1m  sh -n "$f" || { echo "sh -n failed: $f"; fail=1; }[0m
2026-10-03T09:03:29.5190855Z [36;1mdone[0m
2026-10-03T09:03:29.5191135Z [36;1mexit $fail[0m
2026-10-03T09:03:29.5233767Z shell: /usr/bin/bash -e {0}
2026-10-03T09:03:29.5234304Z ##[endgroup]
2026-10-03T09:03:29.5368947Z ##[group]Run find harness manifest selftest -name '*.sh' -type f -print0 | xargs -0 -r shellcheck -x
2026-10-03T09:03:29.5369581Z [36;1mfind harness manifest selftest -name '*.sh' -type f -print0 | xargs -0 -r shellcheck -x[0m
2026-10-03T09:03:29.5400904Z shell: /usr/bin/bash -e {0}
2026-10-03T09:03:29.5401228Z ##[endgroup]
2026-10-03T09:03:30.3352852Z ##[group]Run sh manifest/validate.sh \
2026-10-03T09:03:30.3353212Z [36;1msh manifest/validate.sh \[0m
2026-10-03T09:03:30.3353547Z [36;1m  manifest/markers.tsv \[0m
2026-10-03T09:03:30.3354088Z [36;1m  manifest/overlay-nextbsd.tsv \[0m
2026-10-03T09:03:30.3354453Z [36;1m  manifest/overlay-nextbsd-userland.tsv \[0m
2026-10-03T09:03:30.3354828Z [36;1m  manifest/overlay-nextbsd-kernel.tsv[0m
2026-10-03T09:03:30.3391210Z shell: /usr/bin/bash -e {0}
2026-10-03T09:03:30.3391583Z ##[endgroup]
2026-10-03T09:03:30.3477958Z manifest/markers.tsv: 93 markers OK
2026-10-03T09:03:30.3493067Z manifest/overlay-nextbsd.tsv:  markers OK
2026-10-03T09:03:30.3508296Z manifest/overlay-nextbsd-userland.tsv:  markers OK
2026-10-03T09:03:30.3522386Z manifest/overlay-nextbsd-kernel.tsv:  markers OK
2026-10-03T09:03:30.3590980Z ##[group]Run sh selftest/run-selftest.sh
2026-10-03T09:03:30.3591335Z [36;1msh selftest/run-selftest.sh[0m
2026-10-03T09:03:30.3620421Z shell: /usr/bin/bash -e {0}
2026-10-03T09:03:30.3620715Z env:
2026-10-03T09:03:30.3621028Z   ARCH: amd64
2026-10-03T09:03:30.3621307Z ##[endgroup]
2026-10-03T09:03:30.3682576Z ==> golden: the shared patterns against production stream shapes
2026-10-03T09:03:30.5352463Z OK   loader: EDK2 autoboot countdown
2026-10-03T09:03:30.5353115Z OK   loader: UEFI self-ID (FreeBSD brand)
2026-10-03T09:03:30.5353799Z OK   loader: UEFI self-ID (NextBSD brand)
2026-10-03T09:03:30.5354620Z OK   loader: leaving the prompt to boot
2026-10-03T09:03:30.5355173Z OK   loader: kernel entry marker
2026-10-03T09:03:30.5355748Z OK   banner: synthesized hostname (amd64)
2026-10-03T09:03:30.5356362Z OK   banner: synthesized hostname (arm64)
2026-10-03T09:03:30.5356854Z OK   banner: the Amnesiac race-loser
2026-10-03T09:03:30.5357742Z OK   banner: the early-init sethostname line
2026-10-03T09:03:30.5358201Z OK   login: login(1) session message
2026-10-03T09:03:30.5358802Z OK   login: zsh prompt
2026-10-03T09:03:30.5359372Z OK   panic: page fault
2026-10-03T09:03:30.5359953Z OK   panic: data abort (arm64)
2026-10-03T09:03:30.5360432Z OK   teardown: shutdown progress
2026-10-03T09:03:30.5360857Z OK   teardown: syncing
2026-10-03T09:03:30.5361448Z OK   teardown: buffers synced
2026-10-03T09:03:30.5361929Z OK   teardown: uptime
2026-10-03T09:03:30.5362396Z OK   teardown: poweroff
2026-10-03T09:03:30.5363079Z OK   teardown: reboot (the wrong outcome)
2026-10-03T09:03:30.5363596Z OK   sentinel: summary line
2026-10-03T09:03:30.5364301Z 
2026-10-03T09:03:30.5364782Z golden: all patterns match the production stream shapes
2026-10-03T09:03:30.5368187Z ==> manifest: schema
2026-10-03T09:03:30.5405519Z /home/runner/work/nextbsd-ci/nextbsd-ci/manifest/markers.tsv: 93 markers OK
2026-10-03T09:03:30.5420991Z /home/runner/work/nextbsd-ci/nextbsd-ci/manifest/overlay-nextbsd.tsv:  markers OK
2026-10-03T09:03:30.5436198Z /home/runner/work/nextbsd-ci/nextbsd-ci/manifest/overlay-nextbsd-userland.tsv:  markers OK
2026-10-03T09:03:30.5450230Z /home/runner/work/nextbsd-ci/nextbsd-ci/manifest/overlay-nextbsd-kernel.tsv:  markers OK
2026-10-03T09:03:30.5476389Z ==> harness vs mock guest (arch=amd64)
2026-10-03T09:03:30.5538364Z     plan: 94 markers
2026-10-03T09:03:30.5539354Z ==> case: ok (suite: /usr/tests/freebsd-launchd-mach/run.sh) — expect rc 0
2026-10-03T09:03:30.5562438Z ==> boot test: tests/fake.img
2026-10-03T09:03:30.5570599Z -rw-r--r-- 1 runner runner 0 Oct  3 09:03 tests/fake.img
2026-10-03T09:03:30.5627190Z ==> using KVM acceleration
2026-10-03T09:03:30.5628433Z ==> amd64: qemu-system-x86_64 -machine q35 | firmware 
2026-10-03T09:03:30.5697630Z extra characters after close-quote
2026-10-03T09:03:30.5698234Z     while executing
2026-10-03T09:03:30.5698801Z "puts "        puts \"\\nDBG-MARK: arm-text=\\"\"
2026-10-03T09:03:30.5700485Z     ("for" body line 62)
2026-10-03T09:03:30.5701141Z FAIL: arm generation failed (bad manifest?); refusing to boot without arms
2026-10-03T09:03:30.5701784Z     invoked from within
2026-10-03T09:03:30.5702505Z SELFTEST FAIL: case ok — expected rc 0, got 1
2026-10-03T09:03:30.5703130Z ==> case: fail (suite: /usr/tests/freebsd-launchd-mach/run.sh) — expect rc 1
2026-10-03T09:03:30.5703772Z "for {set i 0} {$i < $suites} {incr i} {
2026-10-03T09:03:30.5704454Z     set suite [lindex $suite_list $i]
2026-10-03T09:03:30.5704979Z     set suite [esc $suite]
2026-10-03T09:03:30.5705521Z     puts ""
2026-10-03T09:03:30.5705956Z     puts "set timeout \$env(NB_SU..."
2026-10-03T09:03:30.5706583Z     (file "/home/runner/work/nextbsd-ci/nextbsd-ci/manifest/gen-arms.tcl" line 197)
2026-10-03T09:03:30.5728350Z ==> boot test: tests/fake.img
2026-10-03T09:03:30.5737295Z -rw-r--r-- 1 runner runner 0 Oct  3 09:03 tests/fake.img
2026-10-03T09:03:30.5789636Z ==> using KVM acceleration
2026-10-03T09:03:30.5790358Z ==> amd64: qemu-system-x86_64 -machine q35 | firmware 
2026-10-03T09:03:30.5855756Z extra characters after close-quote
2026-10-03T09:03:30.5856317Z     while executing
2026-10-03T09:03:30.5856859Z "puts "        puts \"\\nDBG-MARK: arm-text=\\"\"
2026-10-03T09:03:30.5857338Z     ("for" body line 62)
2026-10-03T09:03:30.5857806Z     invoked from within
2026-10-03T09:03:30.5858261Z "for {set i 0} {$i < $suites} {incr i} {
2026-10-03T09:03:30.5858739Z     set suite [lindex $suite_list $i]
2026-10-03T09:03:30.5859216Z     set suite [esc $suite]
2026-10-03T09:03:30.5859629Z     puts ""
2026-10-03T09:03:30.5859984Z     puts "set timeout \$env(NB_SU..."
2026-10-03T09:03:30.5860738Z     (file "/home/runner/work/nextbsd-ci/nextbsd-ci/manifest/gen-arms.tcl" line 197)
2026-10-03T09:03:30.5863772Z FAIL: arm generation failed (bad manifest?); refusing to boot without arms
2026-10-03T09:03:30.5865046Z SELFTEST OK:   case fail (rc=1)
2026-10-03T09:03:30.5865888Z ==> case: nosummary (suite: /usr/tests/freebsd-launchd-mach/run.sh) — expect rc 2
2026-10-03T09:03:30.5888457Z ==> boot test: tests/fake.img
2026-10-03T09:03:30.5896001Z -rw-r--r-- 1 runner runner 0 Oct  3 09:03 tests/fake.img
2026-10-03T09:03:30.5944085Z ==> using KVM acceleration
2026-10-03T09:03:30.5944784Z ==> amd64: qemu-system-x86_64 -machine q35 | firmware 
2026-10-03T09:03:30.6007879Z extra characters after close-quote
2026-10-03T09:03:30.6008296Z     while executing
2026-10-03T09:03:30.6008910Z "puts "        puts \"\\nDBG-MARK: arm-text=\\"\"
2026-10-03T09:03:30.6009358Z     ("for" body line 62)
2026-10-03T09:03:30.6009744Z     invoked from within
2026-10-03T09:03:30.6010212Z "for {set i 0} {$i < $suites} {incr i} {
2026-10-03T09:03:30.6010589Z     set suite [lindex $suite_list $i]
2026-10-03T09:03:30.6011004Z     set suite [esc $suite]
2026-10-03T09:03:30.6011418Z     puts ""
2026-10-03T09:03:30.6011773Z     puts "set timeout \$env(NB_SU..."
2026-10-03T09:03:30.6012377Z     (file "/home/runner/work/nextbsd-ci/nextbsd-ci/manifest/gen-arms.tcl" line 197)
2026-10-03T09:03:30.6013133Z FAIL: arm generation failed (bad manifest?); refusing to boot without arms
2026-10-03T09:03:30.6014288Z SELFTEST FAIL: case nosummary — expected rc 2, got 1
2026-10-03T09:03:30.6014998Z ==> case: deadend (suite: /usr/tests/freebsd-launchd-mach/run.sh) — expect rc 2
2026-10-03T09:03:30.6034422Z ==> boot test: tests/fake.img
2026-10-03T09:03:30.6041471Z -rw-r--r-- 1 runner runner 0 Oct  3 09:03 tests/fake.img
2026-10-03T09:03:30.6088872Z ==> using KVM acceleration
2026-10-03T09:03:30.6089483Z ==> amd64: qemu-system-x86_64 -machine q35 | firmware 
2026-10-03T09:03:30.6150559Z extra characters after close-quote
2026-10-03T09:03:30.6151038Z     while executing
2026-10-03T09:03:30.6151571Z "puts "        puts \"\\nDBG-MARK: arm-text=\\"\"
2026-10-03T09:03:30.6152177Z     ("for" body line 62)
2026-10-03T09:03:30.6152650Z     invoked from within
2026-10-03T09:03:30.6153003Z "for {set i 0} {$i < $suites} {incr i} {
2026-10-03T09:03:30.6153450Z     set suite [lindex $suite_list $i]
2026-10-03T09:03:30.6154077Z     set suite [esc $suite]
2026-10-03T09:03:30.6154489Z     puts ""
2026-10-03T09:03:30.6154902Z     puts "set timeout \$env(NB_SU..."
2026-10-03T09:03:30.6155616Z     (file "/home/runner/work/nextbsd-ci/nextbsd-ci/manifest/gen-arms.tcl" line 197)
2026-10-03T09:03:30.6156152Z FAIL: arm generation failed (bad manifest?); refusing to boot without arms
2026-10-03T09:03:30.6156862Z SELFTEST FAIL: case deadend — expected rc 2, got 1
2026-10-03T09:03:30.6157370Z ==> case: reboot (suite: /usr/tests/freebsd-launchd-mach/run.sh) — expect rc 1
2026-10-03T09:03:30.6178365Z ==> boot test: tests/fake.img
2026-10-03T09:03:30.6185646Z -rw-r--r-- 1 runner runner 0 Oct  3 09:03 tests/fake.img
2026-10-03T09:03:30.6234228Z ==> using KVM acceleration
2026-10-03T09:03:30.6234854Z ==> amd64: qemu-system-x86_64 -machine q35 | firmware 
2026-10-03T09:03:30.6295677Z extra characters after close-quote
2026-10-03T09:03:30.6296139Z     while executing
2026-10-03T09:03:30.6296593Z "puts "        puts \"\\nDBG-MARK: arm-text=\\"\"
2026-10-03T09:03:30.6297047Z     ("for" body line 62)
2026-10-03T09:03:30.6297685Z     invoked from within
2026-10-03T09:03:30.6298174Z "for {set i 0} {$i < $suites} {incr i} {
2026-10-03T09:03:30.6298648Z     set suite [lindex $suite_list $i]
2026-10-03T09:03:30.6299131Z     set suite [esc $suite]
2026-10-03T09:03:30.6299427Z     puts ""
2026-10-03T09:03:30.6299739Z     puts "set timeout \$env(NB_SU..."
2026-10-03T09:03:30.6300417Z     (file "/home/runner/work/nextbsd-ci/nextbsd-ci/manifest/gen-arms.tcl" line 197)
2026-10-03T09:03:30.6301230Z FAIL: arm generation failed (bad manifest?); refusing to boot without arms
2026-10-03T09:03:30.6301904Z SELFTEST OK:   case reboot (rc=1)
2026-10-03T09:03:30.6302981Z ==> case: two-suite (suite: /usr/tests/freebsd-launchd-mach/run.sh /usr/tests/nextbsd-iokit/run.sh) — expect rc 0
2026-10-03T09:03:30.6323466Z ==> boot test: tests/fake.img
2026-10-03T09:03:30.6330980Z -rw-r--r-- 1 runner runner 0 Oct  3 09:03 tests/fake.img
2026-10-03T09:03:30.6381136Z ==> using KVM acceleration
2026-10-03T09:03:30.6381960Z ==> amd64: qemu-system-x86_64 -machine q35 | firmware 
2026-10-03T09:03:30.6448719Z extra characters after close-quote
2026-10-03T09:03:30.6449294Z     while executing
2026-10-03T09:03:30.6449672Z "puts "        puts \"\\nDBG-MARK: arm-text=\\"\"
2026-10-03T09:03:30.6450084Z     ("for" body line 62)
2026-10-03T09:03:30.6450514Z     invoked from within
2026-10-03T09:03:30.6450892Z "for {set i 0} {$i < $suites} {incr i} {
2026-10-03T09:03:30.6451304Z     set suite [lindex $suite_list $i]
2026-10-03T09:03:30.6451734Z     set suite [esc $suite]
2026-10-03T09:03:30.6451987Z     puts ""
2026-10-03T09:03:30.6452247Z     puts "set timeout \$env(NB_SU..."
2026-10-03T09:03:30.6452847Z     (file "/home/runner/work/nextbsd-ci/nextbsd-ci/manifest/gen-arms.tcl" line 197)
2026-10-03T09:03:30.6453524Z FAIL: arm generation failed (bad manifest?); refusing to boot without arms
2026-10-03T09:03:30.6454566Z SELFTEST FAIL: case two-suite — expected rc 0, got 1
2026-10-03T09:03:30.6455035Z ==> SELFTEST FAILED
2026-10-03T09:03:30.6464630Z ##[error]Process completed with exit code 1.
2026-10-03T09:03:30.6592653Z Post job cleanup.
2026-10-03T09:03:30.7334454Z [command]/usr/bin/git version
2026-10-03T09:03:30.7363143Z git version 2.55.0
2026-10-03T09:03:30.7400619Z Temporarily overriding HOME='/home/runner/work/_temp/f0d0d3c8-900f-42e6-9efc-37ecf38bc347' before making global git config changes
2026-10-03T09:03:30.7401720Z Adding repository directory to the temporary git global config as a safe directory
2026-10-03T09:03:30.7406756Z [command]/usr/bin/git config --global --add safe.directory /home/runner/work/nextbsd-ci/nextbsd-ci
2026-10-03T09:03:30.7439279Z [command]/usr/bin/git config --local --name-only --get-regexp core\.sshCommand
2026-10-03T09:03:30.7468693Z [command]/usr/bin/git submodule foreach --recursive sh -c "git config --local --name-only --get-regexp 'core\.sshCommand' && git config --local --unset-all 'core.sshCommand' || :"
2026-10-03T09:03:30.7659566Z [command]/usr/bin/git config --local --name-only --get-regexp http\.https\:\/\/github\.com\/\.extraheader
2026-10-03T09:03:30.7676295Z http.https://github.com/.extraheader
2026-10-03T09:03:30.7685174Z [command]/usr/bin/git config --local --unset-all http.https://github.com/.extraheader
2026-10-03T09:03:30.7715529Z [command]/usr/bin/git submodule foreach --recursive sh -c "git config --local --name-only --get-regexp 'http\.https\:\/\/github\.com\/\.extraheader' && git config --local --unset-all 'http.https://github.com/.extraheader' || :"
2026-10-03T09:03:30.7909976Z [command]/usr/bin/git config --local --name-only --get-regexp ^includeIf\.gitdir:
2026-10-03T09:03:30.7940172Z [command]/usr/bin/git submodule foreach --recursive git config --local --show-origin --name-only --get-regexp remote.origin.url
2026-10-03T09:03:30.8260693Z Cleaning up orphan processes
2026-10-03T09:03:30.8462833Z ##[warning]Node.js 20 is deprecated. The following actions target Node.js 20 but are being forced to run on Node.js 24: actions/checkout@v4. For more information see: https://github.blog/changelog/2025-09-19-deprecation-of-node-20-on-github-actions-runners/
