2026-10-03T09:13:01.7736339Z Current runner version: '2.337.0'
2026-10-03T09:13:01.7762025Z ##[group]Runner Image Provisioner
2026-10-03T09:13:01.7762851Z Hosted Compute Agent
2026-10-03T09:13:01.7763534Z Version: 20260901.588
2026-10-03T09:13:01.7764209Z Commit: f88ec8081b781fac6c440065ac7ff9e710ce3d0b
2026-10-03T09:13:01.7764992Z Build Date: 2026-09-01T19:56:44Z
2026-10-03T09:13:01.7765682Z Worker ID: {c23580af-95af-4936-82b1-5592487d1b51}
2026-10-03T09:13:01.7766485Z Azure Region: centralus
2026-10-03T09:13:01.7767145Z ##[endgroup]
2026-10-03T09:13:01.7769328Z ##[group]Operating System
2026-10-03T09:13:01.7770164Z Ubuntu
2026-10-03T09:13:01.7770696Z 24.04.5
2026-10-03T09:13:01.7771191Z LTS
2026-10-03T09:13:01.7771771Z ##[endgroup]
2026-10-03T09:13:01.7772384Z ##[group]Runner Image
2026-10-03T09:13:01.7773022Z Image: ubuntu-24.04
2026-10-03T09:13:01.7773595Z Version: 20260927.320.1
2026-10-03T09:13:01.7774920Z Included Software: https://github.com/actions/runner-images/blob/ubuntu24/20260927.320/images/ubuntu/Ubuntu2404-Readme.md
2026-10-03T09:13:01.7776587Z Image Release: https://github.com/actions/runner-images/releases/tag/ubuntu24%2F20260927.320
2026-10-03T09:13:01.7777670Z ##[endgroup]
2026-10-03T09:13:01.7779142Z ##[group]GITHUB_TOKEN Permissions
2026-10-03T09:13:01.7781215Z Contents: read
2026-10-03T09:13:01.7781827Z Metadata: read
2026-10-03T09:13:01.7782450Z Packages: read
2026-10-03T09:13:01.7783022Z ##[endgroup]
2026-10-03T09:13:01.7785138Z Secret source: Actions
2026-10-03T09:13:01.7786233Z Cache mode: write
2026-10-03T09:13:01.7787163Z Prepare workflow directory
2026-10-03T09:13:01.8136658Z Prepare all required actions
2026-10-03T09:13:01.8185636Z Getting action download info
2026-10-03T09:13:02.0994692Z Download action repository 'actions/checkout@v4' (SHA:11d5960a326750d5838078e36cf38b85af677262)
2026-10-03T09:13:02.3000234Z Complete job name: selftest (amd64, ubuntu-24.04)
2026-10-03T09:13:02.3792629Z ##[group]Run actions/checkout@v4
2026-10-03T09:13:02.3793516Z with:
2026-10-03T09:13:02.3793975Z   repository: nextbsd/nextbsd-ci
2026-10-03T09:13:02.3797782Z   token: ***
2026-10-03T09:13:02.3798221Z   ssh-strict: true
2026-10-03T09:13:02.3798937Z   ssh-user: git
2026-10-03T09:13:02.3799397Z   persist-credentials: true
2026-10-03T09:13:02.3799887Z   clean: true
2026-10-03T09:13:02.3800337Z   sparse-checkout-cone-mode: true
2026-10-03T09:13:02.3800870Z   fetch-depth: 1
2026-10-03T09:13:02.3801307Z   fetch-tags: false
2026-10-03T09:13:02.3801758Z   show-progress: true
2026-10-03T09:13:02.3802208Z   lfs: false
2026-10-03T09:13:02.3802621Z   submodules: false
2026-10-03T09:13:02.3803080Z   set-safe-directory: true
2026-10-03T09:13:02.3803599Z   allow-unsafe-pr-checkout: false
2026-10-03T09:13:02.3804401Z ##[endgroup]
2026-10-03T09:13:02.4860249Z Syncing repository: nextbsd/nextbsd-ci
2026-10-03T09:13:02.4862500Z ##[group]Getting Git version info
2026-10-03T09:13:02.4863781Z Working directory is '/home/runner/work/nextbsd-ci/nextbsd-ci'
2026-10-03T09:13:02.4865454Z [command]/usr/bin/git version
2026-10-03T09:13:02.4963035Z git version 2.55.0
2026-10-03T09:13:02.4989342Z ##[endgroup]
2026-10-03T09:13:02.5005975Z Temporarily overriding HOME='/home/runner/work/_temp/8ae2aaac-d949-40f4-a3cb-563b935e4d75' before making global git config changes
2026-10-03T09:13:02.5008321Z Adding repository directory to the temporary git global config as a safe directory
2026-10-03T09:13:02.5012905Z [command]/usr/bin/git config --global --add safe.directory /home/runner/work/nextbsd-ci/nextbsd-ci
2026-10-03T09:13:02.5073808Z Deleting the contents of '/home/runner/work/nextbsd-ci/nextbsd-ci'
2026-10-03T09:13:02.5083912Z ##[group]Initializing the repository
2026-10-03T09:13:02.5086787Z [command]/usr/bin/git init /home/runner/work/nextbsd-ci/nextbsd-ci
2026-10-03T09:13:02.5208973Z hint: Using 'master' as the name for the initial branch. This default branch name
2026-10-03T09:13:02.5210707Z hint: will change to "main" in Git 3.0. To configure the initial branch name
2026-10-03T09:13:02.5211849Z hint: to use in all of your new repositories, which will suppress this warning,
2026-10-03T09:13:02.5213073Z hint: call:
2026-10-03T09:13:02.5213983Z hint:
2026-10-03T09:13:02.5214774Z hint: 	git config --global init.defaultBranch <name>
2026-10-03T09:13:02.5215929Z hint:
2026-10-03T09:13:02.5216642Z hint: Names commonly chosen instead of 'master' are 'main', 'trunk' and
2026-10-03T09:13:02.5218189Z hint: 'development'. The just-created branch can be renamed via this command:
2026-10-03T09:13:02.5219380Z hint:
2026-10-03T09:13:02.5219855Z hint: 	git branch -m <name>
2026-10-03T09:13:02.5220380Z hint:
2026-10-03T09:13:02.5221062Z hint: Disable this message with "git config set advice.defaultBranchName false"
2026-10-03T09:13:02.5222757Z Initialized empty Git repository in /home/runner/work/nextbsd-ci/nextbsd-ci/.git/
2026-10-03T09:13:02.5226638Z [command]/usr/bin/git remote add origin https://github.com/nextbsd/nextbsd-ci
2026-10-03T09:13:02.5301550Z ##[endgroup]
2026-10-03T09:13:02.5303487Z ##[group]Disabling automatic garbage collection
2026-10-03T09:13:02.5306409Z [command]/usr/bin/git config --local gc.auto 0
2026-10-03T09:13:02.5349032Z ##[endgroup]
2026-10-03T09:13:02.5350718Z ##[group]Setting up auth
2026-10-03T09:13:02.5357429Z [command]/usr/bin/git config --local --name-only --get-regexp core\.sshCommand
2026-10-03T09:13:02.5396012Z [command]/usr/bin/git submodule foreach --recursive sh -c "git config --local --name-only --get-regexp 'core\.sshCommand' && git config --local --unset-all 'core.sshCommand' || :"
2026-10-03T09:13:02.5816667Z [command]/usr/bin/git config --local --name-only --get-regexp http\.https\:\/\/github\.com\/\.extraheader
2026-10-03T09:13:02.5857870Z [command]/usr/bin/git submodule foreach --recursive sh -c "git config --local --name-only --get-regexp 'http\.https\:\/\/github\.com\/\.extraheader' && git config --local --unset-all 'http.https://github.com/.extraheader' || :"
2026-10-03T09:13:02.6087605Z [command]/usr/bin/git config --local --name-only --get-regexp ^includeIf\.gitdir:
2026-10-03T09:13:02.6123958Z [command]/usr/bin/git submodule foreach --recursive git config --local --show-origin --name-only --get-regexp remote.origin.url
2026-10-03T09:13:02.6358853Z [command]/usr/bin/git config --local http.https://github.com/.extraheader AUTHORIZATION: basic ***
2026-10-03T09:13:02.6404623Z ##[endgroup]
2026-10-03T09:13:02.6405584Z ##[group]Fetching the repository
2026-10-03T09:13:02.6415790Z [command]/usr/bin/git -c protocol.version=2 fetch --no-tags --prune --no-recurse-submodules --depth=1 origin +5d0af4033d80f7a2492cea10fc408c5e4c7c0a49:refs/remotes/pull/9/merge
2026-10-03T09:13:03.0663020Z From https://github.com/nextbsd/nextbsd-ci
2026-10-03T09:13:03.0664835Z  * [new ref]         5d0af4033d80f7a2492cea10fc408c5e4c7c0a49 -> pull/9/merge
2026-10-03T09:13:03.0669038Z ##[endgroup]
2026-10-03T09:13:03.0670639Z ##[group]Determining the checkout info
2026-10-03T09:13:03.0672518Z ##[endgroup]
2026-10-03T09:13:03.0679212Z [command]/usr/bin/git sparse-checkout disable
2026-10-03T09:13:03.0739193Z [command]/usr/bin/git config --local --unset-all extensions.worktreeConfig
2026-10-03T09:13:03.0775081Z ##[group]Checking out the ref
2026-10-03T09:13:03.0779800Z [command]/usr/bin/git checkout --progress --force refs/remotes/pull/9/merge
2026-10-03T09:13:03.0875866Z Note: switching to 'refs/remotes/pull/9/merge'.
2026-10-03T09:13:03.0876608Z 
2026-10-03T09:13:03.0877008Z You are in 'detached HEAD' state. You can look around, make experimental
2026-10-03T09:13:03.0878287Z changes and commit them, and you can discard any commits you make in this
2026-10-03T09:13:03.0880147Z state without impacting any branches by switching back to a branch.
2026-10-03T09:13:03.0881080Z 
2026-10-03T09:13:03.0881718Z If you want to create a new branch to retain commits you create, you may
2026-10-03T09:13:03.0883178Z do so (now or later) by using -c with the switch command. Example:
2026-10-03T09:13:03.0883997Z 
2026-10-03T09:13:03.0884394Z   git switch -c <new-branch-name>
2026-10-03T09:13:03.0885000Z 
2026-10-03T09:13:03.0885228Z Or undo this operation with:
2026-10-03T09:13:03.0885553Z 
2026-10-03T09:13:03.0885972Z   git switch -
2026-10-03T09:13:03.0886322Z 
2026-10-03T09:13:03.0886732Z Turn off this advice by setting config variable advice.detachedHead to false
2026-10-03T09:13:03.0887299Z 
2026-10-03T09:13:03.0887937Z HEAD is now at 5d0af40 Merge 0da349fe37b4393292422ae8286d3556fd3b0022 into bae13410f0ff570b952d51053ed0c462272008b7
2026-10-03T09:13:03.0890471Z ##[endgroup]
2026-10-03T09:13:03.0934172Z [command]/usr/bin/git log -1 --format=%H
2026-10-03T09:13:03.0962374Z 5d0af4033d80f7a2492cea10fc408c5e4c7c0a49
2026-10-03T09:13:03.1198027Z ##[group]Run sudo apt-get update && sudo apt-get install -y expect shellcheck
2026-10-03T09:13:03.1199440Z [36;1msudo apt-get update && sudo apt-get install -y expect shellcheck[0m
2026-10-03T09:13:03.1494353Z shell: /usr/bin/bash -e {0}
2026-10-03T09:13:03.1495076Z ##[endgroup]
2026-10-03T09:13:03.2362896Z Get:1 file:/etc/apt/apt-mirrors.txt Mirrorlist [144 B]
2026-10-03T09:13:03.2664532Z Hit:2 http://azure.archive.ubuntu.com/ubuntu noble InRelease
2026-10-03T09:13:03.2674833Z Get:6 https://packages.microsoft.com/ubuntu/24.04/prod noble InRelease [3600 B]
2026-10-03T09:13:03.2679297Z Get:3 http://azure.archive.ubuntu.com/ubuntu noble-updates InRelease [126 kB]
2026-10-03T09:13:03.2705245Z Get:4 http://azure.archive.ubuntu.com/ubuntu noble-backports InRelease [126 kB]
2026-10-03T09:13:03.2760817Z Get:5 http://azure.archive.ubuntu.com/ubuntu noble-security InRelease [126 kB]
2026-10-03T09:13:03.3996279Z Get:7 https://packages.microsoft.com/ubuntu/24.04/prod noble/main amd64 Packages [511 kB]
2026-10-03T09:13:03.4129550Z Get:8 https://packages.microsoft.com/ubuntu/24.04/prod noble/main arm64 Packages [458 kB]
2026-10-03T09:13:03.4183537Z Get:9 https://packages.microsoft.com/ubuntu/24.04/prod noble/main armhf Packages [12.6 kB]
2026-10-03T09:13:03.4487141Z Get:10 http://azure.archive.ubuntu.com/ubuntu noble-updates/main amd64 Packages [1364 kB]
2026-10-03T09:13:03.4590656Z Get:11 http://azure.archive.ubuntu.com/ubuntu noble-updates/main Translation-en [304 kB]
2026-10-03T09:13:03.4593265Z Get:12 http://azure.archive.ubuntu.com/ubuntu noble-updates/main amd64 Components [180 kB]
2026-10-03T09:13:03.4608028Z Get:13 http://azure.archive.ubuntu.com/ubuntu noble-updates/universe amd64 Packages [1699 kB]
2026-10-03T09:13:03.4712959Z Get:14 http://azure.archive.ubuntu.com/ubuntu noble-updates/universe Translation-en [341 kB]
2026-10-03T09:13:03.4720160Z Get:15 http://azure.archive.ubuntu.com/ubuntu noble-updates/universe amd64 Components [388 kB]
2026-10-03T09:13:03.4771245Z Get:16 http://azure.archive.ubuntu.com/ubuntu noble-updates/restricted amd64 Packages [1720 kB]
2026-10-03T09:13:03.4830440Z Get:17 http://azure.archive.ubuntu.com/ubuntu noble-updates/restricted Translation-en [394 kB]
2026-10-03T09:13:03.4851651Z Get:18 http://azure.archive.ubuntu.com/ubuntu noble-updates/multiverse amd64 Components [940 B]
2026-10-03T09:13:03.5143145Z Get:19 http://azure.archive.ubuntu.com/ubuntu noble-backports/main amd64 Components [5764 B]
2026-10-03T09:13:03.5613155Z Get:20 http://azure.archive.ubuntu.com/ubuntu noble-backports/universe amd64 Components [12.6 kB]
2026-10-03T09:13:03.5721866Z Get:21 http://azure.archive.ubuntu.com/ubuntu noble-security/main amd64 Packages [1069 kB]
2026-10-03T09:13:03.5776612Z Get:22 http://azure.archive.ubuntu.com/ubuntu noble-security/main Translation-en [221 kB]
2026-10-03T09:13:03.5792269Z Get:23 http://azure.archive.ubuntu.com/ubuntu noble-security/main amd64 Components [46.3 kB]
2026-10-03T09:13:03.5811771Z Get:24 http://azure.archive.ubuntu.com/ubuntu noble-security/universe amd64 Packages [1216 kB]
2026-10-03T09:13:03.5859119Z Get:25 http://azure.archive.ubuntu.com/ubuntu noble-security/universe Translation-en [244 kB]
2026-10-03T09:13:03.5876468Z Get:26 http://azure.archive.ubuntu.com/ubuntu noble-security/universe amd64 Components [76.3 kB]
2026-10-03T09:13:03.5900680Z Get:27 http://azure.archive.ubuntu.com/ubuntu noble-security/restricted amd64 Packages [1566 kB]
2026-10-03T09:13:03.5960624Z Get:28 http://azure.archive.ubuntu.com/ubuntu noble-security/restricted Translation-en [361 kB]
2026-10-03T09:13:08.0846047Z Fetched 12.6 MB in 1s (9196 kB/s)
2026-10-03T09:13:08.9810723Z Reading package lists...
2026-10-03T09:13:09.0131090Z Reading package lists...
2026-10-03T09:13:09.2266770Z Building dependency tree...
2026-10-03T09:13:09.2274367Z Reading state information...
2026-10-03T09:13:09.4043733Z shellcheck is already the newest version (0.9.0-1).
2026-10-03T09:13:09.4044368Z The following NEW packages will be installed:
2026-10-03T09:13:09.4053480Z   expect tcl-expect
2026-10-03T09:13:09.4248400Z 0 upgraded, 2 newly installed, 0 to remove and 25 not upgraded.
2026-10-03T09:13:09.4249937Z Need to get 247 kB of archives.
2026-10-03T09:13:09.4250399Z After this operation, 538 kB of additional disk space will be used.
2026-10-03T09:13:09.4250916Z Get:1 file:/etc/apt/apt-mirrors.txt Mirrorlist [144 B]
2026-10-03T09:13:09.4721377Z Get:2 http://azure.archive.ubuntu.com/ubuntu noble/universe amd64 tcl-expect amd64 5.45.4-3 [110 kB]
2026-10-03T09:13:09.5043744Z Get:3 http://azure.archive.ubuntu.com/ubuntu noble/universe amd64 expect amd64 5.45.4-3 [137 kB]
2026-10-03T09:13:09.7746164Z Fetched 247 kB in 0s (2709 kB/s)
2026-10-03T09:13:09.7976018Z Selecting previously unselected package tcl-expect:amd64.
2026-10-03T09:13:09.8351198Z (Reading database ... 
2026-10-03T09:13:09.8351845Z (Reading database ... 5%
2026-10-03T09:13:09.8352604Z (Reading database ... 10%
2026-10-03T09:13:09.8353184Z (Reading database ... 15%
2026-10-03T09:13:09.8353737Z (Reading database ... 20%
2026-10-03T09:13:09.8354425Z (Reading database ... 25%
2026-10-03T09:13:09.8355224Z (Reading database ... 30%
2026-10-03T09:13:09.8355936Z (Reading database ... 35%
2026-10-03T09:13:09.8356581Z (Reading database ... 40%
2026-10-03T09:13:09.8357183Z (Reading database ... 45%
2026-10-03T09:13:09.8357992Z (Reading database ... 50%
2026-10-03T09:13:09.8405134Z (Reading database ... 55%
2026-10-03T09:13:09.9741013Z (Reading database ... 60%
2026-10-03T09:13:10.1654624Z (Reading database ... 65%
2026-10-03T09:13:10.3682059Z (Reading database ... 70%
2026-10-03T09:13:10.5388304Z (Reading database ... 75%
2026-10-03T09:13:10.6735617Z (Reading database ... 80%
2026-10-03T09:13:10.8760110Z (Reading database ... 85%
2026-10-03T09:13:11.0290183Z (Reading database ... 90%
2026-10-03T09:13:11.1883667Z (Reading database ... 95%
2026-10-03T09:13:11.1884175Z (Reading database ... 100%
2026-10-03T09:13:11.1884739Z (Reading database ... 202296 files and directories currently installed.)
2026-10-03T09:13:11.1927716Z Preparing to unpack .../tcl-expect_5.45.4-3_amd64.deb ...
2026-10-03T09:13:11.2007771Z Unpacking tcl-expect:amd64 (5.45.4-3) ...
2026-10-03T09:13:11.2250548Z Selecting previously unselected package expect.
2026-10-03T09:13:11.2377659Z Preparing to unpack .../expect_5.45.4-3_amd64.deb ...
2026-10-03T09:13:11.2385749Z Unpacking expect (5.45.4-3) ...
2026-10-03T09:13:11.2938853Z Setting up tcl-expect:amd64 (5.45.4-3) ...
2026-10-03T09:13:11.2966066Z Setting up expect (5.45.4-3) ...
2026-10-03T09:13:11.2992088Z Processing triggers for man-db (2.12.0-4build2) ...
2026-10-03T09:13:11.3015664Z Not building database; man-db/auto-update is not 'true'.
2026-10-03T09:13:11.3028508Z Processing triggers for libc-bin (2.39-0ubuntu8.9) ...
2026-10-03T09:13:12.0013718Z 
2026-10-03T09:13:12.0018157Z Running kernel seems to be up-to-date.
2026-10-03T09:13:12.0019366Z 
2026-10-03T09:13:12.0019587Z No services need to be restarted.
2026-10-03T09:13:12.0019915Z 
2026-10-03T09:13:12.0020083Z No containers need to be restarted.
2026-10-03T09:13:12.0020445Z 
2026-10-03T09:13:12.0020655Z No user sessions are running outdated binaries.
2026-10-03T09:13:12.0021035Z 
2026-10-03T09:13:12.0021382Z No VM guests are running outdated hypervisor (qemu) binaries on this host.
2026-10-03T09:13:12.9827988Z ##[group]Run fail=0
2026-10-03T09:13:12.9828273Z [36;1mfail=0[0m
2026-10-03T09:13:12.9828899Z [36;1mfor f in $(find harness manifest selftest -name '*.sh' -type f); do[0m
2026-10-03T09:13:12.9829405Z [36;1m  sh -n "$f" || { echo "sh -n failed: $f"; fail=1; }[0m
2026-10-03T09:13:12.9829927Z [36;1mdone[0m
2026-10-03T09:13:12.9830124Z [36;1mexit $fail[0m
2026-10-03T09:13:12.9895668Z shell: /usr/bin/bash -e {0}
2026-10-03T09:13:12.9895966Z ##[endgroup]
2026-10-03T09:13:13.0072332Z ##[group]Run find harness manifest selftest -name '*.sh' -type f -print0 | xargs -0 -r shellcheck -x
2026-10-03T09:13:13.0073077Z [36;1mfind harness manifest selftest -name '*.sh' -type f -print0 | xargs -0 -r shellcheck -x[0m
2026-10-03T09:13:13.0134119Z shell: /usr/bin/bash -e {0}
2026-10-03T09:13:13.0134376Z ##[endgroup]
2026-10-03T09:13:13.6161033Z ##[group]Run sh manifest/validate.sh \
2026-10-03T09:13:13.6161400Z [36;1msh manifest/validate.sh \[0m
2026-10-03T09:13:13.6161672Z [36;1m  manifest/markers.tsv \[0m
2026-10-03T09:13:13.6161952Z [36;1m  manifest/overlay-nextbsd.tsv \[0m
2026-10-03T09:13:13.6162296Z [36;1m  manifest/overlay-nextbsd-userland.tsv \[0m
2026-10-03T09:13:13.6162643Z [36;1m  manifest/overlay-nextbsd-kernel.tsv[0m
2026-10-03T09:13:13.6231225Z shell: /usr/bin/bash -e {0}
2026-10-03T09:13:13.6231511Z ##[endgroup]
2026-10-03T09:13:13.6366168Z manifest/markers.tsv: 93 markers OK
2026-10-03T09:13:13.6384469Z manifest/overlay-nextbsd.tsv:  markers OK
2026-10-03T09:13:13.6402854Z manifest/overlay-nextbsd-userland.tsv:  markers OK
2026-10-03T09:13:13.6420813Z manifest/overlay-nextbsd-kernel.tsv:  markers OK
2026-10-03T09:13:13.6508149Z ##[group]Run sh selftest/run-selftest.sh
2026-10-03T09:13:13.6508502Z [36;1msh selftest/run-selftest.sh[0m
2026-10-03T09:13:13.6575234Z shell: /usr/bin/bash -e {0}
2026-10-03T09:13:13.6575507Z env:
2026-10-03T09:13:13.6575711Z   ARCH: amd64
2026-10-03T09:13:13.6575930Z ##[endgroup]
2026-10-03T09:13:13.6691746Z ==> golden: the shared patterns against production stream shapes
2026-10-03T09:13:13.7036858Z OK   loader: EDK2 autoboot countdown
2026-10-03T09:13:13.7037410Z OK   loader: UEFI self-ID (FreeBSD brand)
2026-10-03T09:13:13.7037919Z OK   loader: UEFI self-ID (NextBSD brand)
2026-10-03T09:13:13.7039053Z OK   loader: leaving the prompt to boot
2026-10-03T09:13:13.7039838Z OK   loader: kernel entry marker
2026-10-03T09:13:13.7040628Z OK   banner: synthesized hostname (amd64)
2026-10-03T09:13:13.7041401Z OK   banner: synthesized hostname (arm64)
2026-10-03T09:13:13.7042128Z OK   banner: the Amnesiac race-loser
2026-10-03T09:13:13.7042959Z OK   banner: the early-init sethostname line
2026-10-03T09:13:13.7043645Z OK   login: login(1) session message
2026-10-03T09:13:13.7044328Z OK   login: zsh prompt
2026-10-03T09:13:13.7044980Z OK   panic: page fault
2026-10-03T09:13:13.7045593Z OK   panic: data abort (arm64)
2026-10-03T09:13:13.7046265Z OK   teardown: shutdown progress
2026-10-03T09:13:13.7046923Z OK   teardown: syncing
2026-10-03T09:13:13.7047548Z OK   teardown: buffers synced
2026-10-03T09:13:13.7048182Z OK   teardown: uptime
2026-10-03T09:13:13.7048988Z OK   teardown: poweroff
2026-10-03T09:13:13.7049668Z OK   teardown: reboot (the wrong outcome)
2026-10-03T09:13:13.7050391Z OK   sentinel: summary line
2026-10-03T09:13:13.7050874Z 
2026-10-03T09:13:13.7051333Z golden: all patterns match the production stream shapes
2026-10-03T09:13:13.7051895Z ==> manifest: schema
2026-10-03T09:13:13.7099313Z /home/runner/work/nextbsd-ci/nextbsd-ci/manifest/markers.tsv: 93 markers OK
2026-10-03T09:13:13.7119528Z /home/runner/work/nextbsd-ci/nextbsd-ci/manifest/overlay-nextbsd.tsv:  markers OK
2026-10-03T09:13:13.7139010Z /home/runner/work/nextbsd-ci/nextbsd-ci/manifest/overlay-nextbsd-userland.tsv:  markers OK
2026-10-03T09:13:13.7157967Z /home/runner/work/nextbsd-ci/nextbsd-ci/manifest/overlay-nextbsd-kernel.tsv:  markers OK
2026-10-03T09:13:13.7191493Z ==> harness vs mock guest (arch=amd64)
2026-10-03T09:13:13.7272337Z     plan: 94 markers
2026-10-03T09:13:13.7304274Z ==> case: ok (suite: /usr/tests/freebsd-launchd-mach/run.sh) — expect rc 0
2026-10-03T09:13:13.7304817Z ==> boot test: tests/fake.img
2026-10-03T09:13:13.7314642Z -rw-r--r-- 1 runner runner 0 Oct  3 09:13 tests/fake.img
2026-10-03T09:13:13.7389970Z ==> using KVM acceleration
2026-10-03T09:13:13.7390752Z ==> amd64: qemu-system-x86_64 -machine q35 | firmware 
2026-10-03T09:13:13.7479939Z can't read "dbgbuf": no such variable
2026-10-03T09:13:13.7480413Z     while executing
2026-10-03T09:13:13.7481451Z "puts "        puts \"\\nDBG-MARK: arm-text=<$m-OK> in-buffer OK/SKIP/FAIL = \[expr {\[string first $m-OK $dbgbuf\] >= 0}\]/\[expr {\[string first $m-S..."
2026-10-03T09:13:13.7482502Z     ("for" body line 62)
2026-10-03T09:13:13.7482895Z     invoked from within
2026-10-03T09:13:13.7483236Z "for {set i 0} {$i < $suites} {incr i} {
2026-10-03T09:13:13.7483733Z     set suite [lindex $suite_list $i]
2026-10-03T09:13:13.7484092Z     set suite [esc $suite]
2026-10-03T09:13:13.7484444Z     puts ""
2026-10-03T09:13:13.7484781Z     puts "set timeout \$env(NB_SU..."
2026-10-03T09:13:13.7485507Z     (file "/home/runner/work/nextbsd-ci/nextbsd-ci/manifest/gen-arms.tcl" line 197)
2026-10-03T09:13:13.7486391Z FAIL: arm generation failed (bad manifest?); refusing to boot without arms
2026-10-03T09:13:13.7487158Z SELFTEST FAIL: case ok — expected rc 0, got 1
2026-10-03T09:13:13.7487672Z ==> case: fail (suite: /usr/tests/freebsd-launchd-mach/run.sh) — expect rc 1
2026-10-03T09:13:13.7517879Z ==> boot test: tests/fake.img
2026-10-03T09:13:13.7527957Z -rw-r--r-- 1 runner runner 0 Oct  3 09:13 tests/fake.img
2026-10-03T09:13:13.7602032Z ==> using KVM acceleration
2026-10-03T09:13:13.7602756Z ==> amd64: qemu-system-x86_64 -machine q35 | firmware 
2026-10-03T09:13:13.7683806Z can't read "dbgbuf": no such variable
2026-10-03T09:13:13.7684316Z     while executing
2026-10-03T09:13:13.7685213Z "puts "        puts \"\\nDBG-MARK: arm-text=<$m-OK> in-buffer OK/SKIP/FAIL = \[expr {\[string first $m-OK $dbgbuf\] >= 0}\]/\[expr {\[string first $m-S..."
2026-10-03T09:13:13.7686237Z     ("for" body line 62)
2026-10-03T09:13:13.7686628Z     invoked from within
2026-10-03T09:13:13.7686869Z "for {set i 0} {$i < $suites} {incr i} {
2026-10-03T09:13:13.7687163Z     set suite [lindex $suite_list $i]
2026-10-03T09:13:13.7687460Z     set suite [esc $suite]
2026-10-03T09:13:13.7687806Z     puts ""
2026-10-03T09:13:13.7688158Z     puts "set timeout \$env(NB_SU..."
2026-10-03T09:13:13.7689118Z     (file "/home/runner/work/nextbsd-ci/nextbsd-ci/manifest/gen-arms.tcl" line 197)
2026-10-03T09:13:13.7690059Z FAIL: arm generation failed (bad manifest?); refusing to boot without arms
2026-10-03T09:13:13.7690745Z SELFTEST OK:   case fail (rc=1)
2026-10-03T09:13:13.7691700Z ==> case: nosummary (suite: /usr/tests/freebsd-launchd-mach/run.sh) — expect rc 2
2026-10-03T09:13:13.7720611Z ==> boot test: tests/fake.img
2026-10-03T09:13:13.7731055Z -rw-r--r-- 1 runner runner 0 Oct  3 09:13 tests/fake.img
2026-10-03T09:13:13.7804297Z ==> using KVM acceleration
2026-10-03T09:13:13.7804855Z ==> amd64: qemu-system-x86_64 -machine q35 | firmware 
2026-10-03T09:13:13.7886456Z can't read "dbgbuf": no such variable
2026-10-03T09:13:13.7886913Z     while executing
2026-10-03T09:13:13.7887744Z "puts "        puts \"\\nDBG-MARK: arm-text=<$m-OK> in-buffer OK/SKIP/FAIL = \[expr {\[string first $m-OK $dbgbuf\] >= 0}\]/\[expr {\[string first $m-S..."
2026-10-03T09:13:13.7888950Z     ("for" body line 62)
2026-10-03T09:13:13.7889446Z     invoked from within
2026-10-03T09:13:13.7889955Z "for {set i 0} {$i < $suites} {incr i} {
2026-10-03T09:13:13.7890670Z     set suite [lindex $suite_list $i]
2026-10-03T09:13:13.7891408Z     set suite [esc $suite]
2026-10-03T09:13:13.7891858Z     puts ""
2026-10-03T09:13:13.7892239Z     puts "set timeout \$env(NB_SU..."
2026-10-03T09:13:13.7893136Z     (file "/home/runner/work/nextbsd-ci/nextbsd-ci/manifest/gen-arms.tcl" line 197)
2026-10-03T09:13:13.7894419Z FAIL: arm generation failed (bad manifest?); refusing to boot without arms
2026-10-03T09:13:13.7895929Z SELFTEST FAIL: case nosummary — expected rc 2, got 1
2026-10-03T09:13:13.7897114Z ==> case: deadend (suite: /usr/tests/freebsd-launchd-mach/run.sh) — expect rc 2
2026-10-03T09:13:13.7925401Z ==> boot test: tests/fake.img
2026-10-03T09:13:13.7936033Z -rw-r--r-- 1 runner runner 0 Oct  3 09:13 tests/fake.img
2026-10-03T09:13:13.8010572Z ==> using KVM acceleration
2026-10-03T09:13:13.8011159Z ==> amd64: qemu-system-x86_64 -machine q35 | firmware 
2026-10-03T09:13:13.8093878Z can't read "dbgbuf": no such variable
2026-10-03T09:13:13.8094386Z     while executing
2026-10-03T09:13:13.8095239Z "puts "        puts \"\\nDBG-MARK: arm-text=<$m-OK> in-buffer OK/SKIP/FAIL = \[expr {\[string first $m-OK $dbgbuf\] >= 0}\]/\[expr {\[string first $m-S..."
2026-10-03T09:13:13.8096173Z     ("for" body line 62)
2026-10-03T09:13:13.8096657Z     invoked from within
2026-10-03T09:13:13.8097146Z "for {set i 0} {$i < $suites} {incr i} {
2026-10-03T09:13:13.8097873Z     set suite [lindex $suite_list $i]
2026-10-03T09:13:13.8098523Z     set suite [esc $suite]
2026-10-03T09:13:13.8099219Z     puts ""
2026-10-03T09:13:13.8099660Z     puts "set timeout \$env(NB_SU..."
2026-10-03T09:13:13.8100411Z     (file "/home/runner/work/nextbsd-ci/nextbsd-ci/manifest/gen-arms.tcl" line 197)
2026-10-03T09:13:13.8101671Z FAIL: arm generation failed (bad manifest?); refusing to boot without arms
2026-10-03T09:13:13.8103019Z SELFTEST FAIL: case deadend — expected rc 2, got 1
2026-10-03T09:13:13.8104179Z ==> case: reboot (suite: /usr/tests/freebsd-launchd-mach/run.sh) — expect rc 1
2026-10-03T09:13:13.8133517Z ==> boot test: tests/fake.img
2026-10-03T09:13:13.8144075Z -rw-r--r-- 1 runner runner 0 Oct  3 09:13 tests/fake.img
2026-10-03T09:13:13.8219229Z ==> using KVM acceleration
2026-10-03T09:13:13.8220037Z ==> amd64: qemu-system-x86_64 -machine q35 | firmware 
2026-10-03T09:13:13.8303842Z can't read "dbgbuf": no such variable
2026-10-03T09:13:13.8304358Z     while executing
2026-10-03T09:13:13.8305252Z "puts "        puts \"\\nDBG-MARK: arm-text=<$m-OK> in-buffer OK/SKIP/FAIL = \[expr {\[string first $m-OK $dbgbuf\] >= 0}\]/\[expr {\[string first $m-S..."
2026-10-03T09:13:13.8306279Z     ("for" body line 62)
2026-10-03T09:13:13.8306617Z     invoked from within
2026-10-03T09:13:13.8306852Z "for {set i 0} {$i < $suites} {incr i} {
2026-10-03T09:13:13.8307245Z     set suite [lindex $suite_list $i]
2026-10-03T09:13:13.8307711Z     set suite [esc $suite]
2026-10-03T09:13:13.8308126Z     puts ""
2026-10-03T09:13:13.8308342Z     puts "set timeout \$env(NB_SU..."
2026-10-03T09:13:13.8309498Z     (file "/home/runner/work/nextbsd-ci/nextbsd-ci/manifest/gen-arms.tcl" line 197)
2026-10-03T09:13:13.8310296Z FAIL: arm generation failed (bad manifest?); refusing to boot without arms
2026-10-03T09:13:13.8310697Z SELFTEST OK:   case reboot (rc=1)
2026-10-03T09:13:13.8311652Z ==> case: two-suite (suite: /usr/tests/freebsd-launchd-mach/run.sh /usr/tests/nextbsd-iokit/run.sh) — expect rc 0
2026-10-03T09:13:13.8342627Z ==> boot test: tests/fake.img
2026-10-03T09:13:13.8354680Z -rw-r--r-- 1 runner runner 0 Oct  3 09:13 tests/fake.img
2026-10-03T09:13:13.8431442Z ==> using KVM acceleration
2026-10-03T09:13:13.8431848Z ==> amd64: qemu-system-x86_64 -machine q35 | firmware 
2026-10-03T09:13:13.8526122Z can't read "dbgbuf": no such variable
2026-10-03T09:13:13.8526691Z     while executing
2026-10-03T09:13:13.8527581Z "puts "        puts \"\\nDBG-MARK: arm-text=<$m-OK> in-buffer OK/SKIP/FAIL = \[expr {\[string first $m-OK $dbgbuf\] >= 0}\]/\[expr {\[string first $m-S..."
2026-10-03T09:13:13.8528563Z     ("for" body line 62)
2026-10-03T09:13:13.8529148Z     invoked from within
2026-10-03T09:13:13.8529496Z "for {set i 0} {$i < $suites} {incr i} {
2026-10-03T09:13:13.8529788Z     set suite [lindex $suite_list $i]
2026-10-03T09:13:13.8530223Z     set suite [esc $suite]
2026-10-03T09:13:13.8530609Z     puts ""
2026-10-03T09:13:13.8531009Z     puts "set timeout \$env(NB_SU..."
2026-10-03T09:13:13.8531705Z     (file "/home/runner/work/nextbsd-ci/nextbsd-ci/manifest/gen-arms.tcl" line 197)
2026-10-03T09:13:13.8532645Z FAIL: arm generation failed (bad manifest?); refusing to boot without arms
2026-10-03T09:13:13.8533749Z SELFTEST FAIL: case two-suite — expected rc 0, got 1
2026-10-03T09:13:13.8534261Z ==> SELFTEST FAILED
2026-10-03T09:13:13.8549685Z ##[error]Process completed with exit code 1.
2026-10-03T09:13:13.8700840Z Post job cleanup.
2026-10-03T09:13:13.9589711Z [command]/usr/bin/git version
2026-10-03T09:13:13.9636479Z git version 2.55.0
2026-10-03T09:13:13.9677719Z Temporarily overriding HOME='/home/runner/work/_temp/83a47e98-095f-4318-8615-ef5827df097e' before making global git config changes
2026-10-03T09:13:13.9679317Z Adding repository directory to the temporary git global config as a safe directory
2026-10-03T09:13:13.9683374Z [command]/usr/bin/git config --global --add safe.directory /home/runner/work/nextbsd-ci/nextbsd-ci
2026-10-03T09:13:13.9731184Z [command]/usr/bin/git config --local --name-only --get-regexp core\.sshCommand
2026-10-03T09:13:13.9771351Z [command]/usr/bin/git submodule foreach --recursive sh -c "git config --local --name-only --get-regexp 'core\.sshCommand' && git config --local --unset-all 'core.sshCommand' || :"
2026-10-03T09:13:14.0030122Z [command]/usr/bin/git config --local --name-only --get-regexp http\.https\:\/\/github\.com\/\.extraheader
2026-10-03T09:13:14.0063346Z http.https://github.com/.extraheader
2026-10-03T09:13:14.0076595Z [command]/usr/bin/git config --local --unset-all http.https://github.com/.extraheader
2026-10-03T09:13:14.0115279Z [command]/usr/bin/git submodule foreach --recursive sh -c "git config --local --name-only --get-regexp 'http\.https\:\/\/github\.com\/\.extraheader' && git config --local --unset-all 'http.https://github.com/.extraheader' || :"
2026-10-03T09:13:14.0386678Z [command]/usr/bin/git config --local --name-only --get-regexp ^includeIf\.gitdir:
2026-10-03T09:13:14.0429806Z [command]/usr/bin/git submodule foreach --recursive git config --local --show-origin --name-only --get-regexp remote.origin.url
2026-10-03T09:13:14.0854703Z Cleaning up orphan processes
2026-10-03T09:13:14.1165748Z ##[warning]Node.js 20 is deprecated. The following actions target Node.js 20 but are being forced to run on Node.js 24: actions/checkout@v4. For more information see: https://github.blog/changelog/2025-09-19-deprecation-of-node-20-on-github-actions-runners/
