2026-10-03T09:22:48.3952496Z Current runner version: '2.337.0'
2026-10-03T09:22:48.3972773Z ##[group]Runner Image Provisioner
2026-10-03T09:22:48.3973370Z Hosted Compute Agent
2026-10-03T09:22:48.3973870Z Version: 20260901.588
2026-10-03T09:22:48.3974263Z Commit: f88ec8081b781fac6c440065ac7ff9e710ce3d0b
2026-10-03T09:22:48.3974704Z Build Date: 2026-09-01T19:56:44Z
2026-10-03T09:22:48.3975189Z Worker ID: {51701584-0e70-4f60-91c5-9cf6eccdfed1}
2026-10-03T09:22:48.3975624Z Azure Region: westus2
2026-10-03T09:22:48.3976017Z ##[endgroup]
2026-10-03T09:22:48.3976878Z ##[group]Operating System
2026-10-03T09:22:48.3977246Z Ubuntu
2026-10-03T09:22:48.3977626Z 24.04.5
2026-10-03T09:22:48.3977949Z LTS
2026-10-03T09:22:48.3978323Z ##[endgroup]
2026-10-03T09:22:48.3979029Z ##[group]Runner Image
2026-10-03T09:22:48.3979453Z Image: ubuntu-24.04
2026-10-03T09:22:48.3979846Z Version: 20260927.320.1
2026-10-03T09:22:48.3980674Z Included Software: https://github.com/actions/runner-images/blob/ubuntu24/20260927.320/images/ubuntu/Ubuntu2404-Readme.md
2026-10-03T09:22:48.3981648Z Image Release: https://github.com/actions/runner-images/releases/tag/ubuntu24%2F20260927.320
2026-10-03T09:22:48.3982212Z ##[endgroup]
2026-10-03T09:22:48.3982966Z ##[group]GITHUB_TOKEN Permissions
2026-10-03T09:22:48.3984299Z Contents: read
2026-10-03T09:22:48.3984729Z Metadata: read
2026-10-03T09:22:48.3985071Z Packages: read
2026-10-03T09:22:48.3985402Z ##[endgroup]
2026-10-03T09:22:48.3986927Z Secret source: Actions
2026-10-03T09:22:48.3987543Z Cache mode: write
2026-10-03T09:22:48.3988072Z Prepare workflow directory
2026-10-03T09:22:48.4211723Z Prepare all required actions
2026-10-03T09:22:48.4245887Z Getting action download info
2026-10-03T09:22:48.7651489Z Download action repository 'actions/checkout@v4' (SHA:11d5960a326750d5838078e36cf38b85af677262)
2026-10-03T09:22:48.9319345Z Complete job name: selftest (amd64, ubuntu-24.04)
2026-10-03T09:22:48.9770778Z ##[group]Run actions/checkout@v4
2026-10-03T09:22:48.9771185Z with:
2026-10-03T09:22:48.9771422Z   repository: nextbsd/nextbsd-ci
2026-10-03T09:22:48.9773394Z   token: ***
2026-10-03T09:22:48.9773621Z   ssh-strict: true
2026-10-03T09:22:48.9773852Z   ssh-user: git
2026-10-03T09:22:48.9774091Z   persist-credentials: true
2026-10-03T09:22:48.9774351Z   clean: true
2026-10-03T09:22:48.9774590Z   sparse-checkout-cone-mode: true
2026-10-03T09:22:48.9774864Z   fetch-depth: 1
2026-10-03T09:22:48.9775091Z   fetch-tags: false
2026-10-03T09:22:48.9775329Z   show-progress: true
2026-10-03T09:22:48.9775565Z   lfs: false
2026-10-03T09:22:48.9775788Z   submodules: false
2026-10-03T09:22:48.9776030Z   set-safe-directory: true
2026-10-03T09:22:48.9776302Z   allow-unsafe-pr-checkout: false
2026-10-03T09:22:48.9776637Z ##[endgroup]
2026-10-03T09:22:49.0415234Z Syncing repository: nextbsd/nextbsd-ci
2026-10-03T09:22:49.0416820Z ##[group]Getting Git version info
2026-10-03T09:22:49.0417474Z Working directory is '/home/runner/work/nextbsd-ci/nextbsd-ci'
2026-10-03T09:22:49.0418329Z [command]/usr/bin/git version
2026-10-03T09:22:49.0524770Z git version 2.55.0
2026-10-03T09:22:49.0537069Z ##[endgroup]
2026-10-03T09:22:49.0549127Z Temporarily overriding HOME='/home/runner/work/_temp/2276fa5a-c6fc-4158-ab1b-4a1b2e1271f7' before making global git config changes
2026-10-03T09:22:49.0550332Z Adding repository directory to the temporary git global config as a safe directory
2026-10-03T09:22:49.0553978Z [command]/usr/bin/git config --global --add safe.directory /home/runner/work/nextbsd-ci/nextbsd-ci
2026-10-03T09:22:49.0601012Z Deleting the contents of '/home/runner/work/nextbsd-ci/nextbsd-ci'
2026-10-03T09:22:49.0604298Z ##[group]Initializing the repository
2026-10-03T09:22:49.0606606Z [command]/usr/bin/git init /home/runner/work/nextbsd-ci/nextbsd-ci
2026-10-03T09:22:49.0695392Z hint: Using 'master' as the name for the initial branch. This default branch name
2026-10-03T09:22:49.0696227Z hint: will change to "main" in Git 3.0. To configure the initial branch name
2026-10-03T09:22:49.0697101Z hint: to use in all of your new repositories, which will suppress this warning,
2026-10-03T09:22:49.0697978Z hint: call:
2026-10-03T09:22:49.0698959Z hint:
2026-10-03T09:22:49.0699630Z hint: 	git config --global init.defaultBranch <name>
2026-10-03T09:22:49.0700484Z hint:
2026-10-03T09:22:49.0701090Z hint: Names commonly chosen instead of 'master' are 'main', 'trunk' and
2026-10-03T09:22:49.0701882Z hint: 'development'. The just-created branch can be renamed via this command:
2026-10-03T09:22:49.0702506Z hint:
2026-10-03T09:22:49.0702860Z hint: 	git branch -m <name>
2026-10-03T09:22:49.0703251Z hint:
2026-10-03T09:22:49.0703774Z hint: Disable this message with "git config set advice.defaultBranchName false"
2026-10-03T09:22:49.0704752Z Initialized empty Git repository in /home/runner/work/nextbsd-ci/nextbsd-ci/.git/
2026-10-03T09:22:49.0710547Z [command]/usr/bin/git remote add origin https://github.com/nextbsd/nextbsd-ci
2026-10-03T09:22:49.0767141Z ##[endgroup]
2026-10-03T09:22:49.0767809Z ##[group]Disabling automatic garbage collection
2026-10-03T09:22:49.0771002Z [command]/usr/bin/git config --local gc.auto 0
2026-10-03T09:22:49.0801367Z ##[endgroup]
2026-10-03T09:22:49.0801957Z ##[group]Setting up auth
2026-10-03T09:22:49.0806727Z [command]/usr/bin/git config --local --name-only --get-regexp core\.sshCommand
2026-10-03T09:22:49.0839641Z [command]/usr/bin/git submodule foreach --recursive sh -c "git config --local --name-only --get-regexp 'core\.sshCommand' && git config --local --unset-all 'core.sshCommand' || :"
2026-10-03T09:22:49.1140346Z [command]/usr/bin/git config --local --name-only --get-regexp http\.https\:\/\/github\.com\/\.extraheader
2026-10-03T09:22:49.1168841Z [command]/usr/bin/git submodule foreach --recursive sh -c "git config --local --name-only --get-regexp 'http\.https\:\/\/github\.com\/\.extraheader' && git config --local --unset-all 'http.https://github.com/.extraheader' || :"
2026-10-03T09:22:49.1350165Z [command]/usr/bin/git config --local --name-only --get-regexp ^includeIf\.gitdir:
2026-10-03T09:22:49.1378819Z [command]/usr/bin/git submodule foreach --recursive git config --local --show-origin --name-only --get-regexp remote.origin.url
2026-10-03T09:22:49.1560772Z [command]/usr/bin/git config --local http.https://github.com/.extraheader AUTHORIZATION: basic ***
2026-10-03T09:22:49.1595642Z ##[endgroup]
2026-10-03T09:22:49.1596202Z ##[group]Fetching the repository
2026-10-03T09:22:49.1603510Z [command]/usr/bin/git -c protocol.version=2 fetch --no-tags --prune --no-recurse-submodules --depth=1 origin +b68867622bed2a6d261d2403aa4613b038ff5814:refs/remotes/pull/9/merge
2026-10-03T09:22:49.4687313Z From https://github.com/nextbsd/nextbsd-ci
2026-10-03T09:22:49.4688357Z  * [new ref]         b68867622bed2a6d261d2403aa4613b038ff5814 -> pull/9/merge
2026-10-03T09:22:49.4691680Z ##[endgroup]
2026-10-03T09:22:49.4692285Z ##[group]Determining the checkout info
2026-10-03T09:22:49.4694194Z ##[endgroup]
2026-10-03T09:22:49.4698825Z [command]/usr/bin/git sparse-checkout disable
2026-10-03T09:22:49.4753638Z [command]/usr/bin/git config --local --unset-all extensions.worktreeConfig
2026-10-03T09:22:49.4780584Z ##[group]Checking out the ref
2026-10-03T09:22:49.4783704Z [command]/usr/bin/git checkout --progress --force refs/remotes/pull/9/merge
2026-10-03T09:22:49.4853697Z Note: switching to 'refs/remotes/pull/9/merge'.
2026-10-03T09:22:49.4853992Z 
2026-10-03T09:22:49.4854267Z You are in 'detached HEAD' state. You can look around, make experimental
2026-10-03T09:22:49.4854753Z changes and commit them, and you can discard any commits you make in this
2026-10-03T09:22:49.4855439Z state without impacting any branches by switching back to a branch.
2026-10-03T09:22:49.4855859Z 
2026-10-03T09:22:49.4856146Z If you want to create a new branch to retain commits you create, you may
2026-10-03T09:22:49.4856815Z do so (now or later) by using -c with the switch command. Example:
2026-10-03T09:22:49.4857204Z 
2026-10-03T09:22:49.4857415Z   git switch -c <new-branch-name>
2026-10-03T09:22:49.4857681Z 
2026-10-03T09:22:49.4857868Z Or undo this operation with:
2026-10-03T09:22:49.4858118Z 
2026-10-03T09:22:49.4858662Z   git switch -
2026-10-03T09:22:49.4858854Z 
2026-10-03T09:22:49.4859173Z Turn off this advice by setting config variable advice.detachedHead to false
2026-10-03T09:22:49.4859664Z 
2026-10-03T09:22:49.4860295Z HEAD is now at b688676 Merge 34ccf98aa3d76577819bd1dafab6f525ba728bda into bae13410f0ff570b952d51053ed0c462272008b7
2026-10-03T09:22:49.4865356Z ##[endgroup]
2026-10-03T09:22:49.4900080Z [command]/usr/bin/git log -1 --format=%H
2026-10-03T09:22:49.4922374Z b68867622bed2a6d261d2403aa4613b038ff5814
2026-10-03T09:22:49.5095144Z ##[group]Run sudo apt-get update && sudo apt-get install -y expect shellcheck
2026-10-03T09:22:49.5095717Z [36;1msudo apt-get update && sudo apt-get install -y expect shellcheck[0m
2026-10-03T09:22:49.5390595Z shell: /usr/bin/bash -e {0}
2026-10-03T09:22:49.5390923Z ##[endgroup]
2026-10-03T09:22:49.6034821Z Get:1 file:/etc/apt/apt-mirrors.txt Mirrorlist [144 B]
2026-10-03T09:22:49.6504279Z Get:6 https://packages.microsoft.com/ubuntu/24.04/prod noble InRelease [3600 B]
2026-10-03T09:22:49.7014015Z Get:7 https://packages.microsoft.com/ubuntu/24.04/prod noble/main arm64 Packages [458 kB]
2026-10-03T09:22:49.7161011Z Get:8 https://packages.microsoft.com/ubuntu/24.04/prod noble/main amd64 Packages [511 kB]
2026-10-03T09:22:49.7212201Z Get:9 https://packages.microsoft.com/ubuntu/24.04/prod noble/main armhf Packages [12.6 kB]
2026-10-03T09:22:49.7891200Z Hit:2 http://azure.archive.ubuntu.com/ubuntu noble InRelease
2026-10-03T09:22:49.7903148Z Get:3 http://azure.archive.ubuntu.com/ubuntu noble-updates InRelease [126 kB]
2026-10-03T09:22:49.7940733Z Get:4 http://azure.archive.ubuntu.com/ubuntu noble-backports InRelease [126 kB]
2026-10-03T09:22:49.7962735Z Get:5 http://azure.archive.ubuntu.com/ubuntu noble-security InRelease [126 kB]
2026-10-03T09:22:49.8677039Z Get:10 http://azure.archive.ubuntu.com/ubuntu noble-updates/main amd64 Packages [1364 kB]
2026-10-03T09:22:49.8755960Z Get:11 http://azure.archive.ubuntu.com/ubuntu noble-updates/main Translation-en [304 kB]
2026-10-03T09:22:49.8776448Z Get:12 http://azure.archive.ubuntu.com/ubuntu noble-updates/main amd64 Components [180 kB]
2026-10-03T09:22:49.8793696Z Get:13 http://azure.archive.ubuntu.com/ubuntu noble-updates/universe amd64 Packages [1699 kB]
2026-10-03T09:22:49.8860174Z Get:14 http://azure.archive.ubuntu.com/ubuntu noble-updates/universe Translation-en [341 kB]
2026-10-03T09:22:49.8878166Z Get:15 http://azure.archive.ubuntu.com/ubuntu noble-updates/universe amd64 Components [388 kB]
2026-10-03T09:22:49.8919625Z Get:16 http://azure.archive.ubuntu.com/ubuntu noble-updates/restricted amd64 Packages [1720 kB]
2026-10-03T09:22:49.8982704Z Get:17 http://azure.archive.ubuntu.com/ubuntu noble-updates/restricted Translation-en [394 kB]
2026-10-03T09:22:49.9005391Z Get:18 http://azure.archive.ubuntu.com/ubuntu noble-updates/multiverse amd64 Components [940 B]
2026-10-03T09:22:49.9066020Z Get:19 http://azure.archive.ubuntu.com/ubuntu noble-backports/main amd64 Components [5764 B]
2026-10-03T09:22:49.9499622Z Get:20 http://azure.archive.ubuntu.com/ubuntu noble-backports/universe amd64 Components [12.6 kB]
2026-10-03T09:22:49.9513641Z Get:21 http://azure.archive.ubuntu.com/ubuntu noble-security/main amd64 Packages [1069 kB]
2026-10-03T09:22:49.9556546Z Get:22 http://azure.archive.ubuntu.com/ubuntu noble-security/main Translation-en [221 kB]
2026-10-03T09:22:49.9574680Z Get:23 http://azure.archive.ubuntu.com/ubuntu noble-security/main amd64 Components [46.3 kB]
2026-10-03T09:22:49.9587294Z Get:24 http://azure.archive.ubuntu.com/ubuntu noble-security/universe amd64 Packages [1216 kB]
2026-10-03T09:22:49.9633049Z Get:25 http://azure.archive.ubuntu.com/ubuntu noble-security/universe Translation-en [244 kB]
2026-10-03T09:22:49.9651120Z Get:26 http://azure.archive.ubuntu.com/ubuntu noble-security/universe amd64 Components [76.3 kB]
2026-10-03T09:22:49.9664990Z Get:27 http://azure.archive.ubuntu.com/ubuntu noble-security/restricted amd64 Packages [1566 kB]
2026-10-03T09:22:49.9719053Z Get:28 http://azure.archive.ubuntu.com/ubuntu noble-security/restricted Translation-en [361 kB]
2026-10-03T09:22:56.0732281Z Fetched 12.6 MB in 1s (11.3 MB/s)
2026-10-03T09:22:56.6615653Z Reading package lists...
2026-10-03T09:22:56.6857556Z Reading package lists...
2026-10-03T09:22:56.8304900Z Building dependency tree...
2026-10-03T09:22:56.8309617Z Reading state information...
2026-10-03T09:22:56.9464538Z shellcheck is already the newest version (0.9.0-1).
2026-10-03T09:22:56.9465356Z The following NEW packages will be installed:
2026-10-03T09:22:56.9470078Z   expect tcl-expect
2026-10-03T09:22:56.9596006Z 0 upgraded, 2 newly installed, 0 to remove and 25 not upgraded.
2026-10-03T09:22:56.9596481Z Need to get 247 kB of archives.
2026-10-03T09:22:56.9596784Z After this operation, 538 kB of additional disk space will be used.
2026-10-03T09:22:56.9597052Z Get:1 file:/etc/apt/apt-mirrors.txt Mirrorlist [144 B]
2026-10-03T09:22:57.1326972Z Get:2 http://azure.archive.ubuntu.com/ubuntu noble/universe amd64 tcl-expect amd64 5.45.4-3 [110 kB]
2026-10-03T09:22:57.2697648Z Get:3 http://azure.archive.ubuntu.com/ubuntu noble/universe amd64 expect amd64 5.45.4-3 [137 kB]
2026-10-03T09:22:57.4683764Z Fetched 247 kB in 0s (765 kB/s)
2026-10-03T09:22:57.4865002Z Selecting previously unselected package tcl-expect:amd64.
2026-10-03T09:22:57.5117227Z (Reading database ... 
2026-10-03T09:22:57.5117696Z (Reading database ... 5%
2026-10-03T09:22:57.5117994Z (Reading database ... 10%
2026-10-03T09:22:57.5118245Z (Reading database ... 15%
2026-10-03T09:22:57.5118697Z (Reading database ... 20%
2026-10-03T09:22:57.5119073Z (Reading database ... 25%
2026-10-03T09:22:57.5119382Z (Reading database ... 30%
2026-10-03T09:22:57.5119763Z (Reading database ... 35%
2026-10-03T09:22:57.5120055Z (Reading database ... 40%
2026-10-03T09:22:57.5129859Z (Reading database ... 45%
2026-10-03T09:22:57.5130339Z (Reading database ... 50%
2026-10-03T09:22:57.5161033Z (Reading database ... 55%
2026-10-03T09:22:57.6203395Z (Reading database ... 60%
2026-10-03T09:22:57.8150656Z (Reading database ... 65%
2026-10-03T09:22:58.0189742Z (Reading database ... 70%
2026-10-03T09:22:58.2212394Z (Reading database ... 75%
2026-10-03T09:22:58.3597688Z (Reading database ... 80%
2026-10-03T09:22:58.4681021Z (Reading database ... 85%
2026-10-03T09:22:58.6312435Z (Reading database ... 90%
2026-10-03T09:22:58.7309697Z (Reading database ... 95%
2026-10-03T09:22:58.7309965Z (Reading database ... 100%
2026-10-03T09:22:58.7310281Z (Reading database ... 202296 files and directories currently installed.)
2026-10-03T09:22:58.7349216Z Preparing to unpack .../tcl-expect_5.45.4-3_amd64.deb ...
2026-10-03T09:22:58.7439299Z Unpacking tcl-expect:amd64 (5.45.4-3) ...
2026-10-03T09:22:58.7671537Z Selecting previously unselected package expect.
2026-10-03T09:22:58.7772944Z Preparing to unpack .../expect_5.45.4-3_amd64.deb ...
2026-10-03T09:22:58.7781197Z Unpacking expect (5.45.4-3) ...
2026-10-03T09:22:58.8215464Z Setting up tcl-expect:amd64 (5.45.4-3) ...
2026-10-03T09:22:58.8237300Z Setting up expect (5.45.4-3) ...
2026-10-03T09:22:58.8259106Z Processing triggers for man-db (2.12.0-4build2) ...
2026-10-03T09:22:58.8280317Z Not building database; man-db/auto-update is not 'true'.
2026-10-03T09:22:58.8293356Z Processing triggers for libc-bin (2.39-0ubuntu8.9) ...
2026-10-03T09:22:59.4956153Z 
2026-10-03T09:22:59.4957034Z Running kernel seems to be up-to-date.
2026-10-03T09:22:59.4957412Z 
2026-10-03T09:22:59.4957568Z No services need to be restarted.
2026-10-03T09:22:59.4957738Z 
2026-10-03T09:22:59.4957828Z No containers need to be restarted.
2026-10-03T09:22:59.4958087Z 
2026-10-03T09:22:59.4958297Z No user sessions are running outdated binaries.
2026-10-03T09:22:59.4958670Z 
2026-10-03T09:22:59.4958955Z No VM guests are running outdated hypervisor (qemu) binaries on this host.
2026-10-03T09:23:00.3499164Z ##[group]Run fail=0
2026-10-03T09:23:00.3499363Z [36;1mfail=0[0m
2026-10-03T09:23:00.3499560Z [36;1mfor f in $(find harness manifest selftest -name '*.sh' -type f); do[0m
2026-10-03T09:23:00.3499820Z [36;1m  sh -n "$f" || { echo "sh -n failed: $f"; fail=1; }[0m
2026-10-03T09:23:00.3500180Z [36;1mdone[0m
2026-10-03T09:23:00.3500292Z [36;1mexit $fail[0m
2026-10-03T09:23:00.3554337Z shell: /usr/bin/bash -e {0}
2026-10-03T09:23:00.3554511Z ##[endgroup]
2026-10-03T09:23:00.3689766Z ##[group]Run find harness manifest selftest -name '*.sh' -type f -print0 | xargs -0 -r shellcheck -x
2026-10-03T09:23:00.3690209Z [36;1mfind harness manifest selftest -name '*.sh' -type f -print0 | xargs -0 -r shellcheck -x[0m
2026-10-03T09:23:00.3740691Z shell: /usr/bin/bash -e {0}
2026-10-03T09:23:00.3740851Z ##[endgroup]
2026-10-03T09:23:00.7636275Z ##[group]Run sh manifest/validate.sh \
2026-10-03T09:23:00.7636502Z [36;1msh manifest/validate.sh \[0m
2026-10-03T09:23:00.7636658Z [36;1m  manifest/markers.tsv \[0m
2026-10-03T09:23:00.7636820Z [36;1m  manifest/overlay-nextbsd.tsv \[0m
2026-10-03T09:23:00.7637009Z [36;1m  manifest/overlay-nextbsd-userland.tsv \[0m
2026-10-03T09:23:00.7637208Z [36;1m  manifest/overlay-nextbsd-kernel.tsv[0m
2026-10-03T09:23:00.7693330Z shell: /usr/bin/bash -e {0}
2026-10-03T09:23:00.7693485Z ##[endgroup]
2026-10-03T09:23:00.7802773Z manifest/markers.tsv: 93 markers OK
2026-10-03T09:23:00.7817847Z manifest/overlay-nextbsd.tsv:  markers OK
2026-10-03T09:23:00.7832450Z manifest/overlay-nextbsd-userland.tsv:  markers OK
2026-10-03T09:23:00.7848764Z manifest/overlay-nextbsd-kernel.tsv:  markers OK
2026-10-03T09:23:00.7917456Z ##[group]Run sh selftest/run-selftest.sh
2026-10-03T09:23:00.7917674Z [36;1msh selftest/run-selftest.sh[0m
2026-10-03T09:23:00.7975398Z shell: /usr/bin/bash -e {0}
2026-10-03T09:23:00.7975574Z env:
2026-10-03T09:23:00.7975697Z   ARCH: amd64
2026-10-03T09:23:00.7975819Z ##[endgroup]
2026-10-03T09:23:00.8069725Z ==> golden: the shared patterns against production stream shapes
2026-10-03T09:23:00.8633403Z OK   loader: EDK2 autoboot countdown
2026-10-03T09:23:00.8633698Z OK   loader: UEFI self-ID (FreeBSD brand)
2026-10-03T09:23:00.8633964Z OK   loader: UEFI self-ID (NextBSD brand)
2026-10-03T09:23:00.8634379Z OK   loader: leaving the prompt to boot
2026-10-03T09:23:00.8634631Z OK   loader: kernel entry marker
2026-10-03T09:23:00.8634974Z OK   banner: synthesized hostname (amd64)
2026-10-03T09:23:00.8635212Z OK   banner: synthesized hostname (arm64)
2026-10-03T09:23:00.8635447Z OK   banner: the Amnesiac race-loser
2026-10-03T09:23:00.8643426Z OK   banner: the early-init sethostname line
2026-10-03T09:23:00.8643666Z OK   login: login(1) session message
2026-10-03T09:23:00.8643898Z OK   login: zsh prompt
2026-10-03T09:23:00.8644108Z OK   panic: page fault
2026-10-03T09:23:00.8644311Z OK   panic: data abort (arm64)
2026-10-03T09:23:00.8644513Z OK   teardown: shutdown progress
2026-10-03T09:23:00.8644710Z OK   teardown: syncing
2026-10-03T09:23:00.8644889Z OK   teardown: buffers synced
2026-10-03T09:23:00.8645079Z OK   teardown: uptime
2026-10-03T09:23:00.8645277Z OK   teardown: poweroff
2026-10-03T09:23:00.8645467Z OK   teardown: reboot (the wrong outcome)
2026-10-03T09:23:00.8645694Z OK   sentinel: summary line
2026-10-03T09:23:00.8645841Z 
2026-10-03T09:23:00.8645971Z golden: all patterns match the production stream shapes
2026-10-03T09:23:00.8689139Z ==> manifest: schema
2026-10-03T09:23:00.8689366Z /home/runner/work/nextbsd-ci/nextbsd-ci/manifest/markers.tsv: 93 markers OK
2026-10-03T09:23:00.8705953Z /home/runner/work/nextbsd-ci/nextbsd-ci/manifest/overlay-nextbsd.tsv:  markers OK
2026-10-03T09:23:00.8720105Z /home/runner/work/nextbsd-ci/nextbsd-ci/manifest/overlay-nextbsd-userland.tsv:  markers OK
2026-10-03T09:23:00.8733930Z /home/runner/work/nextbsd-ci/nextbsd-ci/manifest/overlay-nextbsd-kernel.tsv:  markers OK
2026-10-03T09:23:00.8757799Z ==> harness vs mock guest (arch=amd64)
2026-10-03T09:23:00.8819615Z     plan: 94 markers
2026-10-03T09:23:00.8820260Z ==> case: ok (suite: /usr/tests/freebsd-launchd-mach/run.sh) — expect rc 0
2026-10-03T09:23:00.8843069Z ==> boot test: tests/fake.img
2026-10-03T09:23:00.8850913Z -rw-r--r-- 1 runner runner 0 Oct  3 09:23 tests/fake.img
2026-10-03T09:23:00.8910742Z ==> using KVM acceleration
2026-10-03T09:23:00.8911275Z ==> amd64: qemu-system-x86_64 -machine q35 | firmware 
2026-10-03T09:23:00.9047456Z spawn tclsh /home/runner/work/nextbsd-ci/nextbsd-ci/selftest/mock-guest.tcl
2026-10-03T09:23:00.9088888Z FreeBSD/amd64 EFI loader, Revision 3.0
2026-10-03T09:23:00.9089141Z 
2026-10-03T09:23:00.9089149Z 
2026-10-03T09:23:00.9089273Z Loading /boot/loader.conf
2026-10-03T09:23:00.9089408Z 
2026-10-03T09:23:00.9089412Z 
2026-10-03T09:23:00.9089574Z Hit [Enter] to boot immediately, or any other key for command prompt.
2026-10-03T09:23:00.9089826Z 
2026-10-03T09:23:00.9089829Z 
2026-10-03T09:23:00.9089910Z OK 
2026-10-03T09:23:00.9090017Z ==> at loader prompt
2026-10-03T09:23:02.0914309Z  set console=comconsole
2026-10-03T09:23:02.0914486Z OK set console=comconsole
2026-10-03T09:23:02.0914586Z 
2026-10-03T09:23:02.0914590Z 
2026-10-03T09:23:03.1535636Z OK set boot_serial=YES
2026-10-03T09:23:03.1535850Z OK set boot_serial=YES
2026-10-03T09:23:03.1535934Z 
2026-10-03T09:23:03.1535938Z 
2026-10-03T09:23:04.5367629Z OK set comconsole_speed=115200
2026-10-03T09:23:04.5367910Z OK set comconsole_speed=115200
2026-10-03T09:23:04.5368011Z 
2026-10-03T09:23:04.5368015Z 
2026-10-03T09:23:05.7191699Z OK set boot_multicons=YES
2026-10-03T09:23:05.7191952Z OK set boot_multicons=YES
2026-10-03T09:23:05.7192042Z 
2026-10-03T09:23:05.7192046Z 
2026-10-03T09:23:06.8213825Z OK set boot_mutemsgs=NO
2026-10-03T09:23:06.8214097Z OK set boot_mutemsgs=NO
2026-10-03T09:23:06.8214230Z 
2026-10-03T09:23:06.8214233Z 
2026-10-03T09:23:07.4023965Z OK boot -v
2026-10-03T09:23:07.4024209Z Booting [/boot/kernel/kernel]
2026-10-03T09:23:07.4024383Z 
2026-10-03T09:23:07.4024387Z 
2026-10-03T09:23:07.4024512Z ---<<BOOT>>---
2026-10-03T09:23:07.4024612Z 
2026-10-03T09:23:07.4024619Z 
2026-10-03T09:23:07.4024720Z Copyright (c) 1992-2025 The FreeBSD Project.
2026-10-03T09:23:07.4024903Z 
2026-10-03T09:23:07.4024906Z 
2026-10-03T09:23:07.4024994Z early-init: sethostname('selftest')
2026-10-03T09:23:07.4025147Z 
2026-10-03T09:23:07.4025183Z 
2026-10-03T09:23:07.4025326Z early-init: opened /dev/klog (kernel.log_open=1; console quiet)
2026-10-03T09:23:07.4025557Z 
2026-10-03T09:23:07.4025560Z 
2026-10-03T09:23:07.4025646Z NextBSD/amd64 (selftest) (console)
2026-10-03T09:23:07.4025787Z 
2026-10-03T09:23:07.4025790Z 
2026-10-03T09:23:07.4026731Z 
2026-10-03T09:23:07.4027129Z OK: BOOT-BANNER-OK — getty shows the synthesized hostname 'selftest'
2026-10-03T09:23:07.7028426Z login:
2026-10-03T09:23:07.7028754Z 
2026-10-03T09:23:07.7028757Z 
2026-10-03T09:23:07.7028771Z 
2026-10-03T09:23:07.7028865Z OK: boot reached the login prompt
2026-10-03T09:23:07.7029108Z admin
2026-10-03T09:23:07.7029268Z Password:
2026-10-03T09:23:07.7029363Z 
2026-10-03T09:23:07.7029369Z 
2026-10-03T09:23:07.7029456Z 
2026-10-03T09:23:07.7029647Z admin@selftest ~ % 
2026-10-03T09:23:07.7029829Z OK: logged in as admin
2026-10-03T09:23:07.7030925Z ==> running on-image suite: /usr/tests/freebsd-launchd-mach/run.sh
2026-10-03T09:23:07.7037397Z r() { if [ "$(id -u)" = 0 ]; then "$@"; else sudo "$@"; fi; }
2026-10-03T09:23:07.7037806Z admin@selftest ~ % r /usr/tests/freebsd-launchd-mach/run.sh
2026-10-03T09:23:07.7038018Z ACCT-HELPERS-OK
2026-10-03T09:23:07.7038087Z 
2026-10-03T09:23:07.7038090Z 
2026-10-03T09:23:07.7038139Z ACCT-LIFECYCLE-OK
2026-10-03T09:23:07.7038208Z 
2026-10-03T09:23:07.7038210Z 
2026-10-03T09:23:07.7038296Z ADVCMD-LEAF-OK
2026-10-03T09:23:07.7038417Z 
2026-10-03T09:23:07.7038419Z 
2026-10-03T09:23:07.7038501Z ASLMANAGER-DEMAND-SKIP
2026-10-03T09:23:07.7038748Z 
2026-10-03T09:23:07.7038750Z 
2026-10-03T09:23:07.7038818Z BOOT-BANNER-SKIP
2026-10-03T09:23:07.7038886Z 
2026-10-03T09:23:07.7038888Z 
2026-10-03T09:23:07.7038951Z BOOTSTRAP-OK
2026-10-03T09:23:07.7039011Z 
2026-10-03T09:23:07.7039013Z 
2026-10-03T09:23:07.7039070Z BOOTSTRAP-REMOTE-OK
2026-10-03T09:23:07.7039202Z 
2026-10-03T09:23:07.7039205Z 
2026-10-03T09:23:07.7039256Z BUSYSTATE-OK
2026-10-03T09:23:07.7039316Z 
2026-10-03T09:23:07.7039320Z 
2026-10-03T09:23:07.7039363Z CONFIGD-LIST-OK
2026-10-03T09:23:07.7039697Z 
2026-10-03T09:23:07.7039699Z 
2026-10-03T09:23:07.7039744Z CONFIGD-MULTI-OK
2026-10-03T09:23:07.7039809Z 
2026-10-03T09:23:07.7039811Z 
2026-10-03T09:23:07.7039856Z CONFIGD-NOTIFY-OK
2026-10-03T09:23:07.7039923Z 
2026-10-03T09:23:07.7039925Z 
2026-10-03T09:23:07.7039978Z CONFIGD-PATTERN-OK
2026-10-03T09:23:07.7040045Z 
2026-10-03T09:23:07.7040046Z 
2026-10-03T09:23:07.7040095Z CONFIGD-STORE-OK
2026-10-03T09:23:07.7040157Z 
2026-10-03T09:23:07.7040159Z 
2026-10-03T09:23:07.7040206Z COREFOUNDATION-OK
2026-10-03T09:23:07.7040269Z 
2026-10-03T09:23:07.7040274Z 
2026-10-03T09:23:07.7040315Z DA-BOOT-OK
2026-10-03T09:23:07.7040374Z 
2026-10-03T09:23:07.7040376Z 
2026-10-03T09:23:07.7040417Z DA-IOKIT-OK
2026-10-03T09:23:07.7040475Z 
2026-10-03T09:23:07.7040477Z 
2026-10-03T09:23:07.7040519Z DAEMON-STATE-OK
2026-10-03T09:23:07.7040584Z 
2026-10-03T09:23:07.7040585Z 
2026-10-03T09:23:07.7040629Z DOMAIN-DIRS-OK
2026-10-03T09:23:07.7040689Z 
2026-10-03T09:23:07.7040691Z 
2026-10-03T09:23:07.7040741Z EVFILT-MACHPORT-SKIP
2026-10-03T09:23:07.7040820Z 
2026-10-03T09:23:07.7040822Z 
2026-10-03T09:23:07.7040886Z EVFILT-MACHPORT-CONCURRENT-OK
2026-10-03T09:23:07.7040978Z 
2026-10-03T09:23:07.7040982Z 
2026-10-03T09:23:07.7041025Z FBSDGLUE-OK
2026-10-03T09:23:07.7041082Z 
2026-10-03T09:23:07.7041084Z 
2026-10-03T09:23:07.7041126Z FILECMD-LEAF-OK
2026-10-03T09:23:07.7041191Z 
2026-10-03T09:23:07.7041305Z 
2026-10-03T09:23:07.7041346Z GETTY-OK
2026-10-03T09:23:07.7041404Z 
2026-10-03T09:23:07.7041406Z 
2026-10-03T09:23:07.7041448Z HOMEDIR-OK
2026-10-03T09:23:07.7041504Z 
2026-10-03T09:23:07.7041506Z 
2026-10-03T09:23:07.7041556Z HOST-BOOTSTRAP-OK
2026-10-03T09:23:07.7041661Z 
2026-10-03T09:23:07.7041663Z 
2026-10-03T09:23:07.7041732Z HOSTNAMED-OK
2026-10-03T09:23:07.7041841Z 
2026-10-03T09:23:07.7041844Z 
2026-10-03T09:23:07.7041937Z HOSTNAMED-BONJOUR-RENAME-SKIP
2026-10-03T09:23:07.7042039Z 
2026-10-03T09:23:07.7042041Z 
2026-10-03T09:23:07.7042084Z HOSTNAMED-DHCP-OK
2026-10-03T09:23:07.7042152Z 
2026-10-03T09:23:07.7042158Z 
2026-10-03T09:23:07.7042203Z HOSTNAMED-MDNS-SKIP
2026-10-03T09:23:07.7042273Z 
2026-10-03T09:23:07.7042274Z 
2026-10-03T09:23:07.7042324Z HOSTNAMED-PREFS-OK
2026-10-03T09:23:07.7042389Z 
2026-10-03T09:23:07.7042391Z 
2026-10-03T09:23:07.7042436Z IPCFG-ARP-OK
2026-10-03T09:23:07.7042496Z 
2026-10-03T09:23:07.7042498Z 
2026-10-03T09:23:07.7042542Z IPCFG-BOOT-OK
2026-10-03T09:23:07.7042607Z 
2026-10-03T09:23:07.7042609Z 
2026-10-03T09:23:07.7042655Z IPCFG-BOUND-OK
2026-10-03T09:23:07.7042719Z 
2026-10-03T09:23:07.7042721Z 
2026-10-03T09:23:07.7042763Z IPCFG-DHCP-OK
2026-10-03T09:23:07.7042825Z 
2026-10-03T09:23:07.7042827Z 
2026-10-03T09:23:07.7042873Z IPCFG-IPCONFIG-OK
2026-10-03T09:23:07.7042942Z 
2026-10-03T09:23:07.7042944Z 
2026-10-03T09:23:07.7042987Z IPCFG-RA-OK
2026-10-03T09:23:07.7043044Z 
2026-10-03T09:23:07.7043046Z 
2026-10-03T09:23:07.7043091Z IPCFG-RENEW-OK
2026-10-03T09:23:07.7043151Z 
2026-10-03T09:23:07.7043152Z 
2026-10-03T09:23:07.7043197Z IPCFG-RPC-OK
2026-10-03T09:23:07.7043257Z 
2026-10-03T09:23:07.7043261Z 
2026-10-03T09:23:07.7043308Z IPCFG-STORE-OK
2026-10-03T09:23:07.7043371Z 
2026-10-03T09:23:07.7043372Z 
2026-10-03T09:23:07.7043413Z KEM-LINK-OK
2026-10-03T09:23:07.7043472Z 
2026-10-03T09:23:07.7043474Z 
2026-10-03T09:23:07.7043518Z LAUNCHCTL-BUILD-OK
2026-10-03T09:23:07.7043587Z 
2026-10-03T09:23:07.7043589Z 
2026-10-03T09:23:07.7043637Z LAUNCHCTL-LIST-OK
2026-10-03T09:23:07.7043700Z 
2026-10-03T09:23:07.7043702Z 
2026-10-03T09:23:07.7043747Z LAUNCHD-BUILD-OK
2026-10-03T09:23:07.7043811Z 
2026-10-03T09:23:07.7043813Z 
2026-10-03T09:23:07.7043859Z LIBDISPATCH-OK
2026-10-03T09:23:07.7043919Z 
2026-10-03T09:23:07.7043921Z 
2026-10-03T09:23:07.7043969Z LIBDISPATCH-MACH-OK
2026-10-03T09:23:07.7044038Z 
2026-10-03T09:23:07.7044040Z 
2026-10-03T09:23:07.7044080Z LIBDS-OK
2026-10-03T09:23:07.7044140Z 
2026-10-03T09:23:07.7044142Z 
2026-10-03T09:23:07.7044186Z LIBSYSTEM-KERNEL-OK
2026-10-03T09:23:07.7044256Z 
2026-10-03T09:23:07.7044258Z 
2026-10-03T09:23:07.7044299Z LIBXPC-OK
2026-10-03T09:23:07.7044424Z 
2026-10-03T09:23:07.7044426Z 
2026-10-03T09:23:07.7044470Z LINUX-MOUNTS-OK
2026-10-03T09:23:07.7044532Z 
2026-10-03T09:23:07.7044534Z 
2026-10-03T09:23:07.7044579Z MACH-PORT-OK
2026-10-03T09:23:07.7044638Z 
2026-10-03T09:23:07.7044640Z 
2026-10-03T09:23:07.7044684Z MACH-SMOKE-OK
2026-10-03T09:23:07.7044747Z 
2026-10-03T09:23:07.7044749Z 
2026-10-03T09:23:07.7044793Z MDNS-BOOT-OK
2026-10-03T09:23:07.7044854Z 
2026-10-03T09:23:07.7044856Z 
2026-10-03T09:23:07.7044897Z MDNS-DNSSD-OK
2026-10-03T09:23:07.7044958Z 
2026-10-03T09:23:07.7044960Z 
2026-10-03T09:23:07.7045002Z MDNS-ENGINE-OK
2026-10-03T09:23:07.7045067Z 
2026-10-03T09:23:07.7045069Z 
2026-10-03T09:23:07.7045113Z MDNS-IFWATCH-OK
2026-10-03T09:23:07.7045175Z 
2026-10-03T09:23:07.7045177Z 
2026-10-03T09:23:07.7045222Z MDNS-STATIC-OK
2026-10-03T09:23:07.7045293Z 
2026-10-03T09:23:07.7045295Z 
2026-10-03T09:23:07.7045337Z MIG-BUILD-OK
2026-10-03T09:23:07.7045500Z 
2026-10-03T09:23:07.7045502Z 
2026-10-03T09:23:07.7045541Z NFS-OK
2026-10-03T09:23:07.7045601Z 
2026-10-03T09:23:07.7045602Z 
2026-10-03T09:23:07.7045648Z NOTIFYD-PROC-OK
2026-10-03T09:23:07.7045711Z 
2026-10-03T09:23:07.7045712Z 
2026-10-03T09:23:07.7045780Z NSS-DS-OK
2026-10-03T09:23:07.7045836Z 
2026-10-03T09:23:07.7045838Z 
2026-10-03T09:23:07.7045883Z NTP-OK
2026-10-03T09:23:07.7045935Z 
2026-10-03T09:23:07.7045937Z 
2026-10-03T09:23:07.7046040Z SC-BOND-OK
2026-10-03T09:23:07.7046101Z 
2026-10-03T09:23:07.7046103Z 
2026-10-03T09:23:07.7046144Z SC-BRIDGE-OK
2026-10-03T09:23:07.7046205Z 
2026-10-03T09:23:07.7046206Z 
2026-10-03T09:23:07.7046247Z SC-LOCK-OK
2026-10-03T09:23:07.7046305Z 
2026-10-03T09:23:07.7046307Z 
2026-10-03T09:23:07.7046351Z SC-MULTI-OK
2026-10-03T09:23:07.7046405Z 
2026-10-03T09:23:07.7046407Z 
2026-10-03T09:23:07.7046452Z SC-NETIF-OK
2026-10-03T09:23:07.7046506Z 
2026-10-03T09:23:07.7046508Z 
2026-10-03T09:23:07.7046551Z SC-NETSET-OK
2026-10-03T09:23:07.7046608Z 
2026-10-03T09:23:07.7046610Z 
2026-10-03T09:23:07.7046654Z SC-NETSVC-OK
2026-10-03T09:23:07.7046716Z 
2026-10-03T09:23:07.7046718Z 
2026-10-03T09:23:07.7046758Z SC-NOTIFY-OK
2026-10-03T09:23:07.7046817Z 
2026-10-03T09:23:07.7046818Z 
2026-10-03T09:23:07.7046861Z SC-PATH-OK
2026-10-03T09:23:07.7046918Z 
2026-10-03T09:23:07.7046920Z 
2026-10-03T09:23:07.7046963Z SC-PLINK-OK
2026-10-03T09:23:07.7047035Z 
2026-10-03T09:23:07.7047037Z 
2026-10-03T09:23:07.7047087Z SC-PNOTIFY-OK
2026-10-03T09:23:07.7047147Z 
2026-10-03T09:23:07.7047149Z 
2026-10-03T09:23:07.7047192Z SC-PREFS-OK
2026-10-03T09:23:07.7047248Z 
2026-10-03T09:23:07.7047250Z 
2026-10-03T09:23:07.7047294Z SC-RUNLOOP-OK
2026-10-03T09:23:07.7047356Z 
2026-10-03T09:23:07.7047358Z 
2026-10-03T09:23:07.7047398Z SC-STORE-OK
2026-10-03T09:23:07.7047456Z 
2026-10-03T09:23:07.7047457Z 
2026-10-03T09:23:07.7047498Z SC-VLAN-OK
2026-10-03T09:23:07.7047554Z 
2026-10-03T09:23:07.7047556Z 
2026-10-03T09:23:07.7047602Z SERVICE-LDCONFIG-OK
2026-10-03T09:23:07.7047674Z 
2026-10-03T09:23:07.7047676Z 
2026-10-03T09:23:07.7047721Z SHELLCMD-LEAF-OK
2026-10-03T09:23:07.7047788Z 
2026-10-03T09:23:07.7047789Z 
2026-10-03T09:23:07.7047846Z SUDO-OK
2026-10-03T09:23:07.7047901Z 
2026-10-03T09:23:07.7047902Z 
2026-10-03T09:23:07.7047948Z SYSCMD-LEAF-OK
2026-10-03T09:23:07.7048012Z 
2026-10-03T09:23:07.7048013Z 
2026-10-03T09:23:07.7048055Z SYSLOG-RUN-OK
2026-10-03T09:23:07.7048117Z 
2026-10-03T09:23:07.7048118Z 
2026-10-03T09:23:07.7048164Z SYSLOGD-PROC-OK
2026-10-03T09:23:07.7048230Z 
2026-10-03T09:23:07.7048232Z 
2026-10-03T09:23:07.7048279Z TASK-SPECIAL-PORT-OK
2026-10-03T09:23:07.7048355Z 
2026-10-03T09:23:07.7048357Z 
2026-10-03T09:23:07.7048402Z TEXTCMD-LEAF-OK
2026-10-03T09:23:07.7048463Z 
2026-10-03T09:23:07.7048465Z 
2026-10-03T09:23:07.7048509Z WAITQUIET-OK
2026-10-03T09:23:07.7048712Z 
2026-10-03T09:23:07.7048714Z 
2026-10-03T09:23:07.7048763Z WEDGE-CHECK-SKIP
2026-10-03T09:23:07.7048827Z 
2026-10-03T09:23:07.7048831Z 
2026-10-03T09:23:07.7048873Z ADVCMD-LEAF-OK
2026-10-03T09:23:07.7048936Z 
2026-10-03T09:23:07.7048938Z 
2026-10-03T09:23:07.7048997Z NEXTBSD-TEST-SUMMARY ok=81 fail=0 skip=6
2026-10-03T09:23:07.7049197Z 
2026-10-03T09:23:07.7049199Z 
2026-10-03T09:23:07.7049243Z admin@selftest ~ % 
2026-10-03T09:23:07.7049353Z OK: ACCT-HELPERS
2026-10-03T09:23:07.7049415Z 
2026-10-03T09:23:07.7049461Z OK: ACCT-LIFECYCLE
2026-10-03T09:23:07.7049530Z 
2026-10-03T09:23:07.7049575Z OK: ADVCMD-LEAF
2026-10-03T09:23:07.7049635Z 
2026-10-03T09:23:07.7049681Z OK: ADVCMD-LEAF
2026-10-03T09:23:07.7049741Z 
2026-10-03T09:23:07.7049879Z OK: /usr/tests/freebsd-launchd-mach/run.sh: NEXTBSD-TEST-SUMMARY ok=81 fail=0 skip=6
2026-10-03T09:23:07.7154156Z invalid command name "exp_buffer"
2026-10-03T09:23:07.7154356Z     while executing
2026-10-03T09:23:07.7154512Z "exp_buffer"
2026-10-03T09:23:07.7154665Z     invoked from within
2026-10-03T09:23:07.7154854Z "if {$env(NB_DEBUG) ne ""} {
2026-10-03T09:23:07.7157653Z     set dbgbuf [exp_buffer]
2026-10-03T09:23:07.7158140Z     puts "\nDBG: remaining buffer [string length $dbgbuf] bytes; escaped head: [string map [li..."
2026-10-03T09:23:07.7158431Z     (file "tests/boot.exp" line 781)
2026-10-03T09:23:07.7224185Z NEXTBSD-TEST-SUMMARY ok=81 fail=0 skip=6
2026-10-03T09:23:07.7225058Z ==> boot-test FAILED rc=1 (arch=amd64 suite=/usr/tests/freebsd-launchd-mach/run.sh)
2026-10-03T09:23:07.7225441Z     serial transcript: tests/boot.log
2026-10-03T09:23:07.7226705Z SELFTEST FAIL: case ok — expected rc 0, got 1
2026-10-03T09:23:07.7227338Z ==> case: fail (suite: /usr/tests/freebsd-launchd-mach/run.sh) — expect rc 1
2026-10-03T09:23:07.7249379Z ==> boot test: tests/fake.img
2026-10-03T09:23:07.7257160Z -rw-r--r-- 1 runner runner 0 Oct  3 09:23 tests/fake.img
2026-10-03T09:23:07.7312103Z ==> using KVM acceleration
2026-10-03T09:23:07.7312372Z ==> amd64: qemu-system-x86_64 -machine q35 | firmware 
2026-10-03T09:23:07.7436113Z spawn tclsh /home/runner/work/nextbsd-ci/nextbsd-ci/selftest/mock-guest.tcl
2026-10-03T09:23:07.7468298Z FreeBSD/amd64 EFI loader, Revision 3.0
2026-10-03T09:23:07.7468510Z 
2026-10-03T09:23:07.7468615Z 
2026-10-03T09:23:07.7468699Z Loading /boot/loader.conf
2026-10-03T09:23:07.7468859Z 
2026-10-03T09:23:07.7468863Z 
2026-10-03T09:23:07.7468969Z Hit [Enter] to boot immediately, or any other key for command prompt.
2026-10-03T09:23:07.7469127Z 
2026-10-03T09:23:07.7469130Z 
2026-10-03T09:23:07.7469172Z OK 
2026-10-03T09:23:07.7469279Z ==> at loader prompt
2026-10-03T09:23:08.9295155Z  set console=comconsole
2026-10-03T09:23:08.9295404Z OK set console=comconsole
2026-10-03T09:23:08.9295503Z 
2026-10-03T09:23:08.9295508Z 
2026-10-03T09:23:09.9916111Z OK set boot_serial=YES
2026-10-03T09:23:09.9916326Z OK set boot_serial=YES
2026-10-03T09:23:09.9916409Z 
2026-10-03T09:23:09.9916413Z 
2026-10-03T09:23:11.3749336Z OK set comconsole_speed=115200
2026-10-03T09:23:11.3749555Z OK set comconsole_speed=115200
2026-10-03T09:23:11.3749654Z 
2026-10-03T09:23:11.3749659Z 
2026-10-03T09:23:12.5573418Z OK set boot_multicons=YES
2026-10-03T09:23:12.5573649Z OK set boot_multicons=YES
2026-10-03T09:23:12.5573742Z 
2026-10-03T09:23:12.5573748Z 
2026-10-03T09:23:13.6594021Z OK set boot_mutemsgs=NO
2026-10-03T09:23:13.6594240Z OK set boot_mutemsgs=NO
2026-10-03T09:23:13.6594333Z 
2026-10-03T09:23:13.6594337Z 
2026-10-03T09:23:14.2405354Z OK boot -v
2026-10-03T09:23:14.2405533Z Booting [/boot/kernel/kernel]
2026-10-03T09:23:14.2405664Z 
2026-10-03T09:23:14.2405667Z 
2026-10-03T09:23:14.2405714Z ---<<BOOT>>---
2026-10-03T09:23:14.2405825Z 
2026-10-03T09:23:14.2405827Z 
2026-10-03T09:23:14.2405896Z Copyright (c) 1992-2025 The FreeBSD Project.
2026-10-03T09:23:14.2406020Z 
2026-10-03T09:23:14.2406022Z 
2026-10-03T09:23:14.2406085Z early-init: sethostname('selftest')
2026-10-03T09:23:14.2406187Z 
2026-10-03T09:23:14.2406188Z 
2026-10-03T09:23:14.2406289Z early-init: opened /dev/klog (kernel.log_open=1; console quiet)
2026-10-03T09:23:14.2406438Z 
2026-10-03T09:23:14.2406440Z 
2026-10-03T09:23:14.2406497Z NextBSD/amd64 (selftest) (console)
2026-10-03T09:23:14.2406592Z 
2026-10-03T09:23:14.2406594Z 
2026-10-03T09:23:14.2407666Z 
2026-10-03T09:23:14.5409968Z OK: BOOT-BANNER-OK — getty shows the synthesized hostname 'selftest'
2026-10-03T09:23:14.5410727Z login:
2026-10-03T09:23:14.5410800Z 
2026-10-03T09:23:14.5410804Z 
2026-10-03T09:23:14.5410808Z 
2026-10-03T09:23:14.5410928Z OK: boot reached the login prompt
2026-10-03T09:23:14.5411177Z admin
2026-10-03T09:23:14.5411345Z Password:
2026-10-03T09:23:14.5411438Z 
2026-10-03T09:23:14.5411442Z 
2026-10-03T09:23:14.5411464Z 
2026-10-03T09:23:14.5411544Z admin@selftest ~ % 
2026-10-03T09:23:14.5411727Z OK: logged in as admin
2026-10-03T09:23:14.5412581Z ==> running on-image suite: /usr/tests/freebsd-launchd-mach/run.sh
2026-10-03T09:23:14.5419427Z r() { if [ "$(id -u)" = 0 ]; then "$@"; else sudo "$@"; fi; }
2026-10-03T09:23:14.5419771Z admin@selftest ~ % r /usr/tests/freebsd-launchd-mach/run.sh
2026-10-03T09:23:14.5420059Z ACCT-HELPERS-OK
2026-10-03T09:23:14.5420165Z 
2026-10-03T09:23:14.5420168Z 
2026-10-03T09:23:14.5420244Z ACCT-LIFECYCLE-OK
2026-10-03T09:23:14.5420348Z 
2026-10-03T09:23:14.5420393Z 
2026-10-03T09:23:14.5420464Z ADVCMD-LEAF-OK
2026-10-03T09:23:14.5420573Z 
2026-10-03T09:23:14.5420576Z 
2026-10-03T09:23:14.5420655Z ASLMANAGER-DEMAND-SKIP
2026-10-03T09:23:14.5420778Z 
2026-10-03T09:23:14.5420780Z 
2026-10-03T09:23:14.5420850Z BOOT-BANNER-SKIP
2026-10-03T09:23:14.5420955Z 
2026-10-03T09:23:14.5420958Z 
2026-10-03T09:23:14.5421034Z BOOTSTRAP-OK
2026-10-03T09:23:14.5421105Z 
2026-10-03T09:23:14.5421248Z 
2026-10-03T09:23:14.5421302Z BOOTSTRAP-REMOTE-OK
2026-10-03T09:23:14.5421373Z 
2026-10-03T09:23:14.5421374Z 
2026-10-03T09:23:14.5421420Z BUSYSTATE-OK
2026-10-03T09:23:14.5421481Z 
2026-10-03T09:23:14.5421483Z 
2026-10-03T09:23:14.5421532Z CONFIGD-LIST-OK
2026-10-03T09:23:14.5421631Z 
2026-10-03T09:23:14.5421634Z 
2026-10-03T09:23:14.5421706Z CONFIGD-MULTI-OK
2026-10-03T09:23:14.5421805Z 
2026-10-03T09:23:14.5421807Z 
2026-10-03T09:23:14.5421882Z CONFIGD-NOTIFY-OK
2026-10-03T09:23:14.5421984Z 
2026-10-03T09:23:14.5421987Z 
2026-10-03T09:23:14.5422061Z CONFIGD-PATTERN-OK
2026-10-03T09:23:14.5422162Z 
2026-10-03T09:23:14.5422165Z 
2026-10-03T09:23:14.5422240Z CONFIGD-STORE-OK
2026-10-03T09:23:14.5422339Z 
2026-10-03T09:23:14.5422342Z 
2026-10-03T09:23:14.5422416Z COREFOUNDATION-OK
2026-10-03T09:23:14.5422518Z 
2026-10-03T09:23:14.5422521Z 
2026-10-03T09:23:14.5422589Z DA-BOOT-OK
2026-10-03T09:23:14.5422685Z 
2026-10-03T09:23:14.5422688Z 
2026-10-03T09:23:14.5422753Z DA-IOKIT-OK
2026-10-03T09:23:14.5422854Z 
2026-10-03T09:23:14.5422857Z 
2026-10-03T09:23:14.5422925Z DAEMON-STATE-OK
2026-10-03T09:23:14.5423026Z 
2026-10-03T09:23:14.5423028Z 
2026-10-03T09:23:14.5423097Z DOMAIN-DIRS-OK
2026-10-03T09:23:14.5423197Z 
2026-10-03T09:23:14.5423200Z 
2026-10-03T09:23:14.5423300Z EVFILT-MACHPORT-SKIP
2026-10-03T09:23:14.5423414Z 
2026-10-03T09:23:14.5423417Z 
2026-10-03T09:23:14.5423518Z EVFILT-MACHPORT-CONCURRENT-OK
2026-10-03T09:23:14.5423669Z 
2026-10-03T09:23:14.5423672Z 
2026-10-03T09:23:14.5423742Z FBSDGLUE-OK
2026-10-03T09:23:14.5423854Z 
2026-10-03T09:23:14.5423856Z 
2026-10-03T09:23:14.5423963Z FILECMD-LEAF-OK
2026-10-03T09:23:14.5424074Z 
2026-10-03T09:23:14.5424077Z 
2026-10-03T09:23:14.5424161Z GETTY-OK
2026-10-03T09:23:14.5424248Z 
2026-10-03T09:23:14.5424251Z 
2026-10-03T09:23:14.5424315Z HOMEDIR-OK
2026-10-03T09:23:14.5424404Z 
2026-10-03T09:23:14.5424406Z 
2026-10-03T09:23:14.5424478Z HOST-BOOTSTRAP-OK
2026-10-03T09:23:14.5424586Z 
2026-10-03T09:23:14.5424588Z 
2026-10-03T09:23:14.5424663Z HOSTNAMED-OK
2026-10-03T09:23:14.5424758Z 
2026-10-03T09:23:14.5424760Z 
2026-10-03T09:23:14.5424821Z HOSTNAMED-BONJOUR-RENAME-SKIP
2026-10-03T09:23:14.5424920Z 
2026-10-03T09:23:14.5424922Z 
2026-10-03T09:23:14.5424968Z HOSTNAMED-DHCP-OK
2026-10-03T09:23:14.5425038Z 
2026-10-03T09:23:14.5425040Z 
2026-10-03T09:23:14.5425087Z HOSTNAMED-MDNS-SKIP
2026-10-03T09:23:14.5425160Z 
2026-10-03T09:23:14.5425162Z 
2026-10-03T09:23:14.5425211Z HOSTNAMED-PREFS-OK
2026-10-03T09:23:14.5425282Z 
2026-10-03T09:23:14.5425284Z 
2026-10-03T09:23:14.5425330Z IPCFG-ARP-OK
2026-10-03T09:23:14.5425391Z 
2026-10-03T09:23:14.5425392Z 
2026-10-03T09:23:14.5425439Z IPCFG-BOOT-OK
2026-10-03T09:23:14.5425611Z 
2026-10-03T09:23:14.5425613Z 
2026-10-03T09:23:14.5425660Z IPCFG-BOUND-OK
2026-10-03T09:23:14.5425728Z 
2026-10-03T09:23:14.5425730Z 
2026-10-03T09:23:14.5425774Z IPCFG-DHCP-OK
2026-10-03T09:23:14.5425840Z 
2026-10-03T09:23:14.5425842Z 
2026-10-03T09:23:14.5425891Z IPCFG-IPCONFIG-OK
2026-10-03T09:23:14.5425963Z 
2026-10-03T09:23:14.5425967Z 
2026-10-03T09:23:14.5426010Z IPCFG-RA-OK
2026-10-03T09:23:14.5426072Z 
2026-10-03T09:23:14.5426074Z 
2026-10-03T09:23:14.5426123Z IPCFG-RENEW-OK
2026-10-03T09:23:14.5426187Z 
2026-10-03T09:23:14.5426189Z 
2026-10-03T09:23:14.5426236Z IPCFG-RPC-OK
2026-10-03T09:23:14.5426297Z 
2026-10-03T09:23:14.5426298Z 
2026-10-03T09:23:14.5426344Z IPCFG-STORE-OK
2026-10-03T09:23:14.5426408Z 
2026-10-03T09:23:14.5426410Z 
2026-10-03T09:23:14.5426452Z KEM-LINK-OK
2026-10-03T09:23:14.5426513Z 
2026-10-03T09:23:14.5426515Z 
2026-10-03T09:23:14.5426562Z LAUNCHCTL-BUILD-OK
2026-10-03T09:23:14.5426655Z 
2026-10-03T09:23:14.5426657Z 
2026-10-03T09:23:14.5426708Z LAUNCHCTL-LIST-OK
2026-10-03T09:23:14.5426777Z 
2026-10-03T09:23:14.5426779Z 
2026-10-03T09:23:14.5426826Z LAUNCHD-BUILD-OK
2026-10-03T09:23:14.5426891Z 
2026-10-03T09:23:14.5426893Z 
2026-10-03T09:23:14.5426941Z LIBDISPATCH-OK
2026-10-03T09:23:14.5427004Z 
2026-10-03T09:23:14.5427006Z 
2026-10-03T09:23:14.5427056Z LIBDISPATCH-MACH-OK
2026-10-03T09:23:14.5427129Z 
2026-10-03T09:23:14.5427189Z 
2026-10-03T09:23:14.5427232Z LIBDS-OK
2026-10-03T09:23:14.5427293Z 
2026-10-03T09:23:14.5427295Z 
2026-10-03T09:23:14.5427342Z LIBSYSTEM-KERNEL-OK
2026-10-03T09:23:14.5427413Z 
2026-10-03T09:23:14.5427415Z 
2026-10-03T09:23:14.5427458Z LIBXPC-OK
2026-10-03T09:23:14.5427519Z 
2026-10-03T09:23:14.5427521Z 
2026-10-03T09:23:14.5427568Z LINUX-MOUNTS-OK
2026-10-03T09:23:14.5427632Z 
2026-10-03T09:23:14.5427634Z 
2026-10-03T09:23:14.5427681Z MACH-PORT-OK
2026-10-03T09:23:14.5427742Z 
2026-10-03T09:23:14.5427744Z 
2026-10-03T09:23:14.5427790Z MACH-SMOKE-OK
2026-10-03T09:23:14.5427853Z 
2026-10-03T09:23:14.5427857Z 
2026-10-03T09:23:14.5427951Z MDNS-BOOT-OK
2026-10-03T09:23:14.5428043Z 
2026-10-03T09:23:14.5428046Z 
2026-10-03T09:23:14.5428110Z MDNS-DNSSD-OK
2026-10-03T09:23:14.5428206Z 
2026-10-03T09:23:14.5428208Z 
2026-10-03T09:23:14.5428272Z MDNS-ENGINE-OK
2026-10-03T09:23:14.5428367Z 
2026-10-03T09:23:14.5428370Z 
2026-10-03T09:23:14.5428435Z MDNS-IFWATCH-OK
2026-10-03T09:23:14.5428650Z 
2026-10-03T09:23:14.5428653Z 
2026-10-03T09:23:14.5428722Z MDNS-STATIC-OK
2026-10-03T09:23:14.5428815Z 
2026-10-03T09:23:14.5428817Z 
2026-10-03T09:23:14.5428886Z MIG-BUILD-OK
2026-10-03T09:23:14.5428976Z 
2026-10-03T09:23:14.5428979Z 
2026-10-03T09:23:14.5429046Z NFS-OK
2026-10-03T09:23:14.5429130Z 
2026-10-03T09:23:14.5429133Z 
2026-10-03T09:23:14.5429202Z NOTIFYD-PROC-OK
2026-10-03T09:23:14.5429301Z 
2026-10-03T09:23:14.5429304Z 
2026-10-03T09:23:14.5429369Z NSS-DS-OK
2026-10-03T09:23:14.5429462Z 
2026-10-03T09:23:14.5429464Z 
2026-10-03T09:23:14.5429512Z NTP-OK
2026-10-03T09:23:14.5429570Z 
2026-10-03T09:23:14.5429572Z 
2026-10-03T09:23:14.5429621Z SC-BOND-OK
2026-10-03T09:23:14.5429678Z 
2026-10-03T09:23:14.5429680Z 
2026-10-03T09:23:14.5429726Z SC-BRIDGE-OK
2026-10-03T09:23:14.5429786Z 
2026-10-03T09:23:14.5429788Z 
2026-10-03T09:23:14.5429832Z SC-LOCK-OK
2026-10-03T09:23:14.5429891Z 
2026-10-03T09:23:14.5429893Z 
2026-10-03T09:23:14.5429936Z SC-MULTI-OK
2026-10-03T09:23:14.5429996Z 
2026-10-03T09:23:14.5430002Z 
2026-10-03T09:23:14.5430044Z SC-NETIF-OK
2026-10-03T09:23:14.5430258Z 
2026-10-03T09:23:14.5430260Z 
2026-10-03T09:23:14.5446390Z SC-NETSET-OK
2026-10-03T09:23:14.5446542Z 
2026-10-03T09:23:14.5446545Z 
2026-10-03T09:23:14.5446626Z SC-NETSVC-OK
2026-10-03T09:23:14.5446726Z 
2026-10-03T09:23:14.5446729Z 
2026-10-03T09:23:14.5446803Z SC-NOTIFY-OK
2026-10-03T09:23:14.5446892Z 
2026-10-03T09:23:14.5446894Z 
2026-10-03T09:23:14.5446945Z SC-PATH-OK
2026-10-03T09:23:14.5447006Z 
2026-10-03T09:23:14.5447008Z 
2026-10-03T09:23:14.5447075Z SC-PLINK-OK
2026-10-03T09:23:14.5447140Z 
2026-10-03T09:23:14.5447142Z 
2026-10-03T09:23:14.5447331Z SC-PNOTIFY-OK
2026-10-03T09:23:14.5447400Z 
2026-10-03T09:23:14.5447402Z 
2026-10-03T09:23:14.5447447Z SC-PREFS-OK
2026-10-03T09:23:14.5447509Z 
2026-10-03T09:23:14.5447511Z 
2026-10-03T09:23:14.5447561Z SC-RUNLOOP-OK
2026-10-03T09:23:14.5447623Z 
2026-10-03T09:23:14.5447625Z 
2026-10-03T09:23:14.5447670Z SC-STORE-OK
2026-10-03T09:23:14.5447727Z 
2026-10-03T09:23:14.5447732Z 
2026-10-03T09:23:14.5447778Z SC-VLAN-OK
2026-10-03T09:23:14.5447836Z 
2026-10-03T09:23:14.5447838Z 
2026-10-03T09:23:14.5447892Z SERVICE-LDCONFIG-OK
2026-10-03T09:23:14.5447970Z 
2026-10-03T09:23:14.5447972Z 
2026-10-03T09:23:14.5448018Z SHELLCMD-LEAF-OK
2026-10-03T09:23:14.5448091Z 
2026-10-03T09:23:14.5448092Z 
2026-10-03T09:23:14.5448134Z SUDO-OK
2026-10-03T09:23:14.5448199Z 
2026-10-03T09:23:14.5448202Z 
2026-10-03T09:23:14.5448291Z SYSCMD-LEAF-OK
2026-10-03T09:23:14.5448395Z 
2026-10-03T09:23:14.5448397Z 
2026-10-03T09:23:14.5448470Z SYSLOG-RUN-OK
2026-10-03T09:23:14.5448692Z 
2026-10-03T09:23:14.5448695Z 
2026-10-03T09:23:14.5448776Z SYSLOGD-PROC-OK
2026-10-03T09:23:14.5448878Z 
2026-10-03T09:23:14.5448881Z 
2026-10-03T09:23:14.5448964Z TASK-SPECIAL-PORT-OK
2026-10-03T09:23:14.5449091Z 
2026-10-03T09:23:14.5449094Z 
2026-10-03T09:23:14.5449165Z TEXTCMD-LEAF-OK
2026-10-03T09:23:14.5449273Z 
2026-10-03T09:23:14.5449275Z 
2026-10-03T09:23:14.5449345Z WAITQUIET-OK
2026-10-03T09:23:14.5449449Z 
2026-10-03T09:23:14.5449573Z 
2026-10-03T09:23:14.5449644Z WEDGE-CHECK-SKIP
2026-10-03T09:23:14.5449723Z 
2026-10-03T09:23:14.5449724Z 
2026-10-03T09:23:14.5449772Z ADVCMD-LEAF-FAIL
2026-10-03T09:23:14.5449837Z 
2026-10-03T09:23:14.5449839Z 
2026-10-03T09:23:14.5449906Z NEXTBSD-TEST-SUMMARY ok=80 fail=1 skip=6
2026-10-03T09:23:14.5450019Z 
2026-10-03T09:23:14.5450020Z 
2026-10-03T09:23:14.5450071Z admin@selftest ~ % 
2026-10-03T09:23:14.5450190Z OK: ACCT-HELPERS
2026-10-03T09:23:14.5450259Z 
2026-10-03T09:23:14.5450306Z OK: ACCT-LIFECYCLE
2026-10-03T09:23:14.5450377Z 
2026-10-03T09:23:14.5450676Z FAIL: ADVCMD-LEAF — pending T3 audit; live arms: monolith t=fail/f=fail/s=continue
2026-10-03T09:23:14.5487710Z NEXTBSD-TEST-SUMMARY ok=80 fail=1 skip=6
2026-10-03T09:23:14.5489312Z ==> boot-test FAILED rc=1 (arch=amd64 suite=/usr/tests/freebsd-launchd-mach/run.sh)
2026-10-03T09:23:14.5489676Z     serial transcript: tests/boot.log
2026-10-03T09:23:14.5490228Z SELFTEST OK:   case fail (rc=1)
2026-10-03T09:23:14.5490621Z ==> case: nosummary (suite: /usr/tests/freebsd-launchd-mach/run.sh) — expect rc 2
2026-10-03T09:23:14.5513905Z ==> boot test: tests/fake.img
2026-10-03T09:23:14.5521946Z -rw-r--r-- 1 runner runner 0 Oct  3 09:23 tests/fake.img
2026-10-03T09:23:14.5578312Z ==> using KVM acceleration
2026-10-03T09:23:14.5578509Z ==> amd64: qemu-system-x86_64 -machine q35 | firmware 
2026-10-03T09:23:14.5709623Z spawn tclsh /home/runner/work/nextbsd-ci/nextbsd-ci/selftest/mock-guest.tcl
2026-10-03T09:23:14.5742706Z FreeBSD/amd64 EFI loader, Revision 3.0
2026-10-03T09:23:14.5742913Z 
2026-10-03T09:23:14.5742917Z 
2026-10-03T09:23:14.5743001Z Loading /boot/loader.conf
2026-10-03T09:23:14.5743129Z 
2026-10-03T09:23:14.5743131Z 
2026-10-03T09:23:14.5743239Z Hit [Enter] to boot immediately, or any other key for command prompt.
2026-10-03T09:23:14.5743404Z 
2026-10-03T09:23:14.5743406Z 
2026-10-03T09:23:14.5743453Z OK 
2026-10-03T09:23:14.5743559Z ==> at loader prompt
2026-10-03T09:23:15.7564432Z  set console=comconsole
2026-10-03T09:23:15.7564690Z OK set console=comconsole
2026-10-03T09:23:15.7564789Z 
2026-10-03T09:23:15.7564792Z 
2026-10-03T09:23:16.8185736Z OK set boot_serial=YES
2026-10-03T09:23:16.8185931Z OK set boot_serial=YES
2026-10-03T09:23:16.8186016Z 
2026-10-03T09:23:16.8186019Z 
2026-10-03T09:23:18.2015285Z OK set comconsole_speed=115200
2026-10-03T09:23:18.2015514Z OK set comconsole_speed=115200
2026-10-03T09:23:18.2015615Z 
2026-10-03T09:23:18.2015619Z 
2026-10-03T09:23:19.3839485Z OK set boot_multicons=YES
2026-10-03T09:23:20.4864826Z OK set boot_multicons=YES
2026-10-03T09:23:20.4865014Z 
2026-10-03T09:23:20.4865018Z 
2026-10-03T09:23:20.4865071Z OK set boot_mutemsgs=NO
2026-10-03T09:23:21.0676242Z OK set boot_mutemsgs=NO
2026-10-03T09:23:21.0676461Z 
2026-10-03T09:23:21.0676466Z 
2026-10-03T09:23:21.0676556Z OK boot -v
2026-10-03T09:23:21.0676754Z Booting [/boot/kernel/kernel]
2026-10-03T09:23:21.0676917Z 
2026-10-03T09:23:21.0676930Z 
2026-10-03T09:23:21.0677006Z ---<<BOOT>>---
2026-10-03T09:23:21.0677122Z 
2026-10-03T09:23:21.0677160Z 
2026-10-03T09:23:21.0677269Z Copyright (c) 1992-2025 The FreeBSD Project.
2026-10-03T09:23:21.0677460Z 
2026-10-03T09:23:21.0677463Z 
2026-10-03T09:23:21.0677558Z early-init: sethostname('selftest')
2026-10-03T09:23:21.0677720Z 
2026-10-03T09:23:21.0677723Z 
2026-10-03T09:23:21.0677880Z early-init: opened /dev/klog (kernel.log_open=1; console quiet)
2026-10-03T09:23:21.0678119Z 
2026-10-03T09:23:21.0678122Z 
2026-10-03T09:23:21.0678215Z NextBSD/amd64 (selftest) (console)
2026-10-03T09:23:21.0678358Z 
2026-10-03T09:23:21.0678361Z 
2026-10-03T09:23:21.0678971Z 
2026-10-03T09:23:21.0679593Z OK: BOOT-BANNER-OK — getty shows the synthesized hostname 'selftest'
2026-10-03T09:23:21.3680121Z login:
2026-10-03T09:23:21.3680326Z 
2026-10-03T09:23:21.3680332Z 
2026-10-03T09:23:21.3680509Z 
2026-10-03T09:23:21.3680717Z OK: boot reached the login prompt
2026-10-03T09:23:21.3680970Z admin
2026-10-03T09:23:21.3681158Z Password:
2026-10-03T09:23:21.3681246Z 
2026-10-03T09:23:21.3681249Z 
2026-10-03T09:23:21.3681942Z 
2026-10-03T09:23:21.3682024Z admin@selftest ~ % 
2026-10-03T09:23:21.3682214Z OK: logged in as admin
2026-10-03T09:23:21.3683369Z ==> running on-image suite: /usr/tests/freebsd-launchd-mach/run.sh
2026-10-03T09:23:21.3690279Z r() { if [ "$(id -u)" = 0 ]; then "$@"; else sudo "$@"; fi; }
2026-10-03T09:23:21.3690642Z admin@selftest ~ % r /usr/tests/freebsd-launchd-mach/run.sh
2026-10-03T09:23:21.3690992Z ACCT-HELPERS-OK
2026-10-03T09:23:21.3691118Z 
2026-10-03T09:23:21.3691122Z 
2026-10-03T09:23:21.3691203Z ACCT-LIFECYCLE-OK
2026-10-03T09:23:21.3691315Z 
2026-10-03T09:23:21.3691319Z 
2026-10-03T09:23:21.3691397Z ADVCMD-LEAF-OK
2026-10-03T09:23:21.3691518Z 
2026-10-03T09:23:21.3691521Z 
2026-10-03T09:23:21.3691607Z ASLMANAGER-DEMAND-SKIP
2026-10-03T09:23:21.3691736Z 
2026-10-03T09:23:21.3691738Z 
2026-10-03T09:23:21.3691811Z BOOT-BANNER-SKIP
2026-10-03T09:23:21.3691924Z 
2026-10-03T09:23:21.3691927Z 
2026-10-03T09:23:21.3691997Z BOOTSTRAP-OK
2026-10-03T09:23:21.3692100Z 
2026-10-03T09:23:21.3692103Z 
2026-10-03T09:23:21.3692187Z BOOTSTRAP-REMOTE-OK
2026-10-03T09:23:21.3692303Z 
2026-10-03T09:23:21.3692306Z 
2026-10-03T09:23:21.3692379Z BUSYSTATE-OK
2026-10-03T09:23:21.3692473Z 
2026-10-03T09:23:21.3692476Z 
2026-10-03T09:23:21.3692549Z CONFIGD-LIST-OK
2026-10-03T09:23:21.3692623Z 
2026-10-03T09:23:21.3692625Z 
2026-10-03T09:23:21.3692675Z CONFIGD-MULTI-OK
2026-10-03T09:23:21.3692743Z 
2026-10-03T09:23:21.3692745Z 
2026-10-03T09:23:21.3692795Z CONFIGD-NOTIFY-OK
2026-10-03T09:23:21.3692923Z 
2026-10-03T09:23:21.3692925Z 
2026-10-03T09:23:21.3693000Z CONFIGD-PATTERN-OK
2026-10-03T09:23:21.3693109Z 
2026-10-03T09:23:21.3693112Z 
2026-10-03T09:23:21.3693184Z CONFIGD-STORE-OK
2026-10-03T09:23:21.3693289Z 
2026-10-03T09:23:21.3693292Z 
2026-10-03T09:23:21.3693365Z COREFOUNDATION-OK
2026-10-03T09:23:21.3693468Z 
2026-10-03T09:23:21.3693470Z 
2026-10-03T09:23:21.3693539Z DA-BOOT-OK
2026-10-03T09:23:21.3693627Z 
2026-10-03T09:23:21.3693630Z 
2026-10-03T09:23:21.3693699Z DA-IOKIT-OK
2026-10-03T09:23:21.3693786Z 
2026-10-03T09:23:21.3693790Z 
2026-10-03T09:23:21.3693835Z DAEMON-STATE-OK
2026-10-03T09:23:21.3693905Z 
2026-10-03T09:23:21.3693907Z 
2026-10-03T09:23:21.3693950Z DOMAIN-DIRS-OK
2026-10-03T09:23:21.3694019Z 
2026-10-03T09:23:21.3694021Z 
2026-10-03T09:23:21.3694071Z EVFILT-MACHPORT-SKIP
2026-10-03T09:23:21.3694152Z 
2026-10-03T09:23:21.3694154Z 
2026-10-03T09:23:21.3694223Z EVFILT-MACHPORT-CONCURRENT-OK
2026-10-03T09:23:21.3694318Z 
2026-10-03T09:23:21.3694319Z 
2026-10-03T09:23:21.3694366Z FBSDGLUE-OK
2026-10-03T09:23:21.3694425Z 
2026-10-03T09:23:21.3694427Z 
2026-10-03T09:23:21.3694474Z FILECMD-LEAF-OK
2026-10-03T09:23:21.3694540Z 
2026-10-03T09:23:21.3694702Z 
2026-10-03T09:23:21.3694745Z GETTY-OK
2026-10-03T09:23:21.3694803Z 
2026-10-03T09:23:21.3694805Z 
2026-10-03T09:23:21.3694848Z HOMEDIR-OK
2026-10-03T09:23:21.3694910Z 
2026-10-03T09:23:21.3694912Z 
2026-10-03T09:23:21.3694957Z HOST-BOOTSTRAP-OK
2026-10-03T09:23:21.3695029Z 
2026-10-03T09:23:21.3695031Z 
2026-10-03T09:23:21.3695077Z HOSTNAMED-OK
2026-10-03T09:23:21.3695141Z 
2026-10-03T09:23:21.3695143Z 
2026-10-03T09:23:21.3695204Z HOSTNAMED-BONJOUR-RENAME-SKIP
2026-10-03T09:23:21.3695297Z 
2026-10-03T09:23:21.3695299Z 
2026-10-03T09:23:21.3695348Z HOSTNAMED-DHCP-OK
2026-10-03T09:23:21.3695422Z 
2026-10-03T09:23:21.3695424Z 
2026-10-03T09:23:21.3695471Z HOSTNAMED-MDNS-SKIP
2026-10-03T09:23:21.3695544Z 
2026-10-03T09:23:21.3695546Z 
2026-10-03T09:23:21.3695595Z HOSTNAMED-PREFS-OK
2026-10-03T09:23:21.3695666Z 
2026-10-03T09:23:21.3695668Z 
2026-10-03T09:23:21.3695712Z IPCFG-ARP-OK
2026-10-03T09:23:21.3695776Z 
2026-10-03T09:23:21.3695778Z 
2026-10-03T09:23:21.3695826Z IPCFG-BOOT-OK
2026-10-03T09:23:21.3695893Z 
2026-10-03T09:23:21.3695895Z 
2026-10-03T09:23:21.3695943Z IPCFG-BOUND-OK
2026-10-03T09:23:21.3696006Z 
2026-10-03T09:23:21.3696007Z 
2026-10-03T09:23:21.3696057Z IPCFG-DHCP-OK
2026-10-03T09:23:21.3696122Z 
2026-10-03T09:23:21.3696124Z 
2026-10-03T09:23:21.3696170Z IPCFG-IPCONFIG-OK
2026-10-03T09:23:21.3696241Z 
2026-10-03T09:23:21.3696243Z 
2026-10-03T09:23:21.3696365Z IPCFG-RA-OK
2026-10-03T09:23:21.3696428Z 
2026-10-03T09:23:21.3696430Z 
2026-10-03T09:23:21.3696474Z IPCFG-RENEW-OK
2026-10-03T09:23:21.3696543Z 
2026-10-03T09:23:21.3696545Z 
2026-10-03T09:23:21.3696592Z IPCFG-RPC-OK
2026-10-03T09:23:21.3696652Z 
2026-10-03T09:23:21.3696653Z 
2026-10-03T09:23:21.3696701Z IPCFG-STORE-OK
2026-10-03T09:23:21.3696764Z 
2026-10-03T09:23:21.3696766Z 
2026-10-03T09:23:21.3696813Z KEM-LINK-OK
2026-10-03T09:23:21.3696870Z 
2026-10-03T09:23:21.3696876Z 
2026-10-03T09:23:21.3696924Z LAUNCHCTL-BUILD-OK
2026-10-03T09:23:21.3696994Z 
2026-10-03T09:23:21.3696996Z 
2026-10-03T09:23:21.3697042Z LAUNCHCTL-LIST-OK
2026-10-03T09:23:21.3697114Z 
2026-10-03T09:23:21.3697116Z 
2026-10-03T09:23:21.3697161Z LAUNCHD-BUILD-OK
2026-10-03T09:23:21.3697230Z 
2026-10-03T09:23:21.3697232Z 
2026-10-03T09:23:21.3697282Z LIBDISPATCH-OK
2026-10-03T09:23:21.3697346Z 
2026-10-03T09:23:21.3697348Z 
2026-10-03T09:23:21.3697398Z LIBDISPATCH-MACH-OK
2026-10-03T09:23:21.3697468Z 
2026-10-03T09:23:21.3697475Z 
2026-10-03T09:23:21.3697523Z LIBDS-OK
2026-10-03T09:23:21.3697579Z 
2026-10-03T09:23:21.3697585Z 
2026-10-03T09:23:21.3697632Z LIBSYSTEM-KERNEL-OK
2026-10-03T09:23:21.3697705Z 
2026-10-03T09:23:21.3697707Z 
2026-10-03T09:23:21.3697750Z LIBXPC-OK
2026-10-03T09:23:21.3697812Z 
2026-10-03T09:23:21.3697814Z 
2026-10-03T09:23:21.3697857Z LINUX-MOUNTS-OK
2026-10-03T09:23:21.3697926Z 
2026-10-03T09:23:21.3697928Z 
2026-10-03T09:23:21.3697974Z MACH-PORT-OK
2026-10-03T09:23:21.3698036Z 
2026-10-03T09:23:21.3698038Z 
2026-10-03T09:23:21.3698085Z MACH-SMOKE-OK
2026-10-03T09:23:21.3698148Z 
2026-10-03T09:23:21.3698150Z 
2026-10-03T09:23:21.3698199Z MDNS-BOOT-OK
2026-10-03T09:23:21.3698258Z 
2026-10-03T09:23:21.3698260Z 
2026-10-03T09:23:21.3698306Z MDNS-DNSSD-OK
2026-10-03T09:23:21.3698372Z 
2026-10-03T09:23:21.3698374Z 
2026-10-03T09:23:21.3698418Z MDNS-ENGINE-OK
2026-10-03T09:23:21.3698485Z 
2026-10-03T09:23:21.3698487Z 
2026-10-03T09:23:21.3698669Z MDNS-IFWATCH-OK
2026-10-03T09:23:21.3698764Z 
2026-10-03T09:23:21.3698770Z 
2026-10-03T09:23:21.3698817Z MDNS-STATIC-OK
2026-10-03T09:23:21.3698880Z 
2026-10-03T09:23:21.3698882Z 
2026-10-03T09:23:21.3698928Z MIG-BUILD-OK
2026-10-03T09:23:21.3698987Z 
2026-10-03T09:23:21.3698989Z 
2026-10-03T09:23:21.3699033Z NFS-OK
2026-10-03T09:23:21.3699090Z 
2026-10-03T09:23:21.3699092Z 
2026-10-03T09:23:21.3699143Z NOTIFYD-PROC-OK
2026-10-03T09:23:21.3699211Z 
2026-10-03T09:23:21.3699213Z 
2026-10-03T09:23:21.3699254Z NSS-DS-OK
2026-10-03T09:23:21.3699314Z 
2026-10-03T09:23:21.3699315Z 
2026-10-03T09:23:21.3699357Z NTP-OK
2026-10-03T09:23:21.3699420Z 
2026-10-03T09:23:21.3699421Z 
2026-10-03T09:23:21.3699471Z SC-BOND-OK
2026-10-03T09:23:21.3699628Z 
2026-10-03T09:23:21.3699630Z 
2026-10-03T09:23:21.3699675Z SC-BRIDGE-OK
2026-10-03T09:23:21.3699738Z 
2026-10-03T09:23:21.3699740Z 
2026-10-03T09:23:21.3699785Z SC-LOCK-OK
2026-10-03T09:23:21.3699842Z 
2026-10-03T09:23:21.3699843Z 
2026-10-03T09:23:21.3699889Z SC-MULTI-OK
2026-10-03T09:23:21.3699946Z 
2026-10-03T09:23:21.3699948Z 
2026-10-03T09:23:21.3699997Z SC-NETIF-OK
2026-10-03T09:23:21.3700056Z 
2026-10-03T09:23:21.3700058Z 
2026-10-03T09:23:21.3700102Z SC-NETSET-OK
2026-10-03T09:23:21.3700165Z 
2026-10-03T09:23:21.3700167Z 
2026-10-03T09:23:21.3700209Z SC-NETSVC-OK
2026-10-03T09:23:21.3700269Z 
2026-10-03T09:23:21.3700271Z 
2026-10-03T09:23:21.3700313Z SC-NOTIFY-OK
2026-10-03T09:23:21.3700373Z 
2026-10-03T09:23:21.3700375Z 
2026-10-03T09:23:21.3700419Z SC-PATH-OK
2026-10-03T09:23:21.3700477Z 
2026-10-03T09:23:21.3700478Z 
2026-10-03T09:23:21.3700523Z SC-PLINK-OK
2026-10-03T09:23:21.3700579Z 
2026-10-03T09:23:21.3700581Z 
2026-10-03T09:23:21.3700627Z SC-PNOTIFY-OK
2026-10-03T09:23:21.3700696Z 
2026-10-03T09:23:21.3700698Z 
2026-10-03T09:23:21.3700740Z SC-PREFS-OK
2026-10-03T09:23:21.3700800Z 
2026-10-03T09:23:21.3700802Z 
2026-10-03T09:23:21.3700845Z SC-RUNLOOP-OK
2026-10-03T09:23:21.3700908Z 
2026-10-03T09:23:21.3700910Z 
2026-10-03T09:23:21.3700951Z SC-STORE-OK
2026-10-03T09:23:21.3701010Z 
2026-10-03T09:23:21.3701012Z 
2026-10-03T09:23:21.3701136Z SC-VLAN-OK
2026-10-03T09:23:21.3701194Z 
2026-10-03T09:23:21.3701195Z 
2026-10-03T09:23:21.3701247Z SERVICE-LDCONFIG-OK
2026-10-03T09:23:21.3701317Z 
2026-10-03T09:23:21.3701319Z 
2026-10-03T09:23:21.3701366Z SHELLCMD-LEAF-OK
2026-10-03T09:23:21.3701433Z 
2026-10-03T09:23:21.3701435Z 
2026-10-03T09:23:21.3701477Z SUDO-OK
2026-10-03T09:23:21.3701538Z 
2026-10-03T09:23:21.3701540Z 
2026-10-03T09:23:21.3701583Z SYSCMD-LEAF-OK
2026-10-03T09:23:21.3701647Z 
2026-10-03T09:23:21.3701649Z 
2026-10-03T09:23:21.3701691Z SYSLOG-RUN-OK
2026-10-03T09:23:21.3701754Z 
2026-10-03T09:23:21.3701756Z 
2026-10-03T09:23:21.3701803Z SYSLOGD-PROC-OK
2026-10-03T09:23:21.3701872Z 
2026-10-03T09:23:21.3701873Z 
2026-10-03T09:23:21.3701926Z TASK-SPECIAL-PORT-OK
2026-10-03T09:23:21.3702000Z 
2026-10-03T09:23:21.3702002Z 
2026-10-03T09:23:21.3702051Z TEXTCMD-LEAF-OK
2026-10-03T09:23:21.3702117Z 
2026-10-03T09:23:21.3702119Z 
2026-10-03T09:23:21.3702161Z WAITQUIET-OK
2026-10-03T09:23:21.3702223Z 
2026-10-03T09:23:21.3702228Z 
2026-10-03T09:23:21.3702274Z WEDGE-CHECK-SKIP
2026-10-03T09:23:21.3702341Z 
2026-10-03T09:23:21.3702343Z 
2026-10-03T09:23:21.3702386Z ADVCMD-LEAF-OK
2026-10-03T09:23:21.3702453Z 
2026-10-03T09:23:21.3702455Z 
2026-10-03T09:23:21.3702502Z admin@selftest ~ % 
2026-10-03T09:23:21.3702614Z OK: ACCT-HELPERS
2026-10-03T09:23:21.3702678Z 
2026-10-03T09:23:21.3702725Z OK: ACCT-LIFECYCLE
2026-10-03T09:23:21.3702795Z 
2026-10-03T09:23:21.3702841Z OK: ADVCMD-LEAF
2026-10-03T09:23:21.3702908Z 
2026-10-03T09:23:21.3702950Z OK: ADVCMD-LEAF
2026-10-03T09:23:41.3696011Z 
2026-10-03T09:23:41.3697257Z FAIL: /usr/tests/freebsd-launchd-mach/run.sh printed no NEXTBSD-TEST-SUMMARY within the 20s budget (no sentinel — the suite hung or died)
2026-10-03T09:23:41.3706774Z invalid command name "exp_buffer"
2026-10-03T09:23:41.3707026Z     while executing
2026-10-03T09:23:41.3707195Z "exp_buffer"
2026-10-03T09:23:41.3707351Z     invoked from within
2026-10-03T09:23:41.3707528Z "expect {
2026-10-03T09:23:41.3707699Z     timeout {
2026-10-03T09:23:41.3708134Z         puts "\nFAIL: /usr/tests/freebsd-launchd-mach/run.sh printed no NEXTBSD-TEST-SUMMARY within the $env(NB_SUITE_TIMEOUT)s..."
2026-10-03T09:23:41.3708755Z     (file "tests/boot.exp" line 468)
2026-10-03T09:23:41.3770612Z NEXTBSD-TEST-SUMMARY ok= fail= skip=
2026-10-03T09:23:41.3771591Z ==> boot-test FAILED rc=1 (arch=amd64 suite=/usr/tests/freebsd-launchd-mach/run.sh)
2026-10-03T09:23:41.3771982Z     serial transcript: tests/boot.log
2026-10-03T09:23:41.3773327Z SELFTEST FAIL: case nosummary — expected rc 2, got 1
2026-10-03T09:23:41.3773628Z ==> case: deadend (suite: /usr/tests/freebsd-launchd-mach/run.sh) — expect rc 2
2026-10-03T09:23:41.3831111Z ==> boot test: tests/fake.img
2026-10-03T09:23:41.3839048Z -rw-r--r-- 1 runner runner 0 Oct  3 09:23 tests/fake.img
2026-10-03T09:23:41.3895392Z ==> using KVM acceleration
2026-10-03T09:23:41.3895687Z ==> amd64: qemu-system-x86_64 -machine q35 | firmware 
2026-10-03T09:23:41.4031965Z spawn tclsh /home/runner/work/nextbsd-ci/nextbsd-ci/selftest/mock-guest.tcl
2026-10-03T09:23:41.4067474Z FreeBSD/amd64 EFI loader, Revision 3.0
2026-10-03T09:23:41.4067628Z 
2026-10-03T09:23:41.4067631Z 
2026-10-03T09:23:41.4067692Z Loading /boot/loader.conf
2026-10-03T09:23:41.4067776Z 
2026-10-03T09:23:41.4067781Z 
2026-10-03T09:23:41.4067889Z Hit [Enter] to boot immediately, or any other key for command prompt.
2026-10-03T09:23:41.4068053Z 
2026-10-03T09:23:41.4068055Z 
2026-10-03T09:23:41.4068100Z OK 
2026-10-03T09:23:41.4068203Z ==> at loader prompt
2026-10-03T09:23:42.5888826Z  set console=comconsole
2026-10-03T09:23:42.5889051Z OK set console=comconsole
2026-10-03T09:23:42.5889193Z 
2026-10-03T09:23:42.5889196Z 
2026-10-03T09:23:43.6510106Z OK set boot_serial=YES
2026-10-03T09:23:43.6510311Z OK set boot_serial=YES
2026-10-03T09:23:43.6510392Z 
2026-10-03T09:23:43.6510396Z 
2026-10-03T09:23:45.0344035Z OK set comconsole_speed=115200
2026-10-03T09:23:45.0344259Z OK set comconsole_speed=115200
2026-10-03T09:23:45.0344359Z 
2026-10-03T09:23:45.0344706Z 
2026-10-03T09:23:46.2165078Z OK set boot_multicons=YES
2026-10-03T09:23:46.2165304Z OK set boot_multicons=YES
2026-10-03T09:23:46.2165391Z 
2026-10-03T09:23:46.2165400Z 
2026-10-03T09:23:47.3186124Z OK set boot_mutemsgs=NO
2026-10-03T09:23:47.3186334Z OK set boot_mutemsgs=NO
2026-10-03T09:23:47.3186424Z 
2026-10-03T09:23:47.3186427Z 
2026-10-03T09:23:47.9009367Z OK boot -v
2026-10-03T09:23:47.9009576Z Booting [/boot/kernel/kernel]
2026-10-03T09:23:47.9009702Z 
2026-10-03T09:23:47.9009706Z 
2026-10-03T09:23:47.9011263Z ---<<BOOT>>---
2026-10-03T09:23:47.9011362Z 
2026-10-03T09:23:47.9011366Z 
2026-10-03T09:23:47.9011462Z Copyright (c) 1992-2025 The FreeBSD Project.
2026-10-03T09:23:47.9011662Z 
2026-10-03T09:23:47.9011665Z 
2026-10-03T09:23:47.9011735Z early-init: sethostname('selftest')
2026-10-03T09:23:47.9011836Z 
2026-10-03T09:23:47.9011838Z 
2026-10-03T09:23:47.9011940Z early-init: opened /dev/klog (kernel.log_open=1; console quiet)
2026-10-03T09:23:47.9012085Z 
2026-10-03T09:23:47.9012087Z 
2026-10-03T09:23:47.9012163Z NextBSD/amd64 (selftest) (console)
2026-10-03T09:23:47.9012256Z 
2026-10-03T09:23:47.9012258Z 
2026-10-03T09:23:47.9014691Z 
2026-10-03T09:23:47.9016604Z OK: BOOT-BANNER-OK — getty shows the synthesized hostname 'selftest'
2026-10-03T09:23:48.2018051Z login:
2026-10-03T09:23:48.2018195Z 
2026-10-03T09:23:48.2018199Z 
2026-10-03T09:23:48.2018205Z 
2026-10-03T09:23:48.2018303Z OK: boot reached the login prompt
2026-10-03T09:23:48.2019261Z admin
2026-10-03T09:23:48.2019452Z Password:
2026-10-03T09:23:48.2019572Z 
2026-10-03T09:23:48.2019576Z 
2026-10-03T09:23:48.2019614Z 
2026-10-03T09:23:48.2020507Z admin@selftest ~ % 
2026-10-03T09:23:48.2020924Z OK: logged in as admin
2026-10-03T09:23:48.2022142Z ==> running on-image suite: /usr/tests/freebsd-launchd-mach/run.sh
2026-10-03T09:23:48.2028509Z r() { if [ "$(id -u)" = 0 ]; then "$@"; else sudo "$@"; fi; }
2026-10-03T09:23:48.2028993Z admin@selftest ~ % r /usr/tests/freebsd-launchd-mach/run.sh
2026-10-03T09:23:48.2029290Z ACCT-HELPERS-OK
2026-10-03T09:23:48.2029417Z 
2026-10-03T09:23:48.2029421Z 
2026-10-03T09:23:48.2029427Z 
2026-10-03T09:23:48.2029503Z OK: ACCT-HELPERS
2026-10-03T09:23:48.2029936Z 
2026-10-03T09:23:48.2030313Z FAIL: /usr/tests/freebsd-launchd-mach/run.sh died (serial stream closed) before printing NEXTBSD-TEST-SUMMARY
2026-10-03T09:23:48.2040024Z invalid command name "exp_buffer"
2026-10-03T09:23:48.2040282Z     while executing
2026-10-03T09:23:48.2040465Z "exp_buffer"
2026-10-03T09:23:48.2040644Z     invoked from within
2026-10-03T09:23:48.2040797Z "expect {
2026-10-03T09:23:48.2040903Z     timeout {
2026-10-03T09:23:48.2041211Z         puts "\nFAIL: /usr/tests/freebsd-launchd-mach/run.sh printed no NEXTBSD-TEST-SUMMARY within the $env(NB_SUITE_TIMEOUT)s..."
2026-10-03T09:23:48.2042005Z     (file "tests/boot.exp" line 468)
2026-10-03T09:23:48.2104173Z NEXTBSD-TEST-SUMMARY ok= fail= skip=
2026-10-03T09:23:48.2105227Z ==> boot-test FAILED rc=1 (arch=amd64 suite=/usr/tests/freebsd-launchd-mach/run.sh)
2026-10-03T09:23:48.2105504Z     serial transcript: tests/boot.log
2026-10-03T09:23:48.2107087Z SELFTEST FAIL: case deadend — expected rc 2, got 1
2026-10-03T09:23:48.2107502Z ==> case: reboot (suite: /usr/tests/freebsd-launchd-mach/run.sh) — expect rc 1
2026-10-03T09:23:48.2132007Z ==> boot test: tests/fake.img
2026-10-03T09:23:48.2149363Z -rw-r--r-- 1 runner runner 0 Oct  3 09:23 tests/fake.img
2026-10-03T09:23:48.2197986Z ==> using KVM acceleration
2026-10-03T09:23:48.2198270Z ==> amd64: qemu-system-x86_64 -machine q35 | firmware 
2026-10-03T09:23:48.2330475Z spawn tclsh /home/runner/work/nextbsd-ci/nextbsd-ci/selftest/mock-guest.tcl
2026-10-03T09:23:48.2364410Z FreeBSD/amd64 EFI loader, Revision 3.0
2026-10-03T09:23:48.2364621Z 
2026-10-03T09:23:48.2364626Z 
2026-10-03T09:23:48.2364715Z Loading /boot/loader.conf
2026-10-03T09:23:48.2364854Z 
2026-10-03T09:23:48.2364857Z 
2026-10-03T09:23:48.2364974Z Hit [Enter] to boot immediately, or any other key for command prompt.
2026-10-03T09:23:48.2365138Z 
2026-10-03T09:23:48.2365140Z 
2026-10-03T09:23:48.2365373Z OK 
2026-10-03T09:23:48.2365481Z ==> at loader prompt
2026-10-03T09:23:49.4193928Z  set console=comconsole
2026-10-03T09:23:49.4194145Z OK set console=comconsole
2026-10-03T09:23:49.4194245Z 
2026-10-03T09:23:49.4194249Z 
2026-10-03T09:23:50.4816986Z OK set boot_serial=YES
2026-10-03T09:23:50.4817185Z OK set boot_serial=YES
2026-10-03T09:23:50.4817267Z 
2026-10-03T09:23:50.4817270Z 
2026-10-03T09:23:51.8641077Z OK set comconsole_speed=115200
2026-10-03T09:23:51.8641308Z OK set comconsole_speed=115200
2026-10-03T09:23:51.8641406Z 
2026-10-03T09:23:51.8641409Z 
2026-10-03T09:23:53.0461036Z OK set boot_multicons=YES
2026-10-03T09:23:53.0461297Z OK set boot_multicons=YES
2026-10-03T09:23:53.0461395Z 
2026-10-03T09:23:53.0461400Z 
2026-10-03T09:23:54.1480177Z OK set boot_mutemsgs=NO
2026-10-03T09:23:54.1480389Z OK set boot_mutemsgs=NO
2026-10-03T09:23:54.1480472Z 
2026-10-03T09:23:54.1480476Z 
2026-10-03T09:23:54.7290360Z OK boot -v
2026-10-03T09:23:54.7290569Z Booting [/boot/kernel/kernel]
2026-10-03T09:23:54.7290700Z 
2026-10-03T09:23:54.7290703Z 
2026-10-03T09:23:54.7290751Z ---<<BOOT>>---
2026-10-03T09:23:54.7290826Z 
2026-10-03T09:23:54.7290828Z 
2026-10-03T09:23:54.7290901Z Copyright (c) 1992-2025 The FreeBSD Project.
2026-10-03T09:23:54.7291032Z 
2026-10-03T09:23:54.7291035Z 
2026-10-03T09:23:54.7291099Z early-init: sethostname('selftest')
2026-10-03T09:23:54.7291202Z 
2026-10-03T09:23:54.7291204Z 
2026-10-03T09:23:54.7291307Z early-init: opened /dev/klog (kernel.log_open=1; console quiet)
2026-10-03T09:23:54.7291462Z 
2026-10-03T09:23:54.7291464Z 
2026-10-03T09:23:54.7291522Z NextBSD/amd64 (selftest) (console)
2026-10-03T09:23:54.7291633Z 
2026-10-03T09:23:54.7291636Z 
2026-10-03T09:23:54.7292882Z 
2026-10-03T09:23:54.7293271Z OK: BOOT-BANNER-OK — getty shows the synthesized hostname 'selftest'
2026-10-03T09:23:55.0303698Z login:
2026-10-03T09:23:55.0303822Z 
2026-10-03T09:23:55.0303826Z 
2026-10-03T09:23:55.0303828Z 
2026-10-03T09:23:55.0303898Z OK: boot reached the login prompt
2026-10-03T09:23:55.0304911Z admin
2026-10-03T09:23:55.0305215Z Password:
2026-10-03T09:23:55.0305314Z 
2026-10-03T09:23:55.0305648Z 
2026-10-03T09:23:55.0305650Z 
2026-10-03T09:23:55.0306099Z admin@selftest ~ % 
2026-10-03T09:23:55.0306313Z OK: logged in as admin
2026-10-03T09:23:55.0309057Z ==> running on-image suite: /usr/tests/freebsd-launchd-mach/run.sh
2026-10-03T09:23:55.0313732Z r() { if [ "$(id -u)" = 0 ]; then "$@"; else sudo "$@"; fi; }
2026-10-03T09:23:55.0314231Z admin@selftest ~ % r /usr/tests/freebsd-launchd-mach/run.sh
2026-10-03T09:23:55.0314538Z ACCT-HELPERS-OK
2026-10-03T09:23:55.0314650Z 
2026-10-03T09:23:55.0314656Z 
2026-10-03T09:23:55.0314985Z ACCT-LIFECYCLE-OK
2026-10-03T09:23:55.0315056Z 
2026-10-03T09:23:55.0315059Z 
2026-10-03T09:23:55.0315124Z ADVCMD-LEAF-OK
2026-10-03T09:23:55.0315227Z 
2026-10-03T09:23:55.0315230Z 
2026-10-03T09:23:55.0315307Z ASLMANAGER-DEMAND-SKIP
2026-10-03T09:23:55.0315422Z 
2026-10-03T09:23:55.0315429Z 
2026-10-03T09:23:55.0315499Z BOOT-BANNER-SKIP
2026-10-03T09:23:55.0315612Z 
2026-10-03T09:23:55.0315615Z 
2026-10-03T09:23:55.0315681Z BOOTSTRAP-OK
2026-10-03T09:23:55.0315777Z 
2026-10-03T09:23:55.0315780Z 
2026-10-03T09:23:55.0315856Z BOOTSTRAP-REMOTE-OK
2026-10-03T09:23:55.0315953Z 
2026-10-03T09:23:55.0315958Z 
2026-10-03T09:23:55.0316027Z BUSYSTATE-OK
2026-10-03T09:23:55.0316115Z 
2026-10-03T09:23:55.0316118Z 
2026-10-03T09:23:55.0316188Z CONFIGD-LIST-OK
2026-10-03T09:23:55.0316285Z 
2026-10-03T09:23:55.0316287Z 
2026-10-03T09:23:55.0316355Z CONFIGD-MULTI-OK
2026-10-03T09:23:55.0316451Z 
2026-10-03T09:23:55.0316454Z 
2026-10-03T09:23:55.0316522Z CONFIGD-NOTIFY-OK
2026-10-03T09:23:55.0316623Z 
2026-10-03T09:23:55.0316633Z 
2026-10-03T09:23:55.0316710Z CONFIGD-PATTERN-OK
2026-10-03T09:23:55.0316821Z 
2026-10-03T09:23:55.0316824Z 
2026-10-03T09:23:55.0316894Z CONFIGD-STORE-OK
2026-10-03T09:23:55.0317018Z 
2026-10-03T09:23:55.0317020Z 
2026-10-03T09:23:55.0317089Z COREFOUNDATION-OK
2026-10-03T09:23:55.0317192Z 
2026-10-03T09:23:55.0317195Z 
2026-10-03T09:23:55.0317396Z DA-BOOT-OK
2026-10-03T09:23:55.0317491Z 
2026-10-03T09:23:55.0317493Z 
2026-10-03T09:23:55.0317559Z DA-IOKIT-OK
2026-10-03T09:23:55.0317620Z 
2026-10-03T09:23:55.0317621Z 
2026-10-03T09:23:55.0317667Z DAEMON-STATE-OK
2026-10-03T09:23:55.0317731Z 
2026-10-03T09:23:55.0317733Z 
2026-10-03T09:23:55.0317779Z DOMAIN-DIRS-OK
2026-10-03T09:23:55.0317843Z 
2026-10-03T09:23:55.0317845Z 
2026-10-03T09:23:55.0317897Z EVFILT-MACHPORT-SKIP
2026-10-03T09:23:55.0317975Z 
2026-10-03T09:23:55.0317977Z 
2026-10-03T09:23:55.0318042Z EVFILT-MACHPORT-CONCURRENT-OK
2026-10-03T09:23:55.0318140Z 
2026-10-03T09:23:55.0318142Z 
2026-10-03T09:23:55.0318185Z FBSDGLUE-OK
2026-10-03T09:23:55.0318250Z 
2026-10-03T09:23:55.0318252Z 
2026-10-03T09:23:55.0318297Z FILECMD-LEAF-OK
2026-10-03T09:23:55.0318361Z 
2026-10-03T09:23:55.0318363Z 
2026-10-03T09:23:55.0318406Z GETTY-OK
2026-10-03T09:23:55.0318463Z 
2026-10-03T09:23:55.0318465Z 
2026-10-03T09:23:55.0318508Z HOMEDIR-OK
2026-10-03T09:23:55.0318712Z 
2026-10-03T09:23:55.0318714Z 
2026-10-03T09:23:55.0318768Z HOST-BOOTSTRAP-OK
2026-10-03T09:23:55.0318838Z 
2026-10-03T09:23:55.0318840Z 
2026-10-03T09:23:55.0318882Z HOSTNAMED-OK
2026-10-03T09:23:55.0318944Z 
2026-10-03T09:23:55.0318945Z 
2026-10-03T09:23:55.0319002Z HOSTNAMED-BONJOUR-RENAME-SKIP
2026-10-03T09:23:55.0319094Z 
2026-10-03T09:23:55.0319096Z 
2026-10-03T09:23:55.0319143Z HOSTNAMED-DHCP-OK
2026-10-03T09:23:55.0319209Z 
2026-10-03T09:23:55.0319211Z 
2026-10-03T09:23:55.0319261Z HOSTNAMED-MDNS-SKIP
2026-10-03T09:23:55.0319329Z 
2026-10-03T09:23:55.0319331Z 
2026-10-03T09:23:55.0319382Z HOSTNAMED-PREFS-OK
2026-10-03T09:23:55.0319449Z 
2026-10-03T09:23:55.0319451Z 
2026-10-03T09:23:55.0319500Z IPCFG-ARP-OK
2026-10-03T09:23:55.0319563Z 
2026-10-03T09:23:55.0319564Z 
2026-10-03T09:23:55.0319607Z IPCFG-BOOT-OK
2026-10-03T09:23:55.0319672Z 
2026-10-03T09:23:55.0319674Z 
2026-10-03T09:23:55.0319718Z IPCFG-BOUND-OK
2026-10-03T09:23:55.0319783Z 
2026-10-03T09:23:55.0319785Z 
2026-10-03T09:23:55.0319827Z IPCFG-DHCP-OK
2026-10-03T09:23:55.0319896Z 
2026-10-03T09:23:55.0319898Z 
2026-10-03T09:23:55.0319946Z IPCFG-IPCONFIG-OK
2026-10-03T09:23:55.0320035Z 
2026-10-03T09:23:55.0320037Z 
2026-10-03T09:23:55.0320080Z IPCFG-RA-OK
2026-10-03T09:23:55.0320141Z 
2026-10-03T09:23:55.0320142Z 
2026-10-03T09:23:55.0320188Z IPCFG-RENEW-OK
2026-10-03T09:23:55.0320248Z 
2026-10-03T09:23:55.0320250Z 
2026-10-03T09:23:55.0320296Z IPCFG-RPC-OK
2026-10-03T09:23:55.0320354Z 
2026-10-03T09:23:55.0320356Z 
2026-10-03T09:23:55.0320401Z IPCFG-STORE-OK
2026-10-03T09:23:55.0320462Z 
2026-10-03T09:23:55.0320464Z 
2026-10-03T09:23:55.0320508Z KEM-LINK-OK
2026-10-03T09:23:55.0320566Z 
2026-10-03T09:23:55.0320720Z 
2026-10-03T09:23:55.0320765Z LAUNCHCTL-BUILD-OK
2026-10-03T09:23:55.0320835Z 
2026-10-03T09:23:55.0320836Z 
2026-10-03T09:23:55.0320880Z LAUNCHCTL-LIST-OK
2026-10-03T09:23:55.0320946Z 
2026-10-03T09:23:55.0320948Z 
2026-10-03T09:23:55.0320994Z LAUNCHD-BUILD-OK
2026-10-03T09:23:55.0321058Z 
2026-10-03T09:23:55.0321060Z 
2026-10-03T09:23:55.0321105Z LIBDISPATCH-OK
2026-10-03T09:23:55.0321170Z 
2026-10-03T09:23:55.0321172Z 
2026-10-03T09:23:55.0321220Z LIBDISPATCH-MACH-OK
2026-10-03T09:23:55.0321289Z 
2026-10-03T09:23:55.0321290Z 
2026-10-03T09:23:55.0321333Z LIBDS-OK
2026-10-03T09:23:55.0321391Z 
2026-10-03T09:23:55.0321393Z 
2026-10-03T09:23:55.0321438Z LIBSYSTEM-KERNEL-OK
2026-10-03T09:23:55.0321509Z 
2026-10-03T09:23:55.0321511Z 
2026-10-03T09:23:55.0321552Z LIBXPC-OK
2026-10-03T09:23:55.0321612Z 
2026-10-03T09:23:55.0321614Z 
2026-10-03T09:23:55.0321656Z LINUX-MOUNTS-OK
2026-10-03T09:23:55.0321723Z 
2026-10-03T09:23:55.0321725Z 
2026-10-03T09:23:55.0321770Z MACH-PORT-OK
2026-10-03T09:23:55.0321830Z 
2026-10-03T09:23:55.0321835Z 
2026-10-03T09:23:55.0321881Z MACH-SMOKE-OK
2026-10-03T09:23:55.0321942Z 
2026-10-03T09:23:55.0321944Z 
2026-10-03T09:23:55.0321989Z MDNS-BOOT-OK
2026-10-03T09:23:55.0322050Z 
2026-10-03T09:23:55.0322052Z 
2026-10-03T09:23:55.0322094Z MDNS-DNSSD-OK
2026-10-03T09:23:55.0322156Z 
2026-10-03T09:23:55.0322158Z 
2026-10-03T09:23:55.0322282Z MDNS-ENGINE-OK
2026-10-03T09:23:55.0322347Z 
2026-10-03T09:23:55.0322349Z 
2026-10-03T09:23:55.0322393Z MDNS-IFWATCH-OK
2026-10-03T09:23:55.0322457Z 
2026-10-03T09:23:55.0322459Z 
2026-10-03T09:23:55.0322503Z MDNS-STATIC-OK
2026-10-03T09:23:55.0322563Z 
2026-10-03T09:23:55.0322565Z 
2026-10-03T09:23:55.0322609Z MIG-BUILD-OK
2026-10-03T09:23:55.0322667Z 
2026-10-03T09:23:55.0322669Z 
2026-10-03T09:23:55.0322711Z NFS-OK
2026-10-03T09:23:55.0322769Z 
2026-10-03T09:23:55.0322771Z 
2026-10-03T09:23:55.0322814Z NOTIFYD-PROC-OK
2026-10-03T09:23:55.0322881Z 
2026-10-03T09:23:55.0322883Z 
2026-10-03T09:23:55.0322925Z NSS-DS-OK
2026-10-03T09:23:55.0322981Z 
2026-10-03T09:23:55.0322986Z 
2026-10-03T09:23:55.0323026Z NTP-OK
2026-10-03T09:23:55.0323084Z 
2026-10-03T09:23:55.0323086Z 
2026-10-03T09:23:55.0323129Z SC-BOND-OK
2026-10-03T09:23:55.0323186Z 
2026-10-03T09:23:55.0323188Z 
2026-10-03T09:23:55.0323232Z SC-BRIDGE-OK
2026-10-03T09:23:55.0323292Z 
2026-10-03T09:23:55.0323293Z 
2026-10-03T09:23:55.0323336Z SC-LOCK-OK
2026-10-03T09:23:55.0323395Z 
2026-10-03T09:23:55.0323400Z 
2026-10-03T09:23:55.0323442Z SC-MULTI-OK
2026-10-03T09:23:55.0323500Z 
2026-10-03T09:23:55.0323502Z 
2026-10-03T09:23:55.0323543Z SC-NETIF-OK
2026-10-03T09:23:55.0323600Z 
2026-10-03T09:23:55.0323602Z 
2026-10-03T09:23:55.0323642Z SC-NETSET-OK
2026-10-03T09:23:55.0323702Z 
2026-10-03T09:23:55.0323704Z 
2026-10-03T09:23:55.0323748Z SC-NETSVC-OK
2026-10-03T09:23:55.0323805Z 
2026-10-03T09:23:55.0323807Z 
2026-10-03T09:23:55.0323851Z SC-NOTIFY-OK
2026-10-03T09:23:55.0323908Z 
2026-10-03T09:23:55.0323909Z 
2026-10-03T09:23:55.0323953Z SC-PATH-OK
2026-10-03T09:23:55.0324009Z 
2026-10-03T09:23:55.0324013Z 
2026-10-03T09:23:55.0324057Z SC-PLINK-OK
2026-10-03T09:23:55.0324118Z 
2026-10-03T09:23:55.0324120Z 
2026-10-03T09:23:55.0324162Z SC-PNOTIFY-OK
2026-10-03T09:23:55.0324226Z 
2026-10-03T09:23:55.0324227Z 
2026-10-03T09:23:55.0324269Z SC-PREFS-OK
2026-10-03T09:23:55.0324327Z 
2026-10-03T09:23:55.0324329Z 
2026-10-03T09:23:55.0324373Z SC-RUNLOOP-OK
2026-10-03T09:23:55.0324437Z 
2026-10-03T09:23:55.0324439Z 
2026-10-03T09:23:55.0324482Z SC-STORE-OK
2026-10-03T09:23:55.0324537Z 
2026-10-03T09:23:55.0324539Z 
2026-10-03T09:23:55.0324582Z SC-VLAN-OK
2026-10-03T09:23:55.0324638Z 
2026-10-03T09:23:55.0324640Z 
2026-10-03T09:23:55.0324689Z SERVICE-LDCONFIG-OK
2026-10-03T09:23:55.0324761Z 
2026-10-03T09:23:55.0324763Z 
2026-10-03T09:23:55.0324806Z SHELLCMD-LEAF-OK
2026-10-03T09:23:55.0324873Z 
2026-10-03T09:23:55.0324875Z 
2026-10-03T09:23:55.0324916Z SUDO-OK
2026-10-03T09:23:55.0324975Z 
2026-10-03T09:23:55.0324976Z 
2026-10-03T09:23:55.0325019Z SYSCMD-LEAF-OK
2026-10-03T09:23:55.0325083Z 
2026-10-03T09:23:55.0325147Z 
2026-10-03T09:23:55.0325194Z SYSLOG-RUN-OK
2026-10-03T09:23:55.0325255Z 
2026-10-03T09:23:55.0325257Z 
2026-10-03T09:23:55.0325306Z SYSLOGD-PROC-OK
2026-10-03T09:23:55.0325370Z 
2026-10-03T09:23:55.0325372Z 
2026-10-03T09:23:55.0325424Z TASK-SPECIAL-PORT-OK
2026-10-03T09:23:55.0325500Z 
2026-10-03T09:23:55.0325501Z 
2026-10-03T09:23:55.0325544Z TEXTCMD-LEAF-OK
2026-10-03T09:23:55.0325610Z 
2026-10-03T09:23:55.0325612Z 
2026-10-03T09:23:55.0325654Z WAITQUIET-OK
2026-10-03T09:23:55.0325716Z 
2026-10-03T09:23:55.0325718Z 
2026-10-03T09:23:55.0325762Z WEDGE-CHECK-SKIP
2026-10-03T09:23:55.0325828Z 
2026-10-03T09:23:55.0325830Z 
2026-10-03T09:23:55.0325875Z ADVCMD-LEAF-OK
2026-10-03T09:23:55.0325937Z 
2026-10-03T09:23:55.0325939Z 
2026-10-03T09:23:55.0326001Z NEXTBSD-TEST-SUMMARY ok=81 fail=0 skip=6
2026-10-03T09:23:55.0326107Z 
2026-10-03T09:23:55.0326109Z 
2026-10-03T09:23:55.0326156Z admin@selftest ~ % 
2026-10-03T09:23:55.0326266Z OK: ACCT-HELPERS
2026-10-03T09:23:55.0326331Z 
2026-10-03T09:23:55.0326379Z OK: ACCT-LIFECYCLE
2026-10-03T09:23:55.0326448Z 
2026-10-03T09:23:55.0326494Z OK: ADVCMD-LEAF
2026-10-03T09:23:55.0326613Z 
2026-10-03T09:23:55.0326678Z OK: ADVCMD-LEAF
2026-10-03T09:23:55.0326775Z 
2026-10-03T09:23:55.0326964Z OK: /usr/tests/freebsd-launchd-mach/run.sh: NEXTBSD-TEST-SUMMARY ok=81 fail=0 skip=6
2026-10-03T09:23:55.0327471Z invalid command name "exp_buffer"
2026-10-03T09:23:55.0328031Z     while executing
2026-10-03T09:23:55.0328189Z "exp_buffer"
2026-10-03T09:23:55.0328340Z     invoked from within
2026-10-03T09:23:55.0328616Z "if {$env(NB_DEBUG) ne ""} {
2026-10-03T09:23:55.0328808Z     set dbgbuf [exp_buffer]
2026-10-03T09:23:55.0329145Z     puts "\nDBG: remaining buffer [string length $dbgbuf] bytes; escaped head: [string map [li..."
2026-10-03T09:23:55.0329563Z     (file "tests/boot.exp" line 781)
2026-10-03T09:23:55.0389271Z NEXTBSD-TEST-SUMMARY ok=81 fail=0 skip=6
2026-10-03T09:23:55.0390262Z ==> boot-test FAILED rc=1 (arch=amd64 suite=/usr/tests/freebsd-launchd-mach/run.sh)
2026-10-03T09:23:55.0390527Z     serial transcript: tests/boot.log
2026-10-03T09:23:55.0391647Z SELFTEST OK:   case reboot (rc=1)
2026-10-03T09:23:55.0392409Z ==> case: two-suite (suite: /usr/tests/freebsd-launchd-mach/run.sh /usr/tests/nextbsd-iokit/run.sh) — expect rc 0
2026-10-03T09:23:55.0414477Z ==> boot test: tests/fake.img
2026-10-03T09:23:55.0422794Z -rw-r--r-- 1 runner runner 0 Oct  3 09:23 tests/fake.img
2026-10-03T09:23:55.0478727Z ==> using KVM acceleration
2026-10-03T09:23:55.0478953Z ==> amd64: qemu-system-x86_64 -machine q35 | firmware 
2026-10-03T09:23:55.0613506Z spawn tclsh /home/runner/work/nextbsd-ci/nextbsd-ci/selftest/mock-guest.tcl
2026-10-03T09:23:55.0646221Z FreeBSD/amd64 EFI loader, Revision 3.0
2026-10-03T09:23:55.0646430Z 
2026-10-03T09:23:55.0646434Z 
2026-10-03T09:23:55.0646519Z Loading /boot/loader.conf
2026-10-03T09:23:55.0646625Z 
2026-10-03T09:23:55.0646628Z 
2026-10-03T09:23:55.0646733Z Hit [Enter] to boot immediately, or any other key for command prompt.
2026-10-03T09:23:55.0646889Z 
2026-10-03T09:23:55.0646902Z 
2026-10-03T09:23:55.0646949Z OK 
2026-10-03T09:23:55.0647055Z ==> at loader prompt
2026-10-03T09:23:56.2469400Z  set console=comconsole
2026-10-03T09:23:56.2469609Z OK set console=comconsole
2026-10-03T09:23:56.2469704Z 
2026-10-03T09:23:56.2469707Z 
2026-10-03T09:23:57.3087294Z OK set boot_serial=YES
2026-10-03T09:23:57.3087520Z OK set boot_serial=YES
2026-10-03T09:23:57.3087613Z 
2026-10-03T09:23:57.3087616Z 
2026-10-03T09:23:58.6914358Z OK set comconsole_speed=115200
2026-10-03T09:23:58.6914581Z OK set comconsole_speed=115200
2026-10-03T09:23:58.6914675Z 
2026-10-03T09:23:58.6914678Z 
2026-10-03T09:23:59.8742400Z OK set boot_multicons=YES
2026-10-03T09:23:59.8742623Z OK set boot_multicons=YES
2026-10-03T09:23:59.8742710Z 
2026-10-03T09:23:59.8742713Z 
2026-10-03T09:24:00.9763572Z OK set boot_mutemsgs=NO
2026-10-03T09:24:00.9763853Z OK set boot_mutemsgs=NO
2026-10-03T09:24:00.9763942Z 
2026-10-03T09:24:00.9763946Z 
2026-10-03T09:24:01.5574492Z OK boot -v
2026-10-03T09:24:01.5575093Z Booting [/boot/kernel/kernel]
2026-10-03T09:24:01.5575222Z 
2026-10-03T09:24:01.5575226Z 
2026-10-03T09:24:01.5575275Z ---<<BOOT>>---
2026-10-03T09:24:01.5575343Z 
2026-10-03T09:24:01.5575348Z 
2026-10-03T09:24:01.5575420Z Copyright (c) 1992-2025 The FreeBSD Project.
2026-10-03T09:24:01.5575539Z 
2026-10-03T09:24:01.5575541Z 
2026-10-03T09:24:01.5575611Z early-init: sethostname('selftest')
2026-10-03T09:24:01.5575712Z 
2026-10-03T09:24:01.5575714Z 
2026-10-03T09:24:01.5575808Z early-init: opened /dev/klog (kernel.log_open=1; console quiet)
2026-10-03T09:24:01.5575962Z 
2026-10-03T09:24:01.5575964Z 
2026-10-03T09:24:01.5576021Z NextBSD/amd64 (selftest) (console)
2026-10-03T09:24:01.5576113Z 
2026-10-03T09:24:01.5576115Z 
2026-10-03T09:24:01.5579085Z 
2026-10-03T09:24:01.5579532Z OK: BOOT-BANNER-OK — getty shows the synthesized hostname 'selftest'
2026-10-03T09:24:01.8579572Z login:
2026-10-03T09:24:01.8579771Z 
2026-10-03T09:24:01.8579776Z 
2026-10-03T09:24:01.8579780Z 
2026-10-03T09:24:01.8579885Z OK: boot reached the login prompt
2026-10-03T09:24:01.8580174Z admin
2026-10-03T09:24:01.8580329Z Password:
2026-10-03T09:24:01.8580425Z 
2026-10-03T09:24:01.8580427Z 
2026-10-03T09:24:01.8580432Z 
2026-10-03T09:24:01.8580689Z admin@selftest ~ % 
2026-10-03T09:24:01.8580863Z OK: logged in as admin
2026-10-03T09:24:01.8582585Z ==> running on-image suite: /usr/tests/freebsd-launchd-mach/run.sh
2026-10-03T09:24:01.8588461Z r() { if [ "$(id -u)" = 0 ]; then "$@"; else sudo "$@"; fi; }
2026-10-03T09:24:01.8588900Z admin@selftest ~ % r /usr/tests/freebsd-launchd-mach/run.sh
2026-10-03T09:24:01.8589228Z ACCT-HELPERS-OK
2026-10-03T09:24:01.8589330Z 
2026-10-03T09:24:01.8589333Z 
2026-10-03T09:24:01.8589404Z ACCT-LIFECYCLE-OK
2026-10-03T09:24:01.8589503Z 
2026-10-03T09:24:01.8589506Z 
2026-10-03T09:24:01.8589577Z ADVCMD-LEAF-OK
2026-10-03T09:24:01.8589673Z 
2026-10-03T09:24:01.8589676Z 
2026-10-03T09:24:01.8589752Z ASLMANAGER-DEMAND-SKIP
2026-10-03T09:24:01.8589860Z 
2026-10-03T09:24:01.8589861Z 
2026-10-03T09:24:01.8589913Z BOOT-BANNER-SKIP
2026-10-03T09:24:01.8589980Z 
2026-10-03T09:24:01.8589981Z 
2026-10-03T09:24:01.8590025Z BOOTSTRAP-OK
2026-10-03T09:24:01.8590086Z 
2026-10-03T09:24:01.8590088Z 
2026-10-03T09:24:01.8590137Z BOOTSTRAP-REMOTE-OK
2026-10-03T09:24:01.8590206Z 
2026-10-03T09:24:01.8590208Z 
2026-10-03T09:24:01.8590251Z BUSYSTATE-OK
2026-10-03T09:24:01.8590310Z 
2026-10-03T09:24:01.8590319Z 
2026-10-03T09:24:01.8590365Z CONFIGD-LIST-OK
2026-10-03T09:24:01.8590427Z 
2026-10-03T09:24:01.8590431Z 
2026-10-03T09:24:01.8590474Z CONFIGD-MULTI-OK
2026-10-03T09:24:01.8590538Z 
2026-10-03T09:24:01.8590540Z 
2026-10-03T09:24:01.8590584Z CONFIGD-NOTIFY-OK
2026-10-03T09:24:01.8590651Z 
2026-10-03T09:24:01.8590652Z 
2026-10-03T09:24:01.8590700Z CONFIGD-PATTERN-OK
2026-10-03T09:24:01.8590767Z 
2026-10-03T09:24:01.8590769Z 
2026-10-03T09:24:01.8590813Z CONFIGD-STORE-OK
2026-10-03T09:24:01.8590873Z 
2026-10-03T09:24:01.8590875Z 
2026-10-03T09:24:01.8590920Z COREFOUNDATION-OK
2026-10-03T09:24:01.8590982Z 
2026-10-03T09:24:01.8590987Z 
2026-10-03T09:24:01.8591030Z DA-BOOT-OK
2026-10-03T09:24:01.8591086Z 
2026-10-03T09:24:01.8591090Z 
2026-10-03T09:24:01.8591131Z DA-IOKIT-OK
2026-10-03T09:24:01.8591190Z 
2026-10-03T09:24:01.8591192Z 
2026-10-03T09:24:01.8591233Z DAEMON-STATE-OK
2026-10-03T09:24:01.8591296Z 
2026-10-03T09:24:01.8591298Z 
2026-10-03T09:24:01.8591340Z DOMAIN-DIRS-OK
2026-10-03T09:24:01.8591405Z 
2026-10-03T09:24:01.8591407Z 
2026-10-03T09:24:01.8591457Z EVFILT-MACHPORT-SKIP
2026-10-03T09:24:01.8591529Z 
2026-10-03T09:24:01.8591531Z 
2026-10-03T09:24:01.8591593Z EVFILT-MACHPORT-CONCURRENT-OK
2026-10-03T09:24:01.8591682Z 
2026-10-03T09:24:01.8591684Z 
2026-10-03T09:24:01.8591727Z FBSDGLUE-OK
2026-10-03T09:24:01.8591783Z 
2026-10-03T09:24:01.8591788Z 
2026-10-03T09:24:01.8591853Z FILECMD-LEAF-OK
2026-10-03T09:24:01.8591918Z 
2026-10-03T09:24:01.8591920Z 
2026-10-03T09:24:01.8591960Z GETTY-OK
2026-10-03T09:24:01.8592015Z 
2026-10-03T09:24:01.8592017Z 
2026-10-03T09:24:01.8592057Z HOMEDIR-OK
2026-10-03T09:24:01.8592114Z 
2026-10-03T09:24:01.8592251Z 
2026-10-03T09:24:01.8592298Z HOST-BOOTSTRAP-OK
2026-10-03T09:24:01.8592361Z 
2026-10-03T09:24:01.8592363Z 
2026-10-03T09:24:01.8592406Z HOSTNAMED-OK
2026-10-03T09:24:01.8592464Z 
2026-10-03T09:24:01.8592466Z 
2026-10-03T09:24:01.8592523Z HOSTNAMED-BONJOUR-RENAME-SKIP
2026-10-03T09:24:01.8592608Z 
2026-10-03T09:24:01.8592612Z 
2026-10-03T09:24:01.8592658Z HOSTNAMED-DHCP-OK
2026-10-03T09:24:01.8592724Z 
2026-10-03T09:24:01.8592726Z 
2026-10-03T09:24:01.8592771Z HOSTNAMED-MDNS-SKIP
2026-10-03T09:24:01.8592838Z 
2026-10-03T09:24:01.8592840Z 
2026-10-03T09:24:01.8592886Z HOSTNAMED-PREFS-OK
2026-10-03T09:24:01.8592952Z 
2026-10-03T09:24:01.8592954Z 
2026-10-03T09:24:01.8592998Z IPCFG-ARP-OK
2026-10-03T09:24:01.8593056Z 
2026-10-03T09:24:01.8593058Z 
2026-10-03T09:24:01.8593103Z IPCFG-BOOT-OK
2026-10-03T09:24:01.8593163Z 
2026-10-03T09:24:01.8593165Z 
2026-10-03T09:24:01.8593211Z IPCFG-BOUND-OK
2026-10-03T09:24:01.8593270Z 
2026-10-03T09:24:01.8593274Z 
2026-10-03T09:24:01.8593316Z IPCFG-DHCP-OK
2026-10-03T09:24:01.8593383Z 
2026-10-03T09:24:01.8593384Z 
2026-10-03T09:24:01.8593428Z IPCFG-IPCONFIG-OK
2026-10-03T09:24:01.8593495Z 
2026-10-03T09:24:01.8593497Z 
2026-10-03T09:24:01.8593539Z IPCFG-RA-OK
2026-10-03T09:24:01.8593596Z 
2026-10-03T09:24:01.8593598Z 
2026-10-03T09:24:01.8593642Z IPCFG-RENEW-OK
2026-10-03T09:24:01.8593701Z 
2026-10-03T09:24:01.8593779Z 
2026-10-03T09:24:01.8593825Z IPCFG-RPC-OK
2026-10-03T09:24:01.8593883Z 
2026-10-03T09:24:01.8593885Z 
2026-10-03T09:24:01.8593929Z IPCFG-STORE-OK
2026-10-03T09:24:01.8593988Z 
2026-10-03T09:24:01.8593990Z 
2026-10-03T09:24:01.8594032Z KEM-LINK-OK
2026-10-03T09:24:01.8594088Z 
2026-10-03T09:24:01.8594090Z 
2026-10-03T09:24:01.8594135Z LAUNCHCTL-BUILD-OK
2026-10-03T09:24:01.8594202Z 
2026-10-03T09:24:01.8594204Z 
2026-10-03T09:24:01.8594247Z LAUNCHCTL-LIST-OK
2026-10-03T09:24:01.8594312Z 
2026-10-03T09:24:01.8594314Z 
2026-10-03T09:24:01.8594358Z LAUNCHD-BUILD-OK
2026-10-03T09:24:01.8594420Z 
2026-10-03T09:24:01.8594422Z 
2026-10-03T09:24:01.8594470Z LIBDISPATCH-OK
2026-10-03T09:24:01.8594531Z 
2026-10-03T09:24:01.8594533Z 
2026-10-03T09:24:01.8594580Z LIBDISPATCH-MACH-OK
2026-10-03T09:24:01.8594646Z 
2026-10-03T09:24:01.8594648Z 
2026-10-03T09:24:01.8594690Z LIBDS-OK
2026-10-03T09:24:01.8594745Z 
2026-10-03T09:24:01.8594747Z 
2026-10-03T09:24:01.8594793Z LIBSYSTEM-KERNEL-OK
2026-10-03T09:24:01.8594861Z 
2026-10-03T09:24:01.8594867Z 
2026-10-03T09:24:01.8594908Z LIBXPC-OK
2026-10-03T09:24:01.8594964Z 
2026-10-03T09:24:01.8594966Z 
2026-10-03T09:24:01.8595010Z LINUX-MOUNTS-OK
2026-10-03T09:24:01.8595070Z 
2026-10-03T09:24:01.8595072Z 
2026-10-03T09:24:01.8595115Z MACH-PORT-OK
2026-10-03T09:24:01.8595173Z 
2026-10-03T09:24:01.8595175Z 
2026-10-03T09:24:01.8595219Z MACH-SMOKE-OK
2026-10-03T09:24:01.8595277Z 
2026-10-03T09:24:01.8595279Z 
2026-10-03T09:24:01.8595322Z MDNS-BOOT-OK
2026-10-03T09:24:01.8595380Z 
2026-10-03T09:24:01.8595382Z 
2026-10-03T09:24:01.8595423Z MDNS-DNSSD-OK
2026-10-03T09:24:01.8595483Z 
2026-10-03T09:24:01.8595484Z 
2026-10-03T09:24:01.8595528Z MDNS-ENGINE-OK
2026-10-03T09:24:01.8595590Z 
2026-10-03T09:24:01.8595592Z 
2026-10-03T09:24:01.8595635Z MDNS-IFWATCH-OK
2026-10-03T09:24:01.8595698Z 
2026-10-03T09:24:01.8595700Z 
2026-10-03T09:24:01.8595744Z MDNS-STATIC-OK
2026-10-03T09:24:01.8595803Z 
2026-10-03T09:24:01.8595805Z 
2026-10-03T09:24:01.8595848Z MIG-BUILD-OK
2026-10-03T09:24:01.8595906Z 
2026-10-03T09:24:01.8595908Z 
2026-10-03T09:24:01.8595949Z NFS-OK
2026-10-03T09:24:01.8596005Z 
2026-10-03T09:24:01.8596007Z 
2026-10-03T09:24:01.8596050Z NOTIFYD-PROC-OK
2026-10-03T09:24:01.8596113Z 
2026-10-03T09:24:01.8596115Z 
2026-10-03T09:24:01.8596155Z NSS-DS-OK
2026-10-03T09:24:01.8596210Z 
2026-10-03T09:24:01.8596212Z 
2026-10-03T09:24:01.8596252Z NTP-OK
2026-10-03T09:24:01.8596308Z 
2026-10-03T09:24:01.8596310Z 
2026-10-03T09:24:01.8596351Z SC-BOND-OK
2026-10-03T09:24:01.8596406Z 
2026-10-03T09:24:01.8596408Z 
2026-10-03T09:24:01.8596452Z SC-BRIDGE-OK
2026-10-03T09:24:01.8596509Z 
2026-10-03T09:24:01.8596510Z 
2026-10-03T09:24:01.8596617Z SC-LOCK-OK
2026-10-03T09:24:01.8596671Z 
2026-10-03T09:24:01.8596675Z 
2026-10-03T09:24:01.8596715Z SC-MULTI-OK
2026-10-03T09:24:01.8596772Z 
2026-10-03T09:24:01.8596774Z 
2026-10-03T09:24:01.8596814Z SC-NETIF-OK
2026-10-03T09:24:01.8596870Z 
2026-10-03T09:24:01.8596871Z 
2026-10-03T09:24:01.8596912Z SC-NETSET-OK
2026-10-03T09:24:01.8596972Z 
2026-10-03T09:24:01.8596975Z 
2026-10-03T09:24:01.8597017Z SC-NETSVC-OK
2026-10-03T09:24:01.8597074Z 
2026-10-03T09:24:01.8597075Z 
2026-10-03T09:24:01.8597117Z SC-NOTIFY-OK
2026-10-03T09:24:01.8597173Z 
2026-10-03T09:24:01.8597175Z 
2026-10-03T09:24:01.8597218Z SC-PATH-OK
2026-10-03T09:24:01.8597273Z 
2026-10-03T09:24:01.8597277Z 
2026-10-03T09:24:01.8597318Z SC-PLINK-OK
2026-10-03T09:24:01.8597375Z 
2026-10-03T09:24:01.8597376Z 
2026-10-03T09:24:01.8597418Z SC-PNOTIFY-OK
2026-10-03T09:24:01.8597479Z 
2026-10-03T09:24:01.8597481Z 
2026-10-03T09:24:01.8597521Z SC-PREFS-OK
2026-10-03T09:24:01.8597577Z 
2026-10-03T09:24:01.8597579Z 
2026-10-03T09:24:01.8597627Z SC-RUNLOOP-OK
2026-10-03T09:24:01.8597685Z 
2026-10-03T09:24:01.8597687Z 
2026-10-03T09:24:01.8597728Z SC-STORE-OK
2026-10-03T09:24:01.8597783Z 
2026-10-03T09:24:01.8597785Z 
2026-10-03T09:24:01.8597827Z SC-VLAN-OK
2026-10-03T09:24:01.8597881Z 
2026-10-03T09:24:01.8597883Z 
2026-10-03T09:24:01.8597931Z SERVICE-LDCONFIG-OK
2026-10-03T09:24:01.8597999Z 
2026-10-03T09:24:01.8598062Z 
2026-10-03T09:24:01.8598108Z SHELLCMD-LEAF-OK
2026-10-03T09:24:01.8598174Z 
2026-10-03T09:24:01.8598175Z 
2026-10-03T09:24:01.8598215Z SUDO-OK
2026-10-03T09:24:01.8598271Z 
2026-10-03T09:24:01.8598273Z 
2026-10-03T09:24:01.8598317Z SYSCMD-LEAF-OK
2026-10-03T09:24:01.8598376Z 
2026-10-03T09:24:01.8598378Z 
2026-10-03T09:24:01.8598422Z SYSLOG-RUN-OK
2026-10-03T09:24:01.8598480Z 
2026-10-03T09:24:01.8598482Z 
2026-10-03T09:24:01.8598642Z SYSLOGD-PROC-OK
2026-10-03T09:24:01.8598724Z 
2026-10-03T09:24:01.8598726Z 
2026-10-03T09:24:01.8598775Z TASK-SPECIAL-PORT-OK
2026-10-03T09:24:01.8598848Z 
2026-10-03T09:24:01.8598850Z 
2026-10-03T09:24:01.8598896Z TEXTCMD-LEAF-OK
2026-10-03T09:24:01.8598958Z 
2026-10-03T09:24:01.8598960Z 
2026-10-03T09:24:01.8599001Z WAITQUIET-OK
2026-10-03T09:24:01.8599060Z 
2026-10-03T09:24:01.8599062Z 
2026-10-03T09:24:01.8599106Z WEDGE-CHECK-SKIP
2026-10-03T09:24:01.8599169Z 
2026-10-03T09:24:01.8599171Z 
2026-10-03T09:24:01.8599214Z ADVCMD-LEAF-OK
2026-10-03T09:24:01.8599274Z 
2026-10-03T09:24:01.8599281Z 
2026-10-03T09:24:01.8599341Z NEXTBSD-TEST-SUMMARY ok=81 fail=0 skip=6
2026-10-03T09:24:01.8599440Z 
2026-10-03T09:24:01.8599442Z 
2026-10-03T09:24:01.8599487Z admin@selftest ~ % 
2026-10-03T09:24:01.8599595Z OK: ACCT-HELPERS
2026-10-03T09:24:01.8599658Z 
2026-10-03T09:24:01.8599701Z OK: ACCT-LIFECYCLE
2026-10-03T09:24:01.8601160Z invalid command name "exp_buffer"
2026-10-03T09:24:01.8601365Z     while executing
2026-10-03T09:24:01.8601528Z "exp_buffer"
2026-10-03T09:24:01.8601685Z     invoked from within
2026-10-03T09:24:01.8601868Z "if {$env(NB_DEBUG) ne ""} {
2026-10-03T09:24:01.8602063Z     set dbgbuf [exp_buffer]
2026-10-03T09:24:01.8602406Z     puts "\nDBG: remaining buffer [string length $dbgbuf] bytes; escaped head: [string map [li..."
2026-10-03T09:24:01.8602788Z     (file "tests/boot.exp" line 781)
2026-10-03T09:24:01.8602935Z 
2026-10-03T09:24:01.8603001Z OK: ADVCMD-LEAF
2026-10-03T09:24:01.8603099Z 
2026-10-03T09:24:01.8603163Z OK: ADVCMD-LEAF
2026-10-03T09:24:01.8603263Z 
2026-10-03T09:24:01.8603470Z OK: /usr/tests/freebsd-launchd-mach/run.sh: NEXTBSD-TEST-SUMMARY ok=81 fail=0 skip=6
2026-10-03T09:24:01.8663137Z NEXTBSD-TEST-SUMMARY ok=81 fail=0 skip=6
2026-10-03T09:24:01.8664207Z ==> boot-test FAILED rc=1 (arch=amd64 suite=/usr/tests/freebsd-launchd-mach/run.sh /usr/tests/nextbsd-iokit/run.sh)
2026-10-03T09:24:01.8664522Z     serial transcript: tests/boot.log
2026-10-03T09:24:01.8665708Z SELFTEST FAIL: case two-suite — expected rc 0, got 1
2026-10-03T09:24:01.8665879Z ==> SELFTEST FAILED
2026-10-03T09:24:01.8678306Z ##[error]Process completed with exit code 1.
2026-10-03T09:24:01.8798750Z Post job cleanup.
2026-10-03T09:24:01.9340795Z [command]/usr/bin/git version
2026-10-03T09:24:01.9373765Z git version 2.55.0
2026-10-03T09:24:01.9399000Z Temporarily overriding HOME='/home/runner/work/_temp/4cd0bccd-130d-4afe-b263-6db7d8282538' before making global git config changes
2026-10-03T09:24:01.9399738Z Adding repository directory to the temporary git global config as a safe directory
2026-10-03T09:24:01.9402669Z [command]/usr/bin/git config --global --add safe.directory /home/runner/work/nextbsd-ci/nextbsd-ci
2026-10-03T09:24:01.9432111Z [command]/usr/bin/git config --local --name-only --get-regexp core\.sshCommand
2026-10-03T09:24:01.9457019Z [command]/usr/bin/git submodule foreach --recursive sh -c "git config --local --name-only --get-regexp 'core\.sshCommand' && git config --local --unset-all 'core.sshCommand' || :"
2026-10-03T09:24:01.9648702Z [command]/usr/bin/git config --local --name-only --get-regexp http\.https\:\/\/github\.com\/\.extraheader
2026-10-03T09:24:01.9679982Z http.https://github.com/.extraheader
2026-10-03T09:24:01.9689169Z [command]/usr/bin/git config --local --unset-all http.https://github.com/.extraheader
2026-10-03T09:24:01.9717407Z [command]/usr/bin/git submodule foreach --recursive sh -c "git config --local --name-only --get-regexp 'http\.https\:\/\/github\.com\/\.extraheader' && git config --local --unset-all 'http.https://github.com/.extraheader' || :"
2026-10-03T09:24:01.9905444Z [command]/usr/bin/git config --local --name-only --get-regexp ^includeIf\.gitdir:
2026-10-03T09:24:01.9936423Z [command]/usr/bin/git submodule foreach --recursive git config --local --show-origin --name-only --get-regexp remote.origin.url
2026-10-03T09:24:02.0223307Z Cleaning up orphan processes
2026-10-03T09:24:02.0409139Z ##[warning]Node.js 20 is deprecated. The following actions target Node.js 20 but are being forced to run on Node.js 24: actions/checkout@v4. For more information see: https://github.blog/changelog/2025-09-19-deprecation-of-node-20-on-github-actions-runners/
