2026-10-03T09:52:06.6098058Z Current runner version: '2.337.0'
2026-10-03T09:52:06.6123059Z ##[group]Runner Image Provisioner
2026-10-03T09:52:06.6123895Z Hosted Compute Agent
2026-10-03T09:52:06.6124589Z Version: 20260901.588
2026-10-03T09:52:06.6125257Z Commit: f88ec8081b781fac6c440065ac7ff9e710ce3d0b
2026-10-03T09:52:06.6126026Z Build Date: 2026-09-01T19:56:44Z
2026-10-03T09:52:06.6126768Z Worker ID: {e2ac668f-e93c-4236-a41b-01e250c083cb}
2026-10-03T09:52:06.6127468Z Azure Region: eastus
2026-10-03T09:52:06.6128095Z ##[endgroup]
2026-10-03T09:52:06.6129739Z ##[group]Operating System
2026-10-03T09:52:06.6131163Z Ubuntu
2026-10-03T09:52:06.6131752Z 24.04.5
2026-10-03T09:52:06.6132269Z LTS
2026-10-03T09:52:06.6132839Z ##[endgroup]
2026-10-03T09:52:06.6133426Z ##[group]Runner Image
2026-10-03T09:52:06.6134085Z Image: ubuntu-24.04
2026-10-03T09:52:06.6134665Z Version: 20260927.320.1
2026-10-03T09:52:06.6135957Z Included Software: https://github.com/actions/runner-images/blob/ubuntu24/20260927.320/images/ubuntu/Ubuntu2404-Readme.md
2026-10-03T09:52:06.6137544Z Image Release: https://github.com/actions/runner-images/releases/tag/ubuntu24%2F20260927.320
2026-10-03T09:52:06.6138584Z ##[endgroup]
2026-10-03T09:52:06.6139759Z ##[group]GITHUB_TOKEN Permissions
2026-10-03T09:52:06.6142298Z Contents: read
2026-10-03T09:52:06.6142967Z Metadata: read
2026-10-03T09:52:06.6143533Z Packages: read
2026-10-03T09:52:06.6144145Z ##[endgroup]
2026-10-03T09:52:06.6146587Z Secret source: Actions
2026-10-03T09:52:06.6147716Z Cache mode: write
2026-10-03T09:52:06.6148615Z Prepare workflow directory
2026-10-03T09:52:06.6627648Z Prepare all required actions
2026-10-03T09:52:06.6698920Z Getting action download info
2026-10-03T09:52:06.8975971Z Download action repository 'actions/checkout@v4' (SHA:11d5960a326750d5838078e36cf38b85af677262)
2026-10-03T09:52:07.1128998Z Complete job name: selftest (amd64, ubuntu-24.04)
2026-10-03T09:52:07.1928328Z ##[group]Run actions/checkout@v4
2026-10-03T09:52:07.1929237Z with:
2026-10-03T09:52:07.1929697Z   repository: nextbsd/nextbsd-ci
2026-10-03T09:52:07.1933962Z   token: ***
2026-10-03T09:52:07.1934416Z   ssh-strict: true
2026-10-03T09:52:07.1934863Z   ssh-user: git
2026-10-03T09:52:07.1935312Z   persist-credentials: true
2026-10-03T09:52:07.1935804Z   clean: true
2026-10-03T09:52:07.1936249Z   sparse-checkout-cone-mode: true
2026-10-03T09:52:07.1936765Z   fetch-depth: 1
2026-10-03T09:52:07.1937194Z   fetch-tags: false
2026-10-03T09:52:07.1937638Z   show-progress: true
2026-10-03T09:52:07.1938077Z   lfs: false
2026-10-03T09:52:07.1938495Z   submodules: false
2026-10-03T09:52:07.1938951Z   set-safe-directory: true
2026-10-03T09:52:07.1939462Z   allow-unsafe-pr-checkout: false
2026-10-03T09:52:07.1940427Z ##[endgroup]
2026-10-03T09:52:07.2968964Z Syncing repository: nextbsd/nextbsd-ci
2026-10-03T09:52:07.2972268Z ##[group]Getting Git version info
2026-10-03T09:52:07.2973686Z Working directory is '/home/runner/work/nextbsd-ci/nextbsd-ci'
2026-10-03T09:52:07.2975658Z [command]/usr/bin/git version
2026-10-03T09:52:07.3052101Z git version 2.55.0
2026-10-03T09:52:07.3082641Z ##[endgroup]
2026-10-03T09:52:07.3097631Z Temporarily overriding HOME='/home/runner/work/_temp/53542390-3640-4b9e-96bb-c112d0fb80d7' before making global git config changes
2026-10-03T09:52:07.3100883Z Adding repository directory to the temporary git global config as a safe directory
2026-10-03T09:52:07.3105062Z [command]/usr/bin/git config --global --add safe.directory /home/runner/work/nextbsd-ci/nextbsd-ci
2026-10-03T09:52:07.3165184Z Deleting the contents of '/home/runner/work/nextbsd-ci/nextbsd-ci'
2026-10-03T09:52:07.3175586Z ##[group]Initializing the repository
2026-10-03T09:52:07.3185062Z [command]/usr/bin/git init /home/runner/work/nextbsd-ci/nextbsd-ci
2026-10-03T09:52:07.3289975Z hint: Using 'master' as the name for the initial branch. This default branch name
2026-10-03T09:52:07.3292271Z hint: will change to "main" in Git 3.0. To configure the initial branch name
2026-10-03T09:52:07.3294131Z hint: to use in all of your new repositories, which will suppress this warning,
2026-10-03T09:52:07.3296433Z hint: call:
2026-10-03T09:52:07.3297507Z hint:
2026-10-03T09:52:07.3298608Z hint: 	git config --global init.defaultBranch <name>
2026-10-03T09:52:07.3299715Z hint:
2026-10-03T09:52:07.3301196Z hint: Names commonly chosen instead of 'master' are 'main', 'trunk' and
2026-10-03T09:52:07.3302832Z hint: 'development'. The just-created branch can be renamed via this command:
2026-10-03T09:52:07.3304214Z hint:
2026-10-03T09:52:07.3305009Z hint: 	git branch -m <name>
2026-10-03T09:52:07.3305881Z hint:
2026-10-03T09:52:07.3307052Z hint: Disable this message with "git config set advice.defaultBranchName false"
2026-10-03T09:52:07.3309389Z Initialized empty Git repository in /home/runner/work/nextbsd-ci/nextbsd-ci/.git/
2026-10-03T09:52:07.3313009Z [command]/usr/bin/git remote add origin https://github.com/nextbsd/nextbsd-ci
2026-10-03T09:52:07.3389362Z ##[endgroup]
2026-10-03T09:52:07.3391153Z ##[group]Disabling automatic garbage collection
2026-10-03T09:52:07.3392698Z [command]/usr/bin/git config --local gc.auto 0
2026-10-03T09:52:07.3437594Z ##[endgroup]
2026-10-03T09:52:07.3439023Z ##[group]Setting up auth
2026-10-03T09:52:07.3446926Z [command]/usr/bin/git config --local --name-only --get-regexp core\.sshCommand
2026-10-03T09:52:07.3499104Z [command]/usr/bin/git submodule foreach --recursive sh -c "git config --local --name-only --get-regexp 'core\.sshCommand' && git config --local --unset-all 'core.sshCommand' || :"
2026-10-03T09:52:07.3875668Z [command]/usr/bin/git config --local --name-only --get-regexp http\.https\:\/\/github\.com\/\.extraheader
2026-10-03T09:52:07.3912020Z [command]/usr/bin/git submodule foreach --recursive sh -c "git config --local --name-only --get-regexp 'http\.https\:\/\/github\.com\/\.extraheader' && git config --local --unset-all 'http.https://github.com/.extraheader' || :"
2026-10-03T09:52:07.4138607Z [command]/usr/bin/git config --local --name-only --get-regexp ^includeIf\.gitdir:
2026-10-03T09:52:07.4176511Z [command]/usr/bin/git submodule foreach --recursive git config --local --show-origin --name-only --get-regexp remote.origin.url
2026-10-03T09:52:07.4397690Z [command]/usr/bin/git config --local http.https://github.com/.extraheader AUTHORIZATION: basic ***
2026-10-03T09:52:07.4439416Z ##[endgroup]
2026-10-03T09:52:07.4440999Z ##[group]Fetching the repository
2026-10-03T09:52:07.4450575Z [command]/usr/bin/git -c protocol.version=2 fetch --no-tags --prune --no-recurse-submodules --depth=1 origin +92bd52981fd74bbbba7b5783a62083d57a96f2a5:refs/remotes/pull/9/merge
2026-10-03T09:52:07.7144903Z From https://github.com/nextbsd/nextbsd-ci
2026-10-03T09:52:07.7146047Z  * [new ref]         92bd52981fd74bbbba7b5783a62083d57a96f2a5 -> pull/9/merge
2026-10-03T09:52:07.7149958Z ##[endgroup]
2026-10-03T09:52:07.7151349Z ##[group]Determining the checkout info
2026-10-03T09:52:07.7152997Z ##[endgroup]
2026-10-03T09:52:07.7159293Z [command]/usr/bin/git sparse-checkout disable
2026-10-03T09:52:07.7215579Z [command]/usr/bin/git config --local --unset-all extensions.worktreeConfig
2026-10-03T09:52:07.7249169Z ##[group]Checking out the ref
2026-10-03T09:52:07.7252294Z [command]/usr/bin/git checkout --progress --force refs/remotes/pull/9/merge
2026-10-03T09:52:07.7349696Z Note: switching to 'refs/remotes/pull/9/merge'.
2026-10-03T09:52:07.7350845Z 
2026-10-03T09:52:07.7351363Z You are in 'detached HEAD' state. You can look around, make experimental
2026-10-03T09:52:07.7352403Z changes and commit them, and you can discard any commits you make in this
2026-10-03T09:52:07.7353394Z state without impacting any branches by switching back to a branch.
2026-10-03T09:52:07.7353957Z 
2026-10-03T09:52:07.7354360Z If you want to create a new branch to retain commits you create, you may
2026-10-03T09:52:07.7355294Z do so (now or later) by using -c with the switch command. Example:
2026-10-03T09:52:07.7355817Z 
2026-10-03T09:52:07.7356100Z   git switch -c <new-branch-name>
2026-10-03T09:52:07.7356482Z 
2026-10-03T09:52:07.7356720Z Or undo this operation with:
2026-10-03T09:52:07.7357082Z 
2026-10-03T09:52:07.7357599Z   git switch -
2026-10-03T09:52:07.7357917Z 
2026-10-03T09:52:07.7358365Z Turn off this advice by setting config variable advice.detachedHead to false
2026-10-03T09:52:07.7359202Z 
2026-10-03T09:52:07.7360715Z HEAD is now at 92bd529 Merge fab8bad1048804af16a2fc5de3747b8611ee08a9 into bae13410f0ff570b952d51053ed0c462272008b7
2026-10-03T09:52:07.7363115Z ##[endgroup]
2026-10-03T09:52:07.7405124Z [command]/usr/bin/git log -1 --format=%H
2026-10-03T09:52:07.7432075Z 92bd52981fd74bbbba7b5783a62083d57a96f2a5
2026-10-03T09:52:07.7681478Z ##[group]Run sudo apt-get update && sudo apt-get install -y expect shellcheck
2026-10-03T09:52:07.7682676Z [36;1msudo apt-get update && sudo apt-get install -y expect shellcheck[0m
2026-10-03T09:52:07.7994719Z shell: /usr/bin/bash -e {0}
2026-10-03T09:52:07.7995469Z ##[endgroup]
2026-10-03T09:52:07.8897819Z Get:1 file:/etc/apt/apt-mirrors.txt Mirrorlist [144 B]
2026-10-03T09:52:07.9202588Z Hit:2 http://azure.archive.ubuntu.com/ubuntu noble InRelease
2026-10-03T09:52:07.9205478Z Get:6 https://packages.microsoft.com/ubuntu/24.04/prod noble InRelease [3600 B]
2026-10-03T09:52:07.9224008Z Get:3 http://azure.archive.ubuntu.com/ubuntu noble-updates InRelease [126 kB]
2026-10-03T09:52:07.9315059Z Get:4 http://azure.archive.ubuntu.com/ubuntu noble-backports InRelease [126 kB]
2026-10-03T09:52:07.9351775Z Get:5 http://azure.archive.ubuntu.com/ubuntu noble-security InRelease [126 kB]
2026-10-03T09:52:08.0534911Z Get:7 https://packages.microsoft.com/ubuntu/24.04/prod noble/main arm64 Packages [458 kB]
2026-10-03T09:52:08.0697358Z Get:8 https://packages.microsoft.com/ubuntu/24.04/prod noble/main armhf Packages [12.6 kB]
2026-10-03T09:52:08.0729202Z Get:9 https://packages.microsoft.com/ubuntu/24.04/prod noble/main amd64 Packages [511 kB]
2026-10-03T09:52:08.1094322Z Get:10 http://azure.archive.ubuntu.com/ubuntu noble-updates/main amd64 Packages [1364 kB]
2026-10-03T09:52:08.1194542Z Get:11 http://azure.archive.ubuntu.com/ubuntu noble-updates/main Translation-en [304 kB]
2026-10-03T09:52:08.1221037Z Get:12 http://azure.archive.ubuntu.com/ubuntu noble-updates/main amd64 Components [180 kB]
2026-10-03T09:52:08.1243045Z Get:13 http://azure.archive.ubuntu.com/ubuntu noble-updates/universe amd64 Packages [1699 kB]
2026-10-03T09:52:08.1328005Z Get:14 http://azure.archive.ubuntu.com/ubuntu noble-updates/universe Translation-en [341 kB]
2026-10-03T09:52:08.1356871Z Get:15 http://azure.archive.ubuntu.com/ubuntu noble-updates/universe amd64 Components [388 kB]
2026-10-03T09:52:08.1387366Z Get:16 http://azure.archive.ubuntu.com/ubuntu noble-updates/restricted amd64 Packages [1720 kB]
2026-10-03T09:52:08.1476262Z Get:17 http://azure.archive.ubuntu.com/ubuntu noble-updates/restricted Translation-en [394 kB]
2026-10-03T09:52:08.1506640Z Get:18 http://azure.archive.ubuntu.com/ubuntu noble-updates/multiverse amd64 Components [940 B]
2026-10-03T09:52:08.1710526Z Get:19 http://azure.archive.ubuntu.com/ubuntu noble-backports/main amd64 Components [5764 B]
2026-10-03T09:52:08.2144150Z Get:20 http://azure.archive.ubuntu.com/ubuntu noble-backports/universe amd64 Components [12.6 kB]
2026-10-03T09:52:08.2250992Z Get:21 http://azure.archive.ubuntu.com/ubuntu noble-security/main amd64 Packages [1069 kB]
2026-10-03T09:52:08.2312865Z Get:22 http://azure.archive.ubuntu.com/ubuntu noble-security/main Translation-en [221 kB]
2026-10-03T09:52:08.2340947Z Get:23 http://azure.archive.ubuntu.com/ubuntu noble-security/main amd64 Components [46.3 kB]
2026-10-03T09:52:08.2353496Z Get:24 http://azure.archive.ubuntu.com/ubuntu noble-security/universe amd64 Packages [1216 kB]
2026-10-03T09:52:08.2432771Z Get:25 http://azure.archive.ubuntu.com/ubuntu noble-security/universe Translation-en [244 kB]
2026-10-03T09:52:08.2458156Z Get:26 http://azure.archive.ubuntu.com/ubuntu noble-security/universe amd64 Components [76.3 kB]
2026-10-03T09:52:08.2475037Z Get:27 http://azure.archive.ubuntu.com/ubuntu noble-security/restricted amd64 Packages [1566 kB]
2026-10-03T09:52:08.2568591Z Get:28 http://azure.archive.ubuntu.com/ubuntu noble-security/restricted Translation-en [361 kB]
2026-10-03T09:52:13.0448635Z Fetched 12.6 MB in 1s (8940 kB/s)
2026-10-03T09:52:14.0170700Z Reading package lists...
2026-10-03T09:52:14.1151369Z Reading package lists...
2026-10-03T09:52:14.3873771Z Building dependency tree...
2026-10-03T09:52:14.3881655Z Reading state information...
2026-10-03T09:52:14.6256111Z shellcheck is already the newest version (0.9.0-1).
2026-10-03T09:52:14.6256974Z The following NEW packages will be installed:
2026-10-03T09:52:14.6281943Z   expect tcl-expect
2026-10-03T09:52:14.6465585Z 0 upgraded, 2 newly installed, 0 to remove and 25 not upgraded.
2026-10-03T09:52:14.6466512Z Need to get 247 kB of archives.
2026-10-03T09:52:14.6467279Z After this operation, 538 kB of additional disk space will be used.
2026-10-03T09:52:14.6468196Z Get:1 file:/etc/apt/apt-mirrors.txt Mirrorlist [144 B]
2026-10-03T09:52:14.7783229Z Get:2 http://azure.archive.ubuntu.com/ubuntu noble/universe amd64 tcl-expect amd64 5.45.4-3 [110 kB]
2026-10-03T09:52:14.8905160Z Get:3 http://azure.archive.ubuntu.com/ubuntu noble/universe amd64 expect amd64 5.45.4-3 [137 kB]
2026-10-03T09:52:15.2393041Z Fetched 247 kB in 0s (952 kB/s)
2026-10-03T09:52:15.2622868Z Selecting previously unselected package tcl-expect:amd64.
2026-10-03T09:52:15.2921569Z (Reading database ... 
2026-10-03T09:52:15.2922479Z (Reading database ... 5%
2026-10-03T09:52:15.2923288Z (Reading database ... 10%
2026-10-03T09:52:15.2924141Z (Reading database ... 15%
2026-10-03T09:52:15.2924836Z (Reading database ... 20%
2026-10-03T09:52:15.2925588Z (Reading database ... 25%
2026-10-03T09:52:15.2926312Z (Reading database ... 30%
2026-10-03T09:52:15.2927009Z (Reading database ... 35%
2026-10-03T09:52:15.2927609Z (Reading database ... 40%
2026-10-03T09:52:15.2928136Z (Reading database ... 45%
2026-10-03T09:52:15.2928627Z (Reading database ... 50%
2026-10-03T09:52:15.2959968Z (Reading database ... 55%
2026-10-03T09:52:15.4513212Z (Reading database ... 60%
2026-10-03T09:52:15.6418571Z (Reading database ... 65%
2026-10-03T09:52:15.8418382Z (Reading database ... 70%
2026-10-03T09:52:16.0464827Z (Reading database ... 75%
2026-10-03T09:52:16.1883645Z (Reading database ... 80%
2026-10-03T09:52:16.3944041Z (Reading database ... 85%
2026-10-03T09:52:16.6076733Z (Reading database ... 90%
2026-10-03T09:52:16.7957333Z (Reading database ... 95%
2026-10-03T09:52:16.7957842Z (Reading database ... 100%
2026-10-03T09:52:16.7958414Z (Reading database ... 202296 files and directories currently installed.)
2026-10-03T09:52:16.8080633Z Preparing to unpack .../tcl-expect_5.45.4-3_amd64.deb ...
2026-10-03T09:52:16.8082449Z Unpacking tcl-expect:amd64 (5.45.4-3) ...
2026-10-03T09:52:16.8322352Z Selecting previously unselected package expect.
2026-10-03T09:52:16.8453818Z Preparing to unpack .../expect_5.45.4-3_amd64.deb ...
2026-10-03T09:52:16.8462876Z Unpacking expect (5.45.4-3) ...
2026-10-03T09:52:16.9001994Z Setting up tcl-expect:amd64 (5.45.4-3) ...
2026-10-03T09:52:16.9026586Z Setting up expect (5.45.4-3) ...
2026-10-03T09:52:16.9052161Z Processing triggers for man-db (2.12.0-4build2) ...
2026-10-03T09:52:16.9076522Z Not building database; man-db/auto-update is not 'true'.
2026-10-03T09:52:16.9089318Z Processing triggers for libc-bin (2.39-0ubuntu8.9) ...
2026-10-03T09:52:17.6119597Z 
2026-10-03T09:52:17.6120756Z Running kernel seems to be up-to-date.
2026-10-03T09:52:17.6121199Z 
2026-10-03T09:52:17.6123936Z No services need to be restarted.
2026-10-03T09:52:17.6124706Z 
2026-10-03T09:52:17.6124975Z No containers need to be restarted.
2026-10-03T09:52:17.6125391Z 
2026-10-03T09:52:17.6125640Z No user sessions are running outdated binaries.
2026-10-03T09:52:17.6125952Z 
2026-10-03T09:52:17.6126222Z No VM guests are running outdated hypervisor (qemu) binaries on this host.
2026-10-03T09:52:18.7570913Z ##[group]Run fail=0
2026-10-03T09:52:18.7571216Z [36;1mfail=0[0m
2026-10-03T09:52:18.7571555Z [36;1mfor f in $(find harness manifest selftest -name '*.sh' -type f); do[0m
2026-10-03T09:52:18.7572006Z [36;1m  sh -n "$f" || { echo "sh -n failed: $f"; fail=1; }[0m
2026-10-03T09:52:18.7572519Z [36;1mdone[0m
2026-10-03T09:52:18.7572713Z [36;1mexit $fail[0m
2026-10-03T09:52:18.7640891Z shell: /usr/bin/bash -e {0}
2026-10-03T09:52:18.7641169Z ##[endgroup]
2026-10-03T09:52:18.7830656Z ##[group]Run find harness manifest selftest -name '*.sh' -type f -print0 | xargs -0 -r shellcheck -x
2026-10-03T09:52:18.7831461Z [36;1mfind harness manifest selftest -name '*.sh' -type f -print0 | xargs -0 -r shellcheck -x[0m
2026-10-03T09:52:18.7898414Z shell: /usr/bin/bash -e {0}
2026-10-03T09:52:18.7898681Z ##[endgroup]
2026-10-03T09:52:19.3282445Z ##[group]Run sh manifest/validate.sh \
2026-10-03T09:52:19.3282812Z [36;1msh manifest/validate.sh \[0m
2026-10-03T09:52:19.3283082Z [36;1m  manifest/markers.tsv \[0m
2026-10-03T09:52:19.3283354Z [36;1m  manifest/overlay-nextbsd.tsv \[0m
2026-10-03T09:52:19.3283684Z [36;1m  manifest/overlay-nextbsd-userland.tsv \[0m
2026-10-03T09:52:19.3284023Z [36;1m  manifest/overlay-nextbsd-kernel.tsv[0m
2026-10-03T09:52:19.3347081Z shell: /usr/bin/bash -e {0}
2026-10-03T09:52:19.3347356Z ##[endgroup]
2026-10-03T09:52:19.3473620Z manifest/markers.tsv: 93 markers OK
2026-10-03T09:52:19.3492626Z manifest/overlay-nextbsd.tsv:  markers OK
2026-10-03T09:52:19.3511661Z manifest/overlay-nextbsd-userland.tsv:  markers OK
2026-10-03T09:52:19.3529638Z manifest/overlay-nextbsd-kernel.tsv:  markers OK
2026-10-03T09:52:19.3608762Z ##[group]Run sh selftest/run-selftest.sh
2026-10-03T09:52:19.3609119Z [36;1msh selftest/run-selftest.sh[0m
2026-10-03T09:52:19.3673168Z shell: /usr/bin/bash -e {0}
2026-10-03T09:52:19.3673429Z env:
2026-10-03T09:52:19.3673618Z   ARCH: amd64
2026-10-03T09:52:19.3673815Z ##[endgroup]
2026-10-03T09:52:19.3779556Z ==> golden: the shared patterns against production stream shapes
2026-10-03T09:52:19.4298376Z OK   loader: EDK2 autoboot countdown
2026-10-03T09:52:19.4299195Z OK   loader: UEFI self-ID (FreeBSD brand)
2026-10-03T09:52:19.4299777Z OK   loader: UEFI self-ID (NextBSD brand)
2026-10-03T09:52:19.4300496Z OK   loader: leaving the prompt to boot
2026-10-03T09:52:19.4300998Z OK   loader: kernel entry marker
2026-10-03T09:52:19.4301624Z OK   banner: synthesized hostname (amd64)
2026-10-03T09:52:19.4302048Z OK   banner: synthesized hostname (arm64)
2026-10-03T09:52:19.4302421Z OK   banner: the Amnesiac race-loser
2026-10-03T09:52:19.4303224Z OK   banner: the early-init sethostname line
2026-10-03T09:52:19.4304243Z OK   login: login(1) session message
2026-10-03T09:52:19.4304585Z OK   login: zsh prompt
2026-10-03T09:52:19.4305117Z OK   panic: page fault
2026-10-03T09:52:19.4305483Z OK   panic: data abort (arm64)
2026-10-03T09:52:19.4306831Z OK   teardown: shutdown progress
2026-10-03T09:52:19.4307315Z OK   teardown: syncing
2026-10-03T09:52:19.4307869Z OK   teardown: buffers synced
2026-10-03T09:52:19.4308377Z OK   teardown: uptime
2026-10-03T09:52:19.4308831Z OK   teardown: poweroff
2026-10-03T09:52:19.4309324Z OK   teardown: reboot (the wrong outcome)
2026-10-03T09:52:19.4311338Z OK   sentinel: summary line
2026-10-03T09:52:19.4311629Z 
2026-10-03T09:52:19.4312016Z golden: all patterns match the production stream shapes
2026-10-03T09:52:19.4317561Z ==> manifest: schema
2026-10-03T09:52:19.4362542Z /home/runner/work/nextbsd-ci/nextbsd-ci/manifest/markers.tsv: 93 markers OK
2026-10-03T09:52:19.4382788Z /home/runner/work/nextbsd-ci/nextbsd-ci/manifest/overlay-nextbsd.tsv:  markers OK
2026-10-03T09:52:19.4402377Z /home/runner/work/nextbsd-ci/nextbsd-ci/manifest/overlay-nextbsd-userland.tsv:  markers OK
2026-10-03T09:52:19.4422322Z /home/runner/work/nextbsd-ci/nextbsd-ci/manifest/overlay-nextbsd-kernel.tsv:  markers OK
2026-10-03T09:52:19.4454538Z ==> harness vs mock guest (arch=amd64)
2026-10-03T09:52:19.4529930Z     plan: 94 markers
2026-10-03T09:52:19.4531168Z ==> case: ok (suite: /usr/tests/freebsd-launchd-mach/run.sh) — expect rc 0
2026-10-03T09:52:19.4561840Z ==> boot test: tests/fake.img
2026-10-03T09:52:19.4572666Z -rw-r--r-- 1 runner runner 0 Oct  3 09:52 tests/fake.img
2026-10-03T09:52:19.4649789Z ==> using KVM acceleration
2026-10-03T09:52:19.4651017Z ==> amd64: qemu-system-x86_64 -machine q35 | firmware 
2026-10-03T09:52:19.4725403Z extra characters after close-quote
2026-10-03T09:52:19.4726262Z     while executing
2026-10-03T09:52:19.4727290Z "puts "        if {\$env(NB_DEBUG) ne \"\"} { set fh \[open \$env(NB_LOG) r]; set d \[read \$fh]; close \$fh; puts "\"
2026-10-03T09:52:19.4728012Z     ("for" body line 11)
2026-10-03T09:52:19.4728263Z     invoked from within
2026-10-03T09:52:19.4728542Z "for {set i 0} {$i < $suites} {incr i} {
2026-10-03T09:52:19.4728829Z     set suite [lindex $suite_list $i]
2026-10-03T09:52:19.4729242Z     set suite [esc $suite]
2026-10-03T09:52:19.4729608Z     puts ""
2026-10-03T09:52:19.4729942Z     puts "set timeout \$env(NB_SU..."
2026-10-03T09:52:19.4730951Z     (file "/home/runner/work/nextbsd-ci/nextbsd-ci/manifest/gen-arms.tcl" line 197)
2026-10-03T09:52:19.4731810Z FAIL: arm generation failed (bad manifest?); refusing to boot without arms
2026-10-03T09:52:19.4738809Z SELFTEST FAIL: case ok — expected rc 0, got 1
2026-10-03T09:52:19.4739739Z ==> case: fail (suite: /usr/tests/freebsd-launchd-mach/run.sh) — expect rc 1
2026-10-03T09:52:19.4767399Z ==> boot test: tests/fake.img
2026-10-03T09:52:19.4778754Z -rw-r--r-- 1 runner runner 0 Oct  3 09:52 tests/fake.img
2026-10-03T09:52:19.4863566Z ==> using KVM acceleration
2026-10-03T09:52:19.4865018Z ==> amd64: qemu-system-x86_64 -machine q35 | firmware 
2026-10-03T09:52:19.4949779Z extra characters after close-quote
2026-10-03T09:52:19.4950535Z     while executing
2026-10-03T09:52:19.4951251Z "puts "        if {\$env(NB_DEBUG) ne \"\"} { set fh \[open \$env(NB_LOG) r]; set d \[read \$fh]; close \$fh; puts "\"
2026-10-03T09:52:19.4951942Z     ("for" body line 11)
2026-10-03T09:52:19.4952182Z     invoked from within
2026-10-03T09:52:19.4952622Z "for {set i 0} {$i < $suites} {incr i} {
2026-10-03T09:52:19.4952948Z     set suite [lindex $suite_list $i]
2026-10-03T09:52:19.4953233Z     set suite [esc $suite]
2026-10-03T09:52:19.4953459Z     puts ""
2026-10-03T09:52:19.4953700Z     puts "set timeout \$env(NB_SU..."
2026-10-03T09:52:19.4954197Z     (file "/home/runner/work/nextbsd-ci/nextbsd-ci/manifest/gen-arms.tcl" line 197)
2026-10-03T09:52:19.4956308Z FAIL: arm generation failed (bad manifest?); refusing to boot without arms
2026-10-03T09:52:19.4961279Z SELFTEST OK:   case fail (rc=1)
2026-10-03T09:52:19.4962569Z ==> case: nosummary (suite: /usr/tests/freebsd-launchd-mach/run.sh) — expect rc 2
2026-10-03T09:52:19.4993810Z ==> boot test: tests/fake.img
2026-10-03T09:52:19.5007447Z -rw-r--r-- 1 runner runner 0 Oct  3 09:52 tests/fake.img
2026-10-03T09:52:19.5093678Z ==> using KVM acceleration
2026-10-03T09:52:19.5094561Z ==> amd64: qemu-system-x86_64 -machine q35 | firmware 
2026-10-03T09:52:19.5213686Z extra characters after close-quote
2026-10-03T09:52:19.5214251Z     while executing
2026-10-03T09:52:19.5215024Z "puts "        if {\$env(NB_DEBUG) ne \"\"} { set fh \[open \$env(NB_LOG) r]; set d \[read \$fh]; close \$fh; puts "\"
2026-10-03T09:52:19.5215793Z     ("for" body line 11)
2026-10-03T09:52:19.5216326Z     invoked from within
2026-10-03T09:52:19.5216618Z "for {set i 0} {$i < $suites} {incr i} {
2026-10-03T09:52:19.5216991Z     set suite [lindex $suite_list $i]
2026-10-03T09:52:19.5217336Z     set suite [esc $suite]
2026-10-03T09:52:19.5217632Z     puts ""
2026-10-03T09:52:19.5217879Z     puts "set timeout \$env(NB_SU..."
2026-10-03T09:52:19.5218411Z     (file "/home/runner/work/nextbsd-ci/nextbsd-ci/manifest/gen-arms.tcl" line 197)
2026-10-03T09:52:19.5224230Z FAIL: arm generation failed (bad manifest?); refusing to boot without arms
2026-10-03T09:52:19.5225667Z SELFTEST FAIL: case nosummary — expected rc 2, got 1
2026-10-03T09:52:19.5226884Z ==> case: deadend (suite: /usr/tests/freebsd-launchd-mach/run.sh) — expect rc 2
2026-10-03T09:52:19.5261987Z ==> boot test: tests/fake.img
2026-10-03T09:52:19.5278670Z -rw-r--r-- 1 runner runner 0 Oct  3 09:52 tests/fake.img
2026-10-03T09:52:19.5373301Z ==> using KVM acceleration
2026-10-03T09:52:19.5374101Z ==> amd64: qemu-system-x86_64 -machine q35 | firmware 
2026-10-03T09:52:19.5471387Z extra characters after close-quote
2026-10-03T09:52:19.5472149Z     while executing
2026-10-03T09:52:19.5473196Z "puts "        if {\$env(NB_DEBUG) ne \"\"} { set fh \[open \$env(NB_LOG) r]; set d \[read \$fh]; close \$fh; puts "\"
2026-10-03T09:52:19.5474210Z     ("for" body line 11)
2026-10-03T09:52:19.5474796Z     invoked from within
2026-10-03T09:52:19.5475360Z "for {set i 0} {$i < $suites} {incr i} {
2026-10-03T09:52:19.5475999Z     set suite [lindex $suite_list $i]
2026-10-03T09:52:19.5476607Z     set suite [esc $suite]
2026-10-03T09:52:19.5477157Z     puts ""
2026-10-03T09:52:19.5477700Z     puts "set timeout \$env(NB_SU..."
2026-10-03T09:52:19.5478564Z     (file "/home/runner/work/nextbsd-ci/nextbsd-ci/manifest/gen-arms.tcl" line 197)
2026-10-03T09:52:19.5481548Z FAIL: arm generation failed (bad manifest?); refusing to boot without arms
2026-10-03T09:52:19.5482929Z SELFTEST FAIL: case deadend — expected rc 2, got 1
2026-10-03T09:52:19.5483961Z ==> case: reboot (suite: /usr/tests/freebsd-launchd-mach/run.sh) — expect rc 1
2026-10-03T09:52:19.5518507Z ==> boot test: tests/fake.img
2026-10-03T09:52:19.5529693Z -rw-r--r-- 1 runner runner 0 Oct  3 09:52 tests/fake.img
2026-10-03T09:52:19.5612536Z ==> using KVM acceleration
2026-10-03T09:52:19.5613485Z ==> amd64: qemu-system-x86_64 -machine q35 | firmware 
2026-10-03T09:52:19.5706614Z extra characters after close-quote
2026-10-03T09:52:19.5707400Z     while executing
2026-10-03T09:52:19.5708121Z "puts "        if {\$env(NB_DEBUG) ne \"\"} { set fh \[open \$env(NB_LOG) r]; set d \[read \$fh]; close \$fh; puts "\"
2026-10-03T09:52:19.5708920Z     ("for" body line 11)
2026-10-03T09:52:19.5709305Z     invoked from within
2026-10-03T09:52:19.5709660Z "for {set i 0} {$i < $suites} {incr i} {
2026-10-03T09:52:19.5709952Z     set suite [lindex $suite_list $i]
2026-10-03T09:52:19.5710754Z     set suite [esc $suite]
2026-10-03T09:52:19.5710992Z     puts ""
2026-10-03T09:52:19.5711199Z     puts "set timeout \$env(NB_SU..."
2026-10-03T09:52:19.5711652Z     (file "/home/runner/work/nextbsd-ci/nextbsd-ci/manifest/gen-arms.tcl" line 197)
2026-10-03T09:52:19.5716829Z FAIL: arm generation failed (bad manifest?); refusing to boot without arms
2026-10-03T09:52:19.5718000Z SELFTEST OK:   case reboot (rc=1)
2026-10-03T09:52:19.5719198Z ==> case: two-suite (suite: /usr/tests/freebsd-launchd-mach/run.sh /usr/tests/nextbsd-iokit/run.sh) — expect rc 0
2026-10-03T09:52:19.5755581Z ==> boot test: tests/fake.img
2026-10-03T09:52:19.5769526Z -rw-r--r-- 1 runner runner 0 Oct  3 09:52 tests/fake.img
2026-10-03T09:52:19.5865894Z ==> using KVM acceleration
2026-10-03T09:52:19.5866943Z ==> amd64: qemu-system-x86_64 -machine q35 | firmware 
2026-10-03T09:52:19.5968369Z extra characters after close-quote
2026-10-03T09:52:19.5968876Z     while executing
2026-10-03T09:52:19.5969563Z "puts "        if {\$env(NB_DEBUG) ne \"\"} { set fh \[open \$env(NB_LOG) r]; set d \[read \$fh]; close \$fh; puts "\"
2026-10-03T09:52:19.5970670Z     ("for" body line 11)
2026-10-03T09:52:19.5971051Z     invoked from within
2026-10-03T09:52:19.5971469Z "for {set i 0} {$i < $suites} {incr i} {
2026-10-03T09:52:19.5971940Z     set suite [lindex $suite_list $i]
2026-10-03T09:52:19.5972549Z     set suite [esc $suite]
2026-10-03T09:52:19.5972977Z     puts ""
2026-10-03T09:52:19.5973345Z     puts "set timeout \$env(NB_SU..."
2026-10-03T09:52:19.5974040Z     (file "/home/runner/work/nextbsd-ci/nextbsd-ci/manifest/gen-arms.tcl" line 197)
2026-10-03T09:52:19.5975013Z FAIL: arm generation failed (bad manifest?); refusing to boot without arms
2026-10-03T09:52:19.5976090Z SELFTEST FAIL: case two-suite — expected rc 0, got 1
2026-10-03T09:52:19.5976435Z ==> SELFTEST FAILED
2026-10-03T09:52:19.5999920Z ##[error]Process completed with exit code 1.
2026-10-03T09:52:19.6191113Z Post job cleanup.
2026-10-03T09:52:19.7096387Z [command]/usr/bin/git version
2026-10-03T09:52:19.7141482Z git version 2.55.0
2026-10-03T09:52:19.7186268Z Temporarily overriding HOME='/home/runner/work/_temp/5c9178c5-d3a0-437c-8ce4-d002e1dc4714' before making global git config changes
2026-10-03T09:52:19.7188256Z Adding repository directory to the temporary git global config as a safe directory
2026-10-03T09:52:19.7193063Z [command]/usr/bin/git config --global --add safe.directory /home/runner/work/nextbsd-ci/nextbsd-ci
2026-10-03T09:52:19.8391150Z [command]/usr/bin/git config --local --name-only --get-regexp core\.sshCommand
2026-10-03T09:52:19.8440302Z [command]/usr/bin/git submodule foreach --recursive sh -c "git config --local --name-only --get-regexp 'core\.sshCommand' && git config --local --unset-all 'core.sshCommand' || :"
2026-10-03T09:52:19.8698410Z [command]/usr/bin/git config --local --name-only --get-regexp http\.https\:\/\/github\.com\/\.extraheader
2026-10-03T09:52:20.0887138Z http.https://github.com/.extraheader
2026-10-03T09:52:20.0907956Z [command]/usr/bin/git config --local --unset-all http.https://github.com/.extraheader
2026-10-03T09:52:20.3916417Z [command]/usr/bin/git submodule foreach --recursive sh -c "git config --local --name-only --get-regexp 'http\.https\:\/\/github\.com\/\.extraheader' && git config --local --unset-all 'http.https://github.com/.extraheader' || :"
2026-10-03T09:52:20.4158476Z [command]/usr/bin/git config --local --name-only --get-regexp ^includeIf\.gitdir:
2026-10-03T09:52:20.4197823Z [command]/usr/bin/git submodule foreach --recursive git config --local --show-origin --name-only --get-regexp remote.origin.url
2026-10-03T09:52:20.5018232Z Cleaning up orphan processes
2026-10-03T09:52:20.5329128Z ##[warning]Node.js 20 is deprecated. The following actions target Node.js 20 but are being forced to run on Node.js 24: actions/checkout@v4. For more information see: https://github.blog/changelog/2025-09-19-deprecation-of-node-20-on-github-actions-runners/
