2026-10-03T06:42:55.8683103Z Current runner version: '2.337.0'
2026-10-03T06:42:55.8701276Z ##[group]Runner Image Provisioner
2026-10-03T06:42:55.8701998Z Hosted Compute Agent
2026-10-03T06:42:55.8702497Z Version: 20260901.588
2026-10-03T06:42:55.8703075Z Commit: f88ec8081b781fac6c440065ac7ff9e710ce3d0b
2026-10-03T06:42:55.8703677Z Build Date: 2026-09-01T19:56:44Z
2026-10-03T06:42:55.8704249Z Worker ID: {a99dcf15-f886-412b-8753-4cfdc93802c8}
2026-10-03T06:42:55.8704850Z Azure Region: westus3
2026-10-03T06:42:55.8705319Z ##[endgroup]
2026-10-03T06:42:55.8706600Z ##[group]Operating System
2026-10-03T06:42:55.8707116Z Ubuntu
2026-10-03T06:42:55.8707537Z 24.04.5
2026-10-03T06:42:55.8707998Z LTS
2026-10-03T06:42:55.8708461Z ##[endgroup]
2026-10-03T06:42:55.8708952Z ##[group]Runner Image
2026-10-03T06:42:55.8709435Z Image: ubuntu-24.04
2026-10-03T06:42:55.8709894Z Version: 20260927.320.1
2026-10-03T06:42:55.8710938Z Included Software: https://github.com/actions/runner-images/blob/ubuntu24/20260927.320/images/ubuntu/Ubuntu2404-Readme.md
2026-10-03T06:42:55.8712202Z Image Release: https://github.com/actions/runner-images/releases/tag/ubuntu24%2F20260927.320
2026-10-03T06:42:55.8712974Z ##[endgroup]
2026-10-03T06:42:55.8713964Z ##[group]GITHUB_TOKEN Permissions
2026-10-03T06:42:55.8715551Z Contents: read
2026-10-03T06:42:55.8716296Z Metadata: read
2026-10-03T06:42:55.8716866Z Packages: read
2026-10-03T06:42:55.8717327Z ##[endgroup]
2026-10-03T06:42:55.8718964Z Secret source: Actions
2026-10-03T06:42:55.8719741Z Cache mode: write
2026-10-03T06:42:55.8720398Z Prepare workflow directory
2026-10-03T06:42:55.8968828Z Prepare all required actions
2026-10-03T06:42:55.9009827Z Getting action download info
2026-10-03T06:42:56.2046608Z Download action repository 'actions/checkout@v4' (SHA:11d5960a326750d5838078e36cf38b85af677262)
2026-10-03T06:42:56.3706618Z Complete job name: selftest (amd64, ubuntu-24.04)
2026-10-03T06:42:56.4269491Z ##[group]Run actions/checkout@v4
2026-10-03T06:42:56.4270182Z with:
2026-10-03T06:42:56.4270702Z   repository: nextbsd/nextbsd-ci
2026-10-03T06:42:56.4274180Z   token: ***
2026-10-03T06:42:56.4274625Z   ssh-strict: true
2026-10-03T06:42:56.4275070Z   ssh-user: git
2026-10-03T06:42:56.4275521Z   persist-credentials: true
2026-10-03T06:42:56.4276233Z   clean: true
2026-10-03T06:42:56.4276724Z   sparse-checkout-cone-mode: true
2026-10-03T06:42:56.4277226Z   fetch-depth: 1
2026-10-03T06:42:56.4277661Z   fetch-tags: false
2026-10-03T06:42:56.4278098Z   show-progress: true
2026-10-03T06:42:56.4278544Z   lfs: false
2026-10-03T06:42:56.4278983Z   submodules: false
2026-10-03T06:42:56.4279413Z   set-safe-directory: true
2026-10-03T06:42:56.4279924Z   allow-unsafe-pr-checkout: false
2026-10-03T06:42:56.4280548Z ##[endgroup]
2026-10-03T06:42:56.5131485Z Syncing repository: nextbsd/nextbsd-ci
2026-10-03T06:42:56.5133953Z ##[group]Getting Git version info
2026-10-03T06:42:56.5135046Z Working directory is '/home/runner/work/nextbsd-ci/nextbsd-ci'
2026-10-03T06:42:56.5136765Z [command]/usr/bin/git version
2026-10-03T06:42:56.5203869Z git version 2.55.0
2026-10-03T06:42:56.5218630Z ##[endgroup]
2026-10-03T06:42:56.5228530Z Temporarily overriding HOME='/home/runner/work/_temp/57f71728-0f73-448d-a33f-6d0eedc74520' before making global git config changes
2026-10-03T06:42:56.5230659Z Adding repository directory to the temporary git global config as a safe directory
2026-10-03T06:42:56.5232243Z [command]/usr/bin/git config --global --add safe.directory /home/runner/work/nextbsd-ci/nextbsd-ci
2026-10-03T06:42:56.5273098Z Deleting the contents of '/home/runner/work/nextbsd-ci/nextbsd-ci'
2026-10-03T06:42:56.5276755Z ##[group]Initializing the repository
2026-10-03T06:42:56.5280843Z [command]/usr/bin/git init /home/runner/work/nextbsd-ci/nextbsd-ci
2026-10-03T06:42:56.5361018Z hint: Using 'master' as the name for the initial branch. This default branch name
2026-10-03T06:42:56.5362832Z hint: will change to "main" in Git 3.0. To configure the initial branch name
2026-10-03T06:42:56.5364343Z hint: to use in all of your new repositories, which will suppress this warning,
2026-10-03T06:42:56.5365856Z hint: call:
2026-10-03T06:42:56.5367318Z hint:
2026-10-03T06:42:56.5368250Z hint: 	git config --global init.defaultBranch <name>
2026-10-03T06:42:56.5369326Z hint:
2026-10-03T06:42:56.5370200Z hint: Names commonly chosen instead of 'master' are 'main', 'trunk' and
2026-10-03T06:42:56.5371596Z hint: 'development'. The just-created branch can be renamed via this command:
2026-10-03T06:42:56.5372720Z hint:
2026-10-03T06:42:56.5381417Z hint: 	git branch -m <name>
2026-10-03T06:42:56.5382451Z hint:
2026-10-03T06:42:56.5383454Z hint: Disable this message with "git config set advice.defaultBranchName false"
2026-10-03T06:42:56.5384465Z Initialized empty Git repository in /home/runner/work/nextbsd-ci/nextbsd-ci/.git/
2026-10-03T06:42:56.5386801Z [command]/usr/bin/git remote add origin https://github.com/nextbsd/nextbsd-ci
2026-10-03T06:42:56.5420529Z ##[endgroup]
2026-10-03T06:42:56.5421754Z ##[group]Disabling automatic garbage collection
2026-10-03T06:42:56.5422783Z [command]/usr/bin/git config --local gc.auto 0
2026-10-03T06:42:56.5448136Z ##[endgroup]
2026-10-03T06:42:56.5449527Z ##[group]Setting up auth
2026-10-03T06:42:56.5453246Z [command]/usr/bin/git config --local --name-only --get-regexp core\.sshCommand
2026-10-03T06:42:56.5477471Z [command]/usr/bin/git submodule foreach --recursive sh -c "git config --local --name-only --get-regexp 'core\.sshCommand' && git config --local --unset-all 'core.sshCommand' || :"
2026-10-03T06:42:56.5788742Z [command]/usr/bin/git config --local --name-only --get-regexp http\.https\:\/\/github\.com\/\.extraheader
2026-10-03T06:42:56.5810695Z [command]/usr/bin/git submodule foreach --recursive sh -c "git config --local --name-only --get-regexp 'http\.https\:\/\/github\.com\/\.extraheader' && git config --local --unset-all 'http.https://github.com/.extraheader' || :"
2026-10-03T06:42:56.5973068Z [command]/usr/bin/git config --local --name-only --get-regexp ^includeIf\.gitdir:
2026-10-03T06:42:56.5996777Z [command]/usr/bin/git submodule foreach --recursive git config --local --show-origin --name-only --get-regexp remote.origin.url
2026-10-03T06:42:56.6153178Z [command]/usr/bin/git config --local http.https://github.com/.extraheader AUTHORIZATION: basic ***
2026-10-03T06:42:56.6216423Z ##[endgroup]
2026-10-03T06:42:56.6217876Z ##[group]Fetching the repository
2026-10-03T06:42:56.6225757Z [command]/usr/bin/git -c protocol.version=2 fetch --no-tags --prune --no-recurse-submodules --depth=1 origin +fe440ca83bf1424469c45e7e8a9691392f4b49c8:refs/remotes/pull/9/merge
2026-10-03T06:42:57.0661685Z From https://github.com/nextbsd/nextbsd-ci
2026-10-03T06:42:57.0662797Z  * [new ref]         fe440ca83bf1424469c45e7e8a9691392f4b49c8 -> pull/9/merge
2026-10-03T06:42:57.0665506Z ##[endgroup]
2026-10-03T06:42:57.0666944Z ##[group]Determining the checkout info
2026-10-03T06:42:57.0668299Z ##[endgroup]
2026-10-03T06:42:57.0672538Z [command]/usr/bin/git sparse-checkout disable
2026-10-03T06:42:57.0755830Z [command]/usr/bin/git config --local --unset-all extensions.worktreeConfig
2026-10-03T06:42:57.0779145Z ##[group]Checking out the ref
2026-10-03T06:42:57.0780736Z [command]/usr/bin/git checkout --progress --force refs/remotes/pull/9/merge
2026-10-03T06:42:57.0827166Z Note: switching to 'refs/remotes/pull/9/merge'.
2026-10-03T06:42:57.0827689Z 
2026-10-03T06:42:57.0830885Z You are in 'detached HEAD' state. You can look around, make experimental
2026-10-03T06:42:57.0832469Z changes and commit them, and you can discard any commits you make in this
2026-10-03T06:42:57.0834037Z state without impacting any branches by switching back to a branch.
2026-10-03T06:42:57.0835121Z 
2026-10-03T06:42:57.0836076Z If you want to create a new branch to retain commits you create, you may
2026-10-03T06:42:57.0837147Z do so (now or later) by using -c with the switch command. Example:
2026-10-03T06:42:57.0837658Z 
2026-10-03T06:42:57.0837949Z   git switch -c <new-branch-name>
2026-10-03T06:42:57.0838281Z 
2026-10-03T06:42:57.0838540Z Or undo this operation with:
2026-10-03T06:42:57.0838865Z 
2026-10-03T06:42:57.0839272Z   git switch -
2026-10-03T06:42:57.0839735Z 
2026-10-03T06:42:57.0840395Z Turn off this advice by setting config variable advice.detachedHead to false
2026-10-03T06:42:57.0841011Z 
2026-10-03T06:42:57.0841638Z HEAD is now at fe440ca Merge 9d1661f1899e4b2a49596b14f824b5fa02e92212 into bae13410f0ff570b952d51053ed0c462272008b7
2026-10-03T06:42:57.0844022Z ##[endgroup]
2026-10-03T06:42:57.0862559Z [command]/usr/bin/git log -1 --format=%H
2026-10-03T06:42:57.0880973Z fe440ca83bf1424469c45e7e8a9691392f4b49c8
2026-10-03T06:42:57.1080376Z ##[group]Run sudo apt-get update && sudo apt-get install -y expect shellcheck
2026-10-03T06:42:57.1081467Z [36;1msudo apt-get update && sudo apt-get install -y expect shellcheck[0m
2026-10-03T06:42:57.1257433Z shell: /usr/bin/bash -e {0}
2026-10-03T06:42:57.1258142Z ##[endgroup]
2026-10-03T06:42:57.1863927Z Get:1 file:/etc/apt/apt-mirrors.txt Mirrorlist [144 B]
2026-10-03T06:42:57.2220723Z Hit:2 http://azure.archive.ubuntu.com/ubuntu noble InRelease
2026-10-03T06:42:57.2225058Z Get:6 https://packages.microsoft.com/ubuntu/24.04/prod noble InRelease [3600 B]
2026-10-03T06:42:57.2281231Z Get:3 http://azure.archive.ubuntu.com/ubuntu noble-updates InRelease [126 kB]
2026-10-03T06:42:57.2324975Z Get:4 http://azure.archive.ubuntu.com/ubuntu noble-backports InRelease [126 kB]
2026-10-03T06:42:57.2346203Z Get:5 http://azure.archive.ubuntu.com/ubuntu noble-security InRelease [126 kB]
2026-10-03T06:42:57.3100110Z Get:7 https://packages.microsoft.com/ubuntu/24.04/prod noble/main arm64 Packages [458 kB]
2026-10-03T06:42:57.3222515Z Get:8 https://packages.microsoft.com/ubuntu/24.04/prod noble/main amd64 Packages [511 kB]
2026-10-03T06:42:57.3268689Z Get:9 https://packages.microsoft.com/ubuntu/24.04/prod noble/main armhf Packages [12.6 kB]
2026-10-03T06:42:57.3460355Z Get:10 http://azure.archive.ubuntu.com/ubuntu noble-updates/main amd64 Packages [1364 kB]
2026-10-03T06:42:57.3537368Z Get:11 http://azure.archive.ubuntu.com/ubuntu noble-updates/main Translation-en [304 kB]
2026-10-03T06:42:57.3557521Z Get:12 http://azure.archive.ubuntu.com/ubuntu noble-updates/main amd64 Components [180 kB]
2026-10-03T06:42:57.3587706Z Get:13 http://azure.archive.ubuntu.com/ubuntu noble-updates/universe amd64 Packages [1699 kB]
2026-10-03T06:42:57.3641616Z Get:14 http://azure.archive.ubuntu.com/ubuntu noble-updates/universe Translation-en [341 kB]
2026-10-03T06:42:57.3663102Z Get:15 http://azure.archive.ubuntu.com/ubuntu noble-updates/universe amd64 Components [388 kB]
2026-10-03T06:42:57.3688219Z Get:16 http://azure.archive.ubuntu.com/ubuntu noble-updates/restricted amd64 Packages [1720 kB]
2026-10-03T06:42:57.3758544Z Get:17 http://azure.archive.ubuntu.com/ubuntu noble-updates/restricted Translation-en [394 kB]
2026-10-03T06:42:57.3790472Z Get:18 http://azure.archive.ubuntu.com/ubuntu noble-updates/multiverse amd64 Components [940 B]
2026-10-03T06:42:57.3852423Z Get:19 http://azure.archive.ubuntu.com/ubuntu noble-backports/main amd64 Components [5764 B]
2026-10-03T06:42:57.4325232Z Get:20 http://azure.archive.ubuntu.com/ubuntu noble-backports/universe amd64 Components [12.6 kB]
2026-10-03T06:42:57.4339002Z Get:21 http://azure.archive.ubuntu.com/ubuntu noble-security/main amd64 Packages [1069 kB]
2026-10-03T06:42:57.4386302Z Get:22 http://azure.archive.ubuntu.com/ubuntu noble-security/main Translation-en [221 kB]
2026-10-03T06:42:57.4403546Z Get:23 http://azure.archive.ubuntu.com/ubuntu noble-security/main amd64 Components [46.3 kB]
2026-10-03T06:42:57.4414492Z Get:24 http://azure.archive.ubuntu.com/ubuntu noble-security/universe amd64 Packages [1216 kB]
2026-10-03T06:42:57.4471505Z Get:25 http://azure.archive.ubuntu.com/ubuntu noble-security/universe Translation-en [244 kB]
2026-10-03T06:42:57.4490125Z Get:26 http://azure.archive.ubuntu.com/ubuntu noble-security/universe amd64 Components [76.3 kB]
2026-10-03T06:42:57.4502139Z Get:27 http://azure.archive.ubuntu.com/ubuntu noble-security/restricted amd64 Packages [1566 kB]
2026-10-03T06:42:57.4569978Z Get:28 http://azure.archive.ubuntu.com/ubuntu noble-security/restricted Translation-en [361 kB]
2026-10-03T06:43:04.2832682Z Fetched 12.6 MB in 1s (10.3 MB/s)
2026-10-03T06:43:04.9489017Z Reading package lists...
2026-10-03T06:43:04.9745582Z Reading package lists...
2026-10-03T06:43:05.0859693Z Building dependency tree...
2026-10-03T06:43:05.0866078Z Reading state information...
2026-10-03T06:43:05.2284478Z shellcheck is already the newest version (0.9.0-1).
2026-10-03T06:43:05.2285391Z The following NEW packages will be installed:
2026-10-03T06:43:05.2291330Z   expect tcl-expect
2026-10-03T06:43:05.2430871Z 0 upgraded, 2 newly installed, 0 to remove and 25 not upgraded.
2026-10-03T06:43:05.2431764Z Need to get 247 kB of archives.
2026-10-03T06:43:05.2432261Z After this operation, 538 kB of additional disk space will be used.
2026-10-03T06:43:05.2432910Z Get:1 file:/etc/apt/apt-mirrors.txt Mirrorlist [144 B]
2026-10-03T06:43:05.3394481Z Get:2 http://azure.archive.ubuntu.com/ubuntu noble/universe amd64 tcl-expect amd64 5.45.4-3 [110 kB]
2026-10-03T06:43:05.4061394Z Get:3 http://azure.archive.ubuntu.com/ubuntu noble/universe amd64 expect amd64 5.45.4-3 [137 kB]
2026-10-03T06:43:05.6126558Z Fetched 247 kB in 0s (1436 kB/s)
2026-10-03T06:43:05.6389807Z Selecting previously unselected package tcl-expect:amd64.
2026-10-03T06:43:05.6596840Z (Reading database ... 
2026-10-03T06:43:05.6597514Z (Reading database ... 5%
2026-10-03T06:43:05.6598410Z (Reading database ... 10%
2026-10-03T06:43:05.6598845Z (Reading database ... 15%
2026-10-03T06:43:05.6599711Z (Reading database ... 20%
2026-10-03T06:43:05.6600322Z (Reading database ... 25%
2026-10-03T06:43:05.6600646Z (Reading database ... 30%
2026-10-03T06:43:05.6600962Z (Reading database ... 35%
2026-10-03T06:43:05.6601242Z (Reading database ... 40%
2026-10-03T06:43:05.6601549Z (Reading database ... 45%
2026-10-03T06:43:05.6601822Z (Reading database ... 50%
2026-10-03T06:43:05.6644087Z (Reading database ... 55%
2026-10-03T06:43:05.7644484Z (Reading database ... 60%
2026-10-03T06:43:05.9961862Z (Reading database ... 65%
2026-10-03T06:43:06.2016217Z (Reading database ... 70%
2026-10-03T06:43:06.3667838Z (Reading database ... 75%
2026-10-03T06:43:06.5034713Z (Reading database ... 80%
2026-10-03T06:43:06.6468176Z (Reading database ... 85%
2026-10-03T06:43:06.7724087Z (Reading database ... 90%
2026-10-03T06:43:06.9125833Z (Reading database ... 95%
2026-10-03T06:43:06.9126596Z (Reading database ... 100%
2026-10-03T06:43:06.9127211Z (Reading database ... 202296 files and directories currently installed.)
2026-10-03T06:43:06.9161255Z Preparing to unpack .../tcl-expect_5.45.4-3_amd64.deb ...
2026-10-03T06:43:06.9217835Z Unpacking tcl-expect:amd64 (5.45.4-3) ...
2026-10-03T06:43:06.9565166Z Selecting previously unselected package expect.
2026-10-03T06:43:06.9653590Z Preparing to unpack .../expect_5.45.4-3_amd64.deb ...
2026-10-03T06:43:06.9667146Z Unpacking expect (5.45.4-3) ...
2026-10-03T06:43:07.0057077Z Setting up tcl-expect:amd64 (5.45.4-3) ...
2026-10-03T06:43:07.0082956Z Setting up expect (5.45.4-3) ...
2026-10-03T06:43:07.0109378Z Processing triggers for man-db (2.12.0-4build2) ...
2026-10-03T06:43:07.0130048Z Not building database; man-db/auto-update is not 'true'.
2026-10-03T06:43:07.0142344Z Processing triggers for libc-bin (2.39-0ubuntu8.9) ...
2026-10-03T06:43:07.6754484Z 
2026-10-03T06:43:07.6755275Z Running kernel seems to be up-to-date.
2026-10-03T06:43:07.6755642Z 
2026-10-03T06:43:07.6755792Z No services need to be restarted.
2026-10-03T06:43:07.6756392Z 
2026-10-03T06:43:07.6756563Z No containers need to be restarted.
2026-10-03T06:43:07.6756881Z 
2026-10-03T06:43:07.6757096Z No user sessions are running outdated binaries.
2026-10-03T06:43:07.6757370Z 
2026-10-03T06:43:07.6757754Z No VM guests are running outdated hypervisor (qemu) binaries on this host.
2026-10-03T06:43:08.3688288Z ##[group]Run fail=0
2026-10-03T06:43:08.3688606Z [36;1mfail=0[0m
2026-10-03T06:43:08.3688950Z [36;1mfor f in $(find harness manifest selftest -name '*.sh' -type f); do[0m
2026-10-03T06:43:08.3689419Z [36;1m  sh -n "$f" || { echo "sh -n failed: $f"; fail=1; }[0m
2026-10-03T06:43:08.3689844Z [36;1mdone[0m
2026-10-03T06:43:08.3690087Z [36;1mexit $fail[0m
2026-10-03T06:43:08.3728651Z shell: /usr/bin/bash -e {0}
2026-10-03T06:43:08.3729009Z ##[endgroup]
2026-10-03T06:43:08.3854262Z ##[group]Run find harness manifest selftest -name '*.sh' -type f -print0 | xargs -0 -r shellcheck -x
2026-10-03T06:43:08.3854901Z [36;1mfind harness manifest selftest -name '*.sh' -type f -print0 | xargs -0 -r shellcheck -x[0m
2026-10-03T06:43:08.3884719Z shell: /usr/bin/bash -e {0}
2026-10-03T06:43:08.3885097Z ##[endgroup]
2026-10-03T06:43:08.8282384Z ##[group]Run sh manifest/validate.sh \
2026-10-03T06:43:08.8282746Z [36;1msh manifest/validate.sh \[0m
2026-10-03T06:43:08.8283048Z [36;1m  manifest/markers.tsv \[0m
2026-10-03T06:43:08.8283389Z [36;1m  manifest/overlay-nextbsd.tsv \[0m
2026-10-03T06:43:08.8283735Z [36;1m  manifest/overlay-nextbsd-userland.tsv \[0m
2026-10-03T06:43:08.8284138Z [36;1m  manifest/overlay-nextbsd-kernel.tsv[0m
2026-10-03T06:43:08.8315592Z shell: /usr/bin/bash -e {0}
2026-10-03T06:43:08.8316145Z ##[endgroup]
2026-10-03T06:43:08.8396437Z manifest/markers.tsv: 93 markers OK
2026-10-03T06:43:08.8409867Z manifest/overlay-nextbsd.tsv:  markers OK
2026-10-03T06:43:08.8422677Z manifest/overlay-nextbsd-userland.tsv:  markers OK
2026-10-03T06:43:08.8436178Z manifest/overlay-nextbsd-kernel.tsv:  markers OK
2026-10-03T06:43:08.8499886Z ##[group]Run sh selftest/run-selftest.sh
2026-10-03T06:43:08.8500254Z [36;1msh selftest/run-selftest.sh[0m
2026-10-03T06:43:08.8529373Z shell: /usr/bin/bash -e {0}
2026-10-03T06:43:08.8529681Z env:
2026-10-03T06:43:08.8529918Z   ARCH: amd64
2026-10-03T06:43:08.8530232Z ##[endgroup]
2026-10-03T06:43:08.8590930Z ==> golden: the shared patterns against production stream shapes
2026-10-03T06:43:08.8928142Z OK   loader: EDK2 autoboot countdown
2026-10-03T06:43:08.8928765Z OK   loader: UEFI self-ID (FreeBSD brand)
2026-10-03T06:43:08.8929198Z OK   loader: UEFI self-ID (NextBSD brand)
2026-10-03T06:43:08.8984134Z invalid command name "/boot/kernel/kernel"
2026-10-03T06:43:08.8984590Z     while executing
2026-10-03T06:43:08.8984945Z "/boot/kernel/kernel"
2026-10-03T06:43:08.8985270Z     invoked from within
2026-10-03T06:43:08.8985675Z "golden "loader: leaving the prompt to boot" $re_boot_go \
2026-10-03T06:43:08.8986339Z     "Booting [/boot/kernel/kernel] in 2 seconds...""
2026-10-03T06:43:08.8987038Z     (file "/home/runner/work/nextbsd-ci/nextbsd-ci/selftest/regex-golden.exp" line 32)
2026-10-03T06:43:08.8987669Z ==> manifest: schema
2026-10-03T06:43:08.9016431Z /home/runner/work/nextbsd-ci/nextbsd-ci/manifest/markers.tsv: 93 markers OK
2026-10-03T06:43:08.9028903Z /home/runner/work/nextbsd-ci/nextbsd-ci/manifest/overlay-nextbsd.tsv:  markers OK
2026-10-03T06:43:08.9041443Z /home/runner/work/nextbsd-ci/nextbsd-ci/manifest/overlay-nextbsd-userland.tsv:  markers OK
2026-10-03T06:43:08.9053600Z /home/runner/work/nextbsd-ci/nextbsd-ci/manifest/overlay-nextbsd-kernel.tsv:  markers OK
2026-10-03T06:43:08.9076866Z ==> harness vs mock guest (arch=amd64)
2026-10-03T06:43:08.9115441Z bad option "-pattern": must be -exact, -glob, or -regexp
2026-10-03T06:43:08.9115975Z     while executing
2026-10-03T06:43:08.9116309Z "array names eff -pattern *,policy"
2026-10-03T06:43:08.9116712Z     invoked from within
2026-10-03T06:43:08.9117101Z "lsort [array names eff -pattern *,policy]"
2026-10-03T06:43:08.9117601Z     invoked from within
2026-10-03T06:43:08.9118059Z "set markers [lsort [array names eff -pattern *,policy]]"
2026-10-03T06:43:08.9118495Z     (file "/home/runner/work/nextbsd-ci/nextbsd-ci/manifest/gen-arms.tcl" line 68)
2026-10-03T06:43:08.9119104Z SELFTEST FAIL: no marker plan generated
2026-10-03T06:43:08.9127966Z ##[error]Process completed with exit code 1.
2026-10-03T06:43:08.9239849Z Post job cleanup.
2026-10-03T06:43:08.9968705Z [command]/usr/bin/git version
2026-10-03T06:43:09.0002782Z git version 2.55.0
2026-10-03T06:43:09.0037348Z Temporarily overriding HOME='/home/runner/work/_temp/8fe8af1f-541f-45e1-a6de-79be829ce4bf' before making global git config changes
2026-10-03T06:43:09.0038448Z Adding repository directory to the temporary git global config as a safe directory
2026-10-03T06:43:09.0042804Z [command]/usr/bin/git config --global --add safe.directory /home/runner/work/nextbsd-ci/nextbsd-ci
2026-10-03T06:43:09.0072843Z [command]/usr/bin/git config --local --name-only --get-regexp core\.sshCommand
2026-10-03T06:43:09.0100075Z [command]/usr/bin/git submodule foreach --recursive sh -c "git config --local --name-only --get-regexp 'core\.sshCommand' && git config --local --unset-all 'core.sshCommand' || :"
2026-10-03T06:43:09.0276141Z [command]/usr/bin/git config --local --name-only --get-regexp http\.https\:\/\/github\.com\/\.extraheader
2026-10-03T06:43:09.0297627Z http.https://github.com/.extraheader
2026-10-03T06:43:09.0307785Z [command]/usr/bin/git config --local --unset-all http.https://github.com/.extraheader
2026-10-03T06:43:09.0332661Z [command]/usr/bin/git submodule foreach --recursive sh -c "git config --local --name-only --get-regexp 'http\.https\:\/\/github\.com\/\.extraheader' && git config --local --unset-all 'http.https://github.com/.extraheader' || :"
2026-10-03T06:43:09.0499467Z [command]/usr/bin/git config --local --name-only --get-regexp ^includeIf\.gitdir:
2026-10-03T06:43:09.0525797Z [command]/usr/bin/git submodule foreach --recursive git config --local --show-origin --name-only --get-regexp remote.origin.url
2026-10-03T06:43:09.0810985Z Cleaning up orphan processes
2026-10-03T06:43:09.1041194Z ##[warning]Node.js 20 is deprecated. The following actions target Node.js 20 but are being forced to run on Node.js 24: actions/checkout@v4. For more information see: https://github.blog/changelog/2025-09-19-deprecation-of-node-20-on-github-actions-runners/
