2026-10-03T11:06:16.0424408Z Current runner version: '2.337.0'
2026-10-03T11:06:16.0452898Z ##[group]Runner Image Provisioner
2026-10-03T11:06:16.0453861Z Hosted Compute Agent
2026-10-03T11:06:16.0454448Z Version: 20260901.588
2026-10-03T11:06:16.0455162Z Commit: f88ec8081b781fac6c440065ac7ff9e710ce3d0b
2026-10-03T11:06:16.0455924Z Build Date: 2026-09-01T19:56:44Z
2026-10-03T11:06:16.0456642Z Worker ID: {70aee108-6113-4255-afbb-ed2ba6fc1305}
2026-10-03T11:06:16.0457466Z Azure Region: eastus
2026-10-03T11:06:16.0458047Z ##[endgroup]
2026-10-03T11:06:16.0459527Z ##[group]Operating System
2026-10-03T11:06:16.0460291Z Ubuntu
2026-10-03T11:06:16.0461154Z 24.04.5
2026-10-03T11:06:16.0461737Z LTS
2026-10-03T11:06:16.0462306Z ##[endgroup]
2026-10-03T11:06:16.0462895Z ##[group]Runner Image
2026-10-03T11:06:16.0463599Z Image: ubuntu-24.04
2026-10-03T11:06:16.0464187Z Version: 20260927.320.1
2026-10-03T11:06:16.0465615Z Included Software: https://github.com/actions/runner-images/blob/ubuntu24/20260927.320/images/ubuntu/Ubuntu2404-Readme.md
2026-10-03T11:06:16.0467189Z Image Release: https://github.com/actions/runner-images/releases/tag/ubuntu24%2F20260927.320
2026-10-03T11:06:16.0468216Z ##[endgroup]
2026-10-03T11:06:16.0469430Z ##[group]GITHUB_TOKEN Permissions
2026-10-03T11:06:16.0472285Z Contents: read
2026-10-03T11:06:16.0472904Z Metadata: read
2026-10-03T11:06:16.0473534Z Packages: read
2026-10-03T11:06:16.0474141Z ##[endgroup]
2026-10-03T11:06:16.0476374Z Secret source: Actions
2026-10-03T11:06:16.0477459Z Cache mode: write
2026-10-03T11:06:16.0478151Z Prepare workflow directory
2026-10-03T11:06:16.0825627Z Prepare all required actions
2026-10-03T11:06:16.0874516Z Getting action download info
2026-10-03T11:06:16.3419234Z Download action repository 'actions/checkout@v4' (SHA:11d5960a326750d5838078e36cf38b85af677262)
2026-10-03T11:06:16.5563206Z Complete job name: selftest (amd64, ubuntu-24.04)
2026-10-03T11:06:16.6349918Z ##[group]Run actions/checkout@v4
2026-10-03T11:06:16.6351081Z with:
2026-10-03T11:06:16.6351546Z   repository: nextbsd/nextbsd-ci
2026-10-03T11:06:16.6355381Z   token: ***
2026-10-03T11:06:16.6355815Z   ssh-strict: true
2026-10-03T11:06:16.6356258Z   ssh-user: git
2026-10-03T11:06:16.6356699Z   persist-credentials: true
2026-10-03T11:06:16.6357211Z   clean: true
2026-10-03T11:06:16.6357671Z   sparse-checkout-cone-mode: true
2026-10-03T11:06:16.6358199Z   fetch-depth: 1
2026-10-03T11:06:16.6358636Z   fetch-tags: false
2026-10-03T11:06:16.6359084Z   show-progress: true
2026-10-03T11:06:16.6359533Z   lfs: false
2026-10-03T11:06:16.6359949Z   submodules: false
2026-10-03T11:06:16.6360415Z   set-safe-directory: true
2026-10-03T11:06:16.6361147Z   allow-unsafe-pr-checkout: false
2026-10-03T11:06:16.6361960Z ##[endgroup]
2026-10-03T11:06:16.7431692Z Syncing repository: nextbsd/nextbsd-ci
2026-10-03T11:06:16.7434412Z ##[group]Getting Git version info
2026-10-03T11:06:16.7435699Z Working directory is '/home/runner/work/nextbsd-ci/nextbsd-ci'
2026-10-03T11:06:16.7437528Z [command]/usr/bin/git version
2026-10-03T11:06:16.7519668Z git version 2.55.0
2026-10-03T11:06:16.7549068Z ##[endgroup]
2026-10-03T11:06:16.7568741Z Temporarily overriding HOME='/home/runner/work/_temp/759edbbd-8870-4960-8d11-8b04638d7939' before making global git config changes
2026-10-03T11:06:16.7571526Z Adding repository directory to the temporary git global config as a safe directory
2026-10-03T11:06:16.7577369Z [command]/usr/bin/git config --global --add safe.directory /home/runner/work/nextbsd-ci/nextbsd-ci
2026-10-03T11:06:16.7647897Z Deleting the contents of '/home/runner/work/nextbsd-ci/nextbsd-ci'
2026-10-03T11:06:16.7654165Z ##[group]Initializing the repository
2026-10-03T11:06:16.7661722Z [command]/usr/bin/git init /home/runner/work/nextbsd-ci/nextbsd-ci
2026-10-03T11:06:16.7776824Z hint: Using 'master' as the name for the initial branch. This default branch name
2026-10-03T11:06:16.7778098Z hint: will change to "main" in Git 3.0. To configure the initial branch name
2026-10-03T11:06:16.7779068Z hint: to use in all of your new repositories, which will suppress this warning,
2026-10-03T11:06:16.7780520Z hint: call:
2026-10-03T11:06:16.7781401Z hint:
2026-10-03T11:06:16.7781993Z hint: 	git config --global init.defaultBranch <name>
2026-10-03T11:06:16.7782628Z hint:
2026-10-03T11:06:16.7783587Z hint: Names commonly chosen instead of 'master' are 'main', 'trunk' and
2026-10-03T11:06:16.7785195Z hint: 'development'. The just-created branch can be renamed via this command:
2026-10-03T11:06:16.7786374Z hint:
2026-10-03T11:06:16.7787171Z hint: 	git branch -m <name>
2026-10-03T11:06:16.7788047Z hint:
2026-10-03T11:06:16.7789232Z hint: Disable this message with "git config set advice.defaultBranchName false"
2026-10-03T11:06:16.7792006Z Initialized empty Git repository in /home/runner/work/nextbsd-ci/nextbsd-ci/.git/
2026-10-03T11:06:16.7802130Z [command]/usr/bin/git remote add origin https://github.com/nextbsd/nextbsd-ci
2026-10-03T11:06:16.7856485Z ##[endgroup]
2026-10-03T11:06:16.7857763Z ##[group]Disabling automatic garbage collection
2026-10-03T11:06:16.7861456Z [command]/usr/bin/git config --local gc.auto 0
2026-10-03T11:06:16.7897503Z ##[endgroup]
2026-10-03T11:06:16.7898559Z ##[group]Setting up auth
2026-10-03T11:06:16.7906162Z [command]/usr/bin/git config --local --name-only --get-regexp core\.sshCommand
2026-10-03T11:06:16.7956017Z [command]/usr/bin/git submodule foreach --recursive sh -c "git config --local --name-only --get-regexp 'core\.sshCommand' && git config --local --unset-all 'core.sshCommand' || :"
2026-10-03T11:06:16.8366342Z [command]/usr/bin/git config --local --name-only --get-regexp http\.https\:\/\/github\.com\/\.extraheader
2026-10-03T11:06:16.8412857Z [command]/usr/bin/git submodule foreach --recursive sh -c "git config --local --name-only --get-regexp 'http\.https\:\/\/github\.com\/\.extraheader' && git config --local --unset-all 'http.https://github.com/.extraheader' || :"
2026-10-03T11:06:16.8645273Z [command]/usr/bin/git config --local --name-only --get-regexp ^includeIf\.gitdir:
2026-10-03T11:06:16.8683255Z [command]/usr/bin/git submodule foreach --recursive git config --local --show-origin --name-only --get-regexp remote.origin.url
2026-10-03T11:06:16.8911086Z [command]/usr/bin/git config --local http.https://github.com/.extraheader AUTHORIZATION: basic ***
2026-10-03T11:06:16.8954417Z ##[endgroup]
2026-10-03T11:06:16.8955775Z ##[group]Fetching the repository
2026-10-03T11:06:16.8965377Z [command]/usr/bin/git -c protocol.version=2 fetch --no-tags --prune --no-recurse-submodules --depth=1 origin +7de276d5a143740687ad51013632465f435bbb8b:refs/remotes/pull/9/merge
2026-10-03T11:06:17.1635963Z From https://github.com/nextbsd/nextbsd-ci
2026-10-03T11:06:17.1637355Z  * [new ref]         7de276d5a143740687ad51013632465f435bbb8b -> pull/9/merge
2026-10-03T11:06:17.1641235Z ##[endgroup]
2026-10-03T11:06:17.1642746Z ##[group]Determining the checkout info
2026-10-03T11:06:17.1644361Z ##[endgroup]
2026-10-03T11:06:17.1651442Z [command]/usr/bin/git sparse-checkout disable
2026-10-03T11:06:17.1708429Z [command]/usr/bin/git config --local --unset-all extensions.worktreeConfig
2026-10-03T11:06:17.1743572Z ##[group]Checking out the ref
2026-10-03T11:06:17.1747107Z [command]/usr/bin/git checkout --progress --force refs/remotes/pull/9/merge
2026-10-03T11:06:17.1857269Z Note: switching to 'refs/remotes/pull/9/merge'.
2026-10-03T11:06:17.1858756Z 
2026-10-03T11:06:17.1859781Z You are in 'detached HEAD' state. You can look around, make experimental
2026-10-03T11:06:17.1861536Z changes and commit them, and you can discard any commits you make in this
2026-10-03T11:06:17.1862641Z state without impacting any branches by switching back to a branch.
2026-10-03T11:06:17.1863259Z 
2026-10-03T11:06:17.1863684Z If you want to create a new branch to retain commits you create, you may
2026-10-03T11:06:17.1864647Z do so (now or later) by using -c with the switch command. Example:
2026-10-03T11:06:17.1865206Z 
2026-10-03T11:06:17.1865486Z   git switch -c <new-branch-name>
2026-10-03T11:06:17.1865897Z 
2026-10-03T11:06:17.1866144Z Or undo this operation with:
2026-10-03T11:06:17.1866499Z 
2026-10-03T11:06:17.1867066Z   git switch -
2026-10-03T11:06:17.1867612Z 
2026-10-03T11:06:17.1868381Z Turn off this advice by setting config variable advice.detachedHead to false
2026-10-03T11:06:17.1869131Z 
2026-10-03T11:06:17.1869844Z HEAD is now at 7de276d Merge 69da4e7450b44d15329d22208a9ddd448b07ec92 into bae13410f0ff570b952d51053ed0c462272008b7
2026-10-03T11:06:17.1872936Z ##[endgroup]
2026-10-03T11:06:17.1913451Z [command]/usr/bin/git log -1 --format=%H
2026-10-03T11:06:17.1941202Z 7de276d5a143740687ad51013632465f435bbb8b
2026-10-03T11:06:17.2183680Z ##[group]Run sudo apt-get update && sudo apt-get install -y expect shellcheck
2026-10-03T11:06:17.2184863Z [36;1msudo apt-get update && sudo apt-get install -y expect shellcheck[0m
2026-10-03T11:06:17.2443708Z shell: /usr/bin/bash -e {0}
2026-10-03T11:06:17.2444617Z ##[endgroup]
2026-10-03T11:06:17.3466100Z Get:1 file:/etc/apt/apt-mirrors.txt Mirrorlist [144 B]
2026-10-03T11:06:17.3703194Z Get:6 https://packages.microsoft.com/ubuntu/24.04/prod noble InRelease [3600 B]
2026-10-03T11:06:17.3836697Z Hit:2 http://azure.archive.ubuntu.com/ubuntu noble InRelease
2026-10-03T11:06:17.3851213Z Get:3 http://azure.archive.ubuntu.com/ubuntu noble-updates InRelease [126 kB]
2026-10-03T11:06:17.3973807Z Get:4 http://azure.archive.ubuntu.com/ubuntu noble-backports InRelease [126 kB]
2026-10-03T11:06:17.3987171Z Get:5 http://azure.archive.ubuntu.com/ubuntu noble-security InRelease [126 kB]
2026-10-03T11:06:17.4875626Z Get:7 https://packages.microsoft.com/ubuntu/24.04/prod noble/main arm64 Packages [458 kB]
2026-10-03T11:06:17.5089576Z Get:8 https://packages.microsoft.com/ubuntu/24.04/prod noble/main armhf Packages [12.6 kB]
2026-10-03T11:06:17.5167134Z Get:9 https://packages.microsoft.com/ubuntu/24.04/prod noble/main amd64 Packages [511 kB]
2026-10-03T11:06:17.6087531Z Get:10 http://azure.archive.ubuntu.com/ubuntu noble-updates/main amd64 Packages [1364 kB]
2026-10-03T11:06:17.6157446Z Get:11 http://azure.archive.ubuntu.com/ubuntu noble-updates/main Translation-en [304 kB]
2026-10-03T11:06:17.6182715Z Get:12 http://azure.archive.ubuntu.com/ubuntu noble-updates/main amd64 Components [181 kB]
2026-10-03T11:06:17.6195884Z Get:13 http://azure.archive.ubuntu.com/ubuntu noble-updates/universe amd64 Packages [1699 kB]
2026-10-03T11:06:17.6288460Z Get:14 http://azure.archive.ubuntu.com/ubuntu noble-updates/universe Translation-en [341 kB]
2026-10-03T11:06:17.6299282Z Get:15 http://azure.archive.ubuntu.com/ubuntu noble-updates/universe amd64 Components [388 kB]
2026-10-03T11:06:17.6333494Z Get:16 http://azure.archive.ubuntu.com/ubuntu noble-updates/restricted amd64 Packages [1720 kB]
2026-10-03T11:06:17.6456838Z Get:17 http://azure.archive.ubuntu.com/ubuntu noble-updates/restricted Translation-en [394 kB]
2026-10-03T11:06:17.6465073Z Get:18 http://azure.archive.ubuntu.com/ubuntu noble-updates/multiverse amd64 Components [940 B]
2026-10-03T11:06:17.6692963Z Get:19 http://azure.archive.ubuntu.com/ubuntu noble-backports/main amd64 Components [5736 B]
2026-10-03T11:06:17.7113414Z Get:20 http://azure.archive.ubuntu.com/ubuntu noble-backports/universe amd64 Components [12.6 kB]
2026-10-03T11:06:17.7283875Z Get:21 http://azure.archive.ubuntu.com/ubuntu noble-security/main amd64 Packages [1069 kB]
2026-10-03T11:06:17.7312125Z Get:22 http://azure.archive.ubuntu.com/ubuntu noble-security/main Translation-en [221 kB]
2026-10-03T11:06:17.7341694Z Get:23 http://azure.archive.ubuntu.com/ubuntu noble-security/main amd64 Components [46.5 kB]
2026-10-03T11:06:17.7350449Z Get:24 http://azure.archive.ubuntu.com/ubuntu noble-security/universe amd64 Packages [1216 kB]
2026-10-03T11:06:17.7407972Z Get:25 http://azure.archive.ubuntu.com/ubuntu noble-security/universe Translation-en [244 kB]
2026-10-03T11:06:17.7425557Z Get:26 http://azure.archive.ubuntu.com/ubuntu noble-security/universe amd64 Components [76.3 kB]
2026-10-03T11:06:17.7440318Z Get:27 http://azure.archive.ubuntu.com/ubuntu noble-security/restricted amd64 Packages [1566 kB]
2026-10-03T11:06:17.7519112Z Get:28 http://azure.archive.ubuntu.com/ubuntu noble-security/restricted Translation-en [361 kB]
2026-10-03T11:06:22.1088771Z Fetched 12.6 MB in 1s (8776 kB/s)
2026-10-03T11:06:22.9696412Z Reading package lists...
2026-10-03T11:06:23.0013528Z Reading package lists...
2026-10-03T11:06:23.2054606Z Building dependency tree...
2026-10-03T11:06:23.2062216Z Reading state information...
2026-10-03T11:06:23.3779422Z shellcheck is already the newest version (0.9.0-1).
2026-10-03T11:06:23.3781544Z The following NEW packages will be installed:
2026-10-03T11:06:23.3786965Z   expect tcl-expect
2026-10-03T11:06:23.3955938Z 0 upgraded, 2 newly installed, 0 to remove and 25 not upgraded.
2026-10-03T11:06:23.3956861Z Need to get 247 kB of archives.
2026-10-03T11:06:23.3957642Z After this operation, 538 kB of additional disk space will be used.
2026-10-03T11:06:23.3958609Z Get:1 file:/etc/apt/apt-mirrors.txt Mirrorlist [144 B]
2026-10-03T11:06:23.4312927Z Get:2 http://azure.archive.ubuntu.com/ubuntu noble/universe amd64 tcl-expect amd64 5.45.4-3 [110 kB]
2026-10-03T11:06:23.4472214Z Get:3 http://azure.archive.ubuntu.com/ubuntu noble/universe amd64 expect amd64 5.45.4-3 [137 kB]
2026-10-03T11:06:23.7106929Z Fetched 247 kB in 0s (3934 kB/s)
2026-10-03T11:06:23.7342688Z Selecting previously unselected package tcl-expect:amd64.
2026-10-03T11:06:23.7594246Z (Reading database ... 
2026-10-03T11:06:23.7594798Z (Reading database ... 5%
2026-10-03T11:06:23.7595464Z (Reading database ... 10%
2026-10-03T11:06:23.7595840Z (Reading database ... 15%
2026-10-03T11:06:23.7596268Z (Reading database ... 20%
2026-10-03T11:06:23.7596782Z (Reading database ... 25%
2026-10-03T11:06:23.7597128Z (Reading database ... 30%
2026-10-03T11:06:23.7597413Z (Reading database ... 35%
2026-10-03T11:06:23.7597683Z (Reading database ... 40%
2026-10-03T11:06:23.7597952Z (Reading database ... 45%
2026-10-03T11:06:23.7598220Z (Reading database ... 50%
2026-10-03T11:06:23.7633422Z (Reading database ... 55%
2026-10-03T11:06:23.9032533Z (Reading database ... 60%
2026-10-03T11:06:24.1100471Z (Reading database ... 65%
2026-10-03T11:06:24.3162811Z (Reading database ... 70%
2026-10-03T11:06:24.4672141Z (Reading database ... 75%
2026-10-03T11:06:24.6605998Z (Reading database ... 80%
2026-10-03T11:06:24.8102202Z (Reading database ... 85%
2026-10-03T11:06:24.9735266Z (Reading database ... 90%
2026-10-03T11:06:25.1182002Z (Reading database ... 95%
2026-10-03T11:06:25.1182662Z (Reading database ... 100%
2026-10-03T11:06:25.1183297Z (Reading database ... 202296 files and directories currently installed.)
2026-10-03T11:06:25.1266026Z Preparing to unpack .../tcl-expect_5.45.4-3_amd64.deb ...
2026-10-03T11:06:25.1291062Z Unpacking tcl-expect:amd64 (5.45.4-3) ...
2026-10-03T11:06:25.1536059Z Selecting previously unselected package expect.
2026-10-03T11:06:25.1664792Z Preparing to unpack .../expect_5.45.4-3_amd64.deb ...
2026-10-03T11:06:25.1672513Z Unpacking expect (5.45.4-3) ...
2026-10-03T11:06:25.2213497Z Setting up tcl-expect:amd64 (5.45.4-3) ...
2026-10-03T11:06:25.2236348Z Setting up expect (5.45.4-3) ...
2026-10-03T11:06:25.2260225Z Processing triggers for man-db (2.12.0-4build2) ...
2026-10-03T11:06:25.2281160Z Not building database; man-db/auto-update is not 'true'.
2026-10-03T11:06:25.2294240Z Processing triggers for libc-bin (2.39-0ubuntu8.9) ...
2026-10-03T11:06:25.8928481Z 
2026-10-03T11:06:25.8929155Z Running kernel seems to be up-to-date.
2026-10-03T11:06:25.8929489Z 
2026-10-03T11:06:25.8929634Z No services need to be restarted.
2026-10-03T11:06:25.8929877Z 
2026-10-03T11:06:25.8930020Z No containers need to be restarted.
2026-10-03T11:06:25.8930296Z 
2026-10-03T11:06:25.8930469Z No user sessions are running outdated binaries.
2026-10-03T11:06:25.8931227Z 
2026-10-03T11:06:25.8931546Z No VM guests are running outdated hypervisor (qemu) binaries on this host.
2026-10-03T11:06:26.8612657Z ##[group]Run fail=0
2026-10-03T11:06:26.8612945Z [36;1mfail=0[0m
2026-10-03T11:06:26.8613294Z [36;1mfor f in $(find harness manifest selftest -name '*.sh' -type f); do[0m
2026-10-03T11:06:26.8613738Z [36;1m  sh -n "$f" || { echo "sh -n failed: $f"; fail=1; }[0m
2026-10-03T11:06:26.8614235Z [36;1mdone[0m
2026-10-03T11:06:26.8614429Z [36;1mexit $fail[0m
2026-10-03T11:06:26.8682089Z shell: /usr/bin/bash -e {0}
2026-10-03T11:06:26.8682398Z ##[endgroup]
2026-10-03T11:06:26.8860042Z ##[group]Run find harness manifest selftest -name '*.sh' -type f -print0 | xargs -0 -r shellcheck -x
2026-10-03T11:06:26.8861112Z [36;1mfind harness manifest selftest -name '*.sh' -type f -print0 | xargs -0 -r shellcheck -x[0m
2026-10-03T11:06:26.8926039Z shell: /usr/bin/bash -e {0}
2026-10-03T11:06:26.8926330Z ##[endgroup]
2026-10-03T11:06:27.4323158Z ##[group]Run sh manifest/validate.sh \
2026-10-03T11:06:27.4323510Z [36;1msh manifest/validate.sh \[0m
2026-10-03T11:06:27.4323785Z [36;1m  manifest/markers.tsv \[0m
2026-10-03T11:06:27.4324060Z [36;1m  manifest/overlay-nextbsd.tsv \[0m
2026-10-03T11:06:27.4324391Z [36;1m  manifest/overlay-nextbsd-userland.tsv \[0m
2026-10-03T11:06:27.4324737Z [36;1m  manifest/overlay-nextbsd-kernel.tsv[0m
2026-10-03T11:06:27.4388560Z shell: /usr/bin/bash -e {0}
2026-10-03T11:06:27.4388837Z ##[endgroup]
2026-10-03T11:06:27.4515949Z manifest/markers.tsv: 93 markers OK
2026-10-03T11:06:27.4535199Z manifest/overlay-nextbsd.tsv:  markers OK
2026-10-03T11:06:27.4553962Z manifest/overlay-nextbsd-userland.tsv:  markers OK
2026-10-03T11:06:27.4572671Z manifest/overlay-nextbsd-kernel.tsv:  markers OK
2026-10-03T11:06:27.4654645Z ##[group]Run sh selftest/run-selftest.sh
2026-10-03T11:06:27.4655012Z [36;1msh selftest/run-selftest.sh[0m
2026-10-03T11:06:27.4719343Z shell: /usr/bin/bash -e {0}
2026-10-03T11:06:27.4719617Z env:
2026-10-03T11:06:27.4719838Z   ARCH: amd64
2026-10-03T11:06:27.4720059Z ##[endgroup]
2026-10-03T11:06:27.4830119Z ==> golden: the shared patterns against production stream shapes
2026-10-03T11:06:27.5321680Z OK   loader: EDK2 autoboot countdown
2026-10-03T11:06:27.5322394Z OK   loader: UEFI self-ID (FreeBSD brand)
2026-10-03T11:06:27.5323102Z OK   loader: UEFI self-ID (NextBSD brand)
2026-10-03T11:06:27.5323881Z OK   loader: leaving the prompt to boot
2026-10-03T11:06:27.5324586Z OK   loader: kernel entry marker
2026-10-03T11:06:27.5325438Z OK   banner: synthesized hostname (amd64)
2026-10-03T11:06:27.5331652Z OK   banner: synthesized hostname (arm64)
2026-10-03T11:06:27.5332246Z OK   banner: the Amnesiac race-loser
2026-10-03T11:06:27.5332798Z OK   banner: the early-init sethostname line
2026-10-03T11:06:27.5333260Z OK   login: login(1) session message
2026-10-03T11:06:27.5333598Z OK   login: zsh prompt
2026-10-03T11:06:27.5333973Z OK   panic: page fault
2026-10-03T11:06:27.5334439Z OK   panic: data abort (arm64)
2026-10-03T11:06:27.5334984Z OK   teardown: shutdown progress
2026-10-03T11:06:27.5335306Z OK   teardown: syncing
2026-10-03T11:06:27.5335582Z OK   teardown: buffers synced
2026-10-03T11:06:27.5335882Z OK   teardown: uptime
2026-10-03T11:06:27.5336156Z OK   teardown: poweroff
2026-10-03T11:06:27.5336459Z OK   teardown: reboot (the wrong outcome)
2026-10-03T11:06:27.5336813Z OK   sentinel: summary line
2026-10-03T11:06:27.5337135Z OK   marker: OK line (LF)
2026-10-03T11:06:27.5337485Z OK   marker: FAIL line (CR LF, as the pty delivers it)
2026-10-03T11:06:27.5337913Z OK   marker: SKIP line (embedded in a burst)
2026-10-03T11:06:27.5338308Z OK   marker: the summary line is not a marker
2026-10-03T11:06:27.5338693Z OK   marker: the shell prompt is not a marker
2026-10-03T11:06:27.5339095Z OK   marker: lowercase output is not a marker
2026-10-03T11:06:27.5339486Z 
2026-10-03T11:06:27.5339731Z golden: all patterns match the production stream shapes
2026-10-03T11:06:27.5340771Z ==> manifest: schema
2026-10-03T11:06:27.5386378Z /home/runner/work/nextbsd-ci/nextbsd-ci/manifest/markers.tsv: 93 markers OK
2026-10-03T11:06:27.5405145Z /home/runner/work/nextbsd-ci/nextbsd-ci/manifest/overlay-nextbsd.tsv:  markers OK
2026-10-03T11:06:27.5423310Z /home/runner/work/nextbsd-ci/nextbsd-ci/manifest/overlay-nextbsd-userland.tsv:  markers OK
2026-10-03T11:06:27.5441735Z /home/runner/work/nextbsd-ci/nextbsd-ci/manifest/overlay-nextbsd-kernel.tsv:  markers OK
2026-10-03T11:06:27.5472993Z ==> harness vs mock guest (arch=amd64)
2026-10-03T11:06:27.5572022Z     plan: 93 markers
2026-10-03T11:06:27.5572991Z ==> case: ok (suite: /usr/tests/freebsd-launchd-mach/run.sh) — expect rc 0
2026-10-03T11:06:27.5603685Z ==> boot test: tests/fake.img
2026-10-03T11:06:27.5614673Z -rw-r--r-- 1 runner runner 0 Oct  3 11:06 tests/fake.img
2026-10-03T11:06:27.5692523Z ==> using KVM acceleration
2026-10-03T11:06:27.5693122Z ==> amd64: qemu-system-x86_64 -machine q35 | firmware 
2026-10-03T11:06:27.5873117Z spawn tclsh /home/runner/work/nextbsd-ci/nextbsd-ci/selftest/mock-guest.tcl
2026-10-03T11:06:27.5926066Z FreeBSD/amd64 EFI loader, Revision 3.0
2026-10-03T11:06:27.5926450Z 
2026-10-03T11:06:27.5926454Z 
2026-10-03T11:06:27.5926568Z Loading /boot/loader.conf
2026-10-03T11:06:27.5926758Z 
2026-10-03T11:06:27.5926763Z 
2026-10-03T11:06:27.5926982Z Hit [Enter] to boot immediately, or any other key for command prompt.
2026-10-03T11:06:27.5927317Z 
2026-10-03T11:06:27.5927352Z 
2026-10-03T11:06:27.5927443Z OK 
2026-10-03T11:06:27.5927656Z ==> at loader prompt
2026-10-03T11:06:28.7756931Z  set console=comconsole
2026-10-03T11:06:28.7757461Z OK set console=comconsole
2026-10-03T11:06:28.7757763Z 
2026-10-03T11:06:28.7757769Z 
2026-10-03T11:06:29.8388945Z OK set boot_serial=YES
2026-10-03T11:06:29.8389411Z OK set boot_serial=YES
2026-10-03T11:06:29.8390088Z 
2026-10-03T11:06:29.8390096Z 
2026-10-03T11:06:31.2231232Z OK set comconsole_speed=115200
2026-10-03T11:06:31.2232169Z OK set comconsole_speed=115200
2026-10-03T11:06:31.2232426Z 
2026-10-03T11:06:31.2232431Z 
2026-10-03T11:06:32.4068876Z OK set boot_multicons=YES
2026-10-03T11:06:32.4069573Z OK set boot_multicons=YES
2026-10-03T11:06:32.4069907Z 
2026-10-03T11:06:32.4069912Z 
2026-10-03T11:06:33.5100902Z OK set boot_mutemsgs=NO
2026-10-03T11:06:33.5101470Z OK set boot_mutemsgs=NO
2026-10-03T11:06:33.5101715Z 
2026-10-03T11:06:33.5101728Z 
2026-10-03T11:06:34.0915239Z OK boot -v
2026-10-03T11:06:34.0916138Z Booting [/boot/kernel/kernel]
2026-10-03T11:06:34.0916871Z 
2026-10-03T11:06:34.0916883Z 
2026-10-03T11:06:34.0917365Z ---<<BOOT>>---
2026-10-03T11:06:34.0917844Z 
2026-10-03T11:06:34.0917855Z 
2026-10-03T11:06:34.0918277Z Copyright (c) 1992-2025 The FreeBSD Project.
2026-10-03T11:06:34.0919126Z 
2026-10-03T11:06:34.0919138Z 
2026-10-03T11:06:34.0919585Z early-init: sethostname('selftest')
2026-10-03T11:06:34.0920223Z 
2026-10-03T11:06:34.0920234Z 
2026-10-03T11:06:34.0921109Z early-init: opened /dev/klog (kernel.log_open=1; console quiet)
2026-10-03T11:06:34.0921827Z 
2026-10-03T11:06:34.0921835Z 
2026-10-03T11:06:34.0922082Z NextBSD/amd64 (selftest) (console)
2026-10-03T11:06:34.0922489Z 
2026-10-03T11:06:34.0922493Z 
2026-10-03T11:06:34.0923234Z 
2026-10-03T11:06:34.0924139Z OK: BOOT-BANNER-OK — getty shows the synthesized hostname 'selftest'
2026-10-03T11:06:34.3919319Z login:
2026-10-03T11:06:34.3920021Z 
2026-10-03T11:06:34.3920357Z 
2026-10-03T11:06:34.3920969Z 
2026-10-03T11:06:34.3921330Z OK: boot reached the login prompt
2026-10-03T11:06:34.3922420Z admin
2026-10-03T11:06:34.3922992Z Password:
2026-10-03T11:06:34.3923342Z 
2026-10-03T11:06:34.3923361Z 
2026-10-03T11:06:34.3923379Z 
2026-10-03T11:06:34.3923642Z admin@selftest ~ % 
2026-10-03T11:06:34.3924205Z OK: logged in as admin
2026-10-03T11:06:34.3929504Z wrong # args: should be "set varName ?newValue?"
2026-10-03T11:06:34.3934047Z     while executing
2026-10-03T11:06:34.3934585Z "set nb_reason(ACCT-HELPERS) pending T3 audit"
2026-10-03T11:06:34.3935053Z     (file "tests/boot.exp" line 381)
2026-10-03T11:06:34.6542021Z no NEXTBSD-TEST-SUMMARY in tests/boot.log
2026-10-03T11:06:34.6545961Z ==> boot-test FAILED rc=1 (arch=amd64 suite=/usr/tests/freebsd-launchd-mach/run.sh)
2026-10-03T11:06:34.6546954Z     serial transcript: tests/boot.log
2026-10-03T11:06:34.6547914Z SELFTEST FAIL: case ok — expected rc 0, got 1
2026-10-03T11:06:34.6548953Z ==> case: fail (suite: /usr/tests/freebsd-launchd-mach/run.sh) — expect rc 1
2026-10-03T11:06:34.6583277Z ==> boot test: tests/fake.img
2026-10-03T11:06:34.6597234Z -rw-r--r-- 1 runner runner 0 Oct  3 11:06 tests/fake.img
2026-10-03T11:06:34.6673222Z ==> using KVM acceleration
2026-10-03T11:06:34.6673813Z ==> amd64: qemu-system-x86_64 -machine q35 | firmware 
2026-10-03T11:06:34.8256238Z spawn tclsh /home/runner/work/nextbsd-ci/nextbsd-ci/selftest/mock-guest.tcl
2026-10-03T11:06:34.8305240Z FreeBSD/amd64 EFI loader, Revision 3.0
2026-10-03T11:06:34.8305754Z 
2026-10-03T11:06:34.8305759Z 
2026-10-03T11:06:34.8305899Z Loading /boot/loader.conf
2026-10-03T11:06:34.8306122Z 
2026-10-03T11:06:34.8306126Z 
2026-10-03T11:06:34.8306392Z Hit [Enter] to boot immediately, or any other key for command prompt.
2026-10-03T11:06:34.8306788Z 
2026-10-03T11:06:34.8306791Z 
2026-10-03T11:06:34.8306902Z OK 
2026-10-03T11:06:34.8307158Z ==> at loader prompt
2026-10-03T11:06:36.0143067Z  set console=comconsole
2026-10-03T11:06:36.0143725Z OK set console=comconsole
2026-10-03T11:06:36.0144107Z 
2026-10-03T11:06:36.0144114Z 
2026-10-03T11:06:37.0774185Z OK set boot_serial=YES
2026-10-03T11:06:37.0774834Z OK set boot_serial=YES
2026-10-03T11:06:37.0775187Z 
2026-10-03T11:06:37.0775195Z 
2026-10-03T11:06:38.4620107Z OK set comconsole_speed=115200
2026-10-03T11:06:38.4621224Z OK set comconsole_speed=115200
2026-10-03T11:06:38.4621520Z 
2026-10-03T11:06:38.4621525Z 
2026-10-03T11:06:39.6454530Z OK set boot_multicons=YES
2026-10-03T11:06:39.6455569Z OK set boot_multicons=YES
2026-10-03T11:06:39.6455816Z 
2026-10-03T11:06:39.6455823Z 
2026-10-03T11:06:40.7487471Z OK set boot_mutemsgs=NO
2026-10-03T11:06:40.7488179Z OK set boot_mutemsgs=NO
2026-10-03T11:06:40.7488589Z 
2026-10-03T11:06:40.7488596Z 
2026-10-03T11:06:41.3305447Z OK boot -v
2026-10-03T11:06:41.3305976Z Booting [/boot/kernel/kernel]
2026-10-03T11:06:41.3306366Z 
2026-10-03T11:06:41.3306373Z 
2026-10-03T11:06:41.3306568Z ---<<BOOT>>---
2026-10-03T11:06:41.3306834Z 
2026-10-03T11:06:41.3306841Z 
2026-10-03T11:06:41.3307106Z Copyright (c) 1992-2025 The FreeBSD Project.
2026-10-03T11:06:41.3307624Z 
2026-10-03T11:06:41.3307666Z 
2026-10-03T11:06:41.3307922Z early-init: sethostname('selftest')
2026-10-03T11:06:41.3308374Z 
2026-10-03T11:06:41.3308381Z 
2026-10-03T11:06:41.3308787Z early-init: opened /dev/klog (kernel.log_open=1; console quiet)
2026-10-03T11:06:41.3309459Z 
2026-10-03T11:06:41.3309466Z 
2026-10-03T11:06:41.3309705Z NextBSD/amd64 (selftest) (console)
2026-10-03T11:06:41.3310156Z 
2026-10-03T11:06:41.3310164Z 
2026-10-03T11:06:41.3310176Z 
2026-10-03T11:06:41.3311263Z OK: BOOT-BANNER-OK — getty shows the synthesized hostname 'selftest'
2026-10-03T11:06:41.6309973Z login:
2026-10-03T11:06:41.6310301Z 
2026-10-03T11:06:41.6310308Z 
2026-10-03T11:06:41.6310330Z 
2026-10-03T11:06:41.6310849Z OK: boot reached the login prompt
2026-10-03T11:06:41.6311569Z admin
2026-10-03T11:06:41.6312038Z Password:
2026-10-03T11:06:41.6312354Z 
2026-10-03T11:06:41.6312600Z 
2026-10-03T11:06:41.6312646Z 
2026-10-03T11:06:41.6312899Z admin@selftest ~ % 
2026-10-03T11:06:41.6313446Z OK: logged in as admin
2026-10-03T11:06:41.6315800Z wrong # args: should be "set varName ?newValue?"
2026-10-03T11:06:41.6316445Z     while executing
2026-10-03T11:06:41.6317066Z "set nb_reason(ACCT-HELPERS) pending T3 audit"
2026-10-03T11:06:41.6317861Z     (file "tests/boot.exp" line 381)
2026-10-03T11:06:41.6347112Z no NEXTBSD-TEST-SUMMARY in tests/boot.log
2026-10-03T11:06:41.6348497Z ==> boot-test FAILED rc=1 (arch=amd64 suite=/usr/tests/freebsd-launchd-mach/run.sh)
2026-10-03T11:06:41.6349381Z     serial transcript: tests/boot.log
2026-10-03T11:06:41.6349929Z SELFTEST OK:   case fail (rc=1)
2026-10-03T11:06:41.6351208Z ==> case: nosummary (suite: /usr/tests/freebsd-launchd-mach/run.sh) — expect rc 2
2026-10-03T11:06:41.6380750Z ==> boot test: tests/fake.img
2026-10-03T11:06:41.6391342Z -rw-r--r-- 1 runner runner 0 Oct  3 11:06 tests/fake.img
2026-10-03T11:06:41.6467235Z ==> using KVM acceleration
2026-10-03T11:06:41.6467782Z ==> amd64: qemu-system-x86_64 -machine q35 | firmware 
2026-10-03T11:06:41.6643296Z spawn tclsh /home/runner/work/nextbsd-ci/nextbsd-ci/selftest/mock-guest.tcl
2026-10-03T11:06:41.6689301Z FreeBSD/amd64 EFI loader, Revision 3.0
2026-10-03T11:06:41.6689636Z 
2026-10-03T11:06:41.6689642Z 
2026-10-03T11:06:41.6689796Z Loading /boot/loader.conf
2026-10-03T11:06:41.6690046Z 
2026-10-03T11:06:41.6690052Z 
2026-10-03T11:06:41.6690421Z Hit [Enter] to boot immediately, or any other key for command prompt.
2026-10-03T11:06:41.6691174Z 
2026-10-03T11:06:41.6691179Z 
2026-10-03T11:06:41.6691305Z OK 
2026-10-03T11:06:41.6691603Z ==> at loader prompt
2026-10-03T11:06:42.8529972Z  set console=comconsole
2026-10-03T11:06:42.8530454Z OK set console=comconsole
2026-10-03T11:06:42.8530957Z 
2026-10-03T11:06:42.8530964Z 
2026-10-03T11:06:43.9164146Z OK set boot_serial=YES
2026-10-03T11:06:43.9164636Z OK set boot_serial=YES
2026-10-03T11:06:43.9164850Z 
2026-10-03T11:06:43.9164854Z 
2026-10-03T11:06:45.3007734Z OK set comconsole_speed=115200
2026-10-03T11:06:45.3008429Z OK set comconsole_speed=115200
2026-10-03T11:06:45.3008752Z 
2026-10-03T11:06:45.3008785Z 
2026-10-03T11:06:46.4844772Z OK set boot_multicons=YES
2026-10-03T11:06:46.4845412Z OK set boot_multicons=YES
2026-10-03T11:06:46.4845666Z 
2026-10-03T11:06:46.4845671Z 
2026-10-03T11:06:47.5880077Z OK set boot_mutemsgs=NO
2026-10-03T11:06:47.5881088Z OK set boot_mutemsgs=NO
2026-10-03T11:06:47.5881437Z 
2026-10-03T11:06:47.5881443Z 
2026-10-03T11:06:48.1699400Z OK boot -v
2026-10-03T11:06:48.1700192Z Booting [/boot/kernel/kernel]
2026-10-03T11:06:48.1701069Z 
2026-10-03T11:06:48.1701081Z 
2026-10-03T11:06:48.1701369Z ---<<BOOT>>---
2026-10-03T11:06:48.1701779Z 
2026-10-03T11:06:48.1701789Z 
2026-10-03T11:06:48.1702183Z Copyright (c) 1992-2025 The FreeBSD Project.
2026-10-03T11:06:48.1702929Z 
2026-10-03T11:06:48.1702939Z 
2026-10-03T11:06:48.1703273Z early-init: sethostname('selftest')
2026-10-03T11:06:48.1703822Z 
2026-10-03T11:06:48.1703831Z 
2026-10-03T11:06:48.1704406Z early-init: opened /dev/klog (kernel.log_open=1; console quiet)
2026-10-03T11:06:48.1705127Z 
2026-10-03T11:06:48.1705152Z 
2026-10-03T11:06:48.1705392Z NextBSD/amd64 (selftest) (console)
2026-10-03T11:06:48.1705869Z 
2026-10-03T11:06:48.1705886Z 
2026-10-03T11:06:48.1706756Z 
2026-10-03T11:06:48.1707727Z OK: BOOT-BANNER-OK — getty shows the synthesized hostname 'selftest'
2026-10-03T11:06:48.4704298Z login:
2026-10-03T11:06:48.4704913Z 
2026-10-03T11:06:48.4705093Z 
2026-10-03T11:06:48.4705201Z 
2026-10-03T11:06:48.4705538Z OK: boot reached the login prompt
2026-10-03T11:06:48.4706116Z admin
2026-10-03T11:06:48.4706496Z Password:
2026-10-03T11:06:48.4706721Z 
2026-10-03T11:06:48.4706728Z 
2026-10-03T11:06:48.4706738Z 
2026-10-03T11:06:48.4707311Z admin@selftest ~ % 
2026-10-03T11:06:48.4707845Z OK: logged in as admin
2026-10-03T11:06:48.4709130Z wrong # args: should be "set varName ?newValue?"
2026-10-03T11:06:48.4709854Z     while executing
2026-10-03T11:06:48.4710333Z "set nb_reason(ACCT-HELPERS) pending T3 audit"
2026-10-03T11:06:48.4711246Z     (file "tests/boot.exp" line 381)
2026-10-03T11:06:48.4742285Z no NEXTBSD-TEST-SUMMARY in tests/boot.log
2026-10-03T11:06:48.4743479Z ==> boot-test FAILED rc=1 (arch=amd64 suite=/usr/tests/freebsd-launchd-mach/run.sh)
2026-10-03T11:06:48.4744231Z     serial transcript: tests/boot.log
2026-10-03T11:06:48.4745306Z SELFTEST FAIL: case nosummary — expected rc 2, got 1
2026-10-03T11:06:48.4746048Z ==> case: deadend (suite: /usr/tests/freebsd-launchd-mach/run.sh) — expect rc 2
2026-10-03T11:06:48.4776161Z ==> boot test: tests/fake.img
2026-10-03T11:06:48.4786842Z -rw-r--r-- 1 runner runner 0 Oct  3 11:06 tests/fake.img
2026-10-03T11:06:48.4860310Z ==> using KVM acceleration
2026-10-03T11:06:48.4861033Z ==> amd64: qemu-system-x86_64 -machine q35 | firmware 
2026-10-03T11:06:48.5039548Z spawn tclsh /home/runner/work/nextbsd-ci/nextbsd-ci/selftest/mock-guest.tcl
2026-10-03T11:06:48.5086761Z FreeBSD/amd64 EFI loader, Revision 3.0
2026-10-03T11:06:48.5087087Z 
2026-10-03T11:06:48.5087092Z 
2026-10-03T11:06:48.5087203Z Loading /boot/loader.conf
2026-10-03T11:06:48.5087374Z 
2026-10-03T11:06:48.5087663Z 
2026-10-03T11:06:48.5087874Z Hit [Enter] to boot immediately, or any other key for command prompt.
2026-10-03T11:06:48.5088179Z 
2026-10-03T11:06:48.5088189Z 
2026-10-03T11:06:48.5088267Z OK 
2026-10-03T11:06:48.5088455Z ==> at loader prompt
2026-10-03T11:06:49.6925075Z  set console=comconsole
2026-10-03T11:06:49.6925464Z OK set console=comconsole
2026-10-03T11:06:49.6925714Z 
2026-10-03T11:06:49.6925720Z 
2026-10-03T11:06:50.7557265Z OK set boot_serial=YES
2026-10-03T11:06:50.7557956Z OK set boot_serial=YES
2026-10-03T11:06:50.7558337Z 
2026-10-03T11:06:50.7558346Z 
2026-10-03T11:06:52.1399251Z OK set comconsole_speed=115200
2026-10-03T11:06:52.1399957Z OK set comconsole_speed=115200
2026-10-03T11:06:52.1400323Z 
2026-10-03T11:06:52.1400329Z 
2026-10-03T11:06:53.3236691Z OK set boot_multicons=YES
2026-10-03T11:06:53.3237419Z OK set boot_multicons=YES
2026-10-03T11:06:53.3237702Z 
2026-10-03T11:06:53.3237710Z 
2026-10-03T11:06:54.4271441Z OK set boot_mutemsgs=NO
2026-10-03T11:06:54.4272146Z OK set boot_mutemsgs=NO
2026-10-03T11:06:54.4272452Z 
2026-10-03T11:06:54.4272458Z 
2026-10-03T11:06:55.0088492Z OK boot -v
2026-10-03T11:06:55.0089093Z Booting [/boot/kernel/kernel]
2026-10-03T11:06:55.0089569Z 
2026-10-03T11:06:55.0089577Z 
2026-10-03T11:06:55.0089801Z ---<<BOOT>>---
2026-10-03T11:06:55.0090038Z 
2026-10-03T11:06:55.0090043Z 
2026-10-03T11:06:55.0090949Z Copyright (c) 1992-2025 The FreeBSD Project.
2026-10-03T11:06:55.0091352Z 
2026-10-03T11:06:55.0091357Z 
2026-10-03T11:06:55.0091540Z early-init: sethostname('selftest')
2026-10-03T11:06:55.0091857Z 
2026-10-03T11:06:55.0091873Z 
2026-10-03T11:06:55.0092167Z early-init: opened /dev/klog (kernel.log_open=1; console quiet)
2026-10-03T11:06:55.0092622Z 
2026-10-03T11:06:55.0092626Z 
2026-10-03T11:06:55.0092764Z NextBSD/amd64 (selftest) (console)
2026-10-03T11:06:55.0093009Z 
2026-10-03T11:06:55.0093013Z 
2026-10-03T11:06:55.0093451Z 
2026-10-03T11:06:55.0094214Z OK: BOOT-BANNER-OK — getty shows the synthesized hostname 'selftest'
2026-10-03T11:06:55.3092997Z login:
2026-10-03T11:06:55.3093369Z 
2026-10-03T11:06:55.3093376Z 
2026-10-03T11:06:55.3093385Z 
2026-10-03T11:06:55.3093672Z OK: boot reached the login prompt
2026-10-03T11:06:55.3094477Z admin
2026-10-03T11:06:55.3095489Z Password:
2026-10-03T11:06:55.3095783Z 
2026-10-03T11:06:55.3095799Z 
2026-10-03T11:06:55.3096676Z 
2026-10-03T11:06:55.3097541Z admin@selftest ~ % 
2026-10-03T11:06:55.3098495Z OK: logged in as admin
2026-10-03T11:06:55.3099067Z wrong # args: should be "set varName ?newValue?"
2026-10-03T11:06:55.3099739Z     while executing
2026-10-03T11:06:55.3100279Z "set nb_reason(ACCT-HELPERS) pending T3 audit"
2026-10-03T11:06:55.3101197Z     (file "tests/boot.exp" line 381)
2026-10-03T11:06:55.3131909Z no NEXTBSD-TEST-SUMMARY in tests/boot.log
2026-10-03T11:06:55.3133188Z ==> boot-test FAILED rc=1 (arch=amd64 suite=/usr/tests/freebsd-launchd-mach/run.sh)
2026-10-03T11:06:55.3134048Z     serial transcript: tests/boot.log
2026-10-03T11:06:55.3135111Z SELFTEST FAIL: case deadend — expected rc 2, got 1
2026-10-03T11:06:55.3135979Z ==> case: reboot (suite: /usr/tests/freebsd-launchd-mach/run.sh) — expect rc 1
2026-10-03T11:06:55.3166038Z ==> boot test: tests/fake.img
2026-10-03T11:06:55.3177008Z -rw-r--r-- 1 runner runner 0 Oct  3 11:06 tests/fake.img
2026-10-03T11:06:55.3251363Z ==> using KVM acceleration
2026-10-03T11:06:55.3251967Z ==> amd64: qemu-system-x86_64 -machine q35 | firmware 
2026-10-03T11:06:55.3428024Z spawn tclsh /home/runner/work/nextbsd-ci/nextbsd-ci/selftest/mock-guest.tcl
2026-10-03T11:06:55.3478031Z FreeBSD/amd64 EFI loader, Revision 3.0
2026-10-03T11:06:55.3478386Z 
2026-10-03T11:06:55.3478392Z 
2026-10-03T11:06:55.3478556Z Loading /boot/loader.conf
2026-10-03T11:06:55.3478819Z 
2026-10-03T11:06:55.3478824Z 
2026-10-03T11:06:55.3479146Z Hit [Enter] to boot immediately, or any other key for command prompt.
2026-10-03T11:06:55.3479614Z 
2026-10-03T11:06:55.3479619Z 
2026-10-03T11:06:55.3479746Z OK 
2026-10-03T11:06:55.3480043Z ==> at loader prompt
2026-10-03T11:06:56.5312389Z  set console=comconsole
2026-10-03T11:06:56.5313185Z OK set console=comconsole
2026-10-03T11:06:56.5313438Z 
2026-10-03T11:06:56.5313444Z 
2026-10-03T11:06:57.5943469Z OK set boot_serial=YES
2026-10-03T11:06:57.5944158Z OK set boot_serial=YES
2026-10-03T11:06:57.5944554Z 
2026-10-03T11:06:57.5944561Z 
2026-10-03T11:06:58.9787863Z OK set comconsole_speed=115200
2026-10-03T11:06:58.9788751Z OK set comconsole_speed=115200
2026-10-03T11:06:58.9789149Z 
2026-10-03T11:06:58.9789155Z 
2026-10-03T11:07:00.1624087Z OK set boot_multicons=YES
2026-10-03T11:07:00.1624823Z OK set boot_multicons=YES
2026-10-03T11:07:00.1625260Z 
2026-10-03T11:07:00.1625267Z 
2026-10-03T11:07:01.2657222Z OK set boot_mutemsgs=NO
2026-10-03T11:07:01.2657913Z OK set boot_mutemsgs=NO
2026-10-03T11:07:01.2658245Z 
2026-10-03T11:07:01.2658266Z 
2026-10-03T11:07:01.8475137Z OK boot -v
2026-10-03T11:07:01.8475746Z Booting [/boot/kernel/kernel]
2026-10-03T11:07:01.8476228Z 
2026-10-03T11:07:01.8476235Z 
2026-10-03T11:07:01.8476467Z ---<<BOOT>>---
2026-10-03T11:07:01.8476731Z 
2026-10-03T11:07:01.8476735Z 
2026-10-03T11:07:01.8476947Z Copyright (c) 1992-2025 The FreeBSD Project.
2026-10-03T11:07:01.8477319Z 
2026-10-03T11:07:01.8477323Z 
2026-10-03T11:07:01.8477509Z early-init: sethostname('selftest')
2026-10-03T11:07:01.8477823Z 
2026-10-03T11:07:01.8477836Z 
2026-10-03T11:07:01.8478493Z early-init: opened /dev/klog (kernel.log_open=1; console quiet)
2026-10-03T11:07:01.8478972Z 
2026-10-03T11:07:01.8478976Z 
2026-10-03T11:07:01.8479142Z NextBSD/amd64 (selftest) (console)
2026-10-03T11:07:01.8479452Z 
2026-10-03T11:07:01.8479457Z 
2026-10-03T11:07:01.8480191Z 
2026-10-03T11:07:01.8481167Z OK: BOOT-BANNER-OK — getty shows the synthesized hostname 'selftest'
2026-10-03T11:07:02.1489278Z login:
2026-10-03T11:07:02.1489599Z 
2026-10-03T11:07:02.1489606Z 
2026-10-03T11:07:02.1489614Z 
2026-10-03T11:07:02.1489838Z OK: boot reached the login prompt
2026-10-03T11:07:02.1490429Z admin
2026-10-03T11:07:02.1491117Z Password:
2026-10-03T11:07:02.1491376Z 
2026-10-03T11:07:02.1491426Z 
2026-10-03T11:07:02.1491440Z 
2026-10-03T11:07:02.1492319Z admin@selftest ~ % 
2026-10-03T11:07:02.1492799Z OK: logged in as admin
2026-10-03T11:07:02.1493686Z wrong # args: should be "set varName ?newValue?"
2026-10-03T11:07:02.1494353Z     while executing
2026-10-03T11:07:02.1495085Z "set nb_reason(ACCT-HELPERS) pending T3 audit"
2026-10-03T11:07:02.1495934Z     (file "tests/boot.exp" line 381)
2026-10-03T11:07:02.1526015Z no NEXTBSD-TEST-SUMMARY in tests/boot.log
2026-10-03T11:07:02.1527454Z ==> boot-test FAILED rc=1 (arch=amd64 suite=/usr/tests/freebsd-launchd-mach/run.sh)
2026-10-03T11:07:02.1528176Z     serial transcript: tests/boot.log
2026-10-03T11:07:02.1547282Z SELFTEST OK:   case reboot (rc=1)
2026-10-03T11:07:02.1548544Z ==> case: two-suite (suite: /usr/tests/freebsd-launchd-mach/run.sh /usr/tests/nextbsd-iokit/run.sh) — expect rc 0
2026-10-03T11:07:02.1562509Z ==> boot test: tests/fake.img
2026-10-03T11:07:02.1572966Z -rw-r--r-- 1 runner runner 0 Oct  3 11:06 tests/fake.img
2026-10-03T11:07:02.1647185Z ==> using KVM acceleration
2026-10-03T11:07:02.1647762Z ==> amd64: qemu-system-x86_64 -machine q35 | firmware 
2026-10-03T11:07:02.1824990Z spawn tclsh /home/runner/work/nextbsd-ci/nextbsd-ci/selftest/mock-guest.tcl
2026-10-03T11:07:02.1870507Z FreeBSD/amd64 EFI loader, Revision 3.0
2026-10-03T11:07:02.1870891Z 
2026-10-03T11:07:02.1870897Z 
2026-10-03T11:07:02.1871301Z Loading /boot/loader.conf
2026-10-03T11:07:02.1871606Z 
2026-10-03T11:07:02.1871613Z 
2026-10-03T11:07:02.1871938Z Hit [Enter] to boot immediately, or any other key for command prompt.
2026-10-03T11:07:02.1872404Z 
2026-10-03T11:07:02.1872409Z 
2026-10-03T11:07:02.1872546Z OK  
2026-10-03T11:07:02.1872826Z ==> at loader prompt
2026-10-03T11:07:03.3705046Z set console=comconsole
2026-10-03T11:07:03.3705615Z OK set console=comconsole
2026-10-03T11:07:03.3705929Z 
2026-10-03T11:07:03.3705935Z 
2026-10-03T11:07:04.4334859Z OK set boot_serial=YES
2026-10-03T11:07:04.4335498Z OK set boot_serial=YES
2026-10-03T11:07:04.4335751Z 
2026-10-03T11:07:04.4336125Z 
2026-10-03T11:07:05.8176046Z OK set comconsole_speed=115200
2026-10-03T11:07:05.8176690Z OK set comconsole_speed=115200
2026-10-03T11:07:05.8177185Z 
2026-10-03T11:07:05.8177191Z 
2026-10-03T11:07:07.0008987Z OK set boot_multicons=YES
2026-10-03T11:07:07.0009712Z OK set boot_multicons=YES
2026-10-03T11:07:07.0010128Z 
2026-10-03T11:07:07.0010171Z 
2026-10-03T11:07:08.1041613Z OK set boot_mutemsgs=NO
2026-10-03T11:07:08.1042272Z OK set boot_mutemsgs=NO
2026-10-03T11:07:08.1042548Z 
2026-10-03T11:07:08.1042553Z 
2026-10-03T11:07:08.6859747Z OK boot -v
2026-10-03T11:07:08.6860376Z Booting [/boot/kernel/kernel]
2026-10-03T11:07:08.6861100Z 
2026-10-03T11:07:08.6861106Z 
2026-10-03T11:07:08.6861246Z ---<<BOOT>>---
2026-10-03T11:07:08.6861464Z 
2026-10-03T11:07:08.6861469Z 
2026-10-03T11:07:08.6861671Z Copyright (c) 1992-2025 The FreeBSD Project.
2026-10-03T11:07:08.6862036Z 
2026-10-03T11:07:08.6862041Z 
2026-10-03T11:07:08.6862220Z early-init: sethostname('selftest')
2026-10-03T11:07:08.6862562Z 
2026-10-03T11:07:08.6862567Z 
2026-10-03T11:07:08.6862866Z early-init: opened /dev/klog (kernel.log_open=1; console quiet)
2026-10-03T11:07:08.6863339Z 
2026-10-03T11:07:08.6863343Z 
2026-10-03T11:07:08.6863509Z NextBSD/amd64 (selftest) (console)
2026-10-03T11:07:08.6863812Z 
2026-10-03T11:07:08.6863816Z 
2026-10-03T11:07:08.6865106Z 
2026-10-03T11:07:08.6866520Z OK: BOOT-BANNER-OK — getty shows the synthesized hostname 'selftest'
2026-10-03T11:07:08.9865480Z login:
2026-10-03T11:07:08.9865879Z 
2026-10-03T11:07:08.9865889Z 
2026-10-03T11:07:08.9865903Z 
2026-10-03T11:07:08.9866210Z OK: boot reached the login prompt
2026-10-03T11:07:08.9868880Z admin
2026-10-03T11:07:08.9869299Z Password:
2026-10-03T11:07:08.9869529Z 
2026-10-03T11:07:08.9869535Z 
2026-10-03T11:07:08.9869544Z 
2026-10-03T11:07:08.9869869Z admin@selftest ~ % 
2026-10-03T11:07:08.9870925Z OK: logged in as admin
2026-10-03T11:07:08.9871963Z wrong # args: should be "set varName ?newValue?"
2026-10-03T11:07:08.9872839Z     while executing
2026-10-03T11:07:08.9873607Z "set nb_reason(ACCT-HELPERS) pending T3 audit"
2026-10-03T11:07:08.9874320Z     (file "tests/boot.exp" line 381)
2026-10-03T11:07:08.9904639Z no NEXTBSD-TEST-SUMMARY in tests/boot.log
2026-10-03T11:07:08.9906375Z ==> boot-test FAILED rc=1 (arch=amd64 suite=/usr/tests/freebsd-launchd-mach/run.sh /usr/tests/nextbsd-iokit/run.sh)
2026-10-03T11:07:08.9907159Z     serial transcript: tests/boot.log
2026-10-03T11:07:08.9908043Z SELFTEST FAIL: case two-suite — expected rc 0, got 1
2026-10-03T11:07:08.9908675Z ==> SELFTEST FAILED
2026-10-03T11:07:08.9924871Z ##[error]Process completed with exit code 1.
2026-10-03T11:07:09.0062757Z Post job cleanup.
2026-10-03T11:07:09.0959599Z [command]/usr/bin/git version
2026-10-03T11:07:09.1006868Z git version 2.55.0
2026-10-03T11:07:09.1049136Z Temporarily overriding HOME='/home/runner/work/_temp/6d5667e9-a3d2-4a29-883f-f511f08a9d9f' before making global git config changes
2026-10-03T11:07:09.1050465Z Adding repository directory to the temporary git global config as a safe directory
2026-10-03T11:07:09.1056340Z [command]/usr/bin/git config --global --add safe.directory /home/runner/work/nextbsd-ci/nextbsd-ci
2026-10-03T11:07:09.1102445Z [command]/usr/bin/git config --local --name-only --get-regexp core\.sshCommand
2026-10-03T11:07:09.1153256Z [command]/usr/bin/git submodule foreach --recursive sh -c "git config --local --name-only --get-regexp 'core\.sshCommand' && git config --local --unset-all 'core.sshCommand' || :"
2026-10-03T11:07:09.1415355Z [command]/usr/bin/git config --local --name-only --get-regexp http\.https\:\/\/github\.com\/\.extraheader
2026-10-03T11:07:09.1452043Z http.https://github.com/.extraheader
2026-10-03T11:07:09.1468869Z [command]/usr/bin/git config --local --unset-all http.https://github.com/.extraheader
2026-10-03T11:07:09.1500028Z [command]/usr/bin/git submodule foreach --recursive sh -c "git config --local --name-only --get-regexp 'http\.https\:\/\/github\.com\/\.extraheader' && git config --local --unset-all 'http.https://github.com/.extraheader' || :"
2026-10-03T11:07:09.1781726Z [command]/usr/bin/git config --local --name-only --get-regexp ^includeIf\.gitdir:
2026-10-03T11:07:09.1825354Z [command]/usr/bin/git submodule foreach --recursive git config --local --show-origin --name-only --get-regexp remote.origin.url
2026-10-03T11:07:09.2251448Z Cleaning up orphan processes
2026-10-03T11:07:09.2555684Z ##[warning]Node.js 20 is deprecated. The following actions target Node.js 20 but are being forced to run on Node.js 24: actions/checkout@v4. For more information see: https://github.blog/changelog/2025-09-19-deprecation-of-node-20-on-github-actions-runners/
