2026-10-03T06:51:29.9884866Z Current runner version: '2.337.0'
2026-10-03T06:51:29.9912866Z ##[group]Runner Image Provisioner
2026-10-03T06:51:29.9914172Z Hosted Compute Agent
2026-10-03T06:51:29.9914880Z Version: 20260901.588
2026-10-03T06:51:29.9915550Z Commit: f88ec8081b781fac6c440065ac7ff9e710ce3d0b
2026-10-03T06:51:29.9916367Z Build Date: 2026-09-01T19:56:44Z
2026-10-03T06:51:29.9917103Z Worker ID: {b33437d2-043d-4948-a5c3-90556c8be940}
2026-10-03T06:51:29.9917942Z Azure Region: northcentralus
2026-10-03T06:51:29.9918650Z ##[endgroup]
2026-10-03T06:51:29.9920096Z ##[group]Operating System
2026-10-03T06:51:29.9920837Z Ubuntu
2026-10-03T06:51:29.9921404Z 24.04.5
2026-10-03T06:51:29.9921937Z LTS
2026-10-03T06:51:29.9922606Z ##[endgroup]
2026-10-03T06:51:29.9923202Z ##[group]Runner Image
2026-10-03T06:51:29.9924061Z Image: ubuntu-24.04
2026-10-03T06:51:29.9924689Z Version: 20260927.320.1
2026-10-03T06:51:29.9926065Z Included Software: https://github.com/actions/runner-images/blob/ubuntu24/20260927.320/images/ubuntu/Ubuntu2404-Readme.md
2026-10-03T06:51:29.9927675Z Image Release: https://github.com/actions/runner-images/releases/tag/ubuntu24%2F20260927.320
2026-10-03T06:51:29.9928716Z ##[endgroup]
2026-10-03T06:51:29.9929998Z ##[group]GITHUB_TOKEN Permissions
2026-10-03T06:51:29.9932206Z Contents: read
2026-10-03T06:51:29.9932847Z Metadata: read
2026-10-03T06:51:29.9933424Z Packages: read
2026-10-03T06:51:29.9934345Z ##[endgroup]
2026-10-03T06:51:29.9936635Z Secret source: Actions
2026-10-03T06:51:29.9937813Z Cache mode: write
2026-10-03T06:51:29.9938540Z Prepare workflow directory
2026-10-03T06:51:30.0289134Z Prepare all required actions
2026-10-03T06:51:30.0339260Z Getting action download info
2026-10-03T06:51:30.2729963Z Download action repository 'actions/checkout@v4' (SHA:11d5960a326750d5838078e36cf38b85af677262)
2026-10-03T06:51:30.4782575Z Complete job name: selftest (amd64, ubuntu-24.04)
2026-10-03T06:51:30.5579665Z ##[group]Run actions/checkout@v4
2026-10-03T06:51:30.5580678Z with:
2026-10-03T06:51:30.5581264Z   repository: nextbsd/nextbsd-ci
2026-10-03T06:51:30.5585915Z   token: ***
2026-10-03T06:51:30.5586485Z   ssh-strict: true
2026-10-03T06:51:30.5587136Z   ssh-user: git
2026-10-03T06:51:30.5587733Z   persist-credentials: true
2026-10-03T06:51:30.5588357Z   clean: true
2026-10-03T06:51:30.5589035Z   sparse-checkout-cone-mode: true
2026-10-03T06:51:30.5589689Z   fetch-depth: 1
2026-10-03T06:51:30.5590228Z   fetch-tags: false
2026-10-03T06:51:30.5590864Z   show-progress: true
2026-10-03T06:51:30.5591437Z   lfs: false
2026-10-03T06:51:30.5592036Z   submodules: false
2026-10-03T06:51:30.5592636Z   set-safe-directory: true
2026-10-03T06:51:30.5593334Z   allow-unsafe-pr-checkout: false
2026-10-03T06:51:30.5594492Z ##[endgroup]
2026-10-03T06:51:30.6646407Z Syncing repository: nextbsd/nextbsd-ci
2026-10-03T06:51:30.6648411Z ##[group]Getting Git version info
2026-10-03T06:51:30.6649260Z Working directory is '/home/runner/work/nextbsd-ci/nextbsd-ci'
2026-10-03T06:51:30.6650361Z [command]/usr/bin/git version
2026-10-03T06:51:30.6692298Z git version 2.55.0
2026-10-03T06:51:30.6712302Z ##[endgroup]
2026-10-03T06:51:30.6728702Z Temporarily overriding HOME='/home/runner/work/_temp/a01d6640-9ef7-4a35-8626-a9e4e5e08009' before making global git config changes
2026-10-03T06:51:30.6731465Z Adding repository directory to the temporary git global config as a safe directory
2026-10-03T06:51:30.6734571Z [command]/usr/bin/git config --global --add safe.directory /home/runner/work/nextbsd-ci/nextbsd-ci
2026-10-03T06:51:30.6788644Z Deleting the contents of '/home/runner/work/nextbsd-ci/nextbsd-ci'
2026-10-03T06:51:30.6794404Z ##[group]Initializing the repository
2026-10-03T06:51:30.6799589Z [command]/usr/bin/git init /home/runner/work/nextbsd-ci/nextbsd-ci
2026-10-03T06:51:30.6888201Z hint: Using 'master' as the name for the initial branch. This default branch name
2026-10-03T06:51:30.6892509Z hint: will change to "main" in Git 3.0. To configure the initial branch name
2026-10-03T06:51:30.6894228Z hint: to use in all of your new repositories, which will suppress this warning,
2026-10-03T06:51:30.6895742Z hint: call:
2026-10-03T06:51:30.6896776Z hint:
2026-10-03T06:51:30.6897598Z hint: 	git config --global init.defaultBranch <name>
2026-10-03T06:51:30.6898610Z hint:
2026-10-03T06:51:30.6899540Z hint: Names commonly chosen instead of 'master' are 'main', 'trunk' and
2026-10-03T06:51:30.6901043Z hint: 'development'. The just-created branch can be renamed via this command:
2026-10-03T06:51:30.6902643Z hint:
2026-10-03T06:51:30.6903623Z hint: 	git branch -m <name>
2026-10-03T06:51:30.6904753Z hint:
2026-10-03T06:51:30.6906088Z hint: Disable this message with "git config set advice.defaultBranchName false"
2026-10-03T06:51:30.6907838Z Initialized empty Git repository in /home/runner/work/nextbsd-ci/nextbsd-ci/.git/
2026-10-03T06:51:30.6912338Z [command]/usr/bin/git remote add origin https://github.com/nextbsd/nextbsd-ci
2026-10-03T06:51:30.6959699Z ##[endgroup]
2026-10-03T06:51:30.6961095Z ##[group]Disabling automatic garbage collection
2026-10-03T06:51:30.6964749Z [command]/usr/bin/git config --local gc.auto 0
2026-10-03T06:51:30.6999397Z ##[endgroup]
2026-10-03T06:51:30.7000598Z ##[group]Setting up auth
2026-10-03T06:51:30.7006490Z [command]/usr/bin/git config --local --name-only --get-regexp core\.sshCommand
2026-10-03T06:51:30.7043605Z [command]/usr/bin/git submodule foreach --recursive sh -c "git config --local --name-only --get-regexp 'core\.sshCommand' && git config --local --unset-all 'core.sshCommand' || :"
2026-10-03T06:51:30.7384893Z [command]/usr/bin/git config --local --name-only --get-regexp http\.https\:\/\/github\.com\/\.extraheader
2026-10-03T06:51:30.7429562Z [command]/usr/bin/git submodule foreach --recursive sh -c "git config --local --name-only --get-regexp 'http\.https\:\/\/github\.com\/\.extraheader' && git config --local --unset-all 'http.https://github.com/.extraheader' || :"
2026-10-03T06:51:30.7695580Z [command]/usr/bin/git config --local --name-only --get-regexp ^includeIf\.gitdir:
2026-10-03T06:51:30.7734302Z [command]/usr/bin/git submodule foreach --recursive git config --local --show-origin --name-only --get-regexp remote.origin.url
2026-10-03T06:51:30.7982909Z [command]/usr/bin/git config --local http.https://github.com/.extraheader AUTHORIZATION: basic ***
2026-10-03T06:51:30.8027445Z ##[endgroup]
2026-10-03T06:51:30.8028314Z ##[group]Fetching the repository
2026-10-03T06:51:30.8037196Z [command]/usr/bin/git -c protocol.version=2 fetch --no-tags --prune --no-recurse-submodules --depth=1 origin +c7eb9489fdec8a520ac6223dd5b6b30ce1c1a4eb:refs/remotes/pull/9/merge
2026-10-03T06:51:31.0555865Z From https://github.com/nextbsd/nextbsd-ci
2026-10-03T06:51:31.0557260Z  * [new ref]         c7eb9489fdec8a520ac6223dd5b6b30ce1c1a4eb -> pull/9/merge
2026-10-03T06:51:31.0560881Z ##[endgroup]
2026-10-03T06:51:31.0561915Z ##[group]Determining the checkout info
2026-10-03T06:51:31.0563348Z ##[endgroup]
2026-10-03T06:51:31.0569299Z [command]/usr/bin/git sparse-checkout disable
2026-10-03T06:51:31.0625336Z [command]/usr/bin/git config --local --unset-all extensions.worktreeConfig
2026-10-03T06:51:31.0701192Z ##[group]Checking out the ref
2026-10-03T06:51:31.0705186Z [command]/usr/bin/git checkout --progress --force refs/remotes/pull/9/merge
2026-10-03T06:51:31.0773556Z Note: switching to 'refs/remotes/pull/9/merge'.
2026-10-03T06:51:31.0774606Z 
2026-10-03T06:51:31.0775308Z You are in 'detached HEAD' state. You can look around, make experimental
2026-10-03T06:51:31.0776993Z changes and commit them, and you can discard any commits you make in this
2026-10-03T06:51:31.0778654Z state without impacting any branches by switching back to a branch.
2026-10-03T06:51:31.0779647Z 
2026-10-03T06:51:31.0780301Z If you want to create a new branch to retain commits you create, you may
2026-10-03T06:51:31.0781667Z do so (now or later) by using -c with the switch command. Example:
2026-10-03T06:51:31.0782302Z 
2026-10-03T06:51:31.0782606Z   git switch -c <new-branch-name>
2026-10-03T06:51:31.0783042Z 
2026-10-03T06:51:31.0783297Z Or undo this operation with:
2026-10-03T06:51:31.0784433Z 
2026-10-03T06:51:31.0784775Z   git switch -
2026-10-03T06:51:31.0785282Z 
2026-10-03T06:51:31.0785802Z Turn off this advice by setting config variable advice.detachedHead to false
2026-10-03T06:51:31.0786462Z 
2026-10-03T06:51:31.0787171Z HEAD is now at c7eb948 Merge dc5d0f3d5eeab6c3e50418ba8b38e685b88a4411 into bae13410f0ff570b952d51053ed0c462272008b7
2026-10-03T06:51:31.0789775Z ##[endgroup]
2026-10-03T06:51:31.0830062Z [command]/usr/bin/git log -1 --format=%H
2026-10-03T06:51:31.0859653Z c7eb9489fdec8a520ac6223dd5b6b30ce1c1a4eb
2026-10-03T06:51:31.1125761Z ##[group]Run sudo apt-get update && sudo apt-get install -y expect shellcheck
2026-10-03T06:51:31.1127600Z [36;1msudo apt-get update && sudo apt-get install -y expect shellcheck[0m
2026-10-03T06:51:31.1381205Z shell: /usr/bin/bash -e {0}
2026-10-03T06:51:31.1381868Z ##[endgroup]
2026-10-03T06:51:31.2324675Z Get:1 file:/etc/apt/apt-mirrors.txt Mirrorlist [144 B]
2026-10-03T06:51:31.2651116Z Hit:2 http://azure.archive.ubuntu.com/ubuntu noble InRelease
2026-10-03T06:51:31.2695678Z Get:3 http://azure.archive.ubuntu.com/ubuntu noble-updates InRelease [126 kB]
2026-10-03T06:51:31.2725553Z Get:4 http://azure.archive.ubuntu.com/ubuntu noble-backports InRelease [126 kB]
2026-10-03T06:51:31.2765771Z Get:5 http://azure.archive.ubuntu.com/ubuntu noble-security InRelease [126 kB]
2026-10-03T06:51:31.2876487Z Get:6 https://packages.microsoft.com/ubuntu/24.04/prod noble InRelease [3600 B]
2026-10-03T06:51:31.4111033Z Get:7 http://azure.archive.ubuntu.com/ubuntu noble-updates/main amd64 Packages [1364 kB]
2026-10-03T06:51:31.4279587Z Get:8 http://azure.archive.ubuntu.com/ubuntu noble-updates/main Translation-en [304 kB]
2026-10-03T06:51:31.4287389Z Get:9 http://azure.archive.ubuntu.com/ubuntu noble-updates/main amd64 Components [180 kB]
2026-10-03T06:51:31.4315153Z Get:10 http://azure.archive.ubuntu.com/ubuntu noble-updates/universe amd64 Packages [1699 kB]
2026-10-03T06:51:31.4419838Z Get:11 http://azure.archive.ubuntu.com/ubuntu noble-updates/universe Translation-en [341 kB]
2026-10-03T06:51:31.4450903Z Get:12 http://azure.archive.ubuntu.com/ubuntu noble-updates/universe amd64 Components [388 kB]
2026-10-03T06:51:31.4482453Z Get:13 http://azure.archive.ubuntu.com/ubuntu noble-updates/restricted amd64 Packages [1720 kB]
2026-10-03T06:51:31.4582001Z Get:14 http://azure.archive.ubuntu.com/ubuntu noble-updates/restricted Translation-en [394 kB]
2026-10-03T06:51:31.4612102Z Get:15 http://azure.archive.ubuntu.com/ubuntu noble-updates/multiverse amd64 Components [940 B]
2026-10-03T06:51:31.4675706Z Get:16 http://azure.archive.ubuntu.com/ubuntu noble-backports/main amd64 Components [5764 B]
2026-10-03T06:51:31.5167047Z Get:17 http://azure.archive.ubuntu.com/ubuntu noble-backports/universe amd64 Components [12.6 kB]
2026-10-03T06:51:31.5266524Z Get:18 http://azure.archive.ubuntu.com/ubuntu noble-security/main amd64 Packages [1069 kB]
2026-10-03T06:51:31.5336737Z Get:19 http://azure.archive.ubuntu.com/ubuntu noble-security/main Translation-en [221 kB]
2026-10-03T06:51:31.5359109Z Get:20 http://azure.archive.ubuntu.com/ubuntu noble-security/main amd64 Components [46.3 kB]
2026-10-03T06:51:31.5377362Z Get:21 http://azure.archive.ubuntu.com/ubuntu noble-security/universe amd64 Packages [1216 kB]
2026-10-03T06:51:31.5452133Z Get:22 http://azure.archive.ubuntu.com/ubuntu noble-security/universe Translation-en [244 kB]
2026-10-03T06:51:31.5476438Z Get:23 http://azure.archive.ubuntu.com/ubuntu noble-security/universe amd64 Components [76.3 kB]
2026-10-03T06:51:31.5501083Z Get:24 http://azure.archive.ubuntu.com/ubuntu noble-security/restricted amd64 Packages [1566 kB]
2026-10-03T06:51:31.5589489Z Get:25 http://azure.archive.ubuntu.com/ubuntu noble-security/restricted Translation-en [361 kB]
2026-10-03T06:51:31.5777649Z Get:26 https://packages.microsoft.com/ubuntu/24.04/prod noble/main armhf Packages [12.6 kB]
2026-10-03T06:51:31.5809690Z Get:27 https://packages.microsoft.com/ubuntu/24.04/prod noble/main arm64 Packages [458 kB]
2026-10-03T06:51:31.5875760Z Get:28 https://packages.microsoft.com/ubuntu/24.04/prod noble/main amd64 Packages [511 kB]
2026-10-03T06:51:36.1580165Z Fetched 12.6 MB in 1s (8685 kB/s)
2026-10-03T06:51:37.0070233Z Reading package lists...
2026-10-03T06:51:37.0397186Z Reading package lists...
2026-10-03T06:51:37.2512171Z Building dependency tree...
2026-10-03T06:51:37.2519300Z Reading state information...
2026-10-03T06:51:37.4400387Z shellcheck is already the newest version (0.9.0-1).
2026-10-03T06:51:37.4401289Z The following NEW packages will be installed:
2026-10-03T06:51:37.4408317Z   expect tcl-expect
2026-10-03T06:51:37.4594952Z 0 upgraded, 2 newly installed, 0 to remove and 25 not upgraded.
2026-10-03T06:51:37.4595724Z Need to get 247 kB of archives.
2026-10-03T06:51:37.4596422Z After this operation, 538 kB of additional disk space will be used.
2026-10-03T06:51:37.4597179Z Get:1 file:/etc/apt/apt-mirrors.txt Mirrorlist [144 B]
2026-10-03T06:51:37.5040601Z Get:2 http://azure.archive.ubuntu.com/ubuntu noble/universe amd64 tcl-expect amd64 5.45.4-3 [110 kB]
2026-10-03T06:51:37.5333313Z Get:3 http://azure.archive.ubuntu.com/ubuntu noble/universe amd64 expect amd64 5.45.4-3 [137 kB]
2026-10-03T06:51:37.8760094Z Fetched 247 kB in 0s (2773 kB/s)
2026-10-03T06:51:37.9825576Z Selecting previously unselected package tcl-expect:amd64.
2026-10-03T06:51:38.0042695Z (Reading database ... 
2026-10-03T06:51:38.0043056Z (Reading database ... 5%
2026-10-03T06:51:38.0043381Z (Reading database ... 10%
2026-10-03T06:51:38.0043626Z (Reading database ... 15%
2026-10-03T06:51:38.0044028Z (Reading database ... 20%
2026-10-03T06:51:38.0044479Z (Reading database ... 25%
2026-10-03T06:51:38.0044737Z (Reading database ... 30%
2026-10-03T06:51:38.0044963Z (Reading database ... 35%
2026-10-03T06:51:38.0045282Z (Reading database ... 40%
2026-10-03T06:51:38.0045815Z (Reading database ... 45%
2026-10-03T06:51:38.0046173Z (Reading database ... 50%
2026-10-03T06:51:38.0086822Z (Reading database ... 55%
2026-10-03T06:51:38.1154413Z (Reading database ... 60%
2026-10-03T06:51:38.3226496Z (Reading database ... 65%
2026-10-03T06:51:38.5120859Z (Reading database ... 70%
2026-10-03T06:51:38.7163119Z (Reading database ... 75%
2026-10-03T06:51:38.8723036Z (Reading database ... 80%
2026-10-03T06:51:39.0208128Z (Reading database ... 85%
2026-10-03T06:51:39.2260744Z (Reading database ... 90%
2026-10-03T06:51:39.3749143Z (Reading database ... 95%
2026-10-03T06:51:39.3749495Z (Reading database ... 100%
2026-10-03T06:51:39.3749865Z (Reading database ... 202296 files and directories currently installed.)
2026-10-03T06:51:39.3796691Z Preparing to unpack .../tcl-expect_5.45.4-3_amd64.deb ...
2026-10-03T06:51:39.3833420Z Unpacking tcl-expect:amd64 (5.45.4-3) ...
2026-10-03T06:51:39.4090572Z Selecting previously unselected package expect.
2026-10-03T06:51:39.4220737Z Preparing to unpack .../expect_5.45.4-3_amd64.deb ...
2026-10-03T06:51:39.4227620Z Unpacking expect (5.45.4-3) ...
2026-10-03T06:51:39.4743619Z Setting up tcl-expect:amd64 (5.45.4-3) ...
2026-10-03T06:51:39.4762470Z Setting up expect (5.45.4-3) ...
2026-10-03T06:51:39.4780052Z Processing triggers for man-db (2.12.0-4build2) ...
2026-10-03T06:51:39.4799442Z Not building database; man-db/auto-update is not 'true'.
2026-10-03T06:51:39.4809915Z Processing triggers for libc-bin (2.39-0ubuntu8.9) ...
2026-10-03T06:51:40.1070444Z 
2026-10-03T06:51:40.1071005Z Running kernel seems to be up-to-date.
2026-10-03T06:51:40.1071273Z 
2026-10-03T06:51:40.1071386Z No services need to be restarted.
2026-10-03T06:51:40.1071628Z 
2026-10-03T06:51:40.1071770Z No containers need to be restarted.
2026-10-03T06:51:40.1072083Z 
2026-10-03T06:51:40.1072269Z No user sessions are running outdated binaries.
2026-10-03T06:51:40.1072574Z 
2026-10-03T06:51:40.1072882Z No VM guests are running outdated hypervisor (qemu) binaries on this host.
2026-10-03T06:51:41.4766639Z ##[group]Run fail=0
2026-10-03T06:51:41.4766910Z [36;1mfail=0[0m
2026-10-03T06:51:41.4767241Z [36;1mfor f in $(find harness manifest selftest -name '*.sh' -type f); do[0m
2026-10-03T06:51:41.4767686Z [36;1m  sh -n "$f" || { echo "sh -n failed: $f"; fail=1; }[0m
2026-10-03T06:51:41.4768195Z [36;1mdone[0m
2026-10-03T06:51:41.4768401Z [36;1mexit $fail[0m
2026-10-03T06:51:41.4841632Z shell: /usr/bin/bash -e {0}
2026-10-03T06:51:41.4841907Z ##[endgroup]
2026-10-03T06:51:41.5629406Z ##[group]Run find harness manifest selftest -name '*.sh' -type f -print0 | xargs -0 -r shellcheck -x
2026-10-03T06:51:41.5630151Z [36;1mfind harness manifest selftest -name '*.sh' -type f -print0 | xargs -0 -r shellcheck -x[0m
2026-10-03T06:51:41.5703199Z shell: /usr/bin/bash -e {0}
2026-10-03T06:51:41.5703471Z ##[endgroup]
2026-10-03T06:51:42.1199600Z ##[group]Run sh manifest/validate.sh \
2026-10-03T06:51:42.1199968Z [36;1msh manifest/validate.sh \[0m
2026-10-03T06:51:42.1200262Z [36;1m  manifest/markers.tsv \[0m
2026-10-03T06:51:42.1200556Z [36;1m  manifest/overlay-nextbsd.tsv \[0m
2026-10-03T06:51:42.1200900Z [36;1m  manifest/overlay-nextbsd-userland.tsv \[0m
2026-10-03T06:51:42.1201269Z [36;1m  manifest/overlay-nextbsd-kernel.tsv[0m
2026-10-03T06:51:42.1270761Z shell: /usr/bin/bash -e {0}
2026-10-03T06:51:42.1271056Z ##[endgroup]
2026-10-03T06:51:42.1403592Z manifest/markers.tsv: 93 markers OK
2026-10-03T06:51:42.1423191Z manifest/overlay-nextbsd.tsv:  markers OK
2026-10-03T06:51:42.1442665Z manifest/overlay-nextbsd-userland.tsv:  markers OK
2026-10-03T06:51:42.1461486Z manifest/overlay-nextbsd-kernel.tsv:  markers OK
2026-10-03T06:51:42.1540441Z ##[group]Run sh selftest/run-selftest.sh
2026-10-03T06:51:42.1540776Z [36;1msh selftest/run-selftest.sh[0m
2026-10-03T06:51:42.1608502Z shell: /usr/bin/bash -e {0}
2026-10-03T06:51:42.1608766Z env:
2026-10-03T06:51:42.1608979Z   ARCH: amd64
2026-10-03T06:51:42.1609190Z ##[endgroup]
2026-10-03T06:51:42.1722063Z ==> golden: the shared patterns against production stream shapes
2026-10-03T06:51:42.2079381Z OK   loader: EDK2 autoboot countdown
2026-10-03T06:51:42.2080157Z OK   loader: UEFI self-ID (FreeBSD brand)
2026-10-03T06:51:42.2080630Z OK   loader: UEFI self-ID (NextBSD brand)
2026-10-03T06:51:42.2081119Z OK   loader: leaving the prompt to boot
2026-10-03T06:51:42.2081552Z OK   loader: kernel entry marker
2026-10-03T06:51:42.2082281Z OK   banner: synthesized hostname (amd64)
2026-10-03T06:51:42.2082712Z OK   banner: synthesized hostname (arm64)
2026-10-03T06:51:42.2083169Z OK   banner: the Amnesiac race-loser
2026-10-03T06:51:42.2084041Z OK   banner: the early-init sethostname line
2026-10-03T06:51:42.2084706Z OK   login: login(1) session message
2026-10-03T06:51:42.2085268Z OK   login: zsh prompt
2026-10-03T06:51:42.2085710Z OK   panic: page fault
2026-10-03T06:51:42.2086158Z OK   panic: data abort (arm64)
2026-10-03T06:51:42.2086959Z OK   teardown: shutdown progress
2026-10-03T06:51:42.2087364Z OK   teardown: syncing
2026-10-03T06:51:42.2087673Z OK   teardown: buffers synced
2026-10-03T06:51:42.2088062Z OK   teardown: uptime
2026-10-03T06:51:42.2088372Z OK   teardown: poweroff
2026-10-03T06:51:42.2088757Z OK   teardown: reboot (the wrong outcome)
2026-10-03T06:51:42.2090553Z OK   sentinel: summary line
2026-10-03T06:51:42.2090827Z 
2026-10-03T06:51:42.2091153Z golden: all patterns match the production stream shapes
2026-10-03T06:51:42.2095268Z ==> manifest: schema
2026-10-03T06:51:42.2141958Z /home/runner/work/nextbsd-ci/nextbsd-ci/manifest/markers.tsv: 93 markers OK
2026-10-03T06:51:42.2162342Z /home/runner/work/nextbsd-ci/nextbsd-ci/manifest/overlay-nextbsd.tsv:  markers OK
2026-10-03T06:51:42.2182399Z /home/runner/work/nextbsd-ci/nextbsd-ci/manifest/overlay-nextbsd-userland.tsv:  markers OK
2026-10-03T06:51:42.2202117Z /home/runner/work/nextbsd-ci/nextbsd-ci/manifest/overlay-nextbsd-kernel.tsv:  markers OK
2026-10-03T06:51:42.2233998Z ==> harness vs mock guest (arch=amd64)
2026-10-03T06:51:42.2309875Z     plan: 94 markers
2026-10-03T06:51:42.2310788Z ==> case: ok (suite: /usr/tests/freebsd-launchd-mach/run.sh) — expect rc 0
2026-10-03T06:51:42.2343043Z ==> boot test: tests/fake.img
2026-10-03T06:51:42.2354445Z -rw-r--r-- 1 runner runner 0 Oct  3 06:51 tests/fake.img
2026-10-03T06:51:42.2431542Z ==> using KVM acceleration
2026-10-03T06:51:42.2432462Z ==> amd64: qemu-system-x86_64 -machine q35 | firmware 
2026-10-03T06:51:42.2512670Z missing "
2026-10-03T06:51:42.2512990Z     while executing
2026-10-03T06:51:42.2513437Z "set s [string map [list {"} [concat [string range $bs 0 0] ""
2026-10-03T06:51:42.2514098Z     (procedure "esc" line 4)
2026-10-03T06:51:42.2514493Z     invoked from within
2026-10-03T06:51:42.2514820Z "esc $suite"
2026-10-03T06:51:42.2515115Z     ("for" body line 3)
2026-10-03T06:51:42.2515439Z     invoked from within
2026-10-03T06:51:42.2515782Z "for {set i 0} {$i < $suites} {incr i} {
2026-10-03T06:51:42.2516244Z     set suite [lindex $suites $i]
2026-10-03T06:51:42.2516622Z     set suite [esc $suite]
2026-10-03T06:51:42.2516968Z     puts ""
2026-10-03T06:51:42.2517283Z     puts "set timeout \$env(NB_SUITE_..."
2026-10-03T06:51:42.2517962Z     (file "/home/runner/work/nextbsd-ci/nextbsd-ci/manifest/gen-arms.tcl" line 184)
2026-10-03T06:51:42.2518931Z FAIL: arm generation failed (bad manifest?); refusing to boot without arms
2026-10-03T06:51:42.2519946Z SELFTEST FAIL: case ok — expected rc 0, got 1
2026-10-03T06:51:42.2520670Z ==> case: fail (suite: /usr/tests/freebsd-launchd-mach/run.sh) — expect rc 1
2026-10-03T06:51:42.2550781Z ==> boot test: tests/fake.img
2026-10-03T06:51:42.2561993Z -rw-r--r-- 1 runner runner 0 Oct  3 06:51 tests/fake.img
2026-10-03T06:51:42.2640825Z ==> using KVM acceleration
2026-10-03T06:51:42.2641447Z ==> amd64: qemu-system-x86_64 -machine q35 | firmware 
2026-10-03T06:51:42.2714295Z missing "
2026-10-03T06:51:42.2714572Z     while executing
2026-10-03T06:51:42.2714901Z "set s [string map [list {"} [concat [string range $bs 0 0] ""
2026-10-03T06:51:42.2715274Z     (procedure "esc" line 4)
2026-10-03T06:51:42.2715522Z     invoked from within
2026-10-03T06:51:42.2715745Z "esc $suite"
2026-10-03T06:51:42.2715944Z     ("for" body line 3)
2026-10-03T06:51:42.2716200Z     invoked from within
2026-10-03T06:51:42.2716535Z "for {set i 0} {$i < $suites} {incr i} {
2026-10-03T06:51:42.2716956Z     set suite [lindex $suites $i]
2026-10-03T06:51:42.2717350Z     set suite [esc $suite]
2026-10-03T06:51:42.2717697Z     puts ""
2026-10-03T06:51:42.2718048Z     puts "set timeout \$env(NB_SUITE_..."
2026-10-03T06:51:42.2718697Z     (file "/home/runner/work/nextbsd-ci/nextbsd-ci/manifest/gen-arms.tcl" line 184)
2026-10-03T06:51:42.2719544Z FAIL: arm generation failed (bad manifest?); refusing to boot without arms
2026-10-03T06:51:42.2720154Z SELFTEST OK:   case fail (rc=1)
2026-10-03T06:51:42.2721052Z ==> case: nosummary (suite: /usr/tests/freebsd-launchd-mach/run.sh) — expect rc 2
2026-10-03T06:51:42.2752355Z ==> boot test: tests/fake.img
2026-10-03T06:51:42.2763437Z -rw-r--r-- 1 runner runner 0 Oct  3 06:51 tests/fake.img
2026-10-03T06:51:42.2842812Z ==> using KVM acceleration
2026-10-03T06:51:42.2843323Z ==> amd64: qemu-system-x86_64 -machine q35 | firmware 
2026-10-03T06:51:42.2917942Z missing "
2026-10-03T06:51:42.2918293Z     while executing
2026-10-03T06:51:42.2918766Z "set s [string map [list {"} [concat [string range $bs 0 0] ""
2026-10-03T06:51:42.2919357Z     (procedure "esc" line 4)
2026-10-03T06:51:42.2919738Z     invoked from within
2026-10-03T06:51:42.2920069Z "esc $suite"
2026-10-03T06:51:42.2920373Z     ("for" body line 3)
2026-10-03T06:51:42.2920657Z     invoked from within
2026-10-03T06:51:42.2920893Z "for {set i 0} {$i < $suites} {incr i} {
2026-10-03T06:51:42.2921245Z     set suite [lindex $suites $i]
2026-10-03T06:51:42.2921627Z     set suite [esc $suite]
2026-10-03T06:51:42.2922137Z     puts ""
2026-10-03T06:51:42.2922356Z     puts "set timeout \$env(NB_SUITE_..."
2026-10-03T06:51:42.2923007Z     (file "/home/runner/work/nextbsd-ci/nextbsd-ci/manifest/gen-arms.tcl" line 184)
2026-10-03T06:51:42.2924371Z FAIL: arm generation failed (bad manifest?); refusing to boot without arms
2026-10-03T06:51:42.2925104Z SELFTEST FAIL: case nosummary — expected rc 2, got 1
2026-10-03T06:51:42.2925721Z ==> case: deadend (suite: /usr/tests/freebsd-launchd-mach/run.sh) — expect rc 2
2026-10-03T06:51:42.2957382Z ==> boot test: tests/fake.img
2026-10-03T06:51:42.2968496Z -rw-r--r-- 1 runner runner 0 Oct  3 06:51 tests/fake.img
2026-10-03T06:51:42.3046611Z ==> using KVM acceleration
2026-10-03T06:51:42.3047097Z ==> amd64: qemu-system-x86_64 -machine q35 | firmware 
2026-10-03T06:51:42.3121582Z missing "
2026-10-03T06:51:42.3121939Z     while executing
2026-10-03T06:51:42.3122361Z "set s [string map [list {"} [concat [string range $bs 0 0] ""
2026-10-03T06:51:42.3122746Z     (procedure "esc" line 4)
2026-10-03T06:51:42.3122993Z     invoked from within
2026-10-03T06:51:42.3123210Z "esc $suite"
2026-10-03T06:51:42.3123407Z     ("for" body line 3)
2026-10-03T06:51:42.3123622Z     invoked from within
2026-10-03T06:51:42.3124045Z "for {set i 0} {$i < $suites} {incr i} {
2026-10-03T06:51:42.3124329Z     set suite [lindex $suites $i]
2026-10-03T06:51:42.3124728Z     set suite [esc $suite]
2026-10-03T06:51:42.3125056Z     puts ""
2026-10-03T06:51:42.3125386Z     puts "set timeout \$env(NB_SUITE_..."
2026-10-03T06:51:42.3126081Z     (file "/home/runner/work/nextbsd-ci/nextbsd-ci/manifest/gen-arms.tcl" line 184)
2026-10-03T06:51:42.3126891Z FAIL: arm generation failed (bad manifest?); refusing to boot without arms
2026-10-03T06:51:42.3127962Z SELFTEST FAIL: case deadend — expected rc 2, got 1
2026-10-03T06:51:42.3129103Z ==> case: reboot (suite: /usr/tests/freebsd-launchd-mach/run.sh) — expect rc 1
2026-10-03T06:51:42.3160329Z ==> boot test: tests/fake.img
2026-10-03T06:51:42.3171353Z -rw-r--r-- 1 runner runner 0 Oct  3 06:51 tests/fake.img
2026-10-03T06:51:42.3251184Z ==> using KVM acceleration
2026-10-03T06:51:42.3251681Z ==> amd64: qemu-system-x86_64 -machine q35 | firmware 
2026-10-03T06:51:42.3326172Z missing "
2026-10-03T06:51:42.3326525Z     while executing
2026-10-03T06:51:42.3326968Z "set s [string map [list {"} [concat [string range $bs 0 0] ""
2026-10-03T06:51:42.3327442Z     (procedure "esc" line 4)
2026-10-03T06:51:42.3327695Z     invoked from within
2026-10-03T06:51:42.3327911Z "esc $suite"
2026-10-03T06:51:42.3328259Z     ("for" body line 3)
2026-10-03T06:51:42.3328586Z     invoked from within
2026-10-03T06:51:42.3328946Z "for {set i 0} {$i < $suites} {incr i} {
2026-10-03T06:51:42.3329383Z     set suite [lindex $suites $i]
2026-10-03T06:51:42.3329784Z     set suite [esc $suite]
2026-10-03T06:51:42.3330168Z     puts ""
2026-10-03T06:51:42.3330486Z     puts "set timeout \$env(NB_SUITE_..."
2026-10-03T06:51:42.3330915Z     (file "/home/runner/work/nextbsd-ci/nextbsd-ci/manifest/gen-arms.tcl" line 184)
2026-10-03T06:51:42.3331609Z FAIL: arm generation failed (bad manifest?); refusing to boot without arms
2026-10-03T06:51:42.3332074Z SELFTEST OK:   case reboot (rc=1)
2026-10-03T06:51:42.3332883Z ==> case: two-suite (suite: /usr/tests/freebsd-launchd-mach/run.sh /usr/tests/nextbsd-iokit/run.sh) — expect rc 0
2026-10-03T06:51:42.3364271Z ==> boot test: tests/fake.img
2026-10-03T06:51:42.3375175Z -rw-r--r-- 1 runner runner 0 Oct  3 06:51 tests/fake.img
2026-10-03T06:51:42.3452986Z ==> using KVM acceleration
2026-10-03T06:51:42.3453413Z ==> amd64: qemu-system-x86_64 -machine q35 | firmware 
2026-10-03T06:51:42.3527694Z missing "
2026-10-03T06:51:42.3528053Z     while executing
2026-10-03T06:51:42.3528526Z "set s [string map [list {"} [concat [string range $bs 0 0] ""
2026-10-03T06:51:42.3529055Z     (procedure "esc" line 4)
2026-10-03T06:51:42.3529425Z     invoked from within
2026-10-03T06:51:42.3529830Z "esc $suite"
2026-10-03T06:51:42.3530127Z     ("for" body line 3)
2026-10-03T06:51:42.3530453Z     invoked from within
2026-10-03T06:51:42.3530709Z "for {set i 0} {$i < $suites} {incr i} {
2026-10-03T06:51:42.3530991Z     set suite [lindex $suites $i]
2026-10-03T06:51:42.3531341Z     set suite [esc $suite]
2026-10-03T06:51:42.3531677Z     puts ""
2026-10-03T06:51:42.3532059Z     puts "set timeout \$env(NB_SUITE_..."
2026-10-03T06:51:42.3532667Z     (file "/home/runner/work/nextbsd-ci/nextbsd-ci/manifest/gen-arms.tcl" line 184)
2026-10-03T06:51:42.3533336Z FAIL: arm generation failed (bad manifest?); refusing to boot without arms
2026-10-03T06:51:42.3534530Z SELFTEST FAIL: case two-suite — expected rc 0, got 1
2026-10-03T06:51:42.3534842Z ==> SELFTEST FAILED
2026-10-03T06:51:42.3549341Z ##[error]Process completed with exit code 1.
2026-10-03T06:51:42.3682104Z Post job cleanup.
2026-10-03T06:51:42.4578117Z [command]/usr/bin/git version
2026-10-03T06:51:42.4621651Z git version 2.55.0
2026-10-03T06:51:42.4660198Z Temporarily overriding HOME='/home/runner/work/_temp/b76cc943-22af-4540-b459-fc8195a27c15' before making global git config changes
2026-10-03T06:51:42.4661861Z Adding repository directory to the temporary git global config as a safe directory
2026-10-03T06:51:42.4666163Z [command]/usr/bin/git config --global --add safe.directory /home/runner/work/nextbsd-ci/nextbsd-ci
2026-10-03T06:51:42.4712303Z [command]/usr/bin/git config --local --name-only --get-regexp core\.sshCommand
2026-10-03T06:51:42.4749519Z [command]/usr/bin/git submodule foreach --recursive sh -c "git config --local --name-only --get-regexp 'core\.sshCommand' && git config --local --unset-all 'core.sshCommand' || :"
2026-10-03T06:51:42.5020805Z [command]/usr/bin/git config --local --name-only --get-regexp http\.https\:\/\/github\.com\/\.extraheader
2026-10-03T06:51:42.5051029Z http.https://github.com/.extraheader
2026-10-03T06:51:42.5065936Z [command]/usr/bin/git config --local --unset-all http.https://github.com/.extraheader
2026-10-03T06:51:42.5100893Z [command]/usr/bin/git submodule foreach --recursive sh -c "git config --local --name-only --get-regexp 'http\.https\:\/\/github\.com\/\.extraheader' && git config --local --unset-all 'http.https://github.com/.extraheader' || :"
2026-10-03T06:51:42.5468130Z [command]/usr/bin/git config --local --name-only --get-regexp ^includeIf\.gitdir:
2026-10-03T06:51:42.5536877Z [command]/usr/bin/git submodule foreach --recursive git config --local --show-origin --name-only --get-regexp remote.origin.url
2026-10-03T06:51:42.5937160Z Cleaning up orphan processes
2026-10-03T06:51:42.6228665Z ##[warning]Node.js 20 is deprecated. The following actions target Node.js 20 but are being forced to run on Node.js 24: actions/checkout@v4. For more information see: https://github.blog/changelog/2025-09-19-deprecation-of-node-20-on-github-actions-runners/
