2026-10-03T07:00:57.3952526Z Current runner version: '2.337.0'
2026-10-03T07:00:57.3986453Z ##[group]Runner Image Provisioner
2026-10-03T07:00:57.3987747Z Hosted Compute Agent
2026-10-03T07:00:57.3988874Z Version: 20260901.588
2026-10-03T07:00:57.3989986Z Commit: f88ec8081b781fac6c440065ac7ff9e710ce3d0b
2026-10-03T07:00:57.3991357Z Build Date: 2026-09-01T19:56:44Z
2026-10-03T07:00:57.3992544Z Worker ID: {8681cc90-dae4-4be6-91cb-6cfe15657d89}
2026-10-03T07:00:57.3994064Z Azure Region: eastus2
2026-10-03T07:00:57.3995154Z ##[endgroup]
2026-10-03T07:00:57.3997541Z ##[group]Operating System
2026-10-03T07:00:57.3998671Z Ubuntu
2026-10-03T07:00:57.3999585Z 24.04.5
2026-10-03T07:00:57.4000476Z LTS
2026-10-03T07:00:57.4001504Z ##[endgroup]
2026-10-03T07:00:57.4002418Z ##[group]Runner Image
2026-10-03T07:00:57.4003787Z Image: ubuntu-24.04
2026-10-03T07:00:57.4004777Z Version: 20260927.320.1
2026-10-03T07:00:57.4006974Z Included Software: https://github.com/actions/runner-images/blob/ubuntu24/20260927.320/images/ubuntu/Ubuntu2404-Readme.md
2026-10-03T07:00:57.4009752Z Image Release: https://github.com/actions/runner-images/releases/tag/ubuntu24%2F20260927.320
2026-10-03T07:00:57.4011507Z ##[endgroup]
2026-10-03T07:00:57.4013749Z ##[group]GITHUB_TOKEN Permissions
2026-10-03T07:00:57.4016537Z Contents: read
2026-10-03T07:00:57.4017560Z Metadata: read
2026-10-03T07:00:57.4018650Z Packages: read
2026-10-03T07:00:57.4019555Z ##[endgroup]
2026-10-03T07:00:57.4023224Z Secret source: Actions
2026-10-03T07:00:57.4024909Z Cache mode: write
2026-10-03T07:00:57.4026117Z Prepare workflow directory
2026-10-03T07:00:57.4507342Z Prepare all required actions
2026-10-03T07:00:57.4580052Z Getting action download info
2026-10-03T07:00:57.6702640Z Download action repository 'actions/checkout@v4' (SHA:11d5960a326750d5838078e36cf38b85af677262)
2026-10-03T07:00:57.8853348Z Complete job name: selftest (amd64, ubuntu-24.04)
2026-10-03T07:00:57.9665909Z ##[group]Run actions/checkout@v4
2026-10-03T07:00:57.9666834Z with:
2026-10-03T07:00:57.9667336Z   repository: nextbsd/nextbsd-ci
2026-10-03T07:00:57.9671127Z   token: ***
2026-10-03T07:00:57.9671629Z   ssh-strict: true
2026-10-03T07:00:57.9672115Z   ssh-user: git
2026-10-03T07:00:57.9672615Z   persist-credentials: true
2026-10-03T07:00:57.9673394Z   clean: true
2026-10-03T07:00:57.9673880Z   sparse-checkout-cone-mode: true
2026-10-03T07:00:57.9674444Z   fetch-depth: 1
2026-10-03T07:00:57.9674905Z   fetch-tags: false
2026-10-03T07:00:57.9675393Z   show-progress: true
2026-10-03T07:00:57.9675881Z   lfs: false
2026-10-03T07:00:57.9676334Z   submodules: false
2026-10-03T07:00:57.9676819Z   set-safe-directory: true
2026-10-03T07:00:57.9677360Z   allow-unsafe-pr-checkout: false
2026-10-03T07:00:57.9678193Z ##[endgroup]
2026-10-03T07:00:58.0704824Z Syncing repository: nextbsd/nextbsd-ci
2026-10-03T07:00:58.0707622Z ##[group]Getting Git version info
2026-10-03T07:00:58.0708901Z Working directory is '/home/runner/work/nextbsd-ci/nextbsd-ci'
2026-10-03T07:00:58.0710646Z [command]/usr/bin/git version
2026-10-03T07:00:58.0822227Z git version 2.55.0
2026-10-03T07:00:58.0846266Z ##[endgroup]
2026-10-03T07:00:58.0861303Z Temporarily overriding HOME='/home/runner/work/_temp/15b379ea-babf-48d5-a83d-296ad742cebc' before making global git config changes
2026-10-03T07:00:58.0863969Z Adding repository directory to the temporary git global config as a safe directory
2026-10-03T07:00:58.0868033Z [command]/usr/bin/git config --global --add safe.directory /home/runner/work/nextbsd-ci/nextbsd-ci
2026-10-03T07:00:58.0931793Z Deleting the contents of '/home/runner/work/nextbsd-ci/nextbsd-ci'
2026-10-03T07:00:58.0942389Z ##[group]Initializing the repository
2026-10-03T07:00:58.0950420Z [command]/usr/bin/git init /home/runner/work/nextbsd-ci/nextbsd-ci
2026-10-03T07:00:58.1107343Z hint: Using 'master' as the name for the initial branch. This default branch name
2026-10-03T07:00:58.1108652Z hint: will change to "main" in Git 3.0. To configure the initial branch name
2026-10-03T07:00:58.1109640Z hint: to use in all of your new repositories, which will suppress this warning,
2026-10-03T07:00:58.1111042Z hint: call:
2026-10-03T07:00:58.1111492Z hint:
2026-10-03T07:00:58.1112073Z hint: 	git config --global init.defaultBranch <name>
2026-10-03T07:00:58.1112736Z hint:
2026-10-03T07:00:58.1113713Z hint: Names commonly chosen instead of 'master' are 'main', 'trunk' and
2026-10-03T07:00:58.1114700Z hint: 'development'. The just-created branch can be renamed via this command:
2026-10-03T07:00:58.1115483Z hint:
2026-10-03T07:00:58.1115935Z hint: 	git branch -m <name>
2026-10-03T07:00:58.1116449Z hint:
2026-10-03T07:00:58.1117110Z hint: Disable this message with "git config set advice.defaultBranchName false"
2026-10-03T07:00:58.1124006Z Initialized empty Git repository in /home/runner/work/nextbsd-ci/nextbsd-ci/.git/
2026-10-03T07:00:58.1136286Z [command]/usr/bin/git remote add origin https://github.com/nextbsd/nextbsd-ci
2026-10-03T07:00:58.1196495Z ##[endgroup]
2026-10-03T07:00:58.1197981Z ##[group]Disabling automatic garbage collection
2026-10-03T07:00:58.1200681Z [command]/usr/bin/git config --local gc.auto 0
2026-10-03T07:00:58.1246496Z ##[endgroup]
2026-10-03T07:00:58.1248097Z ##[group]Setting up auth
2026-10-03T07:00:58.1252144Z [command]/usr/bin/git config --local --name-only --get-regexp core\.sshCommand
2026-10-03T07:00:58.1306073Z [command]/usr/bin/git submodule foreach --recursive sh -c "git config --local --name-only --get-regexp 'core\.sshCommand' && git config --local --unset-all 'core.sshCommand' || :"
2026-10-03T07:00:58.1718635Z [command]/usr/bin/git config --local --name-only --get-regexp http\.https\:\/\/github\.com\/\.extraheader
2026-10-03T07:00:58.1755334Z [command]/usr/bin/git submodule foreach --recursive sh -c "git config --local --name-only --get-regexp 'http\.https\:\/\/github\.com\/\.extraheader' && git config --local --unset-all 'http.https://github.com/.extraheader' || :"
2026-10-03T07:00:58.1986693Z [command]/usr/bin/git config --local --name-only --get-regexp ^includeIf\.gitdir:
2026-10-03T07:00:58.2023249Z [command]/usr/bin/git submodule foreach --recursive git config --local --show-origin --name-only --get-regexp remote.origin.url
2026-10-03T07:00:58.2255801Z [command]/usr/bin/git config --local http.https://github.com/.extraheader AUTHORIZATION: basic ***
2026-10-03T07:00:58.2297369Z ##[endgroup]
2026-10-03T07:00:58.2298221Z ##[group]Fetching the repository
2026-10-03T07:00:58.2307162Z [command]/usr/bin/git -c protocol.version=2 fetch --no-tags --prune --no-recurse-submodules --depth=1 origin +7ccdf0abce2add7a177417283953ca77a1e4d9c2:refs/remotes/pull/9/merge
2026-10-03T07:00:58.4566744Z From https://github.com/nextbsd/nextbsd-ci
2026-10-03T07:00:58.4568172Z  * [new ref]         7ccdf0abce2add7a177417283953ca77a1e4d9c2 -> pull/9/merge
2026-10-03T07:00:58.4572525Z ##[endgroup]
2026-10-03T07:00:58.4573634Z ##[group]Determining the checkout info
2026-10-03T07:00:58.4576613Z ##[endgroup]
2026-10-03T07:00:58.4593955Z [command]/usr/bin/git sparse-checkout disable
2026-10-03T07:00:58.4660171Z [command]/usr/bin/git config --local --unset-all extensions.worktreeConfig
2026-10-03T07:00:58.4694563Z ##[group]Checking out the ref
2026-10-03T07:00:58.4698245Z [command]/usr/bin/git checkout --progress --force refs/remotes/pull/9/merge
2026-10-03T07:00:58.4768684Z Note: switching to 'refs/remotes/pull/9/merge'.
2026-10-03T07:00:58.4769257Z 
2026-10-03T07:00:58.4769705Z You are in 'detached HEAD' state. You can look around, make experimental
2026-10-03T07:00:58.4770932Z changes and commit them, and you can discard any commits you make in this
2026-10-03T07:00:58.4771968Z state without impacting any branches by switching back to a branch.
2026-10-03T07:00:58.4772560Z 
2026-10-03T07:00:58.4773267Z If you want to create a new branch to retain commits you create, you may
2026-10-03T07:00:58.4774376Z do so (now or later) by using -c with the switch command. Example:
2026-10-03T07:00:58.4774922Z 
2026-10-03T07:00:58.4775255Z   git switch -c <new-branch-name>
2026-10-03T07:00:58.4775675Z 
2026-10-03T07:00:58.4775927Z Or undo this operation with:
2026-10-03T07:00:58.4776301Z 
2026-10-03T07:00:58.4776789Z   git switch -
2026-10-03T07:00:58.4777162Z 
2026-10-03T07:00:58.4777623Z Turn off this advice by setting config variable advice.detachedHead to false
2026-10-03T07:00:58.4778250Z 
2026-10-03T07:00:58.4779513Z HEAD is now at 7ccdf0a Merge cc7c56860832b85b1242738df3f75b572c50f796 into bae13410f0ff570b952d51053ed0c462272008b7
2026-10-03T07:00:58.4781841Z ##[endgroup]
2026-10-03T07:00:58.4834156Z [command]/usr/bin/git log -1 --format=%H
2026-10-03T07:00:58.4862778Z 7ccdf0abce2add7a177417283953ca77a1e4d9c2
2026-10-03T07:00:58.5125384Z ##[group]Run sudo apt-get update && sudo apt-get install -y expect shellcheck
2026-10-03T07:00:58.5126646Z [36;1msudo apt-get update && sudo apt-get install -y expect shellcheck[0m
2026-10-03T07:00:58.5387591Z shell: /usr/bin/bash -e {0}
2026-10-03T07:00:58.5388370Z ##[endgroup]
2026-10-03T07:00:58.6179446Z Get:1 file:/etc/apt/apt-mirrors.txt Mirrorlist [144 B]
2026-10-03T07:00:58.6680513Z Get:6 https://packages.microsoft.com/ubuntu/24.04/prod noble InRelease [3600 B]
2026-10-03T07:00:58.7307064Z Hit:2 http://azure.archive.ubuntu.com/ubuntu noble InRelease
2026-10-03T07:00:58.7320488Z Get:3 http://azure.archive.ubuntu.com/ubuntu noble-updates InRelease [126 kB]
2026-10-03T07:00:58.7339691Z Get:4 http://azure.archive.ubuntu.com/ubuntu noble-backports InRelease [126 kB]
2026-10-03T07:00:58.7360189Z Get:5 http://azure.archive.ubuntu.com/ubuntu noble-security InRelease [126 kB]
2026-10-03T07:00:58.7484021Z Get:7 https://packages.microsoft.com/ubuntu/24.04/prod noble/main amd64 Packages [511 kB]
2026-10-03T07:00:58.7745969Z Get:8 https://packages.microsoft.com/ubuntu/24.04/prod noble/main arm64 Packages [458 kB]
2026-10-03T07:00:58.7809545Z Get:9 https://packages.microsoft.com/ubuntu/24.04/prod noble/main armhf Packages [12.6 kB]
2026-10-03T07:00:58.8752122Z Get:10 http://azure.archive.ubuntu.com/ubuntu noble-updates/main amd64 Packages [1364 kB]
2026-10-03T07:00:58.8837170Z Get:11 http://azure.archive.ubuntu.com/ubuntu noble-updates/main Translation-en [304 kB]
2026-10-03T07:00:58.8842211Z Get:12 http://azure.archive.ubuntu.com/ubuntu noble-updates/main amd64 Components [180 kB]
2026-10-03T07:00:58.8859434Z Get:13 http://azure.archive.ubuntu.com/ubuntu noble-updates/universe amd64 Packages [1699 kB]
2026-10-03T07:00:58.8959256Z Get:14 http://azure.archive.ubuntu.com/ubuntu noble-updates/universe Translation-en [341 kB]
2026-10-03T07:00:58.8973914Z Get:15 http://azure.archive.ubuntu.com/ubuntu noble-updates/universe amd64 Components [388 kB]
2026-10-03T07:00:58.9025350Z Get:16 http://azure.archive.ubuntu.com/ubuntu noble-updates/restricted amd64 Packages [1720 kB]
2026-10-03T07:00:58.9095765Z Get:17 http://azure.archive.ubuntu.com/ubuntu noble-updates/restricted Translation-en [394 kB]
2026-10-03T07:00:58.9125842Z Get:18 http://azure.archive.ubuntu.com/ubuntu noble-updates/multiverse amd64 Components [940 B]
2026-10-03T07:00:58.9397587Z Get:19 http://azure.archive.ubuntu.com/ubuntu noble-backports/main amd64 Components [5764 B]
2026-10-03T07:00:58.9832595Z Get:20 http://azure.archive.ubuntu.com/ubuntu noble-backports/universe amd64 Components [12.6 kB]
2026-10-03T07:00:58.9935494Z Get:21 http://azure.archive.ubuntu.com/ubuntu noble-security/main amd64 Packages [1069 kB]
2026-10-03T07:00:58.9990011Z Get:22 http://azure.archive.ubuntu.com/ubuntu noble-security/main Translation-en [221 kB]
2026-10-03T07:00:59.0004780Z Get:23 http://azure.archive.ubuntu.com/ubuntu noble-security/main amd64 Components [46.3 kB]
2026-10-03T07:00:59.0013977Z Get:24 http://azure.archive.ubuntu.com/ubuntu noble-security/universe amd64 Packages [1216 kB]
2026-10-03T07:00:59.0092695Z Get:25 http://azure.archive.ubuntu.com/ubuntu noble-security/universe Translation-en [244 kB]
2026-10-03T07:00:59.0109041Z Get:26 http://azure.archive.ubuntu.com/ubuntu noble-security/universe amd64 Components [76.3 kB]
2026-10-03T07:00:59.0120560Z Get:27 http://azure.archive.ubuntu.com/ubuntu noble-security/restricted amd64 Packages [1566 kB]
2026-10-03T07:00:59.0195359Z Get:28 http://azure.archive.ubuntu.com/ubuntu noble-security/restricted Translation-en [361 kB]
2026-10-03T07:01:03.5656669Z Fetched 12.6 MB in 1s (8858 kB/s)
2026-10-03T07:01:04.4352195Z Reading package lists...
2026-10-03T07:01:04.4671734Z Reading package lists...
2026-10-03T07:01:04.6706961Z Building dependency tree...
2026-10-03T07:01:04.6714324Z Reading state information...
2026-10-03T07:01:04.8513571Z shellcheck is already the newest version (0.9.0-1).
2026-10-03T07:01:04.8514518Z The following NEW packages will be installed:
2026-10-03T07:01:04.8524918Z   expect tcl-expect
2026-10-03T07:01:04.8735816Z 0 upgraded, 2 newly installed, 0 to remove and 25 not upgraded.
2026-10-03T07:01:04.8736765Z Need to get 247 kB of archives.
2026-10-03T07:01:04.8737596Z After this operation, 538 kB of additional disk space will be used.
2026-10-03T07:01:04.8738516Z Get:1 file:/etc/apt/apt-mirrors.txt Mirrorlist [144 B]
2026-10-03T07:01:04.9215876Z Get:2 http://azure.archive.ubuntu.com/ubuntu noble/universe amd64 tcl-expect amd64 5.45.4-3 [110 kB]
2026-10-03T07:01:04.9420664Z Get:3 http://azure.archive.ubuntu.com/ubuntu noble/universe amd64 expect amd64 5.45.4-3 [137 kB]
2026-10-03T07:01:05.2096873Z Fetched 247 kB in 0s (3045 kB/s)
2026-10-03T07:01:05.2330687Z Selecting previously unselected package tcl-expect:amd64.
2026-10-03T07:01:05.2630036Z (Reading database ... 
2026-10-03T07:01:05.2630741Z (Reading database ... 5%
2026-10-03T07:01:05.2631213Z (Reading database ... 10%
2026-10-03T07:01:05.2631614Z (Reading database ... 15%
2026-10-03T07:01:05.2632005Z (Reading database ... 20%
2026-10-03T07:01:05.2632652Z (Reading database ... 25%
2026-10-03T07:01:05.2633525Z (Reading database ... 30%
2026-10-03T07:01:05.2633909Z (Reading database ... 35%
2026-10-03T07:01:05.2634292Z (Reading database ... 40%
2026-10-03T07:01:05.2634684Z (Reading database ... 45%
2026-10-03T07:01:05.2635060Z (Reading database ... 50%
2026-10-03T07:01:05.2722672Z (Reading database ... 55%
2026-10-03T07:01:05.3742075Z (Reading database ... 60%
2026-10-03T07:01:05.5800530Z (Reading database ... 65%
2026-10-03T07:01:05.7846855Z (Reading database ... 70%
2026-10-03T07:01:05.9372129Z (Reading database ... 75%
2026-10-03T07:01:06.0889760Z (Reading database ... 80%
2026-10-03T07:01:06.2303513Z (Reading database ... 85%
2026-10-03T07:01:06.3926301Z (Reading database ... 90%
2026-10-03T07:01:06.4997481Z (Reading database ... 95%
2026-10-03T07:01:06.5069243Z (Reading database ... 100%
2026-10-03T07:01:06.5069895Z (Reading database ... 202296 files and directories currently installed.)
2026-10-03T07:01:06.5070652Z Preparing to unpack .../tcl-expect_5.45.4-3_amd64.deb ...
2026-10-03T07:01:06.5091130Z Unpacking tcl-expect:amd64 (5.45.4-3) ...
2026-10-03T07:01:06.5392239Z Selecting previously unselected package expect.
2026-10-03T07:01:06.5517556Z Preparing to unpack .../expect_5.45.4-3_amd64.deb ...
2026-10-03T07:01:06.5528296Z Unpacking expect (5.45.4-3) ...
2026-10-03T07:01:06.6115519Z Setting up tcl-expect:amd64 (5.45.4-3) ...
2026-10-03T07:01:06.6149411Z Setting up expect (5.45.4-3) ...
2026-10-03T07:01:06.6194187Z Processing triggers for man-db (2.12.0-4build2) ...
2026-10-03T07:01:06.6236284Z Not building database; man-db/auto-update is not 'true'.
2026-10-03T07:01:06.6251979Z Processing triggers for libc-bin (2.39-0ubuntu8.9) ...
2026-10-03T07:01:07.3295188Z 
2026-10-03T07:01:07.3295801Z Running kernel seems to be up-to-date.
2026-10-03T07:01:07.3296261Z 
2026-10-03T07:01:07.3296477Z No services need to be restarted.
2026-10-03T07:01:07.3296867Z 
2026-10-03T07:01:07.3297066Z No containers need to be restarted.
2026-10-03T07:01:07.3297483Z 
2026-10-03T07:01:07.3297729Z No user sessions are running outdated binaries.
2026-10-03T07:01:07.3298176Z 
2026-10-03T07:01:07.3298577Z No VM guests are running outdated hypervisor (qemu) binaries on this host.
2026-10-03T07:01:08.3374882Z ##[group]Run fail=0
2026-10-03T07:01:08.3375161Z [36;1mfail=0[0m
2026-10-03T07:01:08.3375487Z [36;1mfor f in $(find harness manifest selftest -name '*.sh' -type f); do[0m
2026-10-03T07:01:08.3375921Z [36;1m  sh -n "$f" || { echo "sh -n failed: $f"; fail=1; }[0m
2026-10-03T07:01:08.3376436Z [36;1mdone[0m
2026-10-03T07:01:08.3376627Z [36;1mexit $fail[0m
2026-10-03T07:01:08.3441964Z shell: /usr/bin/bash -e {0}
2026-10-03T07:01:08.3442228Z ##[endgroup]
2026-10-03T07:01:08.3628666Z ##[group]Run find harness manifest selftest -name '*.sh' -type f -print0 | xargs -0 -r shellcheck -x
2026-10-03T07:01:08.3629401Z [36;1mfind harness manifest selftest -name '*.sh' -type f -print0 | xargs -0 -r shellcheck -x[0m
2026-10-03T07:01:08.3696018Z shell: /usr/bin/bash -e {0}
2026-10-03T07:01:08.3696299Z ##[endgroup]
2026-10-03T07:01:08.9104054Z ##[group]Run sh manifest/validate.sh \
2026-10-03T07:01:08.9104435Z [36;1msh manifest/validate.sh \[0m
2026-10-03T07:01:08.9104717Z [36;1m  manifest/markers.tsv \[0m
2026-10-03T07:01:08.9104993Z [36;1m  manifest/overlay-nextbsd.tsv \[0m
2026-10-03T07:01:08.9105340Z [36;1m  manifest/overlay-nextbsd-userland.tsv \[0m
2026-10-03T07:01:08.9105693Z [36;1m  manifest/overlay-nextbsd-kernel.tsv[0m
2026-10-03T07:01:08.9167746Z shell: /usr/bin/bash -e {0}
2026-10-03T07:01:08.9168007Z ##[endgroup]
2026-10-03T07:01:08.9292007Z manifest/markers.tsv: 93 markers OK
2026-10-03T07:01:08.9310661Z manifest/overlay-nextbsd.tsv:  markers OK
2026-10-03T07:01:08.9328551Z manifest/overlay-nextbsd-userland.tsv:  markers OK
2026-10-03T07:01:08.9346910Z manifest/overlay-nextbsd-kernel.tsv:  markers OK
2026-10-03T07:01:08.9423529Z ##[group]Run sh selftest/run-selftest.sh
2026-10-03T07:01:08.9423935Z [36;1msh selftest/run-selftest.sh[0m
2026-10-03T07:01:08.9485841Z shell: /usr/bin/bash -e {0}
2026-10-03T07:01:08.9486100Z env:
2026-10-03T07:01:08.9486295Z   ARCH: amd64
2026-10-03T07:01:08.9486489Z ##[endgroup]
2026-10-03T07:01:08.9591532Z ==> golden: the shared patterns against production stream shapes
2026-10-03T07:01:08.9815549Z OK   loader: EDK2 autoboot countdown
2026-10-03T07:01:08.9816167Z OK   loader: UEFI self-ID (FreeBSD brand)
2026-10-03T07:01:08.9816723Z OK   loader: UEFI self-ID (NextBSD brand)
2026-10-03T07:01:08.9817247Z OK   loader: leaving the prompt to boot
2026-10-03T07:01:08.9817777Z OK   loader: kernel entry marker
2026-10-03T07:01:08.9818921Z OK   banner: synthesized hostname (amd64)
2026-10-03T07:01:08.9819470Z OK   banner: synthesized hostname (arm64)
2026-10-03T07:01:08.9819985Z OK   banner: the Amnesiac race-loser
2026-10-03T07:01:08.9820742Z OK   banner: the early-init sethostname line
2026-10-03T07:01:08.9821712Z OK   login: login(1) session message
2026-10-03T07:01:08.9822193Z OK   login: zsh prompt
2026-10-03T07:01:08.9822622Z OK   panic: page fault
2026-10-03T07:01:08.9823250Z OK   panic: data abort (arm64)
2026-10-03T07:01:08.9824378Z OK   teardown: shutdown progress
2026-10-03T07:01:08.9824832Z OK   teardown: syncing
2026-10-03T07:01:08.9825229Z OK   teardown: buffers synced
2026-10-03T07:01:08.9825665Z OK   teardown: uptime
2026-10-03T07:01:08.9826065Z OK   teardown: poweroff
2026-10-03T07:01:08.9826484Z OK   teardown: reboot (the wrong outcome)
2026-10-03T07:01:08.9828785Z OK   sentinel: summary line
2026-10-03T07:01:08.9829131Z 
2026-10-03T07:01:08.9829307Z golden: all patterns match the production stream shapes
2026-10-03T07:01:08.9833170Z ==> manifest: schema
2026-10-03T07:01:08.9874928Z /home/runner/work/nextbsd-ci/nextbsd-ci/manifest/markers.tsv: 93 markers OK
2026-10-03T07:01:08.9893498Z /home/runner/work/nextbsd-ci/nextbsd-ci/manifest/overlay-nextbsd.tsv:  markers OK
2026-10-03T07:01:08.9911160Z /home/runner/work/nextbsd-ci/nextbsd-ci/manifest/overlay-nextbsd-userland.tsv:  markers OK
2026-10-03T07:01:08.9930415Z /home/runner/work/nextbsd-ci/nextbsd-ci/manifest/overlay-nextbsd-kernel.tsv:  markers OK
2026-10-03T07:01:08.9962363Z ==> harness vs mock guest (arch=amd64)
2026-10-03T07:01:09.0039167Z     plan: 94 markers
2026-10-03T07:01:09.0040117Z ==> case: ok (suite: /usr/tests/freebsd-launchd-mach/run.sh) — expect rc 0
2026-10-03T07:01:09.0069413Z ==> boot test: tests/fake.img
2026-10-03T07:01:09.0079856Z -rw-r--r-- 1 runner runner 0 Oct  3 07:01 tests/fake.img
2026-10-03T07:01:09.0155250Z ==> using KVM acceleration
2026-10-03T07:01:09.0156106Z ==> amd64: qemu-system-x86_64 -machine q35 | firmware 
2026-10-03T07:01:09.0305986Z invalid command name "0-9"
2026-10-03T07:01:09.0306444Z     while executing
2026-10-03T07:01:09.0306800Z "0-9"
2026-10-03T07:01:09.0307028Z     ("for" body line 28)
2026-10-03T07:01:09.0307301Z     invoked from within
2026-10-03T07:01:09.0307602Z "for {set i 0} {$i < $suites} {incr i} {
2026-10-03T07:01:09.0307936Z     set suite [lindex $suite_list $i]
2026-10-03T07:01:09.0308246Z     set suite [esc $suite]
2026-10-03T07:01:09.0308506Z     puts ""
2026-10-03T07:01:09.0308748Z     puts "set timeout \$env(NB_SU..."
2026-10-03T07:01:09.0309455Z     (file "/home/runner/work/nextbsd-ci/nextbsd-ci/manifest/gen-arms.tcl" line 192)
2026-10-03T07:01:09.0310576Z FAIL: arm generation failed (bad manifest?); refusing to boot without arms
2026-10-03T07:01:09.0312288Z SELFTEST FAIL: case ok — expected rc 0, got 1
2026-10-03T07:01:09.0313373Z ==> case: fail (suite: /usr/tests/freebsd-launchd-mach/run.sh) — expect rc 1
2026-10-03T07:01:09.0345842Z ==> boot test: tests/fake.img
2026-10-03T07:01:09.0357086Z -rw-r--r-- 1 runner runner 0 Oct  3 07:01 tests/fake.img
2026-10-03T07:01:09.0432231Z ==> using KVM acceleration
2026-10-03T07:01:09.0433532Z ==> amd64: qemu-system-x86_64 -machine q35 | firmware 
2026-10-03T07:01:09.0522837Z invalid command name "0-9"
2026-10-03T07:01:09.0523901Z     while executing
2026-10-03T07:01:09.0524242Z "0-9"
2026-10-03T07:01:09.0524542Z     ("for" body line 28)
2026-10-03T07:01:09.0524919Z     invoked from within
2026-10-03T07:01:09.0525310Z "for {set i 0} {$i < $suites} {incr i} {
2026-10-03T07:01:09.0525771Z     set suite [lindex $suite_list $i]
2026-10-03T07:01:09.0526225Z     set suite [esc $suite]
2026-10-03T07:01:09.0526467Z     puts ""
2026-10-03T07:01:09.0526682Z     puts "set timeout \$env(NB_SU..."
2026-10-03T07:01:09.0527122Z     (file "/home/runner/work/nextbsd-ci/nextbsd-ci/manifest/gen-arms.tcl" line 192)
2026-10-03T07:01:09.0527881Z FAIL: arm generation failed (bad manifest?); refusing to boot without arms
2026-10-03T07:01:09.0530030Z SELFTEST OK:   case fail (rc=1)
2026-10-03T07:01:09.0531099Z ==> case: nosummary (suite: /usr/tests/freebsd-launchd-mach/run.sh) — expect rc 2
2026-10-03T07:01:09.0567675Z ==> boot test: tests/fake.img
2026-10-03T07:01:09.0580865Z -rw-r--r-- 1 runner runner 0 Oct  3 07:01 tests/fake.img
2026-10-03T07:01:09.0662060Z ==> using KVM acceleration
2026-10-03T07:01:09.0662690Z ==> amd64: qemu-system-x86_64 -machine q35 | firmware 
2026-10-03T07:01:09.0757282Z invalid command name "0-9"
2026-10-03T07:01:09.0757935Z     while executing
2026-10-03T07:01:09.0758342Z "0-9"
2026-10-03T07:01:09.0758710Z     ("for" body line 28)
2026-10-03T07:01:09.0759163Z     invoked from within
2026-10-03T07:01:09.0759619Z "for {set i 0} {$i < $suites} {incr i} {
2026-10-03T07:01:09.0760180Z     set suite [lindex $suite_list $i]
2026-10-03T07:01:09.0760766Z     set suite [esc $suite]
2026-10-03T07:01:09.0761366Z     puts ""
2026-10-03T07:01:09.0761726Z     puts "set timeout \$env(NB_SU..."
2026-10-03T07:01:09.0762494Z     (file "/home/runner/work/nextbsd-ci/nextbsd-ci/manifest/gen-arms.tcl" line 192)
2026-10-03T07:01:09.0763663Z FAIL: arm generation failed (bad manifest?); refusing to boot without arms
2026-10-03T07:01:09.0765411Z SELFTEST FAIL: case nosummary — expected rc 2, got 1
2026-10-03T07:01:09.0766280Z ==> case: deadend (suite: /usr/tests/freebsd-launchd-mach/run.sh) — expect rc 2
2026-10-03T07:01:09.0799879Z ==> boot test: tests/fake.img
2026-10-03T07:01:09.0810029Z -rw-r--r-- 1 runner runner 0 Oct  3 07:01 tests/fake.img
2026-10-03T07:01:09.0886355Z ==> using KVM acceleration
2026-10-03T07:01:09.0886941Z ==> amd64: qemu-system-x86_64 -machine q35 | firmware 
2026-10-03T07:01:09.0978971Z invalid command name "0-9"
2026-10-03T07:01:09.0979337Z     while executing
2026-10-03T07:01:09.0979580Z "0-9"
2026-10-03T07:01:09.0979802Z     ("for" body line 28)
2026-10-03T07:01:09.0980069Z     invoked from within
2026-10-03T07:01:09.0980343Z "for {set i 0} {$i < $suites} {incr i} {
2026-10-03T07:01:09.0980978Z     set suite [lindex $suite_list $i]
2026-10-03T07:01:09.0981292Z     set suite [esc $suite]
2026-10-03T07:01:09.0981552Z     puts ""
2026-10-03T07:01:09.0981790Z     puts "set timeout \$env(NB_SU..."
2026-10-03T07:01:09.0982396Z     (file "/home/runner/work/nextbsd-ci/nextbsd-ci/manifest/gen-arms.tcl" line 192)
2026-10-03T07:01:09.0983582Z FAIL: arm generation failed (bad manifest?); refusing to boot without arms
2026-10-03T07:01:09.0985900Z SELFTEST FAIL: case deadend — expected rc 2, got 1
2026-10-03T07:01:09.0986947Z ==> case: reboot (suite: /usr/tests/freebsd-launchd-mach/run.sh) — expect rc 1
2026-10-03T07:01:09.1016836Z ==> boot test: tests/fake.img
2026-10-03T07:01:09.1027527Z -rw-r--r-- 1 runner runner 0 Oct  3 07:01 tests/fake.img
2026-10-03T07:01:09.1102779Z ==> using KVM acceleration
2026-10-03T07:01:09.1103590Z ==> amd64: qemu-system-x86_64 -machine q35 | firmware 
2026-10-03T07:01:09.1201981Z invalid command name "0-9"
2026-10-03T07:01:09.1202467Z     while executing
2026-10-03T07:01:09.1203090Z "0-9"
2026-10-03T07:01:09.1203409Z     ("for" body line 28)
2026-10-03T07:01:09.1203791Z     invoked from within
2026-10-03T07:01:09.1204183Z "for {set i 0} {$i < $suites} {incr i} {
2026-10-03T07:01:09.1204666Z     set suite [lindex $suite_list $i]
2026-10-03T07:01:09.1205110Z     set suite [esc $suite]
2026-10-03T07:01:09.1205766Z     puts ""
2026-10-03T07:01:09.1206158Z     puts "set timeout \$env(NB_SU..."
2026-10-03T07:01:09.1206835Z     (file "/home/runner/work/nextbsd-ci/nextbsd-ci/manifest/gen-arms.tcl" line 192)
2026-10-03T07:01:09.1207931Z FAIL: arm generation failed (bad manifest?); refusing to boot without arms
2026-10-03T07:01:09.1208602Z SELFTEST OK:   case reboot (rc=1)
2026-10-03T07:01:09.1209835Z ==> case: two-suite (suite: /usr/tests/freebsd-launchd-mach/run.sh /usr/tests/nextbsd-iokit/run.sh) — expect rc 0
2026-10-03T07:01:09.1238352Z ==> boot test: tests/fake.img
2026-10-03T07:01:09.1248618Z -rw-r--r-- 1 runner runner 0 Oct  3 07:01 tests/fake.img
2026-10-03T07:01:09.1321536Z ==> using KVM acceleration
2026-10-03T07:01:09.1322100Z ==> amd64: qemu-system-x86_64 -machine q35 | firmware 
2026-10-03T07:01:09.1418480Z invalid command name "0-9"
2026-10-03T07:01:09.1418934Z     while executing
2026-10-03T07:01:09.1419277Z "0-9"
2026-10-03T07:01:09.1419594Z     ("for" body line 28)
2026-10-03T07:01:09.1420004Z     invoked from within
2026-10-03T07:01:09.1420410Z "for {set i 0} {$i < $suites} {incr i} {
2026-10-03T07:01:09.1420883Z     set suite [lindex $suite_list $i]
2026-10-03T07:01:09.1421307Z     set suite [esc $suite]
2026-10-03T07:01:09.1421546Z     puts ""
2026-10-03T07:01:09.1421757Z     puts "set timeout \$env(NB_SU..."
2026-10-03T07:01:09.1422315Z     (file "/home/runner/work/nextbsd-ci/nextbsd-ci/manifest/gen-arms.tcl" line 192)
2026-10-03T07:01:09.1423445Z FAIL: arm generation failed (bad manifest?); refusing to boot without arms
2026-10-03T07:01:09.1424643Z SELFTEST FAIL: case two-suite — expected rc 0, got 1
2026-10-03T07:01:09.1425273Z ==> SELFTEST FAILED
2026-10-03T07:01:09.1440709Z ##[error]Process completed with exit code 1.
2026-10-03T07:01:09.1575434Z Post job cleanup.
2026-10-03T07:01:09.2452007Z [command]/usr/bin/git version
2026-10-03T07:01:09.2495344Z git version 2.55.0
2026-10-03T07:01:09.2538124Z Temporarily overriding HOME='/home/runner/work/_temp/472166ec-26e5-476a-ae96-7546ff6e2b96' before making global git config changes
2026-10-03T07:01:09.2539796Z Adding repository directory to the temporary git global config as a safe directory
2026-10-03T07:01:09.2544635Z [command]/usr/bin/git config --global --add safe.directory /home/runner/work/nextbsd-ci/nextbsd-ci
2026-10-03T07:01:09.2589672Z [command]/usr/bin/git config --local --name-only --get-regexp core\.sshCommand
2026-10-03T07:01:09.2643645Z [command]/usr/bin/git submodule foreach --recursive sh -c "git config --local --name-only --get-regexp 'core\.sshCommand' && git config --local --unset-all 'core.sshCommand' || :"
2026-10-03T07:01:09.2906577Z [command]/usr/bin/git config --local --name-only --get-regexp http\.https\:\/\/github\.com\/\.extraheader
2026-10-03T07:01:09.2940716Z http.https://github.com/.extraheader
2026-10-03T07:01:09.2954090Z [command]/usr/bin/git config --local --unset-all http.https://github.com/.extraheader
2026-10-03T07:01:09.2997289Z [command]/usr/bin/git submodule foreach --recursive sh -c "git config --local --name-only --get-regexp 'http\.https\:\/\/github\.com\/\.extraheader' && git config --local --unset-all 'http.https://github.com/.extraheader' || :"
2026-10-03T07:01:09.3258048Z [command]/usr/bin/git config --local --name-only --get-regexp ^includeIf\.gitdir:
2026-10-03T07:01:09.3324256Z [command]/usr/bin/git submodule foreach --recursive git config --local --show-origin --name-only --get-regexp remote.origin.url
2026-10-03T07:01:09.3750347Z Cleaning up orphan processes
2026-10-03T07:01:09.4035836Z ##[warning]Node.js 20 is deprecated. The following actions target Node.js 20 but are being forced to run on Node.js 24: actions/checkout@v4. For more information see: https://github.blog/changelog/2025-09-19-deprecation-of-node-20-on-github-actions-runners/
