2026-10-03T07:31:43.4351930Z Current runner version: '2.337.0'
2026-10-03T07:31:43.4380904Z ##[group]Runner Image Provisioner
2026-10-03T07:31:43.4381955Z Hosted Compute Agent
2026-10-03T07:31:43.4382693Z Version: 20260901.588
2026-10-03T07:31:43.4383534Z Commit: f88ec8081b781fac6c440065ac7ff9e710ce3d0b
2026-10-03T07:31:43.4384412Z Build Date: 2026-09-01T19:56:44Z
2026-10-03T07:31:43.4385257Z Worker ID: {a71f5254-1397-47a7-8b2e-379849564960}
2026-10-03T07:31:43.4386113Z Azure Region: eastus
2026-10-03T07:31:43.4386827Z ##[endgroup]
2026-10-03T07:31:43.4388830Z ##[group]Operating System
2026-10-03T07:31:43.4389594Z Ubuntu
2026-10-03T07:31:43.4390325Z 24.04.5
2026-10-03T07:31:43.4390948Z LTS
2026-10-03T07:31:43.4391597Z ##[endgroup]
2026-10-03T07:31:43.4392466Z ##[group]Runner Image
2026-10-03T07:31:43.4393277Z Image: ubuntu-24.04
2026-10-03T07:31:43.4394063Z Version: 20260927.320.1
2026-10-03T07:31:43.4395731Z Included Software: https://github.com/actions/runner-images/blob/ubuntu24/20260927.320/images/ubuntu/Ubuntu2404-Readme.md
2026-10-03T07:31:43.4397720Z Image Release: https://github.com/actions/runner-images/releases/tag/ubuntu24%2F20260927.320
2026-10-03T07:31:43.4399140Z ##[endgroup]
2026-10-03T07:31:43.4400547Z ##[group]GITHUB_TOKEN Permissions
2026-10-03T07:31:43.4402985Z Contents: read
2026-10-03T07:31:43.4403695Z Metadata: read
2026-10-03T07:31:43.4404514Z Packages: read
2026-10-03T07:31:43.4405217Z ##[endgroup]
2026-10-03T07:31:43.4407651Z Secret source: Actions
2026-10-03T07:31:43.4409092Z Cache mode: write
2026-10-03T07:31:43.4409964Z Prepare workflow directory
2026-10-03T07:31:43.4779919Z Prepare all required actions
2026-10-03T07:31:43.4836955Z Getting action download info
2026-10-03T07:31:43.6674704Z Download action repository 'actions/checkout@v4' (SHA:11d5960a326750d5838078e36cf38b85af677262)
2026-10-03T07:31:43.8330367Z Complete job name: selftest (amd64, ubuntu-24.04)
2026-10-03T07:31:43.8950958Z ##[group]Run actions/checkout@v4
2026-10-03T07:31:43.8951621Z with:
2026-10-03T07:31:43.8951984Z   repository: nextbsd/nextbsd-ci
2026-10-03T07:31:43.8955002Z   token: ***
2026-10-03T07:31:43.8955352Z   ssh-strict: true
2026-10-03T07:31:43.8955708Z   ssh-user: git
2026-10-03T07:31:43.8956067Z   persist-credentials: true
2026-10-03T07:31:43.8956458Z   clean: true
2026-10-03T07:31:43.8956815Z   sparse-checkout-cone-mode: true
2026-10-03T07:31:43.8957220Z   fetch-depth: 1
2026-10-03T07:31:43.8957559Z   fetch-tags: false
2026-10-03T07:31:43.8957909Z   show-progress: true
2026-10-03T07:31:43.8958486Z   lfs: false
2026-10-03T07:31:43.8958820Z   submodules: false
2026-10-03T07:31:43.8959181Z   set-safe-directory: true
2026-10-03T07:31:43.8959582Z   allow-unsafe-pr-checkout: false
2026-10-03T07:31:43.8960171Z ##[endgroup]
2026-10-03T07:31:43.9803934Z Syncing repository: nextbsd/nextbsd-ci
2026-10-03T07:31:43.9806038Z ##[group]Getting Git version info
2026-10-03T07:31:43.9807041Z Working directory is '/home/runner/work/nextbsd-ci/nextbsd-ci'
2026-10-03T07:31:43.9808564Z [command]/usr/bin/git version
2026-10-03T07:31:43.9850214Z git version 2.55.0
2026-10-03T07:31:43.9867865Z ##[endgroup]
2026-10-03T07:31:43.9881064Z Temporarily overriding HOME='/home/runner/work/_temp/aba5fe92-45a6-41cf-a203-d1fcd1faae09' before making global git config changes
2026-10-03T07:31:43.9882686Z Adding repository directory to the temporary git global config as a safe directory
2026-10-03T07:31:43.9885822Z [command]/usr/bin/git config --global --add safe.directory /home/runner/work/nextbsd-ci/nextbsd-ci
2026-10-03T07:31:43.9935146Z Deleting the contents of '/home/runner/work/nextbsd-ci/nextbsd-ci'
2026-10-03T07:31:43.9945161Z ##[group]Initializing the repository
2026-10-03T07:31:43.9953845Z [command]/usr/bin/git init /home/runner/work/nextbsd-ci/nextbsd-ci
2026-10-03T07:31:44.0026036Z hint: Using 'master' as the name for the initial branch. This default branch name
2026-10-03T07:31:44.0027775Z hint: will change to "main" in Git 3.0. To configure the initial branch name
2026-10-03T07:31:44.0029189Z hint: to use in all of your new repositories, which will suppress this warning,
2026-10-03T07:31:44.0030462Z hint: call:
2026-10-03T07:31:44.0030967Z hint:
2026-10-03T07:31:44.0031607Z hint: 	git config --global init.defaultBranch <name>
2026-10-03T07:31:44.0032331Z hint:
2026-10-03T07:31:44.0033001Z hint: Names commonly chosen instead of 'master' are 'main', 'trunk' and
2026-10-03T07:31:44.0034112Z hint: 'development'. The just-created branch can be renamed via this command:
2026-10-03T07:31:44.0034975Z hint:
2026-10-03T07:31:44.0035473Z hint: 	git branch -m <name>
2026-10-03T07:31:44.0036054Z hint:
2026-10-03T07:31:44.0036807Z hint: Disable this message with "git config set advice.defaultBranchName false"
2026-10-03T07:31:44.0038002Z Initialized empty Git repository in /home/runner/work/nextbsd-ci/nextbsd-ci/.git/
2026-10-03T07:31:44.0040797Z [command]/usr/bin/git remote add origin https://github.com/nextbsd/nextbsd-ci
2026-10-03T07:31:44.0087546Z ##[endgroup]
2026-10-03T07:31:44.0088735Z ##[group]Disabling automatic garbage collection
2026-10-03T07:31:44.0091326Z [command]/usr/bin/git config --local gc.auto 0
2026-10-03T07:31:44.0120938Z ##[endgroup]
2026-10-03T07:31:44.0121949Z ##[group]Setting up auth
2026-10-03T07:31:44.0127680Z [command]/usr/bin/git config --local --name-only --get-regexp core\.sshCommand
2026-10-03T07:31:44.0158895Z [command]/usr/bin/git submodule foreach --recursive sh -c "git config --local --name-only --get-regexp 'core\.sshCommand' && git config --local --unset-all 'core.sshCommand' || :"
2026-10-03T07:31:44.0459792Z [command]/usr/bin/git config --local --name-only --get-regexp http\.https\:\/\/github\.com\/\.extraheader
2026-10-03T07:31:44.0494032Z [command]/usr/bin/git submodule foreach --recursive sh -c "git config --local --name-only --get-regexp 'http\.https\:\/\/github\.com\/\.extraheader' && git config --local --unset-all 'http.https://github.com/.extraheader' || :"
2026-10-03T07:31:44.0700422Z [command]/usr/bin/git config --local --name-only --get-regexp ^includeIf\.gitdir:
2026-10-03T07:31:44.0733902Z [command]/usr/bin/git submodule foreach --recursive git config --local --show-origin --name-only --get-regexp remote.origin.url
2026-10-03T07:31:44.0933317Z [command]/usr/bin/git config --local http.https://github.com/.extraheader AUTHORIZATION: basic ***
2026-10-03T07:31:44.1048871Z ##[endgroup]
2026-10-03T07:31:44.1049579Z ##[group]Fetching the repository
2026-10-03T07:31:44.1057015Z [command]/usr/bin/git -c protocol.version=2 fetch --no-tags --prune --no-recurse-submodules --depth=1 origin +05fac59dec60eeb53f1a8d41c7e50619eb8cbd53:refs/remotes/pull/9/merge
2026-10-03T07:31:44.3043956Z From https://github.com/nextbsd/nextbsd-ci
2026-10-03T07:31:44.3045569Z  * [new ref]         05fac59dec60eeb53f1a8d41c7e50619eb8cbd53 -> pull/9/merge
2026-10-03T07:31:44.3048592Z ##[endgroup]
2026-10-03T07:31:44.3049512Z ##[group]Determining the checkout info
2026-10-03T07:31:44.3050540Z ##[endgroup]
2026-10-03T07:31:44.3053758Z [command]/usr/bin/git sparse-checkout disable
2026-10-03T07:31:44.3105436Z [command]/usr/bin/git config --local --unset-all extensions.worktreeConfig
2026-10-03T07:31:44.3134768Z ##[group]Checking out the ref
2026-10-03T07:31:44.3137517Z [command]/usr/bin/git checkout --progress --force refs/remotes/pull/9/merge
2026-10-03T07:31:44.3197127Z Note: switching to 'refs/remotes/pull/9/merge'.
2026-10-03T07:31:44.3198915Z 
2026-10-03T07:31:44.3199722Z You are in 'detached HEAD' state. You can look around, make experimental
2026-10-03T07:31:44.3201650Z changes and commit them, and you can discard any commits you make in this
2026-10-03T07:31:44.3203437Z state without impacting any branches by switching back to a branch.
2026-10-03T07:31:44.3204224Z 
2026-10-03T07:31:44.3204844Z If you want to create a new branch to retain commits you create, you may
2026-10-03T07:31:44.3206091Z do so (now or later) by using -c with the switch command. Example:
2026-10-03T07:31:44.3206754Z 
2026-10-03T07:31:44.3207126Z   git switch -c <new-branch-name>
2026-10-03T07:31:44.3207600Z 
2026-10-03T07:31:44.3207910Z Or undo this operation with:
2026-10-03T07:31:44.3208576Z 
2026-10-03T07:31:44.3209267Z   git switch -
2026-10-03T07:31:44.3209725Z 
2026-10-03T07:31:44.3210411Z Turn off this advice by setting config variable advice.detachedHead to false
2026-10-03T07:31:44.3211356Z 
2026-10-03T07:31:44.3212390Z HEAD is now at 05fac59 Merge 6d4a29c55712062d2112b8ffe9ab05323412c922 into bae13410f0ff570b952d51053ed0c462272008b7
2026-10-03T07:31:44.3216028Z ##[endgroup]
2026-10-03T07:31:44.3245146Z [command]/usr/bin/git log -1 --format=%H
2026-10-03T07:31:44.3269509Z 05fac59dec60eeb53f1a8d41c7e50619eb8cbd53
2026-10-03T07:31:44.3494231Z ##[group]Run sudo apt-get update && sudo apt-get install -y expect shellcheck
2026-10-03T07:31:44.3495990Z [36;1msudo apt-get update && sudo apt-get install -y expect shellcheck[0m
2026-10-03T07:31:44.3702024Z shell: /usr/bin/bash -e {0}
2026-10-03T07:31:44.3702962Z ##[endgroup]
2026-10-03T07:31:44.4468566Z Get:1 file:/etc/apt/apt-mirrors.txt Mirrorlist [144 B]
2026-10-03T07:31:44.4877323Z Hit:2 http://azure.archive.ubuntu.com/ubuntu noble InRelease
2026-10-03T07:31:44.4882763Z Get:3 http://azure.archive.ubuntu.com/ubuntu noble-updates InRelease [126 kB]
2026-10-03T07:31:44.4900359Z Get:6 https://packages.microsoft.com/ubuntu/24.04/prod noble InRelease [3600 B]
2026-10-03T07:31:44.4942723Z Get:4 http://azure.archive.ubuntu.com/ubuntu noble-backports InRelease [126 kB]
2026-10-03T07:31:44.4976080Z Get:5 http://azure.archive.ubuntu.com/ubuntu noble-security InRelease [126 kB]
2026-10-03T07:31:44.5959680Z Get:7 https://packages.microsoft.com/ubuntu/24.04/prod noble/main amd64 Packages [511 kB]
2026-10-03T07:31:44.6101633Z Get:8 https://packages.microsoft.com/ubuntu/24.04/prod noble/main armhf Packages [12.6 kB]
2026-10-03T07:31:44.6124474Z Get:9 https://packages.microsoft.com/ubuntu/24.04/prod noble/main arm64 Packages [458 kB]
2026-10-03T07:31:44.6435775Z Get:10 http://azure.archive.ubuntu.com/ubuntu noble-updates/main amd64 Packages [1364 kB]
2026-10-03T07:31:44.6590911Z Get:11 http://azure.archive.ubuntu.com/ubuntu noble-updates/main Translation-en [304 kB]
2026-10-03T07:31:44.6647418Z Get:12 http://azure.archive.ubuntu.com/ubuntu noble-updates/main amd64 Components [180 kB]
2026-10-03T07:31:44.6675301Z Get:13 http://azure.archive.ubuntu.com/ubuntu noble-updates/universe amd64 Packages [1699 kB]
2026-10-03T07:31:44.6791076Z Get:14 http://azure.archive.ubuntu.com/ubuntu noble-updates/universe Translation-en [341 kB]
2026-10-03T07:31:44.6802316Z Get:15 http://azure.archive.ubuntu.com/ubuntu noble-updates/universe amd64 Components [388 kB]
2026-10-03T07:31:44.6832418Z Get:16 http://azure.archive.ubuntu.com/ubuntu noble-updates/restricted amd64 Packages [1720 kB]
2026-10-03T07:31:44.6951096Z Get:17 http://azure.archive.ubuntu.com/ubuntu noble-updates/restricted Translation-en [394 kB]
2026-10-03T07:31:44.6954248Z Get:18 http://azure.archive.ubuntu.com/ubuntu noble-updates/multiverse amd64 Components [940 B]
2026-10-03T07:31:44.6966535Z Get:19 http://azure.archive.ubuntu.com/ubuntu noble-backports/main amd64 Components [5764 B]
2026-10-03T07:31:44.7410305Z Get:20 http://azure.archive.ubuntu.com/ubuntu noble-backports/universe amd64 Components [12.6 kB]
2026-10-03T07:31:44.7600272Z Get:21 http://azure.archive.ubuntu.com/ubuntu noble-security/main amd64 Packages [1069 kB]
2026-10-03T07:31:44.7660022Z Get:22 http://azure.archive.ubuntu.com/ubuntu noble-security/main Translation-en [221 kB]
2026-10-03T07:31:44.7675858Z Get:23 http://azure.archive.ubuntu.com/ubuntu noble-security/main amd64 Components [46.3 kB]
2026-10-03T07:31:44.7719399Z Get:24 http://azure.archive.ubuntu.com/ubuntu noble-security/universe amd64 Packages [1216 kB]
2026-10-03T07:31:44.7764181Z Get:25 http://azure.archive.ubuntu.com/ubuntu noble-security/universe Translation-en [244 kB]
2026-10-03T07:31:44.7773624Z Get:26 http://azure.archive.ubuntu.com/ubuntu noble-security/universe amd64 Components [76.3 kB]
2026-10-03T07:31:44.7791035Z Get:27 http://azure.archive.ubuntu.com/ubuntu noble-security/restricted amd64 Packages [1566 kB]
2026-10-03T07:31:44.7877974Z Get:28 http://azure.archive.ubuntu.com/ubuntu noble-security/restricted Translation-en [361 kB]
2026-10-03T07:31:53.5945341Z Fetched 12.6 MB in 1s (10.7 MB/s)
2026-10-03T07:31:54.3052079Z Reading package lists...
2026-10-03T07:31:54.3316690Z Reading package lists...
2026-10-03T07:31:54.5302490Z Building dependency tree...
2026-10-03T07:31:54.5309067Z Reading state information...
2026-10-03T07:31:54.7042746Z shellcheck is already the newest version (0.9.0-1).
2026-10-03T07:31:54.7043380Z The following NEW packages will be installed:
2026-10-03T07:31:54.7050982Z   expect tcl-expect
2026-10-03T07:31:54.7210915Z 0 upgraded, 2 newly installed, 0 to remove and 25 not upgraded.
2026-10-03T07:31:54.7211372Z Need to get 247 kB of archives.
2026-10-03T07:31:54.7211751Z After this operation, 538 kB of additional disk space will be used.
2026-10-03T07:31:54.7212184Z Get:1 file:/etc/apt/apt-mirrors.txt Mirrorlist [144 B]
2026-10-03T07:31:54.8199427Z Get:2 http://azure.archive.ubuntu.com/ubuntu noble/universe amd64 tcl-expect amd64 5.45.4-3 [110 kB]
2026-10-03T07:31:54.9061539Z Get:3 http://azure.archive.ubuntu.com/ubuntu noble/universe amd64 expect amd64 5.45.4-3 [137 kB]
2026-10-03T07:31:55.1784162Z Fetched 247 kB in 0s (1255 kB/s)
2026-10-03T07:31:55.2765103Z Selecting previously unselected package tcl-expect:amd64.
2026-10-03T07:31:55.2955928Z (Reading database ... 
2026-10-03T07:31:55.2956456Z (Reading database ... 5%
2026-10-03T07:31:55.2957213Z (Reading database ... 10%
2026-10-03T07:31:55.2957592Z (Reading database ... 15%
2026-10-03T07:31:55.2958342Z (Reading database ... 20%
2026-10-03T07:31:55.2958616Z (Reading database ... 25%
2026-10-03T07:31:55.2959009Z (Reading database ... 30%
2026-10-03T07:31:55.2959409Z (Reading database ... 35%
2026-10-03T07:31:55.2959781Z (Reading database ... 40%
2026-10-03T07:31:55.2960087Z (Reading database ... 45%
2026-10-03T07:31:55.2960273Z (Reading database ... 50%
2026-10-03T07:31:55.2995148Z (Reading database ... 55%
2026-10-03T07:31:55.4286919Z (Reading database ... 60%
2026-10-03T07:31:55.5752257Z (Reading database ... 65%
2026-10-03T07:31:55.7809407Z (Reading database ... 70%
2026-10-03T07:31:56.5136796Z (Reading database ... 75%
2026-10-03T07:31:56.9596438Z (Reading database ... 80%
2026-10-03T07:31:57.0824261Z (Reading database ... 85%
2026-10-03T07:31:57.1883182Z (Reading database ... 90%
2026-10-03T07:31:57.3654299Z (Reading database ... 95%
2026-10-03T07:31:57.3654657Z (Reading database ... 100%
2026-10-03T07:31:57.3729865Z (Reading database ... 202296 files and directories currently installed.)
2026-10-03T07:31:57.3730747Z Preparing to unpack .../tcl-expect_5.45.4-3_amd64.deb ...
2026-10-03T07:31:57.3817296Z Unpacking tcl-expect:amd64 (5.45.4-3) ...
2026-10-03T07:31:57.4018563Z Selecting previously unselected package expect.
2026-10-03T07:31:57.4131589Z Preparing to unpack .../expect_5.45.4-3_amd64.deb ...
2026-10-03T07:31:57.4139753Z Unpacking expect (5.45.4-3) ...
2026-10-03T07:31:57.4611321Z Setting up tcl-expect:amd64 (5.45.4-3) ...
2026-10-03T07:31:57.4629430Z Setting up expect (5.45.4-3) ...
2026-10-03T07:31:57.4647464Z Processing triggers for man-db (2.12.0-4build2) ...
2026-10-03T07:31:57.4664587Z Not building database; man-db/auto-update is not 'true'.
2026-10-03T07:31:57.4673921Z Processing triggers for libc-bin (2.39-0ubuntu8.9) ...
2026-10-03T07:31:59.0977858Z 
2026-10-03T07:31:59.0978421Z Running kernel seems to be up-to-date.
2026-10-03T07:31:59.0978693Z 
2026-10-03T07:31:59.0978814Z No services need to be restarted.
2026-10-03T07:31:59.0979000Z 
2026-10-03T07:31:59.0979110Z No containers need to be restarted.
2026-10-03T07:31:59.0979343Z 
2026-10-03T07:31:59.0979486Z No user sessions are running outdated binaries.
2026-10-03T07:31:59.0979746Z 
2026-10-03T07:31:59.0980130Z No VM guests are running outdated hypervisor (qemu) binaries on this host.
2026-10-03T07:32:00.1002687Z ##[group]Run fail=0
2026-10-03T07:32:00.1002907Z [36;1mfail=0[0m
2026-10-03T07:32:00.1003172Z [36;1mfor f in $(find harness manifest selftest -name '*.sh' -type f); do[0m
2026-10-03T07:32:00.1003510Z [36;1m  sh -n "$f" || { echo "sh -n failed: $f"; fail=1; }[0m
2026-10-03T07:32:00.1003925Z [36;1mdone[0m
2026-10-03T07:32:00.1004092Z [36;1mexit $fail[0m
2026-10-03T07:32:00.1064419Z shell: /usr/bin/bash -e {0}
2026-10-03T07:32:00.1064654Z ##[endgroup]
2026-10-03T07:32:00.1222412Z ##[group]Run find harness manifest selftest -name '*.sh' -type f -print0 | xargs -0 -r shellcheck -x
2026-10-03T07:32:00.1222986Z [36;1mfind harness manifest selftest -name '*.sh' -type f -print0 | xargs -0 -r shellcheck -x[0m
2026-10-03T07:32:00.1281216Z shell: /usr/bin/bash -e {0}
2026-10-03T07:32:00.1281451Z ##[endgroup]
2026-10-03T07:32:00.6997889Z ##[group]Run sh manifest/validate.sh \
2026-10-03T07:32:00.6998372Z [36;1msh manifest/validate.sh \[0m
2026-10-03T07:32:00.6998591Z [36;1m  manifest/markers.tsv \[0m
2026-10-03T07:32:00.6998813Z [36;1m  manifest/overlay-nextbsd.tsv \[0m
2026-10-03T07:32:00.6999071Z [36;1m  manifest/overlay-nextbsd-userland.tsv \[0m
2026-10-03T07:32:00.6999332Z [36;1m  manifest/overlay-nextbsd-kernel.tsv[0m
2026-10-03T07:32:00.7056403Z shell: /usr/bin/bash -e {0}
2026-10-03T07:32:00.7056630Z ##[endgroup]
2026-10-03T07:32:00.7172366Z manifest/markers.tsv: 93 markers OK
2026-10-03T07:32:00.7188000Z manifest/overlay-nextbsd.tsv:  markers OK
2026-10-03T07:32:00.7203529Z manifest/overlay-nextbsd-userland.tsv:  markers OK
2026-10-03T07:32:00.7218901Z manifest/overlay-nextbsd-kernel.tsv:  markers OK
2026-10-03T07:32:00.7286235Z ##[group]Run sh selftest/run-selftest.sh
2026-10-03T07:32:00.7286524Z [36;1msh selftest/run-selftest.sh[0m
2026-10-03T07:32:00.7343120Z shell: /usr/bin/bash -e {0}
2026-10-03T07:32:00.7343337Z env:
2026-10-03T07:32:00.7343506Z   ARCH: amd64
2026-10-03T07:32:00.7343674Z ##[endgroup]
2026-10-03T07:32:00.7438202Z ==> golden: the shared patterns against production stream shapes
2026-10-03T07:32:00.7710029Z OK   loader: EDK2 autoboot countdown
2026-10-03T07:32:00.7710481Z OK   loader: UEFI self-ID (FreeBSD brand)
2026-10-03T07:32:00.7710863Z OK   loader: UEFI self-ID (NextBSD brand)
2026-10-03T07:32:00.7711233Z OK   loader: leaving the prompt to boot
2026-10-03T07:32:00.7711623Z OK   loader: kernel entry marker
2026-10-03T07:32:00.7712057Z OK   banner: synthesized hostname (amd64)
2026-10-03T07:32:00.7712417Z OK   banner: synthesized hostname (arm64)
2026-10-03T07:32:00.7712776Z OK   banner: the Amnesiac race-loser
2026-10-03T07:32:00.7713578Z OK   banner: the early-init sethostname line
2026-10-03T07:32:00.7714113Z OK   login: login(1) session message
2026-10-03T07:32:00.7714448Z OK   login: zsh prompt
2026-10-03T07:32:00.7714753Z OK   panic: page fault
2026-10-03T07:32:00.7715041Z OK   panic: data abort (arm64)
2026-10-03T07:32:00.7715966Z OK   teardown: shutdown progress
2026-10-03T07:32:00.7716288Z OK   teardown: syncing
2026-10-03T07:32:00.7716572Z OK   teardown: buffers synced
2026-10-03T07:32:00.7716876Z OK   teardown: uptime
2026-10-03T07:32:00.7717149Z OK   teardown: poweroff
2026-10-03T07:32:00.7718749Z OK   teardown: reboot (the wrong outcome)
2026-10-03T07:32:00.7719377Z OK   sentinel: summary line
2026-10-03T07:32:00.7719588Z 
2026-10-03T07:32:00.7719759Z golden: all patterns match the production stream shapes
2026-10-03T07:32:00.7723914Z ==> manifest: schema
2026-10-03T07:32:00.7763282Z /home/runner/work/nextbsd-ci/nextbsd-ci/manifest/markers.tsv: 93 markers OK
2026-10-03T07:32:00.7780201Z /home/runner/work/nextbsd-ci/nextbsd-ci/manifest/overlay-nextbsd.tsv:  markers OK
2026-10-03T07:32:00.7795567Z /home/runner/work/nextbsd-ci/nextbsd-ci/manifest/overlay-nextbsd-userland.tsv:  markers OK
2026-10-03T07:32:00.7810906Z /home/runner/work/nextbsd-ci/nextbsd-ci/manifest/overlay-nextbsd-kernel.tsv:  markers OK
2026-10-03T07:32:00.7836337Z ==> harness vs mock guest (arch=amd64)
2026-10-03T07:32:00.8283416Z     plan: 94 markers
2026-10-03T07:32:00.8284181Z ==> case: ok (suite: /usr/tests/freebsd-launchd-mach/run.sh) — expect rc 0
2026-10-03T07:32:00.8311304Z ==> boot test: tests/fake.img
2026-10-03T07:32:00.8320672Z -rw-r--r-- 1 runner runner 0 Oct  3 07:32 tests/fake.img
2026-10-03T07:32:00.8385125Z ==> using KVM acceleration
2026-10-03T07:32:00.8385892Z ==> amd64: qemu-system-x86_64 -machine q35 | firmware 
2026-10-03T07:32:00.8536810Z spawn tclsh /home/runner/work/nextbsd-ci/nextbsd-ci/selftest/mock-guest.tcl
2026-10-03T07:32:00.8582426Z FreeBSD/amd64 EFI loader, Revision 3.0
2026-10-03T07:32:00.8582725Z 
2026-10-03T07:32:00.8582730Z 
2026-10-03T07:32:00.8582903Z Loading /boot/loader.conf
2026-10-03T07:32:00.8583069Z 
2026-10-03T07:32:00.8583072Z 
2026-10-03T07:32:00.8583225Z Hit [Enter] to boot immediately, or any other key for command prompt.
2026-10-03T07:32:00.8583461Z 
2026-10-03T07:32:00.8583464Z 
2026-10-03T07:32:30.8584169Z 
2026-10-03T07:32:30.8584781Z FAIL: boot banner not seen within 8 minutes
2026-10-03T07:32:30.8615639Z no NEXTBSD-TEST-SUMMARY in tests/boot.log
2026-10-03T07:32:30.8616671Z ==> boot-test FAILED rc=2 (arch=amd64 suite=/usr/tests/freebsd-launchd-mach/run.sh)
2026-10-03T07:32:30.8617214Z     serial transcript: tests/boot.log
2026-10-03T07:32:30.8618810Z SELFTEST FAIL: case ok — expected rc 0, got 2
2026-10-03T07:32:30.8620761Z ==> case: fail (suite: /usr/tests/freebsd-launchd-mach/run.sh) — expect rc 1
2026-10-03T07:32:30.8645665Z ==> boot test: tests/fake.img
2026-10-03T07:32:30.8654586Z -rw-r--r-- 1 runner runner 0 Oct  3 07:32 tests/fake.img
2026-10-03T07:32:30.8719224Z ==> using KVM acceleration
2026-10-03T07:32:30.8720032Z ==> amd64: qemu-system-x86_64 -machine q35 | firmware 
2026-10-03T07:32:30.8865251Z spawn tclsh /home/runner/work/nextbsd-ci/nextbsd-ci/selftest/mock-guest.tcl
2026-10-03T07:32:30.8903586Z FreeBSD/amd64 EFI loader, Revision 3.0
2026-10-03T07:32:30.8903840Z 
2026-10-03T07:32:30.8903846Z 
2026-10-03T07:32:30.8903945Z Loading /boot/loader.conf
2026-10-03T07:32:30.8904064Z 
2026-10-03T07:32:30.8904068Z 
2026-10-03T07:32:30.8904232Z Hit [Enter] to boot immediately, or any other key for command prompt.
2026-10-03T07:32:30.8904460Z 
2026-10-03T07:32:30.8904463Z 
2026-10-03T07:33:00.8906206Z 
2026-10-03T07:33:00.8935467Z FAIL: boot banner not seen within 8 minutes
2026-10-03T07:33:00.8935908Z no NEXTBSD-TEST-SUMMARY in tests/boot.log
2026-10-03T07:33:00.8936296Z ==> boot-test FAILED rc=2 (arch=amd64 suite=/usr/tests/freebsd-launchd-mach/run.sh)
2026-10-03T07:33:00.8936704Z     serial transcript: tests/boot.log
2026-10-03T07:33:00.8937604Z SELFTEST FAIL: case fail — expected rc 1, got 2
2026-10-03T07:33:00.8938170Z ==> case: nosummary (suite: /usr/tests/freebsd-launchd-mach/run.sh) — expect rc 2
2026-10-03T07:33:00.8965731Z ==> boot test: tests/fake.img
2026-10-03T07:33:00.8974946Z -rw-r--r-- 1 runner runner 0 Oct  3 07:32 tests/fake.img
2026-10-03T07:33:00.9039277Z ==> using KVM acceleration
2026-10-03T07:33:00.9039658Z ==> amd64: qemu-system-x86_64 -machine q35 | firmware 
2026-10-03T07:33:00.9188020Z spawn tclsh /home/runner/work/nextbsd-ci/nextbsd-ci/selftest/mock-guest.tcl
2026-10-03T07:33:00.9226881Z FreeBSD/amd64 EFI loader, Revision 3.0
2026-10-03T07:33:00.9227086Z 
2026-10-03T07:33:00.9227091Z 
2026-10-03T07:33:00.9227184Z Loading /boot/loader.conf
2026-10-03T07:33:00.9227314Z 
2026-10-03T07:33:00.9227351Z 
2026-10-03T07:33:00.9227509Z Hit [Enter] to boot immediately, or any other key for command prompt.
2026-10-03T07:33:00.9227724Z 
2026-10-03T07:33:00.9227726Z 
2026-10-03T07:33:30.9228987Z 
2026-10-03T07:33:30.9229501Z FAIL: boot banner not seen within 8 minutes
2026-10-03T07:33:30.9257121Z no NEXTBSD-TEST-SUMMARY in tests/boot.log
2026-10-03T07:33:30.9257977Z ==> boot-test FAILED rc=2 (arch=amd64 suite=/usr/tests/freebsd-launchd-mach/run.sh)
2026-10-03T07:33:30.9258555Z     serial transcript: tests/boot.log
2026-10-03T07:33:30.9259495Z SELFTEST OK:   case nosummary (rc=2)
2026-10-03T07:33:30.9260143Z ==> case: deadend (suite: /usr/tests/freebsd-launchd-mach/run.sh) — expect rc 2
2026-10-03T07:33:30.9286397Z ==> boot test: tests/fake.img
2026-10-03T07:33:30.9295328Z -rw-r--r-- 1 runner runner 0 Oct  3 07:32 tests/fake.img
2026-10-03T07:33:30.9360023Z ==> using KVM acceleration
2026-10-03T07:33:30.9360312Z ==> amd64: qemu-system-x86_64 -machine q35 | firmware 
2026-10-03T07:33:30.9511096Z spawn tclsh /home/runner/work/nextbsd-ci/nextbsd-ci/selftest/mock-guest.tcl
2026-10-03T07:33:30.9551396Z FreeBSD/amd64 EFI loader, Revision 3.0
2026-10-03T07:33:30.9551582Z 
2026-10-03T07:33:30.9551587Z 
2026-10-03T07:33:30.9551672Z Loading /boot/loader.conf
2026-10-03T07:33:30.9551799Z 
2026-10-03T07:33:30.9551802Z 
2026-10-03T07:33:30.9551976Z Hit [Enter] to boot immediately, or any other key for command prompt.
2026-10-03T07:33:30.9552192Z 
2026-10-03T07:33:30.9552194Z 
2026-10-03T07:34:00.9553770Z 
2026-10-03T07:34:00.9554395Z FAIL: boot banner not seen within 8 minutes
2026-10-03T07:34:00.9581341Z no NEXTBSD-TEST-SUMMARY in tests/boot.log
2026-10-03T07:34:00.9582278Z ==> boot-test FAILED rc=2 (arch=amd64 suite=/usr/tests/freebsd-launchd-mach/run.sh)
2026-10-03T07:34:00.9582641Z     serial transcript: tests/boot.log
2026-10-03T07:34:00.9583686Z SELFTEST OK:   case deadend (rc=2)
2026-10-03T07:34:00.9584479Z ==> case: reboot (suite: /usr/tests/freebsd-launchd-mach/run.sh) — expect rc 1
2026-10-03T07:34:00.9612295Z ==> boot test: tests/fake.img
2026-10-03T07:34:00.9621338Z -rw-r--r-- 1 runner runner 0 Oct  3 07:32 tests/fake.img
2026-10-03T07:34:00.9688329Z ==> using KVM acceleration
2026-10-03T07:34:00.9688737Z ==> amd64: qemu-system-x86_64 -machine q35 | firmware 
2026-10-03T07:34:00.9842547Z spawn tclsh /home/runner/work/nextbsd-ci/nextbsd-ci/selftest/mock-guest.tcl
2026-10-03T07:34:00.9882039Z FreeBSD/amd64 EFI loader, Revision 3.0
2026-10-03T07:34:00.9882236Z 
2026-10-03T07:34:00.9882240Z 
2026-10-03T07:34:00.9882322Z Loading /boot/loader.conf
2026-10-03T07:34:00.9882456Z 
2026-10-03T07:34:00.9882458Z 
2026-10-03T07:34:00.9882614Z Hit [Enter] to boot immediately, or any other key for command prompt.
2026-10-03T07:34:00.9882847Z 
2026-10-03T07:34:00.9882849Z 
2026-10-03T07:34:30.9884256Z 
2026-10-03T07:34:30.9884768Z FAIL: boot banner not seen within 8 minutes
2026-10-03T07:34:30.9912113Z no NEXTBSD-TEST-SUMMARY in tests/boot.log
2026-10-03T07:34:30.9913088Z ==> boot-test FAILED rc=2 (arch=amd64 suite=/usr/tests/freebsd-launchd-mach/run.sh)
2026-10-03T07:34:30.9913800Z     serial transcript: tests/boot.log
2026-10-03T07:34:30.9914637Z SELFTEST FAIL: case reboot — expected rc 1, got 2
2026-10-03T07:34:30.9915322Z ==> case: two-suite (suite: /usr/tests/freebsd-launchd-mach/run.sh /usr/tests/nextbsd-iokit/run.sh) — expect rc 0
2026-10-03T07:34:30.9940608Z ==> boot test: tests/fake.img
2026-10-03T07:34:30.9950158Z -rw-r--r-- 1 runner runner 0 Oct  3 07:32 tests/fake.img
2026-10-03T07:34:31.0014319Z ==> using KVM acceleration
2026-10-03T07:34:31.0014596Z ==> amd64: qemu-system-x86_64 -machine q35 | firmware 
2026-10-03T07:34:31.0172163Z spawn tclsh /home/runner/work/nextbsd-ci/nextbsd-ci/selftest/mock-guest.tcl
2026-10-03T07:34:31.0210529Z FreeBSD/amd64 EFI loader, Revision 3.0
2026-10-03T07:34:31.0210745Z 
2026-10-03T07:34:31.0210749Z 
2026-10-03T07:34:31.0210832Z Loading /boot/loader.conf
2026-10-03T07:34:31.0210968Z 
2026-10-03T07:34:31.0210971Z 
2026-10-03T07:34:31.0211127Z Hit [Enter] to boot immediately, or any other key for command prompt.
2026-10-03T07:34:31.0211366Z 
2026-10-03T07:34:31.0211368Z 
2026-10-03T07:35:01.0212481Z 
2026-10-03T07:35:01.0213075Z FAIL: boot banner not seen within 8 minutes
2026-10-03T07:35:01.0240691Z no NEXTBSD-TEST-SUMMARY in tests/boot.log
2026-10-03T07:35:01.0241835Z ==> boot-test FAILED rc=2 (arch=amd64 suite=/usr/tests/freebsd-launchd-mach/run.sh /usr/tests/nextbsd-iokit/run.sh)
2026-10-03T07:35:01.0242496Z     serial transcript: tests/boot.log
2026-10-03T07:35:01.0243418Z SELFTEST FAIL: case two-suite — expected rc 0, got 2
2026-10-03T07:35:01.0243692Z ==> SELFTEST FAILED
2026-10-03T07:35:01.0258614Z ##[error]Process completed with exit code 1.
2026-10-03T07:35:01.0362021Z Post job cleanup.
2026-10-03T07:35:01.1096455Z [command]/usr/bin/git version
2026-10-03T07:35:01.1135657Z git version 2.55.0
2026-10-03T07:35:01.1165781Z Temporarily overriding HOME='/home/runner/work/_temp/85ee432b-12db-4b1b-9f2f-3c05a7a8df5a' before making global git config changes
2026-10-03T07:35:01.1167067Z Adding repository directory to the temporary git global config as a safe directory
2026-10-03T07:35:01.1171536Z [command]/usr/bin/git config --global --add safe.directory /home/runner/work/nextbsd-ci/nextbsd-ci
2026-10-03T07:35:01.1210003Z [command]/usr/bin/git config --local --name-only --get-regexp core\.sshCommand
2026-10-03T07:35:01.1242733Z [command]/usr/bin/git submodule foreach --recursive sh -c "git config --local --name-only --get-regexp 'core\.sshCommand' && git config --local --unset-all 'core.sshCommand' || :"
2026-10-03T07:35:01.1457461Z [command]/usr/bin/git config --local --name-only --get-regexp http\.https\:\/\/github\.com\/\.extraheader
2026-10-03T07:35:01.1480316Z http.https://github.com/.extraheader
2026-10-03T07:35:01.1489304Z [command]/usr/bin/git config --local --unset-all http.https://github.com/.extraheader
2026-10-03T07:35:01.1519102Z [command]/usr/bin/git submodule foreach --recursive sh -c "git config --local --name-only --get-regexp 'http\.https\:\/\/github\.com\/\.extraheader' && git config --local --unset-all 'http.https://github.com/.extraheader' || :"
2026-10-03T07:35:01.1749617Z [command]/usr/bin/git config --local --name-only --get-regexp ^includeIf\.gitdir:
2026-10-03T07:35:01.1786400Z [command]/usr/bin/git submodule foreach --recursive git config --local --show-origin --name-only --get-regexp remote.origin.url
2026-10-03T07:35:01.2146046Z Cleaning up orphan processes
2026-10-03T07:35:01.2388217Z ##[warning]Node.js 20 is deprecated. The following actions target Node.js 20 but are being forced to run on Node.js 24: actions/checkout@v4. For more information see: https://github.blog/changelog/2025-09-19-deprecation-of-node-20-on-github-actions-runners/
