2026-10-03T08:02:01.4857770Z Current runner version: '2.337.0'
2026-10-03T08:02:01.4879516Z ##[group]Runner Image Provisioner
2026-10-03T08:02:01.4880247Z Hosted Compute Agent
2026-10-03T08:02:01.4880884Z Version: 20260901.588
2026-10-03T08:02:01.4881435Z Commit: f88ec8081b781fac6c440065ac7ff9e710ce3d0b
2026-10-03T08:02:01.4882083Z Build Date: 2026-09-01T19:56:44Z
2026-10-03T08:02:01.4882693Z Worker ID: {d99b4ce4-19ec-4d27-9afc-27297d1da836}
2026-10-03T08:02:01.4883319Z Azure Region: westus3
2026-10-03T08:02:01.4883921Z ##[endgroup]
2026-10-03T08:02:01.4885193Z ##[group]Operating System
2026-10-03T08:02:01.4885789Z Ubuntu
2026-10-03T08:02:01.4886266Z 24.04.5
2026-10-03T08:02:01.4886749Z LTS
2026-10-03T08:02:01.4887284Z ##[endgroup]
2026-10-03T08:02:01.4887776Z ##[group]Runner Image
2026-10-03T08:02:01.4888276Z Image: ubuntu-24.04
2026-10-03T08:02:01.4888832Z Version: 20260927.320.1
2026-10-03T08:02:01.4889897Z Included Software: https://github.com/actions/runner-images/blob/ubuntu24/20260927.320/images/ubuntu/Ubuntu2404-Readme.md
2026-10-03T08:02:01.4891273Z Image Release: https://github.com/actions/runner-images/releases/tag/ubuntu24%2F20260927.320
2026-10-03T08:02:01.4892109Z ##[endgroup]
2026-10-03T08:02:01.4893229Z ##[group]GITHUB_TOKEN Permissions
2026-10-03T08:02:01.4894791Z Contents: read
2026-10-03T08:02:01.4895651Z Metadata: read
2026-10-03T08:02:01.4896148Z Packages: read
2026-10-03T08:02:01.4896680Z ##[endgroup]
2026-10-03T08:02:01.4898510Z Secret source: Actions
2026-10-03T08:02:01.4899416Z Cache mode: write
2026-10-03T08:02:01.4900071Z Prepare workflow directory
2026-10-03T08:02:01.5181814Z Prepare all required actions
2026-10-03T08:02:01.5238660Z Getting action download info
2026-10-03T08:02:01.8255601Z Download action repository 'actions/checkout@v4' (SHA:11d5960a326750d5838078e36cf38b85af677262)
2026-10-03T08:02:01.9889905Z Complete job name: selftest (amd64, ubuntu-24.04)
2026-10-03T08:02:02.0517329Z ##[group]Run actions/checkout@v4
2026-10-03T08:02:02.0517989Z with:
2026-10-03T08:02:02.0518349Z   repository: nextbsd/nextbsd-ci
2026-10-03T08:02:02.0521433Z   token: ***
2026-10-03T08:02:02.0521782Z   ssh-strict: true
2026-10-03T08:02:02.0522135Z   ssh-user: git
2026-10-03T08:02:02.0522496Z   persist-credentials: true
2026-10-03T08:02:02.0522904Z   clean: true
2026-10-03T08:02:02.0523265Z   sparse-checkout-cone-mode: true
2026-10-03T08:02:02.0523683Z   fetch-depth: 1
2026-10-03T08:02:02.0524027Z   fetch-tags: false
2026-10-03T08:02:02.0524382Z   show-progress: true
2026-10-03T08:02:02.0524738Z   lfs: false
2026-10-03T08:02:02.0525233Z   submodules: false
2026-10-03T08:02:02.0525599Z   set-safe-directory: true
2026-10-03T08:02:02.0526008Z   allow-unsafe-pr-checkout: false
2026-10-03T08:02:02.0526558Z ##[endgroup]
2026-10-03T08:02:02.1365395Z Syncing repository: nextbsd/nextbsd-ci
2026-10-03T08:02:02.1367542Z ##[group]Getting Git version info
2026-10-03T08:02:02.1368608Z Working directory is '/home/runner/work/nextbsd-ci/nextbsd-ci'
2026-10-03T08:02:02.1369873Z [command]/usr/bin/git version
2026-10-03T08:02:02.1457326Z git version 2.55.0
2026-10-03T08:02:02.1473963Z ##[endgroup]
2026-10-03T08:02:02.1489354Z Temporarily overriding HOME='/home/runner/work/_temp/ff6c9ce9-499c-4f04-916c-2948198c6f13' before making global git config changes
2026-10-03T08:02:02.1491183Z Adding repository directory to the temporary git global config as a safe directory
2026-10-03T08:02:02.1494015Z [command]/usr/bin/git config --global --add safe.directory /home/runner/work/nextbsd-ci/nextbsd-ci
2026-10-03T08:02:02.1541671Z Deleting the contents of '/home/runner/work/nextbsd-ci/nextbsd-ci'
2026-10-03T08:02:02.1546896Z ##[group]Initializing the repository
2026-10-03T08:02:02.1550236Z [command]/usr/bin/git init /home/runner/work/nextbsd-ci/nextbsd-ci
2026-10-03T08:02:02.1642686Z hint: Using 'master' as the name for the initial branch. This default branch name
2026-10-03T08:02:02.1644422Z hint: will change to "main" in Git 3.0. To configure the initial branch name
2026-10-03T08:02:02.1646013Z hint: to use in all of your new repositories, which will suppress this warning,
2026-10-03T08:02:02.1647597Z hint: call:
2026-10-03T08:02:02.1648745Z hint:
2026-10-03T08:02:02.1649748Z hint: 	git config --global init.defaultBranch <name>
2026-10-03T08:02:02.1650569Z hint:
2026-10-03T08:02:02.1651288Z hint: Names commonly chosen instead of 'master' are 'main', 'trunk' and
2026-10-03T08:02:02.1652401Z hint: 'development'. The just-created branch can be renamed via this command:
2026-10-03T08:02:02.1653320Z hint:
2026-10-03T08:02:02.1653814Z hint: 	git branch -m <name>
2026-10-03T08:02:02.1654437Z hint:
2026-10-03T08:02:02.1655350Z hint: Disable this message with "git config set advice.defaultBranchName false"
2026-10-03T08:02:02.1656621Z Initialized empty Git repository in /home/runner/work/nextbsd-ci/nextbsd-ci/.git/
2026-10-03T08:02:02.1658982Z [command]/usr/bin/git remote add origin https://github.com/nextbsd/nextbsd-ci
2026-10-03T08:02:02.1713632Z ##[endgroup]
2026-10-03T08:02:02.1714781Z ##[group]Disabling automatic garbage collection
2026-10-03T08:02:02.1718023Z [command]/usr/bin/git config --local gc.auto 0
2026-10-03T08:02:02.1752748Z ##[endgroup]
2026-10-03T08:02:02.1753667Z ##[group]Setting up auth
2026-10-03T08:02:02.1759552Z [command]/usr/bin/git config --local --name-only --get-regexp core\.sshCommand
2026-10-03T08:02:02.1790409Z [command]/usr/bin/git submodule foreach --recursive sh -c "git config --local --name-only --get-regexp 'core\.sshCommand' && git config --local --unset-all 'core.sshCommand' || :"
2026-10-03T08:02:02.2137784Z [command]/usr/bin/git config --local --name-only --get-regexp http\.https\:\/\/github\.com\/\.extraheader
2026-10-03T08:02:02.2169723Z [command]/usr/bin/git submodule foreach --recursive sh -c "git config --local --name-only --get-regexp 'http\.https\:\/\/github\.com\/\.extraheader' && git config --local --unset-all 'http.https://github.com/.extraheader' || :"
2026-10-03T08:02:02.2365885Z [command]/usr/bin/git config --local --name-only --get-regexp ^includeIf\.gitdir:
2026-10-03T08:02:02.2397502Z [command]/usr/bin/git submodule foreach --recursive git config --local --show-origin --name-only --get-regexp remote.origin.url
2026-10-03T08:02:02.2596149Z [command]/usr/bin/git config --local http.https://github.com/.extraheader AUTHORIZATION: basic ***
2026-10-03T08:02:02.2631679Z ##[endgroup]
2026-10-03T08:02:02.2639471Z ##[group]Fetching the repository
2026-10-03T08:02:02.2640728Z [command]/usr/bin/git -c protocol.version=2 fetch --no-tags --prune --no-recurse-submodules --depth=1 origin +2dae41724354666f64fc03d23bab310e3a793edd:refs/remotes/pull/9/merge
2026-10-03T08:02:02.7400163Z From https://github.com/nextbsd/nextbsd-ci
2026-10-03T08:02:02.7401437Z  * [new ref]         2dae41724354666f64fc03d23bab310e3a793edd -> pull/9/merge
2026-10-03T08:02:02.7404016Z ##[endgroup]
2026-10-03T08:02:02.7405252Z ##[group]Determining the checkout info
2026-10-03T08:02:02.7406620Z ##[endgroup]
2026-10-03T08:02:02.7411958Z [command]/usr/bin/git sparse-checkout disable
2026-10-03T08:02:02.7494046Z [command]/usr/bin/git config --local --unset-all extensions.worktreeConfig
2026-10-03T08:02:02.7526178Z ##[group]Checking out the ref
2026-10-03T08:02:02.7530298Z [command]/usr/bin/git checkout --progress --force refs/remotes/pull/9/merge
2026-10-03T08:02:02.8018399Z Note: switching to 'refs/remotes/pull/9/merge'.
2026-10-03T08:02:02.8018955Z 
2026-10-03T08:02:02.8019304Z You are in 'detached HEAD' state. You can look around, make experimental
2026-10-03T08:02:02.8020081Z changes and commit them, and you can discard any commits you make in this
2026-10-03T08:02:02.8020839Z state without impacting any branches by switching back to a branch.
2026-10-03T08:02:02.8021337Z 
2026-10-03T08:02:02.8021661Z If you want to create a new branch to retain commits you create, you may
2026-10-03T08:02:02.8022423Z do so (now or later) by using -c with the switch command. Example:
2026-10-03T08:02:02.8023056Z 
2026-10-03T08:02:02.8023424Z   git switch -c <new-branch-name>
2026-10-03T08:02:02.8023891Z 
2026-10-03T08:02:02.8024207Z Or undo this operation with:
2026-10-03T08:02:02.8024685Z 
2026-10-03T08:02:02.8025445Z   git switch -
2026-10-03T08:02:02.8025895Z 
2026-10-03T08:02:02.8026443Z Turn off this advice by setting config variable advice.detachedHead to false
2026-10-03T08:02:02.8027160Z 
2026-10-03T08:02:02.8028001Z HEAD is now at 2dae417 Merge 905ee7a110a8bfe16e949af13664927b194959e0 into bae13410f0ff570b952d51053ed0c462272008b7
2026-10-03T08:02:02.8030845Z ##[endgroup]
2026-10-03T08:02:02.8072206Z [command]/usr/bin/git log -1 --format=%H
2026-10-03T08:02:02.8098091Z 2dae41724354666f64fc03d23bab310e3a793edd
2026-10-03T08:02:02.8306067Z ##[group]Run sudo apt-get update && sudo apt-get install -y expect shellcheck
2026-10-03T08:02:02.8307069Z [36;1msudo apt-get update && sudo apt-get install -y expect shellcheck[0m
2026-10-03T08:02:02.8533343Z shell: /usr/bin/bash -e {0}
2026-10-03T08:02:02.8533959Z ##[endgroup]
2026-10-03T08:02:02.9446776Z Get:1 file:/etc/apt/apt-mirrors.txt Mirrorlist [144 B]
2026-10-03T08:02:02.9687932Z Get:6 https://packages.microsoft.com/ubuntu/24.04/prod noble InRelease [3600 B]
2026-10-03T08:02:03.0360263Z Get:7 https://packages.microsoft.com/ubuntu/24.04/prod noble/main armhf Packages [12.6 kB]
2026-10-03T08:02:03.0457583Z Get:8 https://packages.microsoft.com/ubuntu/24.04/prod noble/main amd64 Packages [511 kB]
2026-10-03T08:02:03.0543187Z Get:9 https://packages.microsoft.com/ubuntu/24.04/prod noble/main arm64 Packages [458 kB]
2026-10-03T08:02:03.0997589Z Hit:2 http://azure.archive.ubuntu.com/ubuntu noble InRelease
2026-10-03T08:02:03.1017047Z Get:3 http://azure.archive.ubuntu.com/ubuntu noble-updates InRelease [126 kB]
2026-10-03T08:02:03.1097078Z Get:4 http://azure.archive.ubuntu.com/ubuntu noble-backports InRelease [126 kB]
2026-10-03T08:02:03.1170744Z Get:5 http://azure.archive.ubuntu.com/ubuntu noble-security InRelease [126 kB]
2026-10-03T08:02:03.1978437Z Get:10 http://azure.archive.ubuntu.com/ubuntu noble-updates/main amd64 Packages [1364 kB]
2026-10-03T08:02:03.2047638Z Get:11 http://azure.archive.ubuntu.com/ubuntu noble-updates/main Translation-en [304 kB]
2026-10-03T08:02:03.2059512Z Get:12 http://azure.archive.ubuntu.com/ubuntu noble-updates/main amd64 Components [180 kB]
2026-10-03T08:02:03.2086497Z Get:13 http://azure.archive.ubuntu.com/ubuntu noble-updates/universe amd64 Packages [1699 kB]
2026-10-03T08:02:03.2152124Z Get:14 http://azure.archive.ubuntu.com/ubuntu noble-updates/universe Translation-en [341 kB]
2026-10-03T08:02:03.2170899Z Get:15 http://azure.archive.ubuntu.com/ubuntu noble-updates/universe amd64 Components [388 kB]
2026-10-03T08:02:03.2196215Z Get:16 http://azure.archive.ubuntu.com/ubuntu noble-updates/restricted amd64 Packages [1720 kB]
2026-10-03T08:02:03.2282254Z Get:17 http://azure.archive.ubuntu.com/ubuntu noble-updates/restricted Translation-en [394 kB]
2026-10-03T08:02:03.2286862Z Get:18 http://azure.archive.ubuntu.com/ubuntu noble-updates/multiverse amd64 Components [940 B]
2026-10-03T08:02:03.2483190Z Get:19 http://azure.archive.ubuntu.com/ubuntu noble-backports/main amd64 Components [5764 B]
2026-10-03T08:02:03.2918840Z Get:20 http://azure.archive.ubuntu.com/ubuntu noble-backports/universe amd64 Components [12.6 kB]
2026-10-03T08:02:03.2928503Z Get:21 http://azure.archive.ubuntu.com/ubuntu noble-security/main amd64 Packages [1069 kB]
2026-10-03T08:02:03.2980604Z Get:22 http://azure.archive.ubuntu.com/ubuntu noble-security/main Translation-en [221 kB]
2026-10-03T08:02:03.2993502Z Get:23 http://azure.archive.ubuntu.com/ubuntu noble-security/main amd64 Components [46.3 kB]
2026-10-03T08:02:03.3001779Z Get:24 http://azure.archive.ubuntu.com/ubuntu noble-security/universe amd64 Packages [1216 kB]
2026-10-03T08:02:03.3058598Z Get:25 http://azure.archive.ubuntu.com/ubuntu noble-security/universe Translation-en [244 kB]
2026-10-03T08:02:03.3073514Z Get:26 http://azure.archive.ubuntu.com/ubuntu noble-security/universe amd64 Components [76.3 kB]
2026-10-03T08:02:03.3082956Z Get:27 http://azure.archive.ubuntu.com/ubuntu noble-security/restricted amd64 Packages [1566 kB]
2026-10-03T08:02:03.3141504Z Get:28 http://azure.archive.ubuntu.com/ubuntu noble-security/restricted Translation-en [361 kB]
2026-10-03T08:02:11.5304774Z Fetched 12.6 MB in 1s (10.2 MB/s)
2026-10-03T08:02:12.2747096Z Reading package lists...
2026-10-03T08:02:12.3996644Z Reading package lists...
2026-10-03T08:02:12.6131004Z Building dependency tree...
2026-10-03T08:02:12.6137074Z Reading state information...
2026-10-03T08:02:12.7830343Z shellcheck is already the newest version (0.9.0-1).
2026-10-03T08:02:12.7830913Z The following NEW packages will be installed:
2026-10-03T08:02:12.7847107Z   expect tcl-expect
2026-10-03T08:02:12.7999393Z 0 upgraded, 2 newly installed, 0 to remove and 25 not upgraded.
2026-10-03T08:02:12.7999821Z Need to get 247 kB of archives.
2026-10-03T08:02:12.8000178Z After this operation, 538 kB of additional disk space will be used.
2026-10-03T08:02:12.8000782Z Get:1 file:/etc/apt/apt-mirrors.txt Mirrorlist [144 B]
2026-10-03T08:02:12.8796972Z Get:2 http://azure.archive.ubuntu.com/ubuntu noble/universe amd64 tcl-expect amd64 5.45.4-3 [110 kB]
2026-10-03T08:02:12.9527863Z Get:3 http://azure.archive.ubuntu.com/ubuntu noble/universe amd64 expect amd64 5.45.4-3 [137 kB]
2026-10-03T08:02:13.2922540Z Fetched 247 kB in 0s (1398 kB/s)
2026-10-03T08:02:13.4771913Z Selecting previously unselected package tcl-expect:amd64.
2026-10-03T08:02:13.5580775Z (Reading database ... 
2026-10-03T08:02:13.5581207Z (Reading database ... 5%
2026-10-03T08:02:13.5581424Z (Reading database ... 10%
2026-10-03T08:02:13.5581707Z (Reading database ... 15%
2026-10-03T08:02:13.5582028Z (Reading database ... 20%
2026-10-03T08:02:13.5582328Z (Reading database ... 25%
2026-10-03T08:02:13.5582630Z (Reading database ... 30%
2026-10-03T08:02:13.5582913Z (Reading database ... 35%
2026-10-03T08:02:13.5583195Z (Reading database ... 40%
2026-10-03T08:02:13.5583464Z (Reading database ... 45%
2026-10-03T08:02:13.5583731Z (Reading database ... 50%
2026-10-03T08:02:13.5790122Z (Reading database ... 55%
2026-10-03T08:02:13.7773017Z (Reading database ... 60%
2026-10-03T08:02:14.0514516Z (Reading database ... 65%
2026-10-03T08:02:14.2098250Z (Reading database ... 70%
2026-10-03T08:02:14.3789754Z (Reading database ... 75%
2026-10-03T08:02:14.5973468Z (Reading database ... 80%
2026-10-03T08:02:14.7636974Z (Reading database ... 85%
2026-10-03T08:02:14.8721686Z (Reading database ... 90%
2026-10-03T08:02:15.2297195Z (Reading database ... 95%
2026-10-03T08:02:15.2338791Z (Reading database ... 100%
2026-10-03T08:02:15.2339234Z (Reading database ... 202296 files and directories currently installed.)
2026-10-03T08:02:15.2339801Z Preparing to unpack .../tcl-expect_5.45.4-3_amd64.deb ...
2026-10-03T08:02:15.6906398Z Unpacking tcl-expect:amd64 (5.45.4-3) ...
2026-10-03T08:02:16.4599023Z Selecting previously unselected package expect.
2026-10-03T08:02:16.4711275Z Preparing to unpack .../expect_5.45.4-3_amd64.deb ...
2026-10-03T08:02:16.4718405Z Unpacking expect (5.45.4-3) ...
2026-10-03T08:02:16.5183540Z Setting up tcl-expect:amd64 (5.45.4-3) ...
2026-10-03T08:02:16.5200590Z Setting up expect (5.45.4-3) ...
2026-10-03T08:02:16.5220817Z Processing triggers for man-db (2.12.0-4build2) ...
2026-10-03T08:02:16.5239648Z Not building database; man-db/auto-update is not 'true'.
2026-10-03T08:02:16.5250995Z Processing triggers for libc-bin (2.39-0ubuntu8.9) ...
2026-10-03T08:02:17.2525198Z 
2026-10-03T08:02:17.2525695Z Running kernel seems to be up-to-date.
2026-10-03T08:02:17.2526006Z 
2026-10-03T08:02:17.2526135Z No services need to be restarted.
2026-10-03T08:02:17.2526341Z 
2026-10-03T08:02:17.2526485Z No containers need to be restarted.
2026-10-03T08:02:17.2526719Z 
2026-10-03T08:02:17.2526832Z No user sessions are running outdated binaries.
2026-10-03T08:02:17.2527030Z 
2026-10-03T08:02:17.2527304Z No VM guests are running outdated hypervisor (qemu) binaries on this host.
2026-10-03T08:02:18.2929178Z ##[group]Run fail=0
2026-10-03T08:02:18.2929404Z [36;1mfail=0[0m
2026-10-03T08:02:18.2929673Z [36;1mfor f in $(find harness manifest selftest -name '*.sh' -type f); do[0m
2026-10-03T08:02:18.2930020Z [36;1m  sh -n "$f" || { echo "sh -n failed: $f"; fail=1; }[0m
2026-10-03T08:02:18.2930446Z [36;1mdone[0m
2026-10-03T08:02:18.2930609Z [36;1mexit $fail[0m
2026-10-03T08:02:18.2991049Z shell: /usr/bin/bash -e {0}
2026-10-03T08:02:18.2991276Z ##[endgroup]
2026-10-03T08:02:18.3150274Z ##[group]Run find harness manifest selftest -name '*.sh' -type f -print0 | xargs -0 -r shellcheck -x
2026-10-03T08:02:18.3150863Z [36;1mfind harness manifest selftest -name '*.sh' -type f -print0 | xargs -0 -r shellcheck -x[0m
2026-10-03T08:02:18.3209881Z shell: /usr/bin/bash -e {0}
2026-10-03T08:02:18.3210101Z ##[endgroup]
2026-10-03T08:02:18.5012107Z ##[group]Run sh manifest/validate.sh \
2026-10-03T08:02:18.5012381Z [36;1msh manifest/validate.sh \[0m
2026-10-03T08:02:18.5012599Z [36;1m  manifest/markers.tsv \[0m
2026-10-03T08:02:18.5012823Z [36;1m  manifest/overlay-nextbsd.tsv \[0m
2026-10-03T08:02:18.5013085Z [36;1m  manifest/overlay-nextbsd-userland.tsv \[0m
2026-10-03T08:02:18.5013350Z [36;1m  manifest/overlay-nextbsd-kernel.tsv[0m
2026-10-03T08:02:18.5074594Z shell: /usr/bin/bash -e {0}
2026-10-03T08:02:18.5074995Z ##[endgroup]
2026-10-03T08:02:18.5193291Z manifest/markers.tsv: 93 markers OK
2026-10-03T08:02:18.5209854Z manifest/overlay-nextbsd.tsv:  markers OK
2026-10-03T08:02:18.5226258Z manifest/overlay-nextbsd-userland.tsv:  markers OK
2026-10-03T08:02:18.5242152Z manifest/overlay-nextbsd-kernel.tsv:  markers OK
2026-10-03T08:02:18.5312478Z ##[group]Run sh selftest/run-selftest.sh
2026-10-03T08:02:18.5312765Z [36;1msh selftest/run-selftest.sh[0m
2026-10-03T08:02:18.5372749Z shell: /usr/bin/bash -e {0}
2026-10-03T08:02:18.5372959Z env:
2026-10-03T08:02:18.5373115Z   ARCH: amd64
2026-10-03T08:02:18.5373280Z ##[endgroup]
2026-10-03T08:02:18.5468379Z ==> golden: the shared patterns against production stream shapes
2026-10-03T08:02:18.6090435Z OK   loader: EDK2 autoboot countdown
2026-10-03T08:02:18.6090858Z OK   loader: UEFI self-ID (FreeBSD brand)
2026-10-03T08:02:18.6091241Z OK   loader: UEFI self-ID (NextBSD brand)
2026-10-03T08:02:18.6091607Z OK   loader: leaving the prompt to boot
2026-10-03T08:02:18.6091983Z OK   loader: kernel entry marker
2026-10-03T08:02:18.6092439Z OK   banner: synthesized hostname (amd64)
2026-10-03T08:02:18.6092809Z OK   banner: synthesized hostname (arm64)
2026-10-03T08:02:18.6093156Z OK   banner: the Amnesiac race-loser
2026-10-03T08:02:18.6093979Z OK   banner: the early-init sethostname line
2026-10-03T08:02:18.6094769Z OK   login: login(1) session message
2026-10-03T08:02:18.6095318Z OK   login: zsh prompt
2026-10-03T08:02:18.6095563Z OK   panic: page fault
2026-10-03T08:02:18.6102472Z OK   panic: data abort (arm64)
2026-10-03T08:02:18.6102767Z OK   teardown: shutdown progress
2026-10-03T08:02:18.6103075Z OK   teardown: syncing
2026-10-03T08:02:18.6103338Z OK   teardown: buffers synced
2026-10-03T08:02:18.6103534Z OK   teardown: uptime
2026-10-03T08:02:18.6103706Z OK   teardown: poweroff
2026-10-03T08:02:18.6103901Z OK   teardown: reboot (the wrong outcome)
2026-10-03T08:02:18.6104124Z OK   sentinel: summary line
2026-10-03T08:02:18.6104265Z 
2026-10-03T08:02:18.6104382Z golden: all patterns match the production stream shapes
2026-10-03T08:02:18.6104638Z ==> manifest: schema
2026-10-03T08:02:18.6142386Z /home/runner/work/nextbsd-ci/nextbsd-ci/manifest/markers.tsv: 93 markers OK
2026-10-03T08:02:18.6158550Z /home/runner/work/nextbsd-ci/nextbsd-ci/manifest/overlay-nextbsd.tsv:  markers OK
2026-10-03T08:02:18.6174229Z /home/runner/work/nextbsd-ci/nextbsd-ci/manifest/overlay-nextbsd-userland.tsv:  markers OK
2026-10-03T08:02:18.6189673Z /home/runner/work/nextbsd-ci/nextbsd-ci/manifest/overlay-nextbsd-kernel.tsv:  markers OK
2026-10-03T08:02:18.6215188Z ==> harness vs mock guest (arch=amd64)
2026-10-03T08:02:18.6363313Z     plan: 94 markers
2026-10-03T08:02:18.6364048Z ==> case: ok (suite: /usr/tests/freebsd-launchd-mach/run.sh) — expect rc 0
2026-10-03T08:02:18.6389521Z ==> boot test: tests/fake.img
2026-10-03T08:02:18.6398449Z -rw-r--r-- 1 runner runner 0 Oct  3 08:02 tests/fake.img
2026-10-03T08:02:18.6462701Z ==> using KVM acceleration
2026-10-03T08:02:18.6463395Z ==> amd64: qemu-system-x86_64 -machine q35 | firmware 
2026-10-03T08:02:18.6607697Z spawn tclsh /home/runner/work/nextbsd-ci/nextbsd-ci/selftest/mock-guest.tcl
2026-10-03T08:02:18.6652274Z FreeBSD/amd64 EFI loader, Revision 3.0
2026-10-03T08:02:18.6652550Z 
2026-10-03T08:02:18.6652555Z 
2026-10-03T08:02:18.6652702Z Loading /boot/loader.conf
2026-10-03T08:02:18.6652854Z 
2026-10-03T08:02:18.6652857Z 
2026-10-03T08:02:18.6653017Z Hit [Enter] to boot immediately, or any other key for command prompt.
2026-10-03T08:02:18.6653259Z 
2026-10-03T08:02:18.6653273Z 
2026-10-03T08:02:18.6653342Z OK 
2026-10-03T08:02:18.6653490Z ==> at loader prompt
2026-10-03T08:02:19.8481927Z  set console=comconsole
2026-10-03T08:02:19.8482357Z invalid bareword "eof"
2026-10-03T08:02:19.8482614Z 
2026-10-03T08:02:19.8482868Z in expression "eof stdin";
2026-10-03T08:02:19.8483046Z 
2026-10-03T08:02:19.8483170Z should be "$eof" or "{eof}" or "eof(...)" or ...
2026-10-03T08:02:19.8483400Z 
2026-10-03T08:02:19.8483538Z     (parsing expression "eof stdin")
2026-10-03T08:02:19.8483744Z 
2026-10-03T08:02:19.8483842Z     invoked from within
2026-10-03T08:02:19.8484000Z 
2026-10-03T08:02:19.8484119Z "if {eof stdin} { exit 0 }"
2026-10-03T08:02:19.8484298Z 
2026-10-03T08:02:19.8484425Z     (procedure "readline" line 3)
2026-10-03T08:02:19.8484625Z 
2026-10-03T08:02:19.8485242Z     invoked from within
2026-10-03T08:02:19.8485410Z 
2026-10-03T08:02:19.8485494Z "readline"
2026-10-03T08:02:19.8485624Z 
2026-10-03T08:02:19.8485720Z     ("while" body line 2)
2026-10-03T08:02:19.8485895Z 
2026-10-03T08:02:19.8485996Z     invoked from within
2026-10-03T08:02:19.8486162Z 
2026-10-03T08:02:19.8486253Z "while {1} {
2026-10-03T08:02:19.8486392Z 
2026-10-03T08:02:19.8486493Z     set line [readline]
2026-10-03T08:02:19.8486638Z 
2026-10-03T08:02:19.8486854Z     if {[string match "*boot -v" $line] || $line eq "boot"} { break }
2026-10-03T08:02:19.8487057Z 
2026-10-03T08:02:19.8487129Z     say "OK $line"
2026-10-03T08:02:19.8487244Z 
2026-10-03T08:02:19.8487307Z     sayraw "OK "
2026-10-03T08:02:19.8487405Z 
2026-10-03T08:02:19.8487469Z }"
2026-10-03T08:02:19.8487556Z 
2026-10-03T08:02:19.8487746Z     (file "/home/runner/work/nextbsd-ci/nextbsd-ci/selftest/mock-guest.tcl" line 87)
2026-10-03T08:02:19.8488013Z 
2026-10-03T08:02:20.9109883Z set boot_serial=YES
2026-10-03T08:02:21.2113203Z expect: spawn id exp4 not open
2026-10-03T08:02:21.2113596Z     while executing
2026-10-03T08:02:21.2113848Z "expect *"
2026-10-03T08:02:21.2114100Z     (procedure "loader_set" line 6)
2026-10-03T08:02:21.2114393Z     invoked from within
2026-10-03T08:02:21.2114651Z "loader_set "set comconsole_speed=115200""
2026-10-03T08:02:21.2115141Z     (procedure "nb_loader_contract" line 5)
2026-10-03T08:02:21.2115463Z     invoked from within
2026-10-03T08:02:21.2115720Z "nb_loader_contract"
2026-10-03T08:02:21.2116011Z     (file "tests/boot.exp" line 227)
2026-10-03T08:02:21.2150225Z no NEXTBSD-TEST-SUMMARY in tests/boot.log
2026-10-03T08:02:21.2151025Z ==> boot-test FAILED rc=1 (arch=amd64 suite=/usr/tests/freebsd-launchd-mach/run.sh)
2026-10-03T08:02:21.2151422Z     serial transcript: tests/boot.log
2026-10-03T08:02:21.2152781Z SELFTEST FAIL: case ok — expected rc 0, got 1
2026-10-03T08:02:21.2153197Z ==> case: fail (suite: /usr/tests/freebsd-launchd-mach/run.sh) — expect rc 1
2026-10-03T08:02:21.2179101Z ==> boot test: tests/fake.img
2026-10-03T08:02:21.2188575Z -rw-r--r-- 1 runner runner 0 Oct  3 08:02 tests/fake.img
2026-10-03T08:02:21.2252464Z ==> using KVM acceleration
2026-10-03T08:02:21.2252732Z ==> amd64: qemu-system-x86_64 -machine q35 | firmware 
2026-10-03T08:02:21.2398239Z spawn tclsh /home/runner/work/nextbsd-ci/nextbsd-ci/selftest/mock-guest.tcl
2026-10-03T08:02:21.2437371Z FreeBSD/amd64 EFI loader, Revision 3.0
2026-10-03T08:02:21.2437630Z 
2026-10-03T08:02:21.2437634Z 
2026-10-03T08:02:21.2437758Z Loading /boot/loader.conf
2026-10-03T08:02:21.2437943Z 
2026-10-03T08:02:21.2437947Z 
2026-10-03T08:02:21.2438182Z Hit [Enter] to boot immediately, or any other key for command prompt.
2026-10-03T08:02:21.2438672Z 
2026-10-03T08:02:21.2438675Z 
2026-10-03T08:02:21.2438737Z OK 
2026-10-03T08:02:21.2438891Z ==> at loader prompt
2026-10-03T08:02:22.4271373Z  set console=comconsole
2026-10-03T08:02:22.4271696Z invalid bareword "eof"
2026-10-03T08:02:22.4271875Z 
2026-10-03T08:02:22.4271990Z in expression "eof stdin";
2026-10-03T08:02:22.4272218Z 
2026-10-03T08:02:22.4272349Z should be "$eof" or "{eof}" or "eof(...)" or ...
2026-10-03T08:02:22.4272583Z 
2026-10-03T08:02:22.4272688Z     (parsing expression "eof stdin")
2026-10-03T08:02:22.4272883Z 
2026-10-03T08:02:22.4272977Z     invoked from within
2026-10-03T08:02:22.4273130Z 
2026-10-03T08:02:22.4273233Z "if {eof stdin} { exit 0 }"
2026-10-03T08:02:22.4273395Z 
2026-10-03T08:02:22.4273514Z     (procedure "readline" line 3)
2026-10-03T08:02:22.4273717Z 
2026-10-03T08:02:22.4273826Z     invoked from within
2026-10-03T08:02:22.4273981Z 
2026-10-03T08:02:22.4274076Z "readline"
2026-10-03T08:02:22.4274209Z 
2026-10-03T08:02:22.4274320Z     ("while" body line 2)
2026-10-03T08:02:22.4274471Z 
2026-10-03T08:02:22.4274558Z     invoked from within
2026-10-03T08:02:22.4274708Z 
2026-10-03T08:02:22.4274791Z "while {1} {
2026-10-03T08:02:22.4275154Z 
2026-10-03T08:02:22.4275251Z     set line [readline]
2026-10-03T08:02:22.4275398Z 
2026-10-03T08:02:22.4275859Z     if {[string match "*boot -v" $line] || $line eq "boot"} { break }
2026-10-03T08:02:22.4276066Z 
2026-10-03T08:02:22.4276138Z     say "OK $line"
2026-10-03T08:02:22.4276230Z 
2026-10-03T08:02:22.4276303Z     sayraw "OK "
2026-10-03T08:02:22.4276401Z 
2026-10-03T08:02:22.4276467Z }"
2026-10-03T08:02:22.4276564Z 
2026-10-03T08:02:22.4276755Z     (file "/home/runner/work/nextbsd-ci/nextbsd-ci/selftest/mock-guest.tcl" line 87)
2026-10-03T08:02:22.4277024Z 
2026-10-03T08:02:23.4898330Z set boot_serial=YES
2026-10-03T08:02:23.7901549Z expect: spawn id exp4 not open
2026-10-03T08:02:23.7901927Z     while executing
2026-10-03T08:02:23.7902169Z "expect *"
2026-10-03T08:02:23.7902387Z     (procedure "loader_set" line 6)
2026-10-03T08:02:23.7902614Z     invoked from within
2026-10-03T08:02:23.7902815Z "loader_set "set comconsole_speed=115200""
2026-10-03T08:02:23.7903063Z     (procedure "nb_loader_contract" line 5)
2026-10-03T08:02:23.7903295Z     invoked from within
2026-10-03T08:02:23.7903501Z "nb_loader_contract"
2026-10-03T08:02:23.7903728Z     (file "tests/boot.exp" line 227)
2026-10-03T08:02:23.7929326Z no NEXTBSD-TEST-SUMMARY in tests/boot.log
2026-10-03T08:02:23.7930192Z ==> boot-test FAILED rc=1 (arch=amd64 suite=/usr/tests/freebsd-launchd-mach/run.sh)
2026-10-03T08:02:23.7930718Z     serial transcript: tests/boot.log
2026-10-03T08:02:23.7931493Z SELFTEST OK:   case fail (rc=1)
2026-10-03T08:02:23.7932291Z ==> case: nosummary (suite: /usr/tests/freebsd-launchd-mach/run.sh) — expect rc 2
2026-10-03T08:02:23.7958115Z ==> boot test: tests/fake.img
2026-10-03T08:02:23.7967438Z -rw-r--r-- 1 runner runner 0 Oct  3 08:02 tests/fake.img
2026-10-03T08:02:23.8032291Z ==> using KVM acceleration
2026-10-03T08:02:23.8032657Z ==> amd64: qemu-system-x86_64 -machine q35 | firmware 
2026-10-03T08:02:23.8182114Z spawn tclsh /home/runner/work/nextbsd-ci/nextbsd-ci/selftest/mock-guest.tcl
2026-10-03T08:02:23.8221035Z FreeBSD/amd64 EFI loader, Revision 3.0
2026-10-03T08:02:23.8221289Z 
2026-10-03T08:02:23.8221294Z 
2026-10-03T08:02:23.8221441Z Loading /boot/loader.conf
2026-10-03T08:02:23.8221571Z 
2026-10-03T08:02:23.8221574Z 
2026-10-03T08:02:23.8221731Z Hit [Enter] to boot immediately, or any other key for command prompt.
2026-10-03T08:02:23.8221956Z 
2026-10-03T08:02:23.8221959Z 
2026-10-03T08:02:23.8222033Z OK 
2026-10-03T08:02:23.8222185Z ==> at loader prompt
2026-10-03T08:02:25.0052962Z  set console=comconsole
2026-10-03T08:02:25.0053301Z invalid bareword "eof"
2026-10-03T08:02:25.0053440Z 
2026-10-03T08:02:25.0053574Z in expression "eof stdin";
2026-10-03T08:02:25.0053710Z 
2026-10-03T08:02:25.0053840Z should be "$eof" or "{eof}" or "eof(...)" or ...
2026-10-03T08:02:25.0054036Z 
2026-10-03T08:02:25.0054493Z     (parsing expression "eof stdin")
2026-10-03T08:02:25.0054642Z 
2026-10-03T08:02:25.0055069Z     invoked from within
2026-10-03T08:02:25.0055232Z 
2026-10-03T08:02:25.0055356Z "if {eof stdin} { exit 0 }"
2026-10-03T08:02:25.0055537Z 
2026-10-03T08:02:25.0055667Z     (procedure "readline" line 3)
2026-10-03T08:02:25.0055869Z 
2026-10-03T08:02:25.0055979Z     invoked from within
2026-10-03T08:02:25.0056147Z 
2026-10-03T08:02:25.0056212Z "readline"
2026-10-03T08:02:25.0056302Z 
2026-10-03T08:02:25.0056373Z     ("while" body line 2)
2026-10-03T08:02:25.0056480Z 
2026-10-03T08:02:25.0056556Z     invoked from within
2026-10-03T08:02:25.0056662Z 
2026-10-03T08:02:25.0056731Z "while {1} {
2026-10-03T08:02:25.0056818Z 
2026-10-03T08:02:25.0056892Z     set line [readline]
2026-10-03T08:02:25.0057002Z 
2026-10-03T08:02:25.0057157Z     if {[string match "*boot -v" $line] || $line eq "boot"} { break }
2026-10-03T08:02:25.0057362Z 
2026-10-03T08:02:25.0057428Z     say "OK $line"
2026-10-03T08:02:25.0057539Z 
2026-10-03T08:02:25.0057607Z     sayraw "OK "
2026-10-03T08:02:25.0057706Z 
2026-10-03T08:02:25.0057769Z }"
2026-10-03T08:02:25.0057857Z 
2026-10-03T08:02:25.0058044Z     (file "/home/runner/work/nextbsd-ci/nextbsd-ci/selftest/mock-guest.tcl" line 87)
2026-10-03T08:02:25.0058288Z 
2026-10-03T08:02:26.0681152Z set boot_serial=YES
2026-10-03T08:02:26.3685026Z expect: spawn id exp4 not open
2026-10-03T08:02:26.3685421Z     while executing
2026-10-03T08:02:26.3685667Z "expect *"
2026-10-03T08:02:26.3685915Z     (procedure "loader_set" line 6)
2026-10-03T08:02:26.3686231Z     invoked from within
2026-10-03T08:02:26.3686529Z "loader_set "set comconsole_speed=115200""
2026-10-03T08:02:26.3686906Z     (procedure "nb_loader_contract" line 5)
2026-10-03T08:02:26.3687238Z     invoked from within
2026-10-03T08:02:26.3687496Z "nb_loader_contract"
2026-10-03T08:02:26.3687722Z     (file "tests/boot.exp" line 227)
2026-10-03T08:02:26.3712407Z no NEXTBSD-TEST-SUMMARY in tests/boot.log
2026-10-03T08:02:26.3713184Z ==> boot-test FAILED rc=1 (arch=amd64 suite=/usr/tests/freebsd-launchd-mach/run.sh)
2026-10-03T08:02:26.3713744Z     serial transcript: tests/boot.log
2026-10-03T08:02:26.3714792Z SELFTEST FAIL: case nosummary — expected rc 2, got 1
2026-10-03T08:02:26.3715532Z ==> case: deadend (suite: /usr/tests/freebsd-launchd-mach/run.sh) — expect rc 2
2026-10-03T08:02:26.3740917Z ==> boot test: tests/fake.img
2026-10-03T08:02:26.3750366Z -rw-r--r-- 1 runner runner 0 Oct  3 08:02 tests/fake.img
2026-10-03T08:02:26.3815567Z ==> using KVM acceleration
2026-10-03T08:02:26.3815977Z ==> amd64: qemu-system-x86_64 -machine q35 | firmware 
2026-10-03T08:02:26.3962780Z spawn tclsh /home/runner/work/nextbsd-ci/nextbsd-ci/selftest/mock-guest.tcl
2026-10-03T08:02:26.4001203Z FreeBSD/amd64 EFI loader, Revision 3.0
2026-10-03T08:02:26.4001468Z 
2026-10-03T08:02:26.4001483Z 
2026-10-03T08:02:26.4001603Z Loading /boot/loader.conf
2026-10-03T08:02:26.4001741Z 
2026-10-03T08:02:26.4001745Z 
2026-10-03T08:02:26.4001892Z Hit [Enter] to boot immediately, or any other key for command prompt.
2026-10-03T08:02:26.4002154Z 
2026-10-03T08:02:26.4002157Z 
2026-10-03T08:02:26.4002232Z OK 
2026-10-03T08:02:26.4002394Z ==> at loader prompt
2026-10-03T08:02:27.5832775Z  set console=comconsole
2026-10-03T08:02:27.5833152Z invalid bareword "eof"
2026-10-03T08:02:27.5833334Z 
2026-10-03T08:02:27.5833489Z in expression "eof stdin";
2026-10-03T08:02:27.5833626Z 
2026-10-03T08:02:27.5833721Z should be "$eof" or "{eof}" or "eof(...)" or ...
2026-10-03T08:02:27.5833891Z 
2026-10-03T08:02:27.5833971Z     (parsing expression "eof stdin")
2026-10-03T08:02:27.5834119Z 
2026-10-03T08:02:27.5834192Z     invoked from within
2026-10-03T08:02:27.5834296Z 
2026-10-03T08:02:27.5834378Z "if {eof stdin} { exit 0 }"
2026-10-03T08:02:27.5834492Z 
2026-10-03T08:02:27.5834581Z     (procedure "readline" line 3)
2026-10-03T08:02:27.5834723Z 
2026-10-03T08:02:27.5834799Z     invoked from within
2026-10-03T08:02:27.5835085Z 
2026-10-03T08:02:27.5835149Z "readline"
2026-10-03T08:02:27.5835504Z 
2026-10-03T08:02:27.5835572Z     ("while" body line 2)
2026-10-03T08:02:27.5835687Z 
2026-10-03T08:02:27.5835752Z     invoked from within
2026-10-03T08:02:27.5835857Z 
2026-10-03T08:02:27.5835924Z "while {1} {
2026-10-03T08:02:27.5836015Z 
2026-10-03T08:02:27.5836089Z     set line [readline]
2026-10-03T08:02:27.5836187Z 
2026-10-03T08:02:27.5836341Z     if {[string match "*boot -v" $line] || $line eq "boot"} { break }
2026-10-03T08:02:27.5836541Z 
2026-10-03T08:02:27.5836613Z     say "OK $line"
2026-10-03T08:02:27.5836707Z 
2026-10-03T08:02:27.5836777Z     sayraw "OK "
2026-10-03T08:02:27.5836872Z 
2026-10-03T08:02:27.5836934Z }"
2026-10-03T08:02:27.5837014Z 
2026-10-03T08:02:27.5837196Z     (file "/home/runner/work/nextbsd-ci/nextbsd-ci/selftest/mock-guest.tcl" line 87)
2026-10-03T08:02:27.5837447Z 
2026-10-03T08:02:28.6464178Z set boot_serial=YES
2026-10-03T08:02:28.9467542Z expect: spawn id exp4 not open
2026-10-03T08:02:28.9467902Z     while executing
2026-10-03T08:02:28.9468134Z "expect *"
2026-10-03T08:02:28.9468403Z     (procedure "loader_set" line 6)
2026-10-03T08:02:28.9468838Z     invoked from within
2026-10-03T08:02:28.9469125Z "loader_set "set comconsole_speed=115200""
2026-10-03T08:02:28.9469512Z     (procedure "nb_loader_contract" line 5)
2026-10-03T08:02:28.9469843Z     invoked from within
2026-10-03T08:02:28.9470101Z "nb_loader_contract"
2026-10-03T08:02:28.9470724Z     (file "tests/boot.exp" line 227)
2026-10-03T08:02:28.9495637Z no NEXTBSD-TEST-SUMMARY in tests/boot.log
2026-10-03T08:02:28.9496402Z ==> boot-test FAILED rc=1 (arch=amd64 suite=/usr/tests/freebsd-launchd-mach/run.sh)
2026-10-03T08:02:28.9496954Z     serial transcript: tests/boot.log
2026-10-03T08:02:28.9497972Z SELFTEST FAIL: case deadend — expected rc 2, got 1
2026-10-03T08:02:28.9498576Z ==> case: reboot (suite: /usr/tests/freebsd-launchd-mach/run.sh) — expect rc 1
2026-10-03T08:02:28.9523802Z ==> boot test: tests/fake.img
2026-10-03T08:02:28.9532842Z -rw-r--r-- 1 runner runner 0 Oct  3 08:02 tests/fake.img
2026-10-03T08:02:28.9598561Z ==> using KVM acceleration
2026-10-03T08:02:28.9598999Z ==> amd64: qemu-system-x86_64 -machine q35 | firmware 
2026-10-03T08:02:28.9747391Z spawn tclsh /home/runner/work/nextbsd-ci/nextbsd-ci/selftest/mock-guest.tcl
2026-10-03T08:02:28.9786107Z FreeBSD/amd64 EFI loader, Revision 3.0
2026-10-03T08:02:28.9786381Z 
2026-10-03T08:02:28.9786386Z 
2026-10-03T08:02:28.9786521Z Loading /boot/loader.conf
2026-10-03T08:02:28.9786647Z 
2026-10-03T08:02:28.9786650Z 
2026-10-03T08:02:28.9786804Z Hit [Enter] to boot immediately, or any other key for command prompt.
2026-10-03T08:02:28.9787013Z 
2026-10-03T08:02:28.9787016Z 
2026-10-03T08:02:28.9787093Z OK 
2026-10-03T08:02:28.9787242Z ==> at loader prompt
2026-10-03T08:02:30.1619519Z  set console=comconsole
2026-10-03T08:02:30.1619906Z invalid bareword "eof"
2026-10-03T08:02:30.1620046Z 
2026-10-03T08:02:30.1620155Z in expression "eof stdin";
2026-10-03T08:02:30.1620284Z 
2026-10-03T08:02:30.1620392Z should be "$eof" or "{eof}" or "eof(...)" or ...
2026-10-03T08:02:30.1620595Z 
2026-10-03T08:02:30.1620682Z     (parsing expression "eof stdin")
2026-10-03T08:02:30.1620823Z 
2026-10-03T08:02:30.1620891Z     invoked from within
2026-10-03T08:02:30.1621006Z 
2026-10-03T08:02:30.1621082Z "if {eof stdin} { exit 0 }"
2026-10-03T08:02:30.1621205Z 
2026-10-03T08:02:30.1621282Z     (procedure "readline" line 3)
2026-10-03T08:02:30.1621425Z 
2026-10-03T08:02:30.1621495Z     invoked from within
2026-10-03T08:02:30.1621593Z 
2026-10-03T08:02:30.1621663Z "readline"
2026-10-03T08:02:30.1621748Z 
2026-10-03T08:02:30.1621823Z     ("while" body line 2)
2026-10-03T08:02:30.1621930Z 
2026-10-03T08:02:30.1622004Z     invoked from within
2026-10-03T08:02:30.1622109Z 
2026-10-03T08:02:30.1622175Z "while {1} {
2026-10-03T08:02:30.1622269Z 
2026-10-03T08:02:30.1622334Z     set line [readline]
2026-10-03T08:02:30.1622435Z 
2026-10-03T08:02:30.1622576Z     if {[string match "*boot -v" $line] || $line eq "boot"} { break }
2026-10-03T08:02:30.1622783Z 
2026-10-03T08:02:30.1622848Z     say "OK $line"
2026-10-03T08:02:30.1623401Z 
2026-10-03T08:02:30.1623469Z     sayraw "OK "
2026-10-03T08:02:30.1623561Z 
2026-10-03T08:02:30.1623634Z }"
2026-10-03T08:02:30.1623709Z 
2026-10-03T08:02:30.1623902Z     (file "/home/runner/work/nextbsd-ci/nextbsd-ci/selftest/mock-guest.tcl" line 87)
2026-10-03T08:02:30.1624155Z 
2026-10-03T08:02:31.2248219Z set boot_serial=YES
2026-10-03T08:02:31.5251456Z expect: spawn id exp4 not open
2026-10-03T08:02:31.5251823Z     while executing
2026-10-03T08:02:31.5252047Z "expect *"
2026-10-03T08:02:31.5252287Z     (procedure "loader_set" line 6)
2026-10-03T08:02:31.5252591Z     invoked from within
2026-10-03T08:02:31.5252872Z "loader_set "set comconsole_speed=115200""
2026-10-03T08:02:31.5253256Z     (procedure "nb_loader_contract" line 5)
2026-10-03T08:02:31.5253561Z     invoked from within
2026-10-03T08:02:31.5253823Z "nb_loader_contract"
2026-10-03T08:02:31.5254137Z     (file "tests/boot.exp" line 227)
2026-10-03T08:02:31.5279259Z no NEXTBSD-TEST-SUMMARY in tests/boot.log
2026-10-03T08:02:31.5280197Z ==> boot-test FAILED rc=1 (arch=amd64 suite=/usr/tests/freebsd-launchd-mach/run.sh)
2026-10-03T08:02:31.5280780Z     serial transcript: tests/boot.log
2026-10-03T08:02:31.5281536Z SELFTEST OK:   case reboot (rc=1)
2026-10-03T08:02:31.5282788Z ==> case: two-suite (suite: /usr/tests/freebsd-launchd-mach/run.sh /usr/tests/nextbsd-iokit/run.sh) — expect rc 0
2026-10-03T08:02:31.5307617Z ==> boot test: tests/fake.img
2026-10-03T08:02:31.5317054Z -rw-r--r-- 1 runner runner 0 Oct  3 08:02 tests/fake.img
2026-10-03T08:02:31.5380749Z ==> using KVM acceleration
2026-10-03T08:02:31.5381127Z ==> amd64: qemu-system-x86_64 -machine q35 | firmware 
2026-10-03T08:02:31.5540246Z spawn tclsh /home/runner/work/nextbsd-ci/nextbsd-ci/selftest/mock-guest.tcl
2026-10-03T08:02:31.5579418Z FreeBSD/amd64 EFI loader, Revision 3.0
2026-10-03T08:02:31.5579711Z 
2026-10-03T08:02:31.5579716Z 
2026-10-03T08:02:31.5579813Z Loading /boot/loader.conf
2026-10-03T08:02:31.5579940Z 
2026-10-03T08:02:31.5579945Z 
2026-10-03T08:02:31.5580131Z Hit [Enter] to boot immediately, or any other key for command prompt.
2026-10-03T08:02:31.5580350Z 
2026-10-03T08:02:31.5580353Z 
2026-10-03T08:02:31.5580547Z OK 
2026-10-03T08:02:31.5580742Z ==> at loader prompt
2026-10-03T08:02:32.7413220Z  set console=comconsole
2026-10-03T08:02:32.7416007Z invalid bareword "eof"
2026-10-03T08:02:32.7416202Z 
2026-10-03T08:02:32.7416363Z in expression "eof stdin";
2026-10-03T08:02:32.7416556Z 
2026-10-03T08:02:32.7416700Z should be "$eof" or "{eof}" or "eof(...)" or ...
2026-10-03T08:02:32.7416942Z 
2026-10-03T08:02:32.7417032Z     (parsing expression "eof stdin")
2026-10-03T08:02:32.7417174Z 
2026-10-03T08:02:32.7417252Z     invoked from within
2026-10-03T08:02:32.7417367Z 
2026-10-03T08:02:32.7417442Z "if {eof stdin} { exit 0 }"
2026-10-03T08:02:32.7417560Z 
2026-10-03T08:02:32.7417637Z     (procedure "readline" line 3)
2026-10-03T08:02:32.7417773Z 
2026-10-03T08:02:32.7417843Z     invoked from within
2026-10-03T08:02:32.7417953Z 
2026-10-03T08:02:32.7418030Z "readline"
2026-10-03T08:02:32.7418124Z 
2026-10-03T08:02:32.7418199Z     ("while" body line 2)
2026-10-03T08:02:32.7418310Z 
2026-10-03T08:02:32.7418389Z     invoked from within
2026-10-03T08:02:32.7418491Z 
2026-10-03T08:02:32.7418562Z "while {1} {
2026-10-03T08:02:32.7418649Z 
2026-10-03T08:02:32.7418725Z     set line [readline]
2026-10-03T08:02:32.7418830Z 
2026-10-03T08:02:32.7418979Z     if {[string match "*boot -v" $line] || $line eq "boot"} { break }
2026-10-03T08:02:32.7419187Z 
2026-10-03T08:02:32.7419256Z     say "OK $line"
2026-10-03T08:02:32.7419362Z 
2026-10-03T08:02:32.7419426Z     sayraw "OK "
2026-10-03T08:02:32.7419526Z 
2026-10-03T08:02:32.7419599Z }"
2026-10-03T08:02:32.7419680Z 
2026-10-03T08:02:32.7419874Z     (file "/home/runner/work/nextbsd-ci/nextbsd-ci/selftest/mock-guest.tcl" line 87)
2026-10-03T08:02:32.7420139Z 
2026-10-03T08:02:33.8044792Z set boot_serial=YES
2026-10-03T08:02:34.1049077Z expect: spawn id exp4 not open
2026-10-03T08:02:34.1049472Z     while executing
2026-10-03T08:02:34.1050126Z "expect *"
2026-10-03T08:02:34.1050378Z     (procedure "loader_set" line 6)
2026-10-03T08:02:34.1050699Z     invoked from within
2026-10-03T08:02:34.1051004Z "loader_set "set comconsole_speed=115200""
2026-10-03T08:02:34.1051374Z     (procedure "nb_loader_contract" line 5)
2026-10-03T08:02:34.1051706Z     invoked from within
2026-10-03T08:02:34.1051989Z "nb_loader_contract"
2026-10-03T08:02:34.1052178Z     (file "tests/boot.exp" line 227)
2026-10-03T08:02:34.1076359Z no NEXTBSD-TEST-SUMMARY in tests/boot.log
2026-10-03T08:02:34.1077231Z ==> boot-test FAILED rc=1 (arch=amd64 suite=/usr/tests/freebsd-launchd-mach/run.sh /usr/tests/nextbsd-iokit/run.sh)
2026-10-03T08:02:34.1077907Z     serial transcript: tests/boot.log
2026-10-03T08:02:34.1078840Z SELFTEST FAIL: case two-suite — expected rc 0, got 1
2026-10-03T08:02:34.1079267Z ==> SELFTEST FAILED
2026-10-03T08:02:34.1091857Z ##[error]Process completed with exit code 1.
2026-10-03T08:02:34.1197704Z Post job cleanup.
2026-10-03T08:02:34.1927092Z [command]/usr/bin/git version
2026-10-03T08:02:34.1966616Z git version 2.55.0
2026-10-03T08:02:34.1997144Z Temporarily overriding HOME='/home/runner/work/_temp/364bb1e6-aeda-4ea4-a4c4-ce9ada8c666d' before making global git config changes
2026-10-03T08:02:34.1998363Z Adding repository directory to the temporary git global config as a safe directory
2026-10-03T08:02:34.2001702Z [command]/usr/bin/git config --global --add safe.directory /home/runner/work/nextbsd-ci/nextbsd-ci
2026-10-03T08:02:34.2041657Z [command]/usr/bin/git config --local --name-only --get-regexp core\.sshCommand
2026-10-03T08:02:34.2079458Z [command]/usr/bin/git submodule foreach --recursive sh -c "git config --local --name-only --get-regexp 'core\.sshCommand' && git config --local --unset-all 'core.sshCommand' || :"
2026-10-03T08:02:34.2296697Z [command]/usr/bin/git config --local --name-only --get-regexp http\.https\:\/\/github\.com\/\.extraheader
2026-10-03T08:02:34.2324779Z http.https://github.com/.extraheader
2026-10-03T08:02:34.2333897Z [command]/usr/bin/git config --local --unset-all http.https://github.com/.extraheader
2026-10-03T08:02:34.2378831Z [command]/usr/bin/git submodule foreach --recursive sh -c "git config --local --name-only --get-regexp 'http\.https\:\/\/github\.com\/\.extraheader' && git config --local --unset-all 'http.https://github.com/.extraheader' || :"
2026-10-03T08:02:34.2595200Z [command]/usr/bin/git config --local --name-only --get-regexp ^includeIf\.gitdir:
2026-10-03T08:02:34.2635302Z [command]/usr/bin/git submodule foreach --recursive git config --local --show-origin --name-only --get-regexp remote.origin.url
2026-10-03T08:02:34.2975633Z Cleaning up orphan processes
2026-10-03T08:02:34.3216649Z ##[warning]Node.js 20 is deprecated. The following actions target Node.js 20 but are being forced to run on Node.js 24: actions/checkout@v4. For more information see: https://github.blog/changelog/2025-09-19-deprecation-of-node-20-on-github-actions-runners/
